verified fresh Cargo source and observer candidate; no overlay
runtime before bytes/identity/modes verified
runtime candidate bytes/identity/modes verified
no existing traced runtime consumers; bounded Docker queries succeeded
/usr/libexec/heliopause/helox: OK
/usr/libexec/heliopause/haa-network-policy-helper: OK
/usr/libexec/heliopause/haa_gvisor_observer: OK
/etc/heliopause/network-policy.json: OK
/etc/heliopause/pod-init.json: OK
helper launch: bash=/usr/bin/bash version=5.2.21(1)-release owner=2045478
helper ready: pid=2045530 attempt=14
=== RUN   TestLinuxCargoDependencyFreeBuildCLIIntegration
    cargo_build_cli_integration_test.go:55: actual Cargo build failed: observed cargo build failed: phase=OFFLINE_GRAPH command_status=LIFECYCLE_ERROR reason=STREAM_FAULT events=34 bytes=3876 session_complete=false last_kind=process-exec-expected kinds=process-exec-expected:34 fault_site=OPEN_RESULT_CLASSIFICATION_IMAGE image_locator_fnv1a64=660afad21eb74b5c open_image=OTHER open_role=ARTIFACT open_provenance=DIRECT_EXEC_ROOT open_subject=OCI_IMAGE open_mount=oci-root open_flags=32768 open_locator_fnv1a64=660afad21eb74b5c open_kernel_image=CARGO open_executable_fnv1a64=05aa2efcccd45bfb open_executable_pinned=true open_go_driver_creator=false open_cargo_driver_creator=false open_rustc_version_query=false open_rustc_metadata_query=false open_rustc_argc=0 open_rustc_argv_fnv1a64=0000000000000000 open_mountpoint_fnv1a64=af63a24c860189fe stdout=Operation: INSPECT
        Operation ID: op_g2gt5pdzzfri2ceksb3uxuuh5i
        Status: FAILED
        Run ID: run_bglgpawuc2dciv3wq4rtzq4orm
        Run outcome: FAILED
        Artifact: project-local/project-1597015b5af473f4526879ad053d62f8a1a1df944dc787348aca564169b3cb1a@snapshot (cargo-source)
        Digest: sha256:fc43cb3651b30236614bafc1e6e5f05044958dd2f625064984968e4e60d1b96a
        Error: M12_CARGO_BUILD_OBSERVATION_FAILED: Project build did not complete.
         stderr=
--- FAIL: TestLinuxCargoDependencyFreeBuildCLIIntegration (11.93s)
FAIL
helper reaped: pid=2045530 wait=0
no existing traced runtime consumers; bounded Docker queries succeeded
runtime before bytes/identity/modes verified
/etc/heliopause/pod-init.json: OK
/usr/libexec/heliopause/helox: OK
/usr/libexec/heliopause/haa-network-policy-helper: OK
/usr/libexec/heliopause/haa_gvisor_observer: OK
/etc/heliopause/network-policy.json: OK
cleanup: original=1 helper_state=CONFIRMED_STOPPED helper_stop=0 client_error=0 client_restore=0 restore_result=NOT_REQUIRED pid=2045530
