verified fresh Cargo source and observer candidate; no overlay
runtime before bytes/identity/modes verified
runtime candidate bytes/identity/modes verified
no existing traced runtime consumers; bounded Docker queries succeeded
/usr/libexec/heliopause/helox: OK
/usr/libexec/heliopause/haa-network-policy-helper: OK
/usr/libexec/heliopause/haa_gvisor_observer: OK
/etc/heliopause/network-policy.json: OK
/etc/heliopause/pod-init.json: OK
helper launch: bash=/usr/bin/bash version=5.2.21(1)-release owner=2025946
helper ready: pid=2026000 attempt=14
=== RUN   TestLinuxCargoDependencyFreeBuildCLIIntegration
    cargo_build_cli_integration_test.go:55: actual Cargo build failed: observed cargo build failed: phase=CONFIG command_status= reason=STREAM_FAULT events=30 bytes=3420 session_complete=false last_kind=process-exec-expected kinds=process-exec-expected:30 fault_site=OPEN_RESULT_CLASSIFICATION_PROC open_image=MKDIR open_role=CONTROL open_provenance=CLONE_CHILD open_subject=OTHER open_mount=system open_flags=557056 open_locator_fnv1a64=0a78358dda616a11 open_kernel_image=UNKNOWN open_executable_fnv1a64=720cde0ba7fef26e open_executable_pinned=true open_go_driver_creator=false open_cargo_driver_creator=false open_rustc_version_query=false open_rustc_metadata_query=false open_rustc_argc=0 open_rustc_argv_fnv1a64=0000000000000000 open_mountpoint_fnv1a64=f51debb7de530372 stdout=Operation: INSPECT
        Operation ID: op_fh6tii4hc5gij3glndihby4gvu
        Status: FAILED
        Run ID: run_g2aouvgwvxmhwlei5co25n6sny
        Run outcome: FAILED
        Artifact: project-local/project-058cb8b8ca86bf89bf646ff9e9603ddb6ebe8c8a868b69734279c6bbf03e0d01@snapshot (cargo-source)
        Digest: sha256:fc43cb3651b30236614bafc1e6e5f05044958dd2f625064984968e4e60d1b96a
        Error: M12_CARGO_BUILD_OBSERVATION_FAILED: Project build did not complete.
         stderr=
--- FAIL: TestLinuxCargoDependencyFreeBuildCLIIntegration (11.25s)
FAIL
helper reaped: pid=2026000 wait=0
no existing traced runtime consumers; bounded Docker queries succeeded
runtime before bytes/identity/modes verified
/etc/heliopause/pod-init.json: OK
/usr/libexec/heliopause/helox: OK
/usr/libexec/heliopause/haa-network-policy-helper: OK
/usr/libexec/heliopause/haa_gvisor_observer: OK
/etc/heliopause/network-policy.json: OK
cleanup: original=1 helper_state=CONFIRMED_STOPPED helper_stop=0 client_error=0 client_restore=0 restore_result=NOT_REQUIRED pid=2026000
