verified fresh Cargo source and observer candidate; no overlay
runtime before bytes/identity/modes verified
runtime candidate bytes/identity/modes verified
no existing traced runtime consumers; bounded Docker queries succeeded
/usr/libexec/heliopause/helox: OK
/usr/libexec/heliopause/haa-network-policy-helper: OK
/usr/libexec/heliopause/haa_gvisor_observer: OK
/etc/heliopause/network-policy.json: OK
/etc/heliopause/pod-init.json: OK
helper launch: bash=/usr/bin/bash version=5.2.21(1)-release owner=2344117
helper ready: pid=2345112 attempt=14
=== RUN   TestLinuxPythonProcMapsTransactionIntegration
=== RUN   TestLinuxPythonProcMapsTransactionIntegration/cpu-zero
    observation_resource_integration_linux_test.go:476: root=pytorch:cpu fixture_sha256=c502244d43ee9cb746984413f4c6223777fd0318d6a24ceb638e9dad4f564912 units=1 status=COMPLETED transaction=sbx_jraskn3fi5eknmesxu34tekkdu
--- PASS: TestLinuxPythonProcMapsTransactionIntegration (6.70s)
    --- PASS: TestLinuxPythonProcMapsTransactionIntegration/cpu-zero (6.69s)
PASS
helper reaped: pid=2345112 wait=0
no existing traced runtime consumers; bounded Docker queries succeeded
runtime before bytes/identity/modes verified
/etc/heliopause/pod-init.json: OK
/usr/libexec/heliopause/helox: OK
/usr/libexec/heliopause/haa-network-policy-helper: OK
/usr/libexec/heliopause/haa_gvisor_observer: OK
/etc/heliopause/network-policy.json: OK
cleanup: original=0 helper_state=CONFIRMED_STOPPED helper_stop=0 client_error=0 client_restore=0 restore_result=NOT_REQUIRED pid=2345112
