[check] gosec
check: finding: gosec: [gosec] 2026/10/06 10:05:37 Including rules: G101,G107,G108,G109,G110,G111,G112,G113,G114,G201,G202,G203,G401,G402,G403,G404,G501,G502,G503,G504,G505,G601,G602
[gosec] 2026/10/06 10:05:37 Excluding rules: default
[gosec] 2026/10/06 10:05:37 Including analyzers: G101,G107,G108,G109,G110,G111,G112,G113,G114,G201,G202,G203,G401,G402,G403,G404,G501,G502,G503,G504,G505,G601,G602
[gosec] 2026/10/06 10:05:37 Excluding analyzers: default
[gosec] 2026/10/06 10:05:51 Import directory: /mnt/c/Users/GPC/OneDrive/06_Code-sandbox/Heliopause-Artifact-Airlock/internal/bootstrap
[gosec] 2026/10/06 10:05:51 Import directory: /mnt/c/Users/GPC/OneDrive/06_Code-sandbox/Heliopause-Artifact-Airlock/internal/hosttool
[gosec] 2026/10/06 10:05:51 Import directory: /mnt/c/Users/GPC/OneDrive/06_Code-sandbox/Heliopause-Artifact-Airlock/internal/application
[gosec] 2026/10/06 10:05:51 Import directory: /mnt/c/Users/GPC/OneDrive/06_Code-sandbox/Heliopause-Artifact-Airlock/internal/inspection/gomodule
[gosec] 2026/10/06 10:05:51 Import directory: /mnt/c/Users/GPC/OneDrive/06_Code-sandbox/Heliopause-Artifact-Airlock/internal/artifact/npm
[gosec] 2026/10/06 10:05:51 Import directory: /mnt/c/Users/GPC/OneDrive/06_Code-sandbox/Heliopause-Artifact-Airlock/internal/core/ports
[gosec] 2026/10/06 10:05:51 Import directory: /mnt/c/Users/GPC/OneDrive/06_Code-sandbox/Heliopause-Artifact-Airlock/scripts/runtime-image-manifest
[gosec] 2026/10/06 10:05:51 Import directory: /mnt/c/Users/GPC/OneDrive/06_Code-sandbox/Heliopause-Artifact-Airlock/internal/testutil/fakeworkflow
[gosec] 2026/10/06 10:05:51 Import directory: /mnt/c/Users/GPC/OneDrive/06_Code-sandbox/Heliopause-Artifact-Airlock/cmd/helox
[gosec] 2026/10/06 10:05:51 Import directory: /mnt/c/Users/GPC/OneDrive/06_Code-sandbox/Heliopause-Artifact-Airlock/internal/artifact/cargo
[gosec] 2026/10/06 10:05:51 Import directory: /mnt/c/Users/GPC/OneDrive/06_Code-sandbox/Heliopause-Artifact-Airlock/internal/inspection/pypi
[gosec] 2026/10/06 10:05:51 Import directory: /mnt/c/Users/GPC/OneDrive/06_Code-sandbox/Heliopause-Artifact-Airlock/internal/evidence/local
[gosec] 2026/10/06 10:05:52 Checking package: main
[gosec] 2026/10/06 10:05:52 Checking file: /mnt/c/Users/GPC/OneDrive/06_Code-sandbox/Heliopause-Artifact-Airlock/scripts/runtime-image-manifest/main.go
[gosec] 2026/10/06 10:05:52 Import directory: /mnt/c/Users/GPC/OneDrive/06_Code-sandbox/Heliopause-Artifact-Airlock/internal/sandbox
[gosec] 2026/10/06 10:05:52 Checking package: ports
[gosec] 2026/10/06 10:05:52 Checking file: /mnt/c/Users/GPC/OneDrive/06_Code-sandbox/Heliopause-Artifact-Airlock/internal/core/ports/ports.go
[gosec] 2026/10/06 10:05:52 Import directory: /mnt/c/Users/GPC/OneDrive/06_Code-sandbox/Heliopause-Artifact-Airlock/internal/verification/cargo
[gosec] 2026/10/06 10:05:52 Checking package: fakeworkflow
[gosec] 2026/10/06 10:05:52 Checking file: /mnt/c/Users/GPC/OneDrive/06_Code-sandbox/Heliopause-Artifact-Airlock/internal/testutil/fakeworkflow/fake.go
[gosec] 2026/10/06 10:05:52 Import directory: /mnt/c/Users/GPC/OneDrive/06_Code-sandbox/Heliopause-Artifact-Airlock/internal/inspection/projectbuild
[gosec] 2026/10/06 10:05:52 Checking package: npm
[gosec] 2026/10/06 10:05:52 Checking file: /mnt/c/Users/GPC/OneDrive/06_Code-sandbox/Heliopause-Artifact-Airlock/internal/artifact/npm/lockfile.go
[gosec] 2026/10/06 10:05:52 Checking file: /mnt/c/Users/GPC/OneDrive/06_Code-sandbox/Heliopause-Artifact-Airlock/internal/artifact/npm/resolver.go
[gosec] 2026/10/06 10:05:52 Checking package: main
[gosec] 2026/10/06 10:05:52 Checking file: /mnt/c/Users/GPC/OneDrive/06_Code-sandbox/Heliopause-Artifact-Airlock/cmd/helox/main.go
[gosec] 2026/10/06 10:05:52 Error building the SSA representation of the package main: package main has type errors, skipping SSA analysis, no ssa result
[gosec] 2026/10/06 10:05:52 Import directory: /mnt/c/Users/GPC/OneDrive/06_Code-sandbox/Heliopause-Artifact-Airlock/internal/networkpolicy
[gosec] 2026/10/06 10:05:52 Checking package: local
[gosec] 2026/10/06 10:05:52 Checking file: /mnt/c/Users/GPC/OneDrive/06_Code-sandbox/Heliopause-Artifact-Airlock/internal/evidence/local/read.go
[gosec] 2026/10/06 10:05:52 Checking file: /mnt/c/Users/GPC/OneDrive/06_Code-sandbox/Heliopause-Artifact-Airlock/internal/evidence/local/store.go
[gosec] 2026/10/06 10:05:52 Import directory: /mnt/c/Users/GPC/OneDrive/06_Code-sandbox/Heliopause-Artifact-Airlock/internal/releaseinstall
[gosec] 2026/10/06 10:05:52 Import directory: /mnt/c/Users/GPC/OneDrive/06_Code-sandbox/Heliopause-Artifact-Airlock/internal/verification/gomodule
[gosec] 2026/10/06 10:05:52 Checking package: gomodule
[gosec] 2026/10/06 10:05:52 Checking file: /mnt/c/Users/GPC/OneDrive/06_Code-sandbox/Heliopause-Artifact-Airlock/internal/inspection/gomodule/build.go
[gosec] 2026/10/06 10:05:52 Checking file: /mnt/c/Users/GPC/OneDrive/06_Code-sandbox/Heliopause-Artifact-Airlock/internal/inspection/gomodule/static.go
[gosec] 2026/10/06 10:05:52 Import directory: /mnt/c/Users/GPC/OneDrive/06_Code-sandbox/Heliopause-Artifact-Airlock/internal/verification/npm
[gosec] 2026/10/06 10:05:52 Checking package: cargo
[gosec] 2026/10/06 10:05:52 Checking file: /mnt/c/Users/GPC/OneDrive/06_Code-sandbox/Heliopause-Artifact-Airlock/internal/artifact/cargo/client.go
[gosec] 2026/10/06 10:05:52 Checking file: /mnt/c/Users/GPC/OneDrive/06_Code-sandbox/Heliopause-Artifact-Airlock/internal/artifact/cargo/index.go
[gosec] 2026/10/06 10:05:52 Checking file: /mnt/c/Users/GPC/OneDrive/06_Code-sandbox/Heliopause-Artifact-Airlock/internal/artifact/cargo/intake.go
[gosec] 2026/10/06 10:05:52 Checking file: /mnt/c/Users/GPC/OneDrive/06_Code-sandbox/Heliopause-Artifact-Airlock/internal/artifact/cargo/locked_metadata.go
[gosec] 2026/10/06 10:05:52 Checking file: /mnt/c/Users/GPC/OneDrive/06_Code-sandbox/Heliopause-Artifact-Airlock/internal/artifact/cargo/metadata.go
[gosec] 2026/10/06 10:05:52 Checking file: /mnt/c/Users/GPC/OneDrive/06_Code-sandbox/Heliopause-Artifact-Airlock/internal/artifact/cargo/project.go
[gosec] 2026/10/06 10:05:52 Import directory: /mnt/c/Users/GPC/OneDrive/06_Code-sandbox/Heliopause-Artifact-Airlock/internal/artifact/githubrelease
[gosec] 2026/10/06 10:05:52 Checking package: application
[gosec] 2026/10/06 10:05:52 Checking file: /mnt/c/Users/GPC/OneDrive/06_Code-sandbox/Heliopause-Artifact-Airlock/internal/application/cargo.go
[gosec] 2026/10/06 10:05:52 Checking file: /mnt/c/Users/GPC/OneDrive/06_Code-sandbox/Heliopause-Artifact-Airlock/internal/application/cargo_build.go
[gosec] 2026/10/06 10:05:52 Checking file: /mnt/c/Users/GPC/OneDrive/06_Code-sandbox/Heliopause-Artifact-Airlock/internal/application/gomodule.go
[gosec] 2026/10/06 10:05:52 Checking file: /mnt/c/Users/GPC/OneDrive/06_Code-sandbox/Heliopause-Artifact-Airlock/internal/application/inspect.go
[gosec] 2026/10/06 10:05:52 Checking file: /mnt/c/Users/GPC/OneDrive/06_Code-sandbox/Heliopause-Artifact-Airlock/internal/application/install.go
[gosec] 2026/10/06 10:05:52 Checking file: /mnt/c/Users/GPC/OneDrive/06_Code-sandbox/Heliopause-Artifact-Airlock/internal/application/install_inspect.go
[gosec] 2026/10/06 10:05:52 Checking file: /mnt/c/Users/GPC/OneDrive/06_Code-sandbox/Heliopause-Artifact-Airlock/internal/application/install_promote.go
[gosec] 2026/10/06 10:05:52 Checking file: /mnt/c/Users/GPC/OneDrive/06_Code-sandbox/Heliopause-Artifact-Airlock/internal/application/project_build.go
[gosec] 2026/10/06 10:05:52 Checking file: /mnt/c/Users/GPC/OneDrive/06_Code-sandbox/Heliopause-Artifact-Airlock/internal/application/project_inspect.go
[gosec] 2026/10/06 10:05:52 Checking file: /mnt/c/Users/GPC/OneDrive/06_Code-sandbox/Heliopause-Artifact-Airlock/internal/application/project_snapshot.go
[gosec] 2026/10/06 10:05:52 Checking file: /mnt/c/Users/GPC/OneDrive/06_Code-sandbox/Heliopause-Artifact-Airlock/internal/application/project_update.go
[gosec] 2026/10/06 10:05:52 Checking file: /mnt/c/Users/GPC/OneDrive/06_Code-sandbox/Heliopause-Artifact-Airlock/internal/application/terraform.go
[gosec] 2026/10/06 10:05:52 Checking package: releaseinstall
[gosec] 2026/10/06 10:05:52 Checking file: /mnt/c/Users/GPC/OneDrive/06_Code-sandbox/Heliopause-Artifact-Airlock/internal/releaseinstall/doctor.go
[gosec] 2026/10/06 10:05:52 Checking file: /mnt/c/Users/GPC/OneDrive/06_Code-sandbox/Heliopause-Artifact-Airlock/internal/releaseinstall/installer.go
[gosec] 2026/10/06 10:05:52 Import directory: /mnt/c/Users/GPC/OneDrive/06_Code-sandbox/Heliopause-Artifact-Airlock/internal/promotion
[gosec] 2026/10/06 10:05:52 Import directory: /mnt/c/Users/GPC/OneDrive/06_Code-sandbox/Heliopause-Artifact-Airlock/internal/verification/githubrelease
[gosec] 2026/10/06 10:05:53 Checking package: hosttool
[gosec] 2026/10/06 10:05:53 Checking file: /mnt/c/Users/GPC/OneDrive/06_Code-sandbox/Heliopause-Artifact-Airlock/internal/hosttool/executor.go
[gosec] 2026/10/06 10:05:53 Checking file: /mnt/c/Users/GPC/OneDrive/06_Code-sandbox/Heliopause-Artifact-Airlock/internal/hosttool/identity_unix.go
[gosec] 2026/10/06 10:05:53 Checking file: /mnt/c/Users/GPC/OneDrive/06_Code-sandbox/Heliopause-Artifact-Airlock/internal/hosttool/observation_keeper_linux.go
[gosec] 2026/10/06 10:05:53 Checking file: /mnt/c/Users/GPC/OneDrive/06_Code-sandbox/Heliopause-Artifact-Airlock/internal/hosttool/observation_resource_linux.go
[gosec] 2026/10/06 10:05:53 Checking file: /mnt/c/Users/GPC/OneDrive/06_Code-sandbox/Heliopause-Artifact-Airlock/internal/hosttool/observer.go
[gosec] 2026/10/06 10:05:53 Checking file: /mnt/c/Users/GPC/OneDrive/06_Code-sandbox/Heliopause-Artifact-Airlock/internal/hosttool/policy_engine.go
[gosec] 2026/10/06 10:05:53 Checking file: /mnt/c/Users/GPC/OneDrive/06_Code-sandbox/Heliopause-Artifact-Airlock/internal/hosttool/policy_peer_linux.go
[gosec] 2026/10/06 10:05:53 Checking file: /mnt/c/Users/GPC/OneDrive/06_Code-sandbox/Heliopause-Artifact-Airlock/internal/hosttool/policy_service_linux.go
[gosec] 2026/10/06 10:05:53 Import directory: /mnt/c/Users/GPC/OneDrive/06_Code-sandbox/Heliopause-Artifact-Airlock/internal/verification/pypi
[gosec] 2026/10/06 10:05:53 Checking package: cargo
[gosec] 2026/10/06 10:05:53 Checking file: /mnt/c/Users/GPC/OneDrive/06_Code-sandbox/Heliopause-Artifact-Airlock/internal/verification/cargo/integrity.go
[gosec] 2026/10/06 10:05:53 Import directory: /mnt/c/Users/GPC/OneDrive/06_Code-sandbox/Heliopause-Artifact-Airlock/scripts/release-manifest
[gosec] 2026/10/06 10:05:53 Checking package: networkpolicy
[gosec] 2026/10/06 10:05:53 Checking file: /mnt/c/Users/GPC/OneDrive/06_Code-sandbox/Heliopause-Artifact-Airlock/internal/networkpolicy/client.go
[gosec] 2026/10/06 10:05:53 Checking file: /mnt/c/Users/GPC/OneDrive/06_Code-sandbox/Heliopause-Artifact-Airlock/internal/networkpolicy/contract.go
[gosec] 2026/10/06 10:05:53 Checking file: /mnt/c/Users/GPC/OneDrive/06_Code-sandbox/Heliopause-Artifact-Airlock/internal/networkpolicy/server.go
[gosec] 2026/10/06 10:05:53 Checking package: projectbuild
[gosec] 2026/10/06 10:05:53 Checking file: /mnt/c/Users/GPC/OneDrive/06_Code-sandbox/Heliopause-Artifact-Airlock/internal/inspection/projectbuild/build.go
[gosec] 2026/10/06 10:05:53 Import directory: /mnt/c/Users/GPC/OneDrive/06_Code-sandbox/Heliopause-Artifact-Airlock/cmd/haa-network-policy-helper
[gosec] 2026/10/06 10:05:53 Import directory: /mnt/c/Users/GPC/OneDrive/06_Code-sandbox/Heliopause-Artifact-Airlock/internal/artifact/gomodule
[gosec] 2026/10/06 10:05:53 Checking package: npm
[gosec] 2026/10/06 10:05:53 Checking file: /mnt/c/Users/GPC/OneDrive/06_Code-sandbox/Heliopause-Artifact-Airlock/internal/verification/npm/integrity.go
[gosec] 2026/10/06 10:05:53 Import directory: /mnt/c/Users/GPC/OneDrive/06_Code-sandbox/Heliopause-Artifact-Airlock/internal/artifact/pypi
[gosec] 2026/10/06 10:05:53 Checking package: gomodule
[gosec] 2026/10/06 10:05:53 Checking file: /mnt/c/Users/GPC/OneDrive/06_Code-sandbox/Heliopause-Artifact-Airlock/internal/verification/gomodule/build_source.go
[gosec] 2026/10/06 10:05:53 Checking file: /mnt/c/Users/GPC/OneDrive/06_Code-sandbox/Heliopause-Artifact-Airlock/internal/verification/gomodule/integrity.go
[gosec] 2026/10/06 10:05:53 Import directory: /mnt/c/Users/GPC/OneDrive/06_Code-sandbox/Heliopause-Artifact-Airlock/internal/evidence
[gosec] 2026/10/06 10:05:53 Checking package: main
[gosec] 2026/10/06 10:05:53 Checking file: /mnt/c/Users/GPC/OneDrive/06_Code-sandbox/Heliopause-Artifact-Airlock/scripts/release-manifest/main.go
[gosec] 2026/10/06 10:05:53 Import directory: /mnt/c/Users/GPC/OneDrive/06_Code-sandbox/Heliopause-Artifact-Airlock/scripts
[gosec] 2026/10/06 10:05:53 Checking package: githubrelease
[gosec] 2026/10/06 10:05:53 Checking file: /mnt/c/Users/GPC/OneDrive/06_Code-sandbox/Heliopause-Artifact-Airlock/internal/verification/githubrelease/integrity.go
[gosec] 2026/10/06 10:05:53 Checking package: githubrelease
[gosec] 2026/10/06 10:05:53 Checking file: /mnt/c/Users/GPC/OneDrive/06_Code-sandbox/Heliopause-Artifact-Airlock/internal/artifact/githubrelease/client.go
[gosec] 2026/10/06 10:05:53 Checking file: /mnt/c/Users/GPC/OneDrive/06_Code-sandbox/Heliopause-Artifact-Airlock/internal/artifact/githubrelease/reference.go
[gosec] 2026/10/06 10:05:53 Checking file: /mnt/c/Users/GPC/OneDrive/06_Code-sandbox/Heliopause-Artifact-Airlock/internal/artifact/githubrelease/release.go
[gosec] 2026/10/06 10:05:53 Import directory: /mnt/c/Users/GPC/OneDrive/06_Code-sandbox/Heliopause-Artifact-Airlock/scripts/check
[gosec] 2026/10/06 10:05:53 Import directory: /mnt/c/Users/GPC/OneDrive/06_Code-sandbox/Heliopause-Artifact-Airlock/internal/artifact/projectbuild
[gosec] 2026/10/06 10:05:53 Checking package: pypi
[gosec] 2026/10/06 10:05:53 Checking file: /mnt/c/Users/GPC/OneDrive/06_Code-sandbox/Heliopause-Artifact-Airlock/internal/inspection/pypi/command_observation.go
[gosec] 2026/10/06 10:05:53 Checking file: /mnt/c/Users/GPC/OneDrive/06_Code-sandbox/Heliopause-Artifact-Airlock/internal/inspection/pypi/composite.go
[gosec] 2026/10/06 10:05:53 Checking file: /mnt/c/Users/GPC/OneDrive/06_Code-sandbox/Heliopause-Artifact-Airlock/internal/inspection/pypi/derivation.go
[gosec] 2026/10/06 10:05:53 Checking file: /mnt/c/Users/GPC/OneDrive/06_Code-sandbox/Heliopause-Artifact-Airlock/internal/inspection/pypi/dynamic.go
[gosec] 2026/10/06 10:05:53 Checking file: /mnt/c/Users/GPC/OneDrive/06_Code-sandbox/Heliopause-Artifact-Airlock/internal/inspection/pypi/prerequisite.go
[gosec] 2026/10/06 10:05:53 Checking file: /mnt/c/Users/GPC/OneDrive/06_Code-sandbox/Heliopause-Artifact-Airlock/internal/inspection/pypi/static.go
[gosec] 2026/10/06 10:05:53 Import directory: /mnt/c/Users/GPC/OneDrive/06_Code-sandbox/Heliopause-Artifact-Airlock/internal/artifact/terraformprovider
[gosec] 2026/10/06 10:05:53 Checking package: pypi
[gosec] 2026/10/06 10:05:53 Checking file: /mnt/c/Users/GPC/OneDrive/06_Code-sandbox/Heliopause-Artifact-Airlock/internal/verification/pypi/integrity.go
[gosec] 2026/10/06 10:05:53 Import directory: /mnt/c/Users/GPC/OneDrive/06_Code-sandbox/Heliopause-Artifact-Airlock/internal/core/domain
[gosec] 2026/10/06 10:05:53 Checking package: bootstrap
[gosec] 2026/10/06 10:05:53 Checking file: /mnt/c/Users/GPC/OneDrive/06_Code-sandbox/Heliopause-Artifact-Airlock/internal/bootstrap/bootstrap.go
[gosec] 2026/10/06 10:05:53 Checking file: /mnt/c/Users/GPC/OneDrive/06_Code-sandbox/Heliopause-Artifact-Airlock/internal/bootstrap/cargo.go
[gosec] 2026/10/06 10:05:53 Checking file: /mnt/c/Users/GPC/OneDrive/06_Code-sandbox/Heliopause-Artifact-Airlock/internal/bootstrap/doctor_linux.go
[gosec] 2026/10/06 10:05:53 Checking file: /mnt/c/Users/GPC/OneDrive/06_Code-sandbox/Heliopause-Artifact-Airlock/internal/bootstrap/go_module.go
[gosec] 2026/10/06 10:05:53 Checking file: /mnt/c/Users/GPC/OneDrive/06_Code-sandbox/Heliopause-Artifact-Airlock/internal/bootstrap/observation_resource_linux.go
[gosec] 2026/10/06 10:05:53 Checking file: /mnt/c/Users/GPC/OneDrive/06_Code-sandbox/Heliopause-Artifact-Airlock/internal/bootstrap/policy_adapter.go
[gosec] 2026/10/06 10:05:53 Checking file: /mnt/c/Users/GPC/OneDrive/06_Code-sandbox/Heliopause-Artifact-Airlock/internal/bootstrap/pypi_prerequisite.go
[gosec] 2026/10/06 10:05:54 Import directory: /mnt/c/Users/GPC/OneDrive/06_Code-sandbox/Heliopause-Artifact-Airlock/internal/inspection/githubrelease
[gosec] 2026/10/06 10:05:54 Checking package: main
[gosec] 2026/10/06 10:05:54 Checking file: /mnt/c/Users/GPC/OneDrive/06_Code-sandbox/Heliopause-Artifact-Airlock/scripts/generate-runtime-lock.go
[gosec] 2026/10/06 10:05:54 Import directory: /mnt/c/Users/GPC/OneDrive/06_Code-sandbox/Heliopause-Artifact-Airlock/internal/inspection/npm
[gosec] 2026/10/06 10:05:54 Checking package: evidence
[gosec] 2026/10/06 10:05:54 Checking file: /mnt/c/Users/GPC/OneDrive/06_Code-sandbox/Heliopause-Artifact-Airlock/internal/evidence/manifest.go
[gosec] 2026/10/06 10:05:54 Import directory: /mnt/c/Users/GPC/OneDrive/06_Code-sandbox/Heliopause-Artifact-Airlock/internal/policy
[gosec] 2026/10/06 10:05:54 Checking package: main
[gosec] 2026/10/06 10:05:54 Checking file: /mnt/c/Users/GPC/OneDrive/06_Code-sandbox/Heliopause-Artifact-Airlock/cmd/haa-network-policy-helper/main_linux.go
[gosec] 2026/10/06 10:05:54 Import directory: /mnt/c/Users/GPC/OneDrive/06_Code-sandbox/Heliopause-Artifact-Airlock/internal/verification/projectbuild
[gosec] 2026/10/06 10:05:54 Checking package: projectbuild
[gosec] 2026/10/06 10:05:54 Checking file: /mnt/c/Users/GPC/OneDrive/06_Code-sandbox/Heliopause-Artifact-Airlock/internal/artifact/projectbuild/output.go
[gosec] 2026/10/06 10:05:54 Import directory: /mnt/c/Users/GPC/OneDrive/06_Code-sandbox/Heliopause-Artifact-Airlock/internal/cli
[gosec] 2026/10/06 10:05:54 Checking package: gomodule
[gosec] 2026/10/06 10:05:54 Checking file: /mnt/c/Users/GPC/OneDrive/06_Code-sandbox/Heliopause-Artifact-Airlock/internal/artifact/gomodule/build_output.go
[gosec] 2026/10/06 10:05:54 Checking file: /mnt/c/Users/GPC/OneDrive/06_Code-sandbox/Heliopause-Artifact-Airlock/internal/artifact/gomodule/cache.go
[gosec] 2026/10/06 10:05:54 Checking file: /mnt/c/Users/GPC/OneDrive/06_Code-sandbox/Heliopause-Artifact-Airlock/internal/artifact/gomodule/client.go
[gosec] 2026/10/06 10:05:54 Checking file: /mnt/c/Users/GPC/OneDrive/06_Code-sandbox/Heliopause-Artifact-Airlock/internal/artifact/gomodule/digest.go
[gosec] 2026/10/06 10:05:54 Checking file: /mnt/c/Users/GPC/OneDrive/06_Code-sandbox/Heliopause-Artifact-Airlock/internal/artifact/gomodule/graph.go
[gosec] 2026/10/06 10:05:54 Checking file: /mnt/c/Users/GPC/OneDrive/06_Code-sandbox/Heliopause-Artifact-Airlock/internal/artifact/gomodule/intake.go
[gosec] 2026/10/06 10:05:54 Checking file: /mnt/c/Users/GPC/OneDrive/06_Code-sandbox/Heliopause-Artifact-Airlock/internal/artifact/gomodule/module.go
[gosec] 2026/10/06 10:05:54 Checking file: /mnt/c/Users/GPC/OneDrive/06_Code-sandbox/Heliopause-Artifact-Airlock/internal/artifact/gomodule/project.go
[gosec] 2026/10/06 10:05:54 Import directory: /mnt/c/Users/GPC/OneDrive/06_Code-sandbox/Heliopause-Artifact-Airlock/internal/inspection/cargo
[gosec] 2026/10/06 10:05:54 Checking package: terraformprovider
[gosec] 2026/10/06 10:05:54 Checking file: /mnt/c/Users/GPC/OneDrive/06_Code-sandbox/Heliopause-Artifact-Airlock/internal/artifact/terraformprovider/provider.go
[gosec] 2026/10/06 10:05:54 Checking file: /mnt/c/Users/GPC/OneDrive/06_Code-sandbox/Heliopause-Artifact-Airlock/internal/artifact/terraformprovider/resolver.go
[gosec] 2026/10/06 10:05:54 Import directory: /mnt/c/Users/GPC/OneDrive/06_Code-sandbox/Heliopause-Artifact-Airlock/internal/runtimeidentity
[gosec] 2026/10/06 10:05:54 Checking package: pypi
[gosec] 2026/10/06 10:05:54 Checking file: /mnt/c/Users/GPC/OneDrive/06_Code-sandbox/Heliopause-Artifact-Airlock/internal/artifact/pypi/bounded_requirement.go
[gosec] 2026/10/06 10:05:54 Checking file: /mnt/c/Users/GPC/OneDrive/06_Code-sandbox/Heliopause-Artifact-Airlock/internal/artifact/pypi/graph_artifact.go
[gosec] 2026/10/06 10:05:54 Checking file: /mnt/c/Users/GPC/OneDrive/06_Code-sandbox/Heliopause-Artifact-Airlock/internal/artifact/pypi/inspection_prerequisite.go
[gosec] 2026/10/06 10:05:54 Checking file: /mnt/c/Users/GPC/OneDrive/06_Code-sandbox/Heliopause-Artifact-Airlock/internal/artifact/pypi/intake.go
[gosec] 2026/10/06 10:05:54 Checking file: /mnt/c/Users/GPC/OneDrive/06_Code-sandbox/Heliopause-Artifact-Airlock/internal/artifact/pypi/observation_plan.go
[gosec] 2026/10/06 10:05:54 Checking file: /mnt/c/Users/GPC/OneDrive/06_Code-sandbox/Heliopause-Artifact-Airlock/internal/artifact/pypi/reference.go
[gosec] 2026/10/06 10:05:54 Checking file: /mnt/c/Users/GPC/OneDrive/06_Code-sandbox/Heliopause-Artifact-Airlock/internal/artifact/pypi/resource_policy.go
[gosec] 2026/10/06 10:05:54 Checking file: /mnt/c/Users/GPC/OneDrive/06_Code-sandbox/Heliopause-Artifact-Airlock/internal/artifact/pypi/sdist.go
[gosec] 2026/10/06 10:05:54 Checking file: /mnt/c/Users/GPC/OneDrive/06_Code-sandbox/Heliopause-Artifact-Airlock/internal/artifact/pypi/simple.go
[gosec] 2026/10/06 10:05:54 Checking file: /mnt/c/Users/GPC/OneDrive/06_Code-sandbox/Heliopause-Artifact-Airlock/internal/artifact/pypi/source_profile.go
[gosec] 2026/10/06 10:05:54 Checking file: /mnt/c/Users/GPC/OneDrive/06_Code-sandbox/Heliopause-Artifact-Airlock/internal/artifact/pypi/wheel.go
[gosec] 2026/10/06 10:05:54 Checking package: githubrelease
[gosec] 2026/10/06 10:05:54 Checking file: /mnt/c/Users/GPC/OneDrive/06_Code-sandbox/Heliopause-Artifact-Airlock/internal/inspection/githubrelease/dynamic.go
[gosec] 2026/10/06 10:05:54 Checking file: /mnt/c/Users/GPC/OneDrive/06_Code-sandbox/Heliopause-Artifact-Airlock/internal/inspection/githubrelease/static.go
[gosec] 2026/10/06 10:05:54 Checking package: npm
[gosec] 2026/10/06 10:05:54 Checking file: /mnt/c/Users/GPC/OneDrive/06_Code-sandbox/Heliopause-Artifact-Airlock/internal/inspection/npm/composite.go
[gosec] 2026/10/06 10:05:54 Checking file: /mnt/c/Users/GPC/OneDrive/06_Code-sandbox/Heliopause-Artifact-Airlock/internal/inspection/npm/dynamic.go
[gosec] 2026/10/06 10:05:54 Checking file: /mnt/c/Users/GPC/OneDrive/06_Code-sandbox/Heliopause-Artifact-Airlock/internal/inspection/npm/static.go
[gosec] 2026/10/06 10:05:54 Checking package: projectbuild
[gosec] 2026/10/06 10:05:54 Checking file: /mnt/c/Users/GPC/OneDrive/06_Code-sandbox/Heliopause-Artifact-Airlock/internal/verification/projectbuild/source.go
[gosec] 2026/10/06 10:05:54 Checking package: domain
[gosec] 2026/10/06 10:05:54 Checking file: /mnt/c/Users/GPC/OneDrive/06_Code-sandbox/Heliopause-Artifact-Airlock/internal/core/domain/artifact.go
[gosec] 2026/10/06 10:05:54 Checking file: /mnt/c/Users/GPC/OneDrive/06_Code-sandbox/Heliopause-Artifact-Airlock/internal/core/domain/check.go
[gosec] 2026/10/06 10:05:54 Checking file: /mnt/c/Users/GPC/OneDrive/06_Code-sandbox/Heliopause-Artifact-Airlock/internal/core/domain/derivation.go
[gosec] 2026/10/06 10:05:54 Checking file: /mnt/c/Users/GPC/OneDrive/06_Code-sandbox/Heliopause-Artifact-Airlock/internal/core/domain/evidence.go
[gosec] 2026/10/06 10:05:54 Checking file: /mnt/c/Users/GPC/OneDrive/06_Code-sandbox/Heliopause-Artifact-Airlock/internal/core/domain/identifier.go
[gosec] 2026/10/06 10:05:54 Checking file: /mnt/c/Users/GPC/OneDrive/06_Code-sandbox/Heliopause-Artifact-Airlock/internal/core/domain/install.go
[gosec] 2026/10/06 10:05:54 Checking file: /mnt/c/Users/GPC/OneDrive/06_Code-sandbox/Heliopause-Artifact-Airlock/internal/core/domain/manifest.go
[gosec] 2026/10/06 10:05:54 Checking file: /mnt/c/Users/GPC/OneDrive/06_Code-sandbox/Heliopause-Artifact-Airlock/internal/core/domain/operation.go
[gosec] 2026/10/06 10:05:54 Checking file: /mnt/c/Users/GPC/OneDrive/06_Code-sandbox/Heliopause-Artifact-Airlock/internal/core/domain/project_build.go
[gosec] 2026/10/06 10:05:54 Checking file: /mnt/c/Users/GPC/OneDrive/06_Code-sandbox/Heliopause-Artifact-Airlock/internal/core/domain/project_snapshot.go
[gosec] 2026/10/06 10:05:54 Checking file: /mnt/c/Users/GPC/OneDrive/06_Code-sandbox/Heliopause-Artifact-Airlock/internal/core/domain/project_staged_set.go
[gosec] 2026/10/06 10:05:54 Checking file: /mnt/c/Users/GPC/OneDrive/06_Code-sandbox/Heliopause-Artifact-Airlock/internal/core/domain/project_update.go
[gosec] 2026/10/06 10:05:54 Checking file: /mnt/c/Users/GPC/OneDrive/06_Code-sandbox/Heliopause-Artifact-Airlock/internal/core/domain/project_verified_set.go
[gosec] 2026/10/06 10:05:54 Checking file: /mnt/c/Users/GPC/OneDrive/06_Code-sandbox/Heliopause-Artifact-Airlock/internal/core/domain/resolved.go
[gosec] 2026/10/06 10:05:54 Checking file: /mnt/c/Users/GPC/OneDrive/06_Code-sandbox/Heliopause-Artifact-Airlock/internal/core/domain/run.go
[gosec] 2026/10/06 10:05:54 Checking file: /mnt/c/Users/GPC/OneDrive/06_Code-sandbox/Heliopause-Artifact-Airlock/internal/core/domain/sandbox.go
[gosec] 2026/10/06 10:05:54 Checking file: /mnt/c/Users/GPC/OneDrive/06_Code-sandbox/Heliopause-Artifact-Airlock/internal/core/domain/verified_set.go
[gosec] 2026/10/06 10:05:54 Checking package: runtimeidentity
[gosec] 2026/10/06 10:05:54 Checking file: /mnt/c/Users/GPC/OneDrive/06_Code-sandbox/Heliopause-Artifact-Airlock/internal/runtimeidentity/gvisor_bundle_manifest.go
[gosec] 2026/10/06 10:05:54 Checking file: /mnt/c/Users/GPC/OneDrive/06_Code-sandbox/Heliopause-Artifact-Airlock/internal/runtimeidentity/gvisor_version.go
[gosec] 2026/10/06 10:05:54 Checking file: /mnt/c/Users/GPC/OneDrive/06_Code-sandbox/Heliopause-Artifact-Airlock/internal/runtimeidentity/patch.go
[gosec] 2026/10/06 10:05:54 Checking file: /mnt/c/Users/GPC/OneDrive/06_Code-sandbox/Heliopause-Artifact-Airlock/internal/runtimeidentity/runtime_lock_gen.go
[gosec] 2026/10/06 10:05:54 Checking package: main
[gosec] 2026/10/06 10:05:54 Checking file: /mnt/c/Users/GPC/OneDrive/06_Code-sandbox/Heliopause-Artifact-Airlock/scripts/check/actionlint.go
[gosec] 2026/10/06 10:05:54 Checking file: /mnt/c/Users/GPC/OneDrive/06_Code-sandbox/Heliopause-Artifact-Airlock/scripts/check/architecture.go
[gosec] 2026/10/06 10:05:54 Checking file: /mnt/c/Users/GPC/OneDrive/06_Code-sandbox/Heliopause-Artifact-Airlock/scripts/check/docs.go
[gosec] 2026/10/06 10:05:54 Checking file: /mnt/c/Users/GPC/OneDrive/06_Code-sandbox/Heliopause-Artifact-Airlock/scripts/check/format.go
[gosec] 2026/10/06 10:05:54 Checking file: /mnt/c/Users/GPC/OneDrive/06_Code-sandbox/Heliopause-Artifact-Airlock/scripts/check/freshness.go
[gosec] 2026/10/06 10:05:54 Checking file: /mnt/c/Users/GPC/OneDrive/06_Code-sandbox/Heliopause-Artifact-Airlock/scripts/check/main.go
[gosec] 2026/10/06 10:05:54 Checking file: /mnt/c/Users/GPC/OneDrive/06_Code-sandbox/Heliopause-Artifact-Airlock/scripts/check/release.go
[gosec] 2026/10/06 10:05:54 Checking file: /mnt/c/Users/GPC/OneDrive/06_Code-sandbox/Heliopause-Artifact-Airlock/scripts/check/required.go
[gosec] 2026/10/06 10:05:54 Checking file: /mnt/c/Users/GPC/OneDrive/06_Code-sandbox/Heliopause-Artifact-Airlock/scripts/check/runner.go
[gosec] 2026/10/06 10:05:54 Checking file: /mnt/c/Users/GPC/OneDrive/06_Code-sandbox/Heliopause-Artifact-Airlock/scripts/check/security.go
[gosec] 2026/10/06 10:05:54 Checking file: /mnt/c/Users/GPC/OneDrive/06_Code-sandbox/Heliopause-Artifact-Airlock/scripts/check/tools.go
[gosec] 2026/10/06 10:05:54 Checking file: /mnt/c/Users/GPC/OneDrive/06_Code-sandbox/Heliopause-Artifact-Airlock/scripts/check/workflow.go
[gosec] 2026/10/06 10:05:54 Checking file: /mnt/c/Users/GPC/OneDrive/06_Code-sandbox/Heliopause-Artifact-Airlock/scripts/check/workflow_structure.go
[gosec] 2026/10/06 10:05:54 Checking package: policy
[gosec] 2026/10/06 10:05:54 Checking file: /mnt/c/Users/GPC/OneDrive/06_Code-sandbox/Heliopause-Artifact-Airlock/internal/policy/m1.go
[gosec] 2026/10/06 10:05:54 Checking file: /mnt/c/Users/GPC/OneDrive/06_Code-sandbox/Heliopause-Artifact-Airlock/internal/policy/m2.go
[gosec] 2026/10/06 10:05:54 Checking file: /mnt/c/Users/GPC/OneDrive/06_Code-sandbox/Heliopause-Artifact-Airlock/internal/policy/m3.go
[gosec] 2026/10/06 10:05:54 Checking file: /mnt/c/Users/GPC/OneDrive/06_Code-sandbox/Heliopause-Artifact-Airlock/internal/policy/m4.go
[gosec] 2026/10/06 10:05:54 Checking file: /mnt/c/Users/GPC/OneDrive/06_Code-sandbox/Heliopause-Artifact-Airlock/internal/policy/m5.go
[gosec] 2026/10/06 10:05:54 Checking file: /mnt/c/Users/GPC/OneDrive/06_Code-sandbox/Heliopause-Artifact-Airlock/internal/policy/m6.go
[gosec] 2026/10/06 10:05:55 Checking package: sandbox
[gosec] 2026/10/06 10:05:55 Checking file: /mnt/c/Users/GPC/OneDrive/06_Code-sandbox/Heliopause-Artifact-Airlock/internal/sandbox/authority.go
[gosec] 2026/10/06 10:05:55 Checking file: /mnt/c/Users/GPC/OneDrive/06_Code-sandbox/Heliopause-Artifact-Airlock/internal/sandbox/backend.go
[gosec] 2026/10/06 10:05:55 Checking file: /mnt/c/Users/GPC/OneDrive/06_Code-sandbox/Heliopause-Artifact-Airlock/internal/sandbox/boundary_helper.go
[gosec] 2026/10/06 10:05:55 Checking file: /mnt/c/Users/GPC/OneDrive/06_Code-sandbox/Heliopause-Artifact-Airlock/internal/sandbox/cargo_build_inputs.go
[gosec] 2026/10/06 10:05:55 Checking file: /mnt/c/Users/GPC/OneDrive/06_Code-sandbox/Heliopause-Artifact-Airlock/internal/sandbox/cargo_build_output.go
[gosec] 2026/10/06 10:05:55 Checking file: /mnt/c/Users/GPC/OneDrive/06_Code-sandbox/Heliopause-Artifact-Airlock/internal/sandbox/cargo_build_runtime.go
[gosec] 2026/10/06 10:05:55 Checking file: /mnt/c/Users/GPC/OneDrive/06_Code-sandbox/Heliopause-Artifact-Airlock/internal/sandbox/cargo_isolated_runner.go
[gosec] 2026/10/06 10:05:55 Checking package: cargo
[gosec] 2026/10/06 10:05:55 Checking file: /mnt/c/Users/GPC/OneDrive/06_Code-sandbox/Heliopause-Artifact-Airlock/internal/inspection/cargo/static.go
[gosec] 2026/10/06 10:05:55 Checking file: /mnt/c/Users/GPC/OneDrive/06_Code-sandbox/Heliopause-Artifact-Airlock/internal/sandbox/cargo_observed_build.go
[gosec] 2026/10/06 10:05:55 Checking file: /mnt/c/Users/GPC/OneDrive/06_Code-sandbox/Heliopause-Artifact-Airlock/internal/sandbox/cargo_project_resolver.go
[gosec] 2026/10/06 10:05:55 Checking file: /mnt/c/Users/GPC/OneDrive/06_Code-sandbox/Heliopause-Artifact-Airlock/internal/sandbox/cargo_project_source.go
[gosec] 2026/10/06 10:05:55 Checking file: /mnt/c/Users/GPC/OneDrive/06_Code-sandbox/Heliopause-Artifact-Airlock/internal/sandbox/cargo_resolver.go
[gosec] 2026/10/06 10:05:55 Checking file: /mnt/c/Users/GPC/OneDrive/06_Code-sandbox/Heliopause-Artifact-Airlock/internal/sandbox/cargo_runtime.go
[gosec] 2026/10/06 10:05:55 Checking file: /mnt/c/Users/GPC/OneDrive/06_Code-sandbox/Heliopause-Artifact-Airlock/internal/sandbox/collector.go
[gosec] 2026/10/06 10:05:55 Checking file: /mnt/c/Users/GPC/OneDrive/06_Code-sandbox/Heliopause-Artifact-Airlock/internal/sandbox/direct_exec_admission.go
[gosec] 2026/10/06 10:05:55 Checking file: /mnt/c/Users/GPC/OneDrive/06_Code-sandbox/Heliopause-Artifact-Airlock/internal/sandbox/docker_introducer.go
[gosec] 2026/10/06 10:05:55 Checking file: /mnt/c/Users/GPC/OneDrive/06_Code-sandbox/Heliopause-Artifact-Airlock/internal/sandbox/github_elf.go
[gosec] 2026/10/06 10:05:55 Checking file: /mnt/c/Users/GPC/OneDrive/06_Code-sandbox/Heliopause-Artifact-Airlock/internal/sandbox/go_runtime.go
[gosec] 2026/10/06 10:05:55 Checking file: /mnt/c/Users/GPC/OneDrive/06_Code-sandbox/Heliopause-Artifact-Airlock/internal/sandbox/gomodule_build.go
[gosec] 2026/10/06 10:05:55 Checking file: /mnt/c/Users/GPC/OneDrive/06_Code-sandbox/Heliopause-Artifact-Airlock/internal/sandbox/gomodule_build_inputs.go
[gosec] 2026/10/06 10:05:55 Checking file: /mnt/c/Users/GPC/OneDrive/06_Code-sandbox/Heliopause-Artifact-Airlock/internal/sandbox/gomodule_build_materialization.go
[gosec] 2026/10/06 10:05:55 Checking file: /mnt/c/Users/GPC/OneDrive/06_Code-sandbox/Heliopause-Artifact-Airlock/internal/sandbox/gomodule_build_runtime.go
[gosec] 2026/10/06 10:05:55 Checking file: /mnt/c/Users/GPC/OneDrive/06_Code-sandbox/Heliopause-Artifact-Airlock/internal/sandbox/gomodule_build_source_reader.go
[gosec] 2026/10/06 10:05:55 Checking file: /mnt/c/Users/GPC/OneDrive/06_Code-sandbox/Heliopause-Artifact-Airlock/internal/sandbox/gomodule_isolated_runner.go
[gosec] 2026/10/06 10:05:55 Checking file: /mnt/c/Users/GPC/OneDrive/06_Code-sandbox/Heliopause-Artifact-Airlock/internal/sandbox/gomodule_observed_build.go
[gosec] 2026/10/06 10:05:55 Checking file: /mnt/c/Users/GPC/OneDrive/06_Code-sandbox/Heliopause-Artifact-Airlock/internal/sandbox/gomodule_resolver.go
[gosec] 2026/10/06 10:05:55 Checking file: /mnt/c/Users/GPC/OneDrive/06_Code-sandbox/Heliopause-Artifact-Airlock/internal/sandbox/linux_backend.go
[gosec] 2026/10/06 10:05:55 Checking file: /mnt/c/Users/GPC/OneDrive/06_Code-sandbox/Heliopause-Artifact-Airlock/internal/sandbox/npm_resolver.go
[gosec] 2026/10/06 10:05:55 Checking file: /mnt/c/Users/GPC/OneDrive/06_Code-sandbox/Heliopause-Artifact-Airlock/internal/sandbox/observer_supervisor.go
[gosec] 2026/10/06 10:05:55 Checking file: /mnt/c/Users/GPC/OneDrive/06_Code-sandbox/Heliopause-Artifact-Airlock/internal/sandbox/probe.go
[gosec] 2026/10/06 10:05:55 Checking file: /mnt/c/Users/GPC/OneDrive/06_Code-sandbox/Heliopause-Artifact-Airlock/internal/sandbox/probed.go
[gosec] 2026/10/06 10:05:55 Checking file: /mnt/c/Users/GPC/OneDrive/06_Code-sandbox/Heliopause-Artifact-Airlock/internal/sandbox/pypi_build.go
[gosec] 2026/10/06 10:05:55 Checking file: /mnt/c/Users/GPC/OneDrive/06_Code-sandbox/Heliopause-Artifact-Airlock/internal/sandbox/pypi_closure_installation.go
[gosec] 2026/10/06 10:05:55 Checking file: /mnt/c/Users/GPC/OneDrive/06_Code-sandbox/Heliopause-Artifact-Airlock/internal/sandbox/pypi_closure_manifest.go
[gosec] 2026/10/06 10:05:55 Checking file: /mnt/c/Users/GPC/OneDrive/06_Code-sandbox/Heliopause-Artifact-Airlock/internal/sandbox/pypi_closure_volume.go
[gosec] 2026/10/06 10:05:55 Checking file: /mnt/c/Users/GPC/OneDrive/06_Code-sandbox/Heliopause-Artifact-Airlock/internal/sandbox/pypi_dynamic.go
[gosec] 2026/10/06 10:05:55 Checking file: /mnt/c/Users/GPC/OneDrive/06_Code-sandbox/Heliopause-Artifact-Airlock/internal/sandbox/pypi_dynamic_factory.go
[gosec] 2026/10/06 10:05:55 Checking file: /mnt/c/Users/GPC/OneDrive/06_Code-sandbox/Heliopause-Artifact-Airlock/internal/sandbox/pypi_observation_cpu.go
[gosec] 2026/10/06 10:05:55 Checking file: /mnt/c/Users/GPC/OneDrive/06_Code-sandbox/Heliopause-Artifact-Airlock/internal/sandbox/pypi_observation_runtime.go
[gosec] 2026/10/06 10:05:55 Checking file: /mnt/c/Users/GPC/OneDrive/06_Code-sandbox/Heliopause-Artifact-Airlock/internal/sandbox/pypi_observation_transaction.go
[gosec] 2026/10/06 10:05:55 Checking file: /mnt/c/Users/GPC/OneDrive/06_Code-sandbox/Heliopause-Artifact-Airlock/internal/sandbox/pypi_resolver.go
[gosec] 2026/10/06 10:05:55 Checking file: /mnt/c/Users/GPC/OneDrive/06_Code-sandbox/Heliopause-Artifact-Airlock/internal/sandbox/pypi_trusted_transaction.go
[gosec] 2026/10/06 10:05:55 Checking file: /mnt/c/Users/GPC/OneDrive/06_Code-sandbox/Heliopause-Artifact-Airlock/internal/sandbox/python_runtime.go
[gosec] 2026/10/06 10:05:55 Checking file: /mnt/c/Users/GPC/OneDrive/06_Code-sandbox/Heliopause-Artifact-Airlock/internal/sandbox/resolver_network_policy.go
[gosec] 2026/10/06 10:05:55 Checking file: /mnt/c/Users/GPC/OneDrive/06_Code-sandbox/Heliopause-Artifact-Airlock/internal/sandbox/resolver_policy_port.go
[gosec] 2026/10/06 10:05:55 Checking file: /mnt/c/Users/GPC/OneDrive/06_Code-sandbox/Heliopause-Artifact-Airlock/internal/sandbox/shared_observer.go
[gosec] 2026/10/06 10:05:55 Checking package: cli
[gosec] 2026/10/06 10:05:55 Checking file: /mnt/c/Users/GPC/OneDrive/06_Code-sandbox/Heliopause-Artifact-Airlock/internal/cli/cargo_build.go
[gosec] 2026/10/06 10:05:55 Checking file: /mnt/c/Users/GPC/OneDrive/06_Code-sandbox/Heliopause-Artifact-Airlock/internal/cli/go_build.go
[gosec] 2026/10/06 10:05:55 Checking file: /mnt/c/Users/GPC/OneDrive/06_Code-sandbox/Heliopause-Artifact-Airlock/internal/cli/install_result.go
[gosec] 2026/10/06 10:05:55 Checking file: /mnt/c/Users/GPC/OneDrive/06_Code-sandbox/Heliopause-Artifact-Airlock/internal/cli/result.go
[gosec] 2026/10/06 10:05:55 Checking file: /mnt/c/Users/GPC/OneDrive/06_Code-sandbox/Heliopause-Artifact-Airlock/internal/cli/root.go
[gosec] 2026/10/06 10:05:55 Checking package: promotion
[gosec] 2026/10/06 10:05:55 Checking file: /mnt/c/Users/GPC/OneDrive/06_Code-sandbox/Heliopause-Artifact-Airlock/internal/promotion/cargo_approved_transaction.go
[gosec] 2026/10/06 10:05:55 Checking file: /mnt/c/Users/GPC/OneDrive/06_Code-sandbox/Heliopause-Artifact-Airlock/internal/promotion/cargo_build_inputs.go
[gosec] 2026/10/06 10:05:55 Checking file: /mnt/c/Users/GPC/OneDrive/06_Code-sandbox/Heliopause-Artifact-Airlock/internal/promotion/cargo_build_output.go
[gosec] 2026/10/06 10:05:55 Checking file: /mnt/c/Users/GPC/OneDrive/06_Code-sandbox/Heliopause-Artifact-Airlock/internal/promotion/cargo_cache.go
[gosec] 2026/10/06 10:05:55 Checking file: /mnt/c/Users/GPC/OneDrive/06_Code-sandbox/Heliopause-Artifact-Airlock/internal/promotion/cargo_transaction.go
[gosec] 2026/10/06 10:05:55 Checking file: /mnt/c/Users/GPC/OneDrive/06_Code-sandbox/Heliopause-Artifact-Airlock/internal/promotion/githubrelease_promotion.go
[gosec] 2026/10/06 10:05:55 Checking file: /mnt/c/Users/GPC/OneDrive/06_Code-sandbox/Heliopause-Artifact-Airlock/internal/promotion/go_approved_transaction.go
[gosec] 2026/10/06 10:05:55 Checking file: /mnt/c/Users/GPC/OneDrive/06_Code-sandbox/Heliopause-Artifact-Airlock/internal/promotion/go_build_cache.go
[gosec] 2026/10/06 10:05:55 Checking file: /mnt/c/Users/GPC/OneDrive/06_Code-sandbox/Heliopause-Artifact-Airlock/internal/promotion/go_build_inputs.go
[gosec] 2026/10/06 10:05:55 Checking file: /mnt/c/Users/GPC/OneDrive/06_Code-sandbox/Heliopause-Artifact-Airlock/internal/promotion/go_build_output.go
[gosec] 2026/10/06 10:05:55 Checking file: /mnt/c/Users/GPC/OneDrive/06_Code-sandbox/Heliopause-Artifact-Airlock/internal/promotion/go_build_source.go
[gosec] 2026/10/06 10:05:55 Checking file: /mnt/c/Users/GPC/OneDrive/06_Code-sandbox/Heliopause-Artifact-Airlock/internal/promotion/go_cache.go
[gosec] 2026/10/06 10:05:55 Checking file: /mnt/c/Users/GPC/OneDrive/06_Code-sandbox/Heliopause-Artifact-Airlock/internal/promotion/go_get.go
[gosec] 2026/10/06 10:05:55 Checking file: /mnt/c/Users/GPC/OneDrive/06_Code-sandbox/Heliopause-Artifact-Airlock/internal/promotion/go_transaction.go
[gosec] 2026/10/06 10:05:55 Checking file: /mnt/c/Users/GPC/OneDrive/06_Code-sandbox/Heliopause-Artifact-Airlock/internal/promotion/npm_promotion.go
[gosec] 2026/10/06 10:05:55 Checking file: /mnt/c/Users/GPC/OneDrive/06_Code-sandbox/Heliopause-Artifact-Airlock/internal/promotion/npm_transaction.go
[gosec] 2026/10/06 10:05:55 Checking file: /mnt/c/Users/GPC/OneDrive/06_Code-sandbox/Heliopause-Artifact-Airlock/internal/promotion/project_build_archive.go
[gosec] 2026/10/06 10:05:55 Checking file: /mnt/c/Users/GPC/OneDrive/06_Code-sandbox/Heliopause-Artifact-Airlock/internal/promotion/project_cache_evidence.go
[gosec] 2026/10/06 10:05:55 Checking file: /mnt/c/Users/GPC/OneDrive/06_Code-sandbox/Heliopause-Artifact-Airlock/internal/promotion/pypi_promotion.go
[gosec] 2026/10/06 10:05:55 Checking file: /mnt/c/Users/GPC/OneDrive/06_Code-sandbox/Heliopause-Artifact-Airlock/internal/promotion/pypi_venv_transaction.go
[gosec] 2026/10/06 10:05:55 Checking file: /mnt/c/Users/GPC/OneDrive/06_Code-sandbox/Heliopause-Artifact-Airlock/internal/promotion/rename_linux.go
[gosec] 2026/10/06 10:05:55 Checking file: /mnt/c/Users/GPC/OneDrive/06_Code-sandbox/Heliopause-Artifact-Airlock/internal/promotion/staging.go
[gosec] 2026/10/06 10:05:55 Checking file: /mnt/c/Users/GPC/OneDrive/06_Code-sandbox/Heliopause-Artifact-Airlock/internal/promotion/terraform_transaction.go
Results:

Golang errors in file: [/mnt/c/Users/GPC/OneDrive/06_Code-sandbox/Heliopause-Artifact-Airlock/cmd/helox/main.go]:

  > [line 12 : column 2] - could not import github.com/rahoney/heliopause/internal/bootstrap (invalid package name: "")



Summary:
  Gosec  : dev
  Files  : 210
  Lines  : 45418
  Nosec  : 0
  Issues : 0
exit status 1
