Verified fresh split-cache test binary/source708 and unchanged observer/helper; no overlay
runtime before bytes/identity/modes verified
runtime candidate bytes/identity/modes verified
no existing traced runtime consumers; bounded Docker queries succeeded
/usr/libexec/heliopause/helox: OK
/usr/libexec/heliopause/haa-network-policy-helper: OK
/usr/libexec/heliopause/haa_gvisor_observer: OK
/etc/heliopause/network-policy.json: OK
/etc/heliopause/pod-init.json: OK
helper launch: bash=/usr/bin/bash version=5.2.21(1)-release owner=286365
helper ready: pid=286413 attempt=14
=== RUN   TestLinuxPyTorchFullIntegration
    pytorch_linux_integration_test.go:40: retained integration evidence: /tmp/haa-m12-split-e2e/pytorch-cu126-3631636862
    pytorch_linux_integration_test.go:48: retained integration cache: /tmp/haa-m12-qualification-disk/split-cache/pytorch-cu126-872780481
observer_attribution sequence=1 profile=pypi-wheel-pytorch-cu126 counts=NETWORK/TRUSTED_CONTROL/CONNECT/INET/DIRECT_EXEC_SESSION/PYTHON:526
    pytorch_linux_integration_test.go:69: PyTorch cu126 install failed: PyPI distribution exceeds resource budget
        stdout={"schema_version":"helox.operation-result/v1","operation_id":"op_cwpveew4j7yfj6rokkpeujh5ny","operation":"INSTALL","operation_status":"FAILED","artifact":{"reference":{"source_id":"pytorch-cu126","locator":"torch@2.14.0+cu126"}},"checks":[],"evidence_references":[],"target":"/tmp/haa-m12-split-e2e/pytorch-cu126-3631636862/target","promotion_status":"FAILED","error":{"code":"INSTALL_INSPECTION_FAILED","message":"Install operation failed."}}
        
        stderr=
--- FAIL: TestLinuxPyTorchFullIntegration (128.71s)
FAIL
helper reaped: pid=286413 wait=0
no existing traced runtime consumers; bounded Docker queries succeeded
runtime before bytes/identity/modes verified
/etc/heliopause/pod-init.json: OK
/usr/libexec/heliopause/helox: OK
/usr/libexec/heliopause/haa-network-policy-helper: OK
/usr/libexec/heliopause/haa_gvisor_observer: OK
/etc/heliopause/network-policy.json: OK
cleanup: original=1 helper_state=CONFIRMED_STOPPED helper_stop=0 client_error=0 client_restore=0 restore_result=NOT_REQUIRED pid=286413
