2026-10-06T16:41:17.7404340Z Current runner version: '2.337.0'
2026-10-06T16:41:17.7498330Z ##[group]Runner Image Provisioner
2026-10-06T16:41:17.7500720Z Hosted Compute Agent
2026-10-06T16:41:17.7502080Z Version: 20260819.586
2026-10-06T16:41:17.7503670Z Commit: 3cc4a88dfa507ef76119ad1bb3eccc6378bb2b76
2026-10-06T16:41:17.7505450Z Build Date: 2026-08-18T23:20:18Z
2026-10-06T16:41:17.7507090Z Worker ID: {63f1eb9b-24a8-4587-b695-5dc2056a5f33}
2026-10-06T16:41:17.7508860Z Azure Region: westus
2026-10-06T16:41:17.7510240Z ##[endgroup]
2026-10-06T16:41:17.7514240Z ##[group]Operating System
2026-10-06T16:41:17.7515760Z macOS
2026-10-06T16:41:17.7522920Z 26.6.1
2026-10-06T16:41:17.7524360Z 25G76
2026-10-06T16:41:17.7525510Z ##[endgroup]
2026-10-06T16:41:17.7526700Z ##[group]Runner Image
2026-10-06T16:41:17.7528170Z Image: macos-26
2026-10-06T16:41:17.7530110Z Version: 20260824.0517.1
2026-10-06T16:41:17.7533350Z Included Software: https://github.com/actions/runner-images/blob/macos-26/20260824.0517/images/macos/macos-26-Readme.md
2026-10-06T16:41:17.7538800Z Image Release: https://github.com/actions/runner-images/releases/tag/macos-26%2F20260824.0517
2026-10-06T16:41:17.7541620Z ##[endgroup]
2026-10-06T16:41:17.7545480Z ##[group]GITHUB_TOKEN Permissions
2026-10-06T16:41:17.7556870Z Contents: read
2026-10-06T16:41:17.7558250Z Metadata: read
2026-10-06T16:41:17.7559600Z ##[endgroup]
2026-10-06T16:41:17.7567610Z Secret source: Actions
2026-10-06T16:41:17.7569970Z Cache mode: write
2026-10-06T16:41:17.7573380Z Prepare workflow directory
2026-10-06T16:41:17.9144370Z Prepare all required actions
2026-10-06T16:41:17.9288270Z Getting action download info
2026-10-06T16:41:18.2741400Z Download action repository 'actions/checkout@3d3c42e5aac5ba805825da76410c181273ba90b1' (SHA:3d3c42e5aac5ba805825da76410c181273ba90b1)
2026-10-06T16:41:18.8824500Z Download action repository 'actions/setup-go@b7ad1dad31e06c5925ef5d2fc7ad053ef454303e' (SHA:b7ad1dad31e06c5925ef5d2fc7ad053ef454303e)
2026-10-06T16:41:20.2435350Z Complete job name: macOS
2026-10-06T16:41:20.3949020Z ##[group]Run actions/checkout@3d3c42e5aac5ba805825da76410c181273ba90b1
2026-10-06T16:41:20.3952330Z with:
2026-10-06T16:41:20.3953590Z   persist-credentials: false
2026-10-06T16:41:20.3954950Z   repository: rahoney/heliopause
2026-10-06T16:41:20.3964000Z   token: ***
2026-10-06T16:41:20.3965290Z   ssh-strict: true
2026-10-06T16:41:20.3966440Z   ssh-user: git
2026-10-06T16:41:20.3967550Z   clean: true
2026-10-06T16:41:20.3968710Z   sparse-checkout-cone-mode: true
2026-10-06T16:41:20.3970060Z   fetch-depth: 1
2026-10-06T16:41:20.3971200Z   fetch-tags: false
2026-10-06T16:41:20.3972350Z   show-progress: true
2026-10-06T16:41:20.3973560Z   lfs: false
2026-10-06T16:41:20.3974720Z   submodules: false
2026-10-06T16:41:20.3975910Z   set-safe-directory: true
2026-10-06T16:41:20.3977220Z   allow-unsafe-pr-checkout: false
2026-10-06T16:41:20.3980400Z env:
2026-10-06T16:41:20.3981790Z   GOTOOLCHAIN: local
2026-10-06T16:41:20.3983070Z ##[endgroup]
2026-10-06T16:41:22.0484310Z Syncing repository: rahoney/heliopause
2026-10-06T16:41:22.0489120Z ##[group]Getting Git version info
2026-10-06T16:41:22.0490930Z Working directory is '/Users/runner/work/heliopause/heliopause'
2026-10-06T16:41:22.0493780Z [command]/usr/local/bin/git version
2026-10-06T16:41:22.1137830Z git version 2.55.0
2026-10-06T16:41:22.1173310Z ##[endgroup]
2026-10-06T16:41:22.1190980Z Copying '/Users/runner/.gitconfig' to '/Users/runner/work/_temp/f359293d-46cb-4d7b-99e3-0ce334f159ab/.gitconfig'
2026-10-06T16:41:22.1221300Z Temporarily overriding HOME='/Users/runner/work/_temp/f359293d-46cb-4d7b-99e3-0ce334f159ab' before making global git config changes
2026-10-06T16:41:22.1224360Z Adding repository directory to the temporary git global config as a safe directory
2026-10-06T16:41:22.1229170Z [command]/usr/local/bin/git config --global --add safe.directory /Users/runner/work/heliopause/heliopause
2026-10-06T16:41:22.1445250Z Deleting the contents of '/Users/runner/work/heliopause/heliopause'
2026-10-06T16:41:22.1455170Z ##[group]Determining repository object format
2026-10-06T16:41:22.1459440Z ##[endgroup]
2026-10-06T16:41:22.1461580Z ##[group]Initializing the repository
2026-10-06T16:41:22.1467040Z [command]/usr/local/bin/git init /Users/runner/work/heliopause/heliopause
2026-10-06T16:41:22.2072580Z hint: Using 'master' as the name for the initial branch. This default branch name
2026-10-06T16:41:22.2076900Z hint: will change to "main" in Git 3.0. To configure the initial branch name
2026-10-06T16:41:22.2079530Z hint: to use in all of your new repositories, which will suppress this warning,
2026-10-06T16:41:22.2081340Z hint: call:
2026-10-06T16:41:22.2082370Z hint:
2026-10-06T16:41:22.2083660Z hint: 	git config --global init.defaultBranch <name>
2026-10-06T16:41:22.2085310Z hint:
2026-10-06T16:41:22.2087470Z hint: Names commonly chosen instead of 'master' are 'main', 'trunk' and
2026-10-06T16:41:22.2090070Z hint: 'development'. The just-created branch can be renamed via this command:
2026-10-06T16:41:22.2092020Z hint:
2026-10-06T16:41:22.2093570Z hint: 	git branch -m <name>
2026-10-06T16:41:22.2095040Z hint:
2026-10-06T16:41:22.2096800Z hint: Disable this message with "git config set advice.defaultBranchName false"
2026-10-06T16:41:22.2099600Z Initialized empty Git repository in /Users/runner/work/heliopause/heliopause/.git/
2026-10-06T16:41:22.2110190Z [command]/usr/local/bin/git remote add origin https://github.com/rahoney/heliopause
2026-10-06T16:41:22.2320210Z ##[endgroup]
2026-10-06T16:41:22.2322630Z ##[group]Disabling automatic garbage collection
2026-10-06T16:41:22.2325280Z [command]/usr/local/bin/git config --local gc.auto 0
2026-10-06T16:41:22.2491780Z ##[endgroup]
2026-10-06T16:41:22.2493890Z ##[group]Setting up auth
2026-10-06T16:41:22.2495560Z Removing SSH command configuration
2026-10-06T16:41:22.2505320Z [command]/usr/local/bin/git config --local --name-only --get-regexp core\.sshCommand
2026-10-06T16:41:22.2685360Z [command]/usr/local/bin/git submodule foreach --recursive sh -c "git config --local --name-only --get-regexp 'core\.sshCommand' && git config --local --unset-all 'core.sshCommand' || :"
2026-10-06T16:41:22.5036810Z Removing HTTP extra header
2026-10-06T16:41:22.5046410Z [command]/usr/local/bin/git config --local --name-only --get-regexp http\.https\:\/\/github\.com\/\.extraheader
2026-10-06T16:41:22.5223100Z [command]/usr/local/bin/git submodule foreach --recursive sh -c "git config --local --name-only --get-regexp 'http\.https\:\/\/github\.com\/\.extraheader' && git config --local --unset-all 'http.https://github.com/.extraheader' || :"
2026-10-06T16:41:22.8087140Z Removing includeIf entries pointing to credentials config files
2026-10-06T16:41:22.8090330Z [command]/usr/local/bin/git config --local --name-only --get-regexp ^includeIf\.gitdir:
2026-10-06T16:41:22.8100270Z [command]/usr/local/bin/git submodule foreach --recursive git config --local --show-origin --name-only --get-regexp remote.origin.url
2026-10-06T16:41:23.1028680Z [command]/usr/local/bin/git config --file /Users/runner/work/_temp/git-credentials-f5f48807-0776-4dcb-8c67-44dd3efa3be8.config http.https://github.com/.extraheader AUTHORIZATION: basic ***
2026-10-06T16:41:23.1290190Z [command]/usr/local/bin/git config --local includeIf.gitdir:/Users/runner/work/heliopause/heliopause/.git.path /Users/runner/work/_temp/git-credentials-f5f48807-0776-4dcb-8c67-44dd3efa3be8.config
2026-10-06T16:41:23.1565350Z [command]/usr/local/bin/git config --local includeIf.gitdir:/Users/runner/work/heliopause/heliopause/.git/worktrees/*.path /Users/runner/work/_temp/git-credentials-f5f48807-0776-4dcb-8c67-44dd3efa3be8.config
2026-10-06T16:41:23.1682960Z [command]/usr/local/bin/git config --local includeIf.gitdir:/github/workspace/.git.path /github/runner_temp/git-credentials-f5f48807-0776-4dcb-8c67-44dd3efa3be8.config
2026-10-06T16:41:23.1864500Z [command]/usr/local/bin/git config --local includeIf.gitdir:/github/workspace/.git/worktrees/*.path /github/runner_temp/git-credentials-f5f48807-0776-4dcb-8c67-44dd3efa3be8.config
2026-10-06T16:41:23.2058870Z ##[endgroup]
2026-10-06T16:41:23.2061460Z ##[group]Fetching the repository
2026-10-06T16:41:23.2069990Z [command]/usr/local/bin/git -c protocol.version=2 fetch --no-tags --prune --no-recurse-submodules --depth=1 origin +0ec1e77a22b97ceb108bd3484c6a04cea10f3455:refs/remotes/pull/29/merge
2026-10-06T16:41:24.5669300Z From https://github.com/rahoney/heliopause
2026-10-06T16:41:24.5671290Z  * [new ref]         0ec1e77a22b97ceb108bd3484c6a04cea10f3455 -> pull/29/merge
2026-10-06T16:41:24.5687570Z ##[endgroup]
2026-10-06T16:41:24.5692330Z ##[group]Determining the checkout info
2026-10-06T16:41:24.5693790Z ##[endgroup]
2026-10-06T16:41:24.5694770Z [command]/usr/local/bin/git sparse-checkout disable
2026-10-06T16:41:24.5884450Z [command]/usr/local/bin/git config --local --unset-all extensions.worktreeConfig
2026-10-06T16:41:24.6055180Z ##[group]Checking out the ref
2026-10-06T16:41:24.6062730Z [command]/usr/local/bin/git checkout --progress --force refs/remotes/pull/29/merge
2026-10-06T16:41:25.2581760Z HEAD is now at 0ec1e77 Merge 1170ce2ddee6b0a9133238972624f5315fd355f6 into 62c3b595e8e27a4a1d836849643c372692a39b8b
2026-10-06T16:41:25.2624560Z ##[endgroup]
2026-10-06T16:41:25.2815250Z [command]/usr/local/bin/git log -1 --format=%H
2026-10-06T16:41:25.2989710Z 0ec1e77a22b97ceb108bd3484c6a04cea10f3455
2026-10-06T16:41:25.3011010Z ##[group]Removing auth
2026-10-06T16:41:25.3012020Z Removing SSH command configuration
2026-10-06T16:41:25.3020520Z [command]/usr/local/bin/git config --local --name-only --get-regexp core\.sshCommand
2026-10-06T16:41:25.3195290Z [command]/usr/local/bin/git submodule foreach --recursive sh -c "git config --local --name-only --get-regexp 'core\.sshCommand' && git config --local --unset-all 'core.sshCommand' || :"
2026-10-06T16:41:25.7993160Z Removing HTTP extra header
2026-10-06T16:41:25.9239980Z [command]/usr/local/bin/git config --local --name-only --get-regexp http\.https\:\/\/github\.com\/\.extraheader
2026-10-06T16:41:25.9665810Z [command]/usr/local/bin/git submodule foreach --recursive sh -c "git config --local --name-only --get-regexp 'http\.https\:\/\/github\.com\/\.extraheader' && git config --local --unset-all 'http.https://github.com/.extraheader' || :"
2026-10-06T16:41:25.9954520Z Removing includeIf entries pointing to credentials config files
2026-10-06T16:41:26.0091290Z [command]/usr/local/bin/git config --local --name-only --get-regexp ^includeIf\.gitdir:
2026-10-06T16:41:26.0123240Z includeif.gitdir:/Users/runner/work/heliopause/heliopause/.git.path
2026-10-06T16:41:26.0152810Z includeif.gitdir:/Users/runner/work/heliopause/heliopause/.git/worktrees/*.path
2026-10-06T16:41:26.0190840Z includeif.gitdir:/github/workspace/.git.path
2026-10-06T16:41:26.0220670Z includeif.gitdir:/github/workspace/.git/worktrees/*.path
2026-10-06T16:41:26.0292900Z [command]/usr/local/bin/git config --local --get-all includeif.gitdir:/Users/runner/work/heliopause/heliopause/.git.path
2026-10-06T16:41:26.0324050Z /Users/runner/work/_temp/git-credentials-f5f48807-0776-4dcb-8c67-44dd3efa3be8.config
2026-10-06T16:41:26.0445060Z [command]/usr/local/bin/git config --local --unset includeif.gitdir:/Users/runner/work/heliopause/heliopause/.git.path \/Users\/runner\/work\/_temp\/git\-credentials\-f5f48807\-0776\-4dcb\-8c67\-44dd3efa3be8\.config
2026-10-06T16:41:26.1516260Z [command]/usr/local/bin/git config --local --get-all includeif.gitdir:/Users/runner/work/heliopause/heliopause/.git/worktrees/*.path
2026-10-06T16:41:26.1825520Z /Users/runner/work/_temp/git-credentials-f5f48807-0776-4dcb-8c67-44dd3efa3be8.config
2026-10-06T16:41:26.1970470Z [command]/usr/local/bin/git config --local --unset includeif.gitdir:/Users/runner/work/heliopause/heliopause/.git/worktrees/*.path \/Users\/runner\/work\/_temp\/git\-credentials\-f5f48807\-0776\-4dcb\-8c67\-44dd3efa3be8\.config
2026-10-06T16:41:26.2115710Z [command]/usr/local/bin/git config --local --get-all includeif.gitdir:/github/workspace/.git.path
2026-10-06T16:41:26.2146050Z /github/runner_temp/git-credentials-f5f48807-0776-4dcb-8c67-44dd3efa3be8.config
2026-10-06T16:41:26.2217170Z [command]/usr/local/bin/git config --local --unset includeif.gitdir:/github/workspace/.git.path \/github\/runner_temp\/git\-credentials\-f5f48807\-0776\-4dcb\-8c67\-44dd3efa3be8\.config
2026-10-06T16:41:26.2300550Z [command]/usr/local/bin/git config --local --get-all includeif.gitdir:/github/workspace/.git/worktrees/*.path
2026-10-06T16:41:26.2308340Z /github/runner_temp/git-credentials-f5f48807-0776-4dcb-8c67-44dd3efa3be8.config
2026-10-06T16:41:26.2368150Z [command]/usr/local/bin/git config --local --unset includeif.gitdir:/github/workspace/.git/worktrees/*.path \/github\/runner_temp\/git\-credentials\-f5f48807\-0776\-4dcb\-8c67\-44dd3efa3be8\.config
2026-10-06T16:41:26.2421010Z [command]/usr/local/bin/git submodule foreach --recursive git config --local --show-origin --name-only --get-regexp remote.origin.url
2026-10-06T16:41:26.4746130Z Removing credentials config '/Users/runner/work/_temp/git-credentials-f5f48807-0776-4dcb-8c67-44dd3efa3be8.config'
2026-10-06T16:41:26.4866130Z ##[endgroup]
2026-10-06T16:41:26.5475220Z ##[group]Run actions/setup-go@b7ad1dad31e06c5925ef5d2fc7ad053ef454303e
2026-10-06T16:41:26.5476490Z with:
2026-10-06T16:41:26.5477030Z   go-version: 1.26.8
2026-10-06T16:41:26.5477630Z   check-latest: false
2026-10-06T16:41:26.5478240Z   cache: false
2026-10-06T16:41:26.5485860Z   token: ***
2026-10-06T16:41:26.5486370Z env:
2026-10-06T16:41:26.5486840Z   GOTOOLCHAIN: local
2026-10-06T16:41:26.5487370Z ##[endgroup]
2026-10-06T16:41:26.9262790Z Setup go version spec 1.26.8
2026-10-06T16:41:26.9568500Z Attempting to download 1.26.8...
2026-10-06T16:41:28.2169080Z matching 1.26.8...
2026-10-06T16:41:28.4776470Z Acquiring 1.26.8 from https://github.com/actions/go-versions/releases/download/1.26.8-33583485350/go-1.26.8-darwin-x64.tar.gz
2026-10-06T16:41:30.4621550Z Extracting Go...
2026-10-06T16:41:30.5760650Z [command]/usr/bin/tar xz -C /Users/runner/work/_temp/e85feb75-8d1f-434a-87a9-bb3baf08f450 -f /Users/runner/work/_temp/3bbab3fe-56ae-43bf-8e73-db36ee357820
2026-10-06T16:41:41.4158460Z Successfully extracted go to /Users/runner/work/_temp/e85feb75-8d1f-434a-87a9-bb3baf08f450
2026-10-06T16:41:41.4425280Z Adding to the cache ...
2026-10-06T16:42:10.0924820Z Successfully cached go to /Users/runner/hostedtoolcache/go/1.26.8/x64
2026-10-06T16:42:10.0926270Z Added go to the path
2026-10-06T16:42:10.0958780Z Successfully set up Go version 1.26.8
2026-10-06T16:42:10.4272310Z go version go1.26.8 darwin/amd64
2026-10-06T16:42:10.4340620Z 
2026-10-06T16:42:10.4388600Z ##[group]go env
2026-10-06T16:42:18.8411330Z AR='ar'
2026-10-06T16:42:18.9082830Z CC='clang'
2026-10-06T16:42:18.9084510Z CGO_CFLAGS='-O2 -g'
2026-10-06T16:42:18.9183330Z CGO_CPPFLAGS=''
2026-10-06T16:42:18.9243860Z CGO_CXXFLAGS='-O2 -g'
2026-10-06T16:42:18.9285640Z CGO_ENABLED='1'
2026-10-06T16:42:18.9370530Z CGO_FFLAGS='-O2 -g'
2026-10-06T16:42:18.9635710Z CGO_LDFLAGS='-O2 -g'
2026-10-06T16:42:18.9878100Z CXX='clang++'
2026-10-06T16:42:18.9961970Z GCCGO='gccgo'
2026-10-06T16:42:19.0010110Z GO111MODULE=''
2026-10-06T16:42:19.0038810Z GOAMD64='v1'
2026-10-06T16:42:19.0091000Z GOARCH='amd64'
2026-10-06T16:42:19.0138860Z GOAUTH='netrc'
2026-10-06T16:42:19.0333590Z GOBIN=''
2026-10-06T16:42:19.0370100Z GOCACHE='/Users/runner/Library/Caches/go-build'
2026-10-06T16:42:19.0404840Z GOCACHEPROG=''
2026-10-06T16:42:19.0460760Z GODEBUG=''
2026-10-06T16:42:19.0541750Z GOENV='/Users/runner/Library/Application Support/go/env'
2026-10-06T16:42:19.0582800Z GOEXE=''
2026-10-06T16:42:19.0618110Z GOEXPERIMENT=''
2026-10-06T16:42:19.0692530Z GOFIPS140='off'
2026-10-06T16:42:19.0750320Z GOFLAGS=''
2026-10-06T16:42:19.0785820Z GOGCCFLAGS='-fPIC -arch x86_64 -m64 -pthread -fno-caret-diagnostics -Qunused-arguments -fmessage-length=0 -ffile-prefix-map=/var/folders/fq/bhsbs5bd52791c8x2z6s3dh40000gn/T/go-build2842256155=/tmp/go-build -gno-record-gcc-switches -fno-common'
2026-10-06T16:42:19.0842590Z GOHOSTARCH='amd64'
2026-10-06T16:42:19.0889750Z GOHOSTOS='darwin'
2026-10-06T16:42:19.0961100Z GOINSECURE=''
2026-10-06T16:42:19.1060260Z GOMOD='/Users/runner/work/heliopause/heliopause/go.mod'
2026-10-06T16:42:19.1156640Z GOMODCACHE='/Users/runner/go/pkg/mod'
2026-10-06T16:42:19.1231840Z GONOPROXY=''
2026-10-06T16:42:19.1474370Z GONOSUMDB=''
2026-10-06T16:42:19.1475210Z GOOS='darwin'
2026-10-06T16:42:19.1553330Z GOPATH='/Users/runner/go'
2026-10-06T16:42:19.1611520Z GOPRIVATE=''
2026-10-06T16:42:19.1652440Z GOPROXY='https://proxy.golang.org,direct'
2026-10-06T16:42:19.1806790Z GOROOT='/Users/runner/hostedtoolcache/go/1.26.8/x64'
2026-10-06T16:42:19.1859050Z GOSUMDB='sum.golang.org'
2026-10-06T16:42:19.1910160Z GOTELEMETRY='local'
2026-10-06T16:42:19.1954370Z GOTELEMETRYDIR='/Users/runner/Library/Application Support/go/telemetry'
2026-10-06T16:42:19.1986120Z GOTMPDIR=''
2026-10-06T16:42:19.2022170Z GOTOOLCHAIN='local'
2026-10-06T16:42:19.2065010Z GOTOOLDIR='/Users/runner/hostedtoolcache/go/1.26.8/x64/pkg/tool/darwin_amd64'
2026-10-06T16:42:19.2114970Z GOVCS=''
2026-10-06T16:42:19.2246720Z GOVERSION='go1.26.8'
2026-10-06T16:42:19.2280830Z GOWORK=''
2026-10-06T16:42:19.2323240Z PKG_CONFIG='pkg-config'
2026-10-06T16:42:19.2350400Z 
2026-10-06T16:42:19.2378470Z ##[endgroup]
2026-10-06T16:42:19.2673520Z ##[group]Run go run ./scripts/check bootstrap-modules
2026-10-06T16:42:19.2675140Z [36;1mgo run ./scripts/check bootstrap-modules[0m
2026-10-06T16:42:19.2827230Z shell: /bin/bash -e {0}
2026-10-06T16:42:19.2827990Z env:
2026-10-06T16:42:19.2828660Z   GOTOOLCHAIN: local
2026-10-06T16:42:19.2829710Z   HELOX_TOOL_CACHE: /Users/runner/work/_temp/heliopause-platform-tools
2026-10-06T16:42:19.2830910Z ##[endgroup]
2026-10-06T16:42:19.4727790Z go: downloading go.yaml.in/yaml/v3 v3.0.4
2026-10-06T16:42:49.9887370Z [check] prepare module cache
2026-10-06T16:42:49.9890270Z [check] download product modules
2026-10-06T16:42:57.5060190Z ##[group]Run go run ./scripts/check platform
2026-10-06T16:42:57.5061410Z [36;1mgo run ./scripts/check platform[0m
2026-10-06T16:42:57.5070800Z shell: /bin/bash --noprofile --norc -e -u -o pipefail {0}
2026-10-06T16:42:57.5072120Z env:
2026-10-06T16:42:57.5073340Z   GOTOOLCHAIN: local
2026-10-06T16:42:57.5074910Z   HELOX_TOOL_CACHE: /Users/runner/work/_temp/heliopause-platform-tools
2026-10-06T16:42:57.5076530Z ##[endgroup]
2026-10-06T16:42:57.9788330Z [check] production build
2026-10-06T16:43:54.2262060Z [check] default test
2026-10-06T16:47:49.0783770Z check: execution failure: default test: /Users/runner/hostedtoolcache/go/1.26.8/x64/bin/go test -timeout=5m ./...
2026-10-06T16:47:49.0834330Z ok  	github.com/rahoney/heliopause/cmd/helox	99.866s
2026-10-06T16:47:49.0845410Z ok  	github.com/rahoney/heliopause/internal/application	0.641s
2026-10-06T16:47:49.0888990Z ok  	github.com/rahoney/heliopause/internal/artifact/cargo	2.166s
2026-10-06T16:47:49.0910260Z ok  	github.com/rahoney/heliopause/internal/artifact/githubrelease	0.104s
2026-10-06T16:47:49.0934850Z ok  	github.com/rahoney/heliopause/internal/artifact/gomodule	0.540s
2026-10-06T16:47:49.0991480Z ok  	github.com/rahoney/heliopause/internal/artifact/npm	2.683s
2026-10-06T16:47:49.1041020Z ?   	github.com/rahoney/heliopause/internal/artifact/projectbuild	[no test files]
2026-10-06T16:47:49.1067270Z ok  	github.com/rahoney/heliopause/internal/artifact/pypi	0.272s
2026-10-06T16:47:49.1087520Z ok  	github.com/rahoney/heliopause/internal/artifact/terraformprovider	0.097s
2026-10-06T16:47:49.1112230Z --- FAIL: TestPyTorchQualificationCacheIsFreshAndSeparate (0.00s)
2026-10-06T16:47:49.1117880Z     pytorch_storage_test.go:17: qualification cache parent must have no symlink components
2026-10-06T16:47:49.1144240Z FAIL
2026-10-06T16:47:49.1150680Z FAIL	github.com/rahoney/heliopause/internal/bootstrap	0.103s
2026-10-06T16:47:49.1184470Z ok  	github.com/rahoney/heliopause/internal/cli	0.041s
2026-10-06T16:47:49.1205320Z ok  	github.com/rahoney/heliopause/internal/core/domain	0.049s
2026-10-06T16:47:49.1230360Z ?   	github.com/rahoney/heliopause/internal/core/ports	[no test files]
2026-10-06T16:47:49.1255810Z ok  	github.com/rahoney/heliopause/internal/evidence	0.020s
2026-10-06T16:47:49.1296030Z ok  	github.com/rahoney/heliopause/internal/evidence/local	0.403s
2026-10-06T16:47:49.1332400Z ok  	github.com/rahoney/heliopause/internal/hosttool	0.027s
2026-10-06T16:47:49.1342170Z ?   	github.com/rahoney/heliopause/internal/inspection/cargo	[no test files]
2026-10-06T16:47:49.1369150Z ok  	github.com/rahoney/heliopause/internal/inspection/githubrelease	0.086s
2026-10-06T16:47:49.1371300Z ok  	github.com/rahoney/heliopause/internal/inspection/gomodule	0.073s
2026-10-06T16:47:49.1393530Z ok  	github.com/rahoney/heliopause/internal/inspection/npm	0.059s
2026-10-06T16:47:49.1416460Z ?   	github.com/rahoney/heliopause/internal/inspection/projectbuild	[no test files]
2026-10-06T16:47:49.1444180Z ok  	github.com/rahoney/heliopause/internal/inspection/pypi	0.596s
2026-10-06T16:47:49.1471890Z ok  	github.com/rahoney/heliopause/internal/inspection/terraformprovider	0.048s
2026-10-06T16:47:49.1475050Z ok  	github.com/rahoney/heliopause/internal/networkpolicy	0.025s
2026-10-06T16:47:49.1508880Z ok  	github.com/rahoney/heliopause/internal/policy	0.038s
2026-10-06T16:47:49.1522950Z ok  	github.com/rahoney/heliopause/internal/promotion	139.182s
2026-10-06T16:47:49.1538710Z ok  	github.com/rahoney/heliopause/internal/releaseinstall	0.538s
2026-10-06T16:47:49.1563480Z ok  	github.com/rahoney/heliopause/internal/runtimeidentity	0.499s
2026-10-06T16:47:49.1584490Z ok  	github.com/rahoney/heliopause/internal/sandbox	13.012s
2026-10-06T16:47:49.1595720Z ok  	github.com/rahoney/heliopause/internal/testutil/fakeworkflow	0.016s
2026-10-06T16:47:49.1616480Z ok  	github.com/rahoney/heliopause/internal/verification/cargo	0.034s
2026-10-06T16:47:49.1633650Z ok  	github.com/rahoney/heliopause/internal/verification/githubrelease	0.020s
2026-10-06T16:47:49.1658160Z ok  	github.com/rahoney/heliopause/internal/verification/gomodule	0.077s
2026-10-06T16:47:49.1733700Z ok  	github.com/rahoney/heliopause/internal/verification/npm	0.030s
2026-10-06T16:47:49.1763980Z ?   	github.com/rahoney/heliopause/internal/verification/projectbuild	[no test files]
2026-10-06T16:47:49.1780340Z ?   	github.com/rahoney/heliopause/internal/verification/pypi	[no test files]
2026-10-06T16:47:49.1794900Z ok  	github.com/rahoney/heliopause/internal/verification/terraformprovider	0.216s
2026-10-06T16:47:49.1796720Z ok  	github.com/rahoney/heliopause/scripts	1.684s
2026-10-06T16:47:49.1800090Z ok  	github.com/rahoney/heliopause/scripts/check	24.810s
2026-10-06T16:47:49.1803260Z ok  	github.com/rahoney/heliopause/scripts/release-manifest	35.171s
2026-10-06T16:47:49.1805000Z ok  	github.com/rahoney/heliopause/scripts/runtime-image-manifest	0.034s
2026-10-06T16:47:49.1806310Z FAIL: exit status 1
2026-10-06T16:47:49.1807280Z exit status 1
2026-10-06T16:47:49.1844880Z ##[error]Process completed with exit code 1.
2026-10-06T16:47:49.2523110Z Post job cleanup.
2026-10-06T16:47:49.5492560Z [command]/usr/local/bin/git version
2026-10-06T16:47:49.5773260Z git version 2.55.0
2026-10-06T16:47:49.5988540Z Copying '/Users/runner/.gitconfig' to '/Users/runner/work/_temp/ec2564bb-9204-44b3-b204-399906bf0cf3/.gitconfig'
2026-10-06T16:47:49.6003030Z Temporarily overriding HOME='/Users/runner/work/_temp/ec2564bb-9204-44b3-b204-399906bf0cf3' before making global git config changes
2026-10-06T16:47:49.6035340Z Adding repository directory to the temporary git global config as a safe directory
2026-10-06T16:47:49.6056000Z [command]/usr/local/bin/git config --global --add safe.directory /Users/runner/work/heliopause/heliopause
2026-10-06T16:47:49.6099010Z Removing SSH command configuration
2026-10-06T16:47:49.6110920Z [command]/usr/local/bin/git config --local --name-only --get-regexp core\.sshCommand
2026-10-06T16:47:49.6152810Z [command]/usr/local/bin/git submodule foreach --recursive sh -c "git config --local --name-only --get-regexp 'core\.sshCommand' && git config --local --unset-all 'core.sshCommand' || :"
2026-10-06T16:47:49.9335050Z Removing HTTP extra header
2026-10-06T16:47:49.9867850Z [command]/usr/local/bin/git config --local --name-only --get-regexp http\.https\:\/\/github\.com\/\.extraheader
2026-10-06T16:47:50.0197240Z [command]/usr/local/bin/git submodule foreach --recursive sh -c "git config --local --name-only --get-regexp 'http\.https\:\/\/github\.com\/\.extraheader' && git config --local --unset-all 'http.https://github.com/.extraheader' || :"
2026-10-06T16:47:50.2823500Z Removing includeIf entries pointing to credentials config files
2026-10-06T16:47:50.2895730Z [command]/usr/local/bin/git config --local --name-only --get-regexp ^includeIf\.gitdir:
2026-10-06T16:47:50.2988430Z [command]/usr/local/bin/git submodule foreach --recursive git config --local --show-origin --name-only --get-regexp remote.origin.url
2026-10-06T16:47:50.6695130Z Cleaning up orphan processes
