2026-10-06T16:57:02.8606543Z Current runner version: '2.337.0'
2026-10-06T16:57:02.8633047Z ##[group]Runner Image Provisioner
2026-10-06T16:57:02.8633899Z Hosted Compute Agent
2026-10-06T16:57:02.8634604Z Version: 20260901.588
2026-10-06T16:57:02.8635306Z Commit: f88ec8081b781fac6c440065ac7ff9e710ce3d0b
2026-10-06T16:57:02.8636145Z Build Date: 2026-09-01T19:56:44Z
2026-10-06T16:57:02.8636881Z Worker ID: {446895a1-46c9-4278-8627-6674a04d17fb}
2026-10-06T16:57:02.8637828Z Azure Region: westus3
2026-10-06T16:57:02.8638539Z ##[endgroup]
2026-10-06T16:57:02.8640104Z ##[group]Operating System
2026-10-06T16:57:02.8640839Z Ubuntu
2026-10-06T16:57:02.8641427Z 24.04.5
2026-10-06T16:57:02.8641954Z LTS
2026-10-06T16:57:02.8642526Z ##[endgroup]
2026-10-06T16:57:02.8643100Z ##[group]Runner Image
2026-10-06T16:57:02.8643769Z Image: ubuntu-24.04
2026-10-06T16:57:02.8644483Z Version: 20260927.320.1
2026-10-06T16:57:02.8645783Z Included Software: https://github.com/actions/runner-images/blob/ubuntu24/20260927.320/images/ubuntu/Ubuntu2404-Readme.md
2026-10-06T16:57:02.8647666Z Image Release: https://github.com/actions/runner-images/releases/tag/ubuntu24%2F20260927.320
2026-10-06T16:57:02.8648708Z ##[endgroup]
2026-10-06T16:57:02.8649902Z ##[group]GITHUB_TOKEN Permissions
2026-10-06T16:57:02.8651937Z Contents: read
2026-10-06T16:57:02.8652615Z Metadata: read
2026-10-06T16:57:02.8653205Z ##[endgroup]
2026-10-06T16:57:02.8655471Z Secret source: Actions
2026-10-06T16:57:02.8656460Z Cache mode: write
2026-10-06T16:57:02.8657260Z Prepare workflow directory
2026-10-06T16:57:02.9149922Z Prepare all required actions
2026-10-06T16:57:02.9199397Z Getting action download info
2026-10-06T16:57:03.2446374Z Download action repository 'actions/checkout@3d3c42e5aac5ba805825da76410c181273ba90b1' (SHA:3d3c42e5aac5ba805825da76410c181273ba90b1)
2026-10-06T16:57:03.3361449Z Download action repository 'actions/setup-go@b7ad1dad31e06c5925ef5d2fc7ad053ef454303e' (SHA:b7ad1dad31e06c5925ef5d2fc7ad053ef454303e)
2026-10-06T16:57:04.2011227Z Complete job name: Security
2026-10-06T16:57:04.2868469Z ##[group]Run actions/checkout@3d3c42e5aac5ba805825da76410c181273ba90b1
2026-10-06T16:57:04.2869774Z with:
2026-10-06T16:57:04.2870301Z   persist-credentials: false
2026-10-06T16:57:04.2870892Z   repository: rahoney/heliopause
2026-10-06T16:57:04.2875153Z   token: ***
2026-10-06T16:57:04.2875639Z   ssh-strict: true
2026-10-06T16:57:04.2876118Z   ssh-user: git
2026-10-06T16:57:04.2876579Z   clean: true
2026-10-06T16:57:04.2877083Z   sparse-checkout-cone-mode: true
2026-10-06T16:57:04.2878016Z   fetch-depth: 1
2026-10-06T16:57:04.2878871Z   fetch-tags: false
2026-10-06T16:57:04.2879653Z   show-progress: true
2026-10-06T16:57:04.2880444Z   lfs: false
2026-10-06T16:57:04.2881199Z   submodules: false
2026-10-06T16:57:04.2882120Z   set-safe-directory: true
2026-10-06T16:57:04.2883076Z   allow-unsafe-pr-checkout: false
2026-10-06T16:57:04.2884143Z env:
2026-10-06T16:57:04.2884627Z   GOTOOLCHAIN: local
2026-10-06T16:57:04.2885117Z ##[endgroup]
2026-10-06T16:57:04.3954839Z Syncing repository: rahoney/heliopause
2026-10-06T16:57:04.3957290Z ##[group]Getting Git version info
2026-10-06T16:57:04.3959054Z Working directory is '/home/runner/work/heliopause/heliopause'
2026-10-06T16:57:04.3961444Z [command]/usr/bin/git version
2026-10-06T16:57:04.4061070Z git version 2.55.0
2026-10-06T16:57:04.4099743Z ##[endgroup]
2026-10-06T16:57:04.4110483Z Temporarily overriding HOME='/home/runner/work/_temp/e76ed689-5f2c-4eda-9dcf-06b8ba8cbaa4' before making global git config changes
2026-10-06T16:57:04.4113757Z Adding repository directory to the temporary git global config as a safe directory
2026-10-06T16:57:04.4116364Z [command]/usr/bin/git config --global --add safe.directory /home/runner/work/heliopause/heliopause
2026-10-06T16:57:04.4165169Z Deleting the contents of '/home/runner/work/heliopause/heliopause'
2026-10-06T16:57:04.4176167Z ##[group]Determining repository object format
2026-10-06T16:57:04.4185066Z ##[endgroup]
2026-10-06T16:57:04.4186386Z ##[group]Initializing the repository
2026-10-06T16:57:04.4188263Z [command]/usr/bin/git init /home/runner/work/heliopause/heliopause
2026-10-06T16:57:04.4290168Z hint: Using 'master' as the name for the initial branch. This default branch name
2026-10-06T16:57:04.4292885Z hint: will change to "main" in Git 3.0. To configure the initial branch name
2026-10-06T16:57:04.4304655Z hint: to use in all of your new repositories, which will suppress this warning,
2026-10-06T16:57:04.4307056Z hint: call:
2026-10-06T16:57:04.4308383Z hint:
2026-10-06T16:57:04.4311061Z hint: 	git config --global init.defaultBranch <name>
2026-10-06T16:57:04.4312529Z hint:
2026-10-06T16:57:04.4313868Z hint: Names commonly chosen instead of 'master' are 'main', 'trunk' and
2026-10-06T16:57:04.4315212Z hint: 'development'. The just-created branch can be renamed via this command:
2026-10-06T16:57:04.4316244Z hint:
2026-10-06T16:57:04.4316897Z hint: 	git branch -m <name>
2026-10-06T16:57:04.4318186Z hint:
2026-10-06T16:57:04.4320244Z hint: Disable this message with "git config set advice.defaultBranchName false"
2026-10-06T16:57:04.4322714Z Initialized empty Git repository in /home/runner/work/heliopause/heliopause/.git/
2026-10-06T16:57:04.4326624Z [command]/usr/bin/git remote add origin https://github.com/rahoney/heliopause
2026-10-06T16:57:04.4376694Z ##[endgroup]
2026-10-06T16:57:04.4378642Z ##[group]Disabling automatic garbage collection
2026-10-06T16:57:04.4381182Z [command]/usr/bin/git config --local gc.auto 0
2026-10-06T16:57:04.4420757Z ##[endgroup]
2026-10-06T16:57:04.4422412Z ##[group]Setting up auth
2026-10-06T16:57:04.4423471Z Removing SSH command configuration
2026-10-06T16:57:04.4429457Z [command]/usr/bin/git config --local --name-only --get-regexp core\.sshCommand
2026-10-06T16:57:04.4471962Z [command]/usr/bin/git submodule foreach --recursive sh -c "git config --local --name-only --get-regexp 'core\.sshCommand' && git config --local --unset-all 'core.sshCommand' || :"
2026-10-06T16:57:04.4858096Z Removing HTTP extra header
2026-10-06T16:57:04.4864881Z [command]/usr/bin/git config --local --name-only --get-regexp http\.https\:\/\/github\.com\/\.extraheader
2026-10-06T16:57:04.4902372Z [command]/usr/bin/git submodule foreach --recursive sh -c "git config --local --name-only --get-regexp 'http\.https\:\/\/github\.com\/\.extraheader' && git config --local --unset-all 'http.https://github.com/.extraheader' || :"
2026-10-06T16:57:04.5134956Z Removing includeIf entries pointing to credentials config files
2026-10-06T16:57:04.5139728Z [command]/usr/bin/git config --local --name-only --get-regexp ^includeIf\.gitdir:
2026-10-06T16:57:04.5177311Z [command]/usr/bin/git submodule foreach --recursive git config --local --show-origin --name-only --get-regexp remote.origin.url
2026-10-06T16:57:04.5418841Z [command]/usr/bin/git config --file /home/runner/work/_temp/git-credentials-12fdee77-067f-4fb3-9fc5-4df8439ffc51.config http.https://github.com/.extraheader AUTHORIZATION: basic ***
2026-10-06T16:57:04.5463185Z [command]/usr/bin/git config --local includeIf.gitdir:/home/runner/work/heliopause/heliopause/.git.path /home/runner/work/_temp/git-credentials-12fdee77-067f-4fb3-9fc5-4df8439ffc51.config
2026-10-06T16:57:04.5499177Z [command]/usr/bin/git config --local includeIf.gitdir:/home/runner/work/heliopause/heliopause/.git/worktrees/*.path /home/runner/work/_temp/git-credentials-12fdee77-067f-4fb3-9fc5-4df8439ffc51.config
2026-10-06T16:57:04.5540445Z [command]/usr/bin/git config --local includeIf.gitdir:/github/workspace/.git.path /github/runner_temp/git-credentials-12fdee77-067f-4fb3-9fc5-4df8439ffc51.config
2026-10-06T16:57:04.5582474Z [command]/usr/bin/git config --local includeIf.gitdir:/github/workspace/.git/worktrees/*.path /github/runner_temp/git-credentials-12fdee77-067f-4fb3-9fc5-4df8439ffc51.config
2026-10-06T16:57:04.5618540Z ##[endgroup]
2026-10-06T16:57:04.5620204Z ##[group]Fetching the repository
2026-10-06T16:57:04.5628143Z [command]/usr/bin/git -c protocol.version=2 fetch --no-tags --prune --no-recurse-submodules --depth=1 origin +5eee9420791fc2b7894a458cf9a834c9946caead:refs/remotes/pull/29/merge
2026-10-06T16:57:05.9086796Z From https://github.com/rahoney/heliopause
2026-10-06T16:57:05.9096549Z  * [new ref]         5eee9420791fc2b7894a458cf9a834c9946caead -> pull/29/merge
2026-10-06T16:57:05.9100659Z ##[endgroup]
2026-10-06T16:57:05.9101826Z ##[group]Determining the checkout info
2026-10-06T16:57:05.9103125Z ##[endgroup]
2026-10-06T16:57:05.9103926Z [command]/usr/bin/git sparse-checkout disable
2026-10-06T16:57:05.9146826Z [command]/usr/bin/git config --local --unset-all extensions.worktreeConfig
2026-10-06T16:57:05.9183733Z ##[group]Checking out the ref
2026-10-06T16:57:05.9189733Z [command]/usr/bin/git checkout --progress --force refs/remotes/pull/29/merge
2026-10-06T16:57:06.0201603Z Note: switching to 'refs/remotes/pull/29/merge'.
2026-10-06T16:57:06.0202620Z 
2026-10-06T16:57:06.0203358Z You are in 'detached HEAD' state. You can look around, make experimental
2026-10-06T16:57:06.0205156Z changes and commit them, and you can discard any commits you make in this
2026-10-06T16:57:06.0207051Z state without impacting any branches by switching back to a branch.
2026-10-06T16:57:06.0208442Z 
2026-10-06T16:57:06.0209116Z If you want to create a new branch to retain commits you create, you may
2026-10-06T16:57:06.0210727Z do so (now or later) by using -c with the switch command. Example:
2026-10-06T16:57:06.0211684Z 
2026-10-06T16:57:06.0212104Z   git switch -c <new-branch-name>
2026-10-06T16:57:06.0212828Z 
2026-10-06T16:57:06.0213370Z Or undo this operation with:
2026-10-06T16:57:06.0214125Z 
2026-10-06T16:57:06.0214624Z   git switch -
2026-10-06T16:57:06.0215254Z 
2026-10-06T16:57:06.0216996Z Turn off this advice by setting config variable advice.detachedHead to false
2026-10-06T16:57:06.0218990Z 
2026-10-06T16:57:06.0221526Z HEAD is now at 5eee942 Merge c106172bf8a7faff0ec01e4c3966ee5a6c854d4d into 62c3b595e8e27a4a1d836849643c372692a39b8b
2026-10-06T16:57:06.0229008Z ##[endgroup]
2026-10-06T16:57:06.0273919Z [command]/usr/bin/git log -1 --format=%H
2026-10-06T16:57:06.0305313Z 5eee9420791fc2b7894a458cf9a834c9946caead
2026-10-06T16:57:06.0316373Z ##[group]Removing auth
2026-10-06T16:57:06.0318070Z Removing SSH command configuration
2026-10-06T16:57:06.0321150Z [command]/usr/bin/git config --local --name-only --get-regexp core\.sshCommand
2026-10-06T16:57:06.0360484Z [command]/usr/bin/git submodule foreach --recursive sh -c "git config --local --name-only --get-regexp 'core\.sshCommand' && git config --local --unset-all 'core.sshCommand' || :"
2026-10-06T16:57:06.0598535Z Removing HTTP extra header
2026-10-06T16:57:06.0602439Z [command]/usr/bin/git config --local --name-only --get-regexp http\.https\:\/\/github\.com\/\.extraheader
2026-10-06T16:57:06.0645601Z [command]/usr/bin/git submodule foreach --recursive sh -c "git config --local --name-only --get-regexp 'http\.https\:\/\/github\.com\/\.extraheader' && git config --local --unset-all 'http.https://github.com/.extraheader' || :"
2026-10-06T16:57:06.0888650Z Removing includeIf entries pointing to credentials config files
2026-10-06T16:57:06.0892237Z [command]/usr/bin/git config --local --name-only --get-regexp ^includeIf\.gitdir:
2026-10-06T16:57:06.0926385Z includeif.gitdir:/home/runner/work/heliopause/heliopause/.git.path
2026-10-06T16:57:06.0930718Z includeif.gitdir:/home/runner/work/heliopause/heliopause/.git/worktrees/*.path
2026-10-06T16:57:06.0934429Z includeif.gitdir:/github/workspace/.git.path
2026-10-06T16:57:06.0937658Z includeif.gitdir:/github/workspace/.git/worktrees/*.path
2026-10-06T16:57:06.0943994Z [command]/usr/bin/git config --local --get-all includeif.gitdir:/home/runner/work/heliopause/heliopause/.git.path
2026-10-06T16:57:06.0968391Z /home/runner/work/_temp/git-credentials-12fdee77-067f-4fb3-9fc5-4df8439ffc51.config
2026-10-06T16:57:06.0981963Z [command]/usr/bin/git config --local --unset includeif.gitdir:/home/runner/work/heliopause/heliopause/.git.path \/home\/runner\/work\/_temp\/git\-credentials\-12fdee77\-067f\-4fb3\-9fc5\-4df8439ffc51\.config
2026-10-06T16:57:06.1023712Z [command]/usr/bin/git config --local --get-all includeif.gitdir:/home/runner/work/heliopause/heliopause/.git/worktrees/*.path
2026-10-06T16:57:06.1081224Z /home/runner/work/_temp/git-credentials-12fdee77-067f-4fb3-9fc5-4df8439ffc51.config
2026-10-06T16:57:06.1093452Z [command]/usr/bin/git config --local --unset includeif.gitdir:/home/runner/work/heliopause/heliopause/.git/worktrees/*.path \/home\/runner\/work\/_temp\/git\-credentials\-12fdee77\-067f\-4fb3\-9fc5\-4df8439ffc51\.config
2026-10-06T16:57:06.1133257Z [command]/usr/bin/git config --local --get-all includeif.gitdir:/github/workspace/.git.path
2026-10-06T16:57:06.1164438Z /github/runner_temp/git-credentials-12fdee77-067f-4fb3-9fc5-4df8439ffc51.config
2026-10-06T16:57:06.1174473Z [command]/usr/bin/git config --local --unset includeif.gitdir:/github/workspace/.git.path \/github\/runner_temp\/git\-credentials\-12fdee77\-067f\-4fb3\-9fc5\-4df8439ffc51\.config
2026-10-06T16:57:06.1213355Z [command]/usr/bin/git config --local --get-all includeif.gitdir:/github/workspace/.git/worktrees/*.path
2026-10-06T16:57:06.1241690Z /github/runner_temp/git-credentials-12fdee77-067f-4fb3-9fc5-4df8439ffc51.config
2026-10-06T16:57:06.1313599Z [command]/usr/bin/git config --local --unset includeif.gitdir:/github/workspace/.git/worktrees/*.path \/github\/runner_temp\/git\-credentials\-12fdee77\-067f\-4fb3\-9fc5\-4df8439ffc51\.config
2026-10-06T16:57:06.1354181Z [command]/usr/bin/git submodule foreach --recursive git config --local --show-origin --name-only --get-regexp remote.origin.url
2026-10-06T16:57:06.1594031Z Removing credentials config '/home/runner/work/_temp/git-credentials-12fdee77-067f-4fb3-9fc5-4df8439ffc51.config'
2026-10-06T16:57:06.1603315Z ##[endgroup]
2026-10-06T16:57:06.2036098Z ##[group]Run actions/setup-go@b7ad1dad31e06c5925ef5d2fc7ad053ef454303e
2026-10-06T16:57:06.2038004Z with:
2026-10-06T16:57:06.2038872Z   go-version: 1.26.8
2026-10-06T16:57:06.2039843Z   check-latest: false
2026-10-06T16:57:06.2040829Z   cache: false
2026-10-06T16:57:06.2050591Z   token: ***
2026-10-06T16:57:06.2051470Z env:
2026-10-06T16:57:06.2052304Z   GOTOOLCHAIN: local
2026-10-06T16:57:06.2053278Z ##[endgroup]
2026-10-06T16:57:06.3349972Z Setup go version spec 1.26.8
2026-10-06T16:57:06.3367832Z Found in cache @ /opt/hostedtoolcache/go/1.26.8/x64
2026-10-06T16:57:06.3369746Z Added go to the path
2026-10-06T16:57:06.3371662Z Successfully set up Go version 1.26.8
2026-10-06T16:57:07.1043265Z go version go1.26.8 linux/amd64
2026-10-06T16:57:07.1044611Z 
2026-10-06T16:57:07.1046158Z ##[group]go env
2026-10-06T16:57:07.2595851Z AR='ar'
2026-10-06T16:57:07.2596897Z CC='gcc'
2026-10-06T16:57:07.2598160Z CGO_CFLAGS='-O2 -g'
2026-10-06T16:57:07.2599196Z CGO_CPPFLAGS=''
2026-10-06T16:57:07.2600352Z CGO_CXXFLAGS='-O2 -g'
2026-10-06T16:57:07.2601400Z CGO_ENABLED='1'
2026-10-06T16:57:07.2602344Z CGO_FFLAGS='-O2 -g'
2026-10-06T16:57:07.2603358Z CGO_LDFLAGS='-O2 -g'
2026-10-06T16:57:07.2604347Z CXX='g++'
2026-10-06T16:57:07.2605311Z GCCGO='gccgo'
2026-10-06T16:57:07.2606223Z GO111MODULE=''
2026-10-06T16:57:07.2607234Z GOAMD64='v1'
2026-10-06T16:57:07.2608473Z GOARCH='amd64'
2026-10-06T16:57:07.2609444Z GOAUTH='netrc'
2026-10-06T16:57:07.2610406Z GOBIN=''
2026-10-06T16:57:07.2611419Z GOCACHE='/home/runner/.cache/go-build'
2026-10-06T16:57:07.2612718Z GOCACHEPROG=''
2026-10-06T16:57:07.2613703Z GODEBUG=''
2026-10-06T16:57:07.2614682Z GOENV='/home/runner/.config/go/env'
2026-10-06T16:57:07.2615901Z GOEXE=''
2026-10-06T16:57:07.2616814Z GOEXPERIMENT=''
2026-10-06T16:57:07.2618192Z GOFIPS140='off'
2026-10-06T16:57:07.2619197Z GOFLAGS=''
2026-10-06T16:57:07.2622005Z GOGCCFLAGS='-fPIC -m64 -pthread -Wl,--no-gc-sections -fmessage-length=0 -ffile-prefix-map=/tmp/go-build1309096516=/tmp/go-build -gno-record-gcc-switches'
2026-10-06T16:57:07.2624941Z GOHOSTARCH='amd64'
2026-10-06T16:57:07.2625886Z GOHOSTOS='linux'
2026-10-06T16:57:07.2627297Z GOINSECURE=''
2026-10-06T16:57:07.2629405Z GOMOD='/home/runner/work/heliopause/heliopause/go.mod'
2026-10-06T16:57:07.2630883Z GOMODCACHE='/home/runner/go/pkg/mod'
2026-10-06T16:57:07.2632029Z GONOPROXY=''
2026-10-06T16:57:07.2632893Z GONOSUMDB=''
2026-10-06T16:57:07.2634041Z GOOS='linux'
2026-10-06T16:57:07.2634927Z GOPATH='/home/runner/go'
2026-10-06T16:57:07.2635905Z GOPRIVATE=''
2026-10-06T16:57:07.2636971Z GOPROXY='https://proxy.golang.org,direct'
2026-10-06T16:57:07.2638774Z GOROOT='/opt/hostedtoolcache/go/1.26.8/x64'
2026-10-06T16:57:07.2640049Z GOSUMDB='sum.golang.org'
2026-10-06T16:57:07.2641059Z GOTELEMETRY='local'
2026-10-06T16:57:07.2642173Z GOTELEMETRYDIR='/home/runner/.config/go/telemetry'
2026-10-06T16:57:07.2643475Z GOTMPDIR=''
2026-10-06T16:57:07.2644342Z GOTOOLCHAIN='local'
2026-10-06T16:57:07.2645992Z GOTOOLDIR='/opt/hostedtoolcache/go/1.26.8/x64/pkg/tool/linux_amd64'
2026-10-06T16:57:07.2648394Z GOVCS=''
2026-10-06T16:57:07.2649789Z GOVERSION='go1.26.8'
2026-10-06T16:57:07.2651366Z GOWORK=''
2026-10-06T16:57:07.2652739Z PKG_CONFIG='pkg-config'
2026-10-06T16:57:07.2653621Z 
2026-10-06T16:57:07.2655357Z ##[endgroup]
2026-10-06T16:57:07.2811922Z ##[group]Run go run ./scripts/check bootstrap
2026-10-06T16:57:07.2813387Z [36;1mgo run ./scripts/check bootstrap[0m
2026-10-06T16:57:07.3076688Z shell: /usr/bin/bash -e {0}
2026-10-06T16:57:07.3078245Z env:
2026-10-06T16:57:07.3079170Z   GOTOOLCHAIN: local
2026-10-06T16:57:07.3080625Z   HELOX_TOOL_CACHE: /home/runner/work/_temp/heliopause-quality-tools
2026-10-06T16:57:07.3082328Z ##[endgroup]
2026-10-06T16:57:07.5084772Z go: downloading go.yaml.in/yaml/v3 v3.0.4
2026-10-06T16:57:25.0090426Z [check] prepare module cache
2026-10-06T16:57:25.0091211Z [check] download product modules
2026-10-06T16:57:26.5233022Z [check] prepare quality tool cache
2026-10-06T16:57:26.5233675Z [check] install staticcheck
2026-10-06T16:57:50.9322787Z [check] verify staticcheck identity
2026-10-06T16:57:50.9394273Z [check] install gosec
2026-10-06T16:58:36.5837899Z [check] verify gosec identity
2026-10-06T16:58:36.6339987Z [check] install govulncheck
2026-10-06T16:58:42.6079662Z [check] verify govulncheck identity
2026-10-06T16:58:42.6998461Z [check] install gitleaks
2026-10-06T16:58:43.0883962Z [check] verify gitleaks identity
2026-10-06T16:58:43.0912983Z [check] install actionlint
2026-10-06T16:58:46.6571857Z [check] verify actionlint identity
2026-10-06T16:58:46.7495397Z ##[group]Run go run ./scripts/check security
2026-10-06T16:58:46.7495846Z [36;1mgo run ./scripts/check security[0m
2026-10-06T16:58:46.7561331Z shell: /usr/bin/bash -e {0}
2026-10-06T16:58:46.7561622Z env:
2026-10-06T16:58:46.7561837Z   GOTOOLCHAIN: local
2026-10-06T16:58:46.7562200Z   HELOX_TOOL_CACHE: /home/runner/work/_temp/heliopause-quality-tools
2026-10-06T16:58:46.7562601Z ##[endgroup]
2026-10-06T16:58:46.8488957Z [check] gosec
2026-10-06T16:59:13.1191413Z [check] Gitleaks current tree
2026-10-06T16:59:14.5495729Z Post job cleanup.
2026-10-06T16:59:14.6860312Z Post job cleanup.
2026-10-06T16:59:14.7790678Z [command]/usr/bin/git version
2026-10-06T16:59:14.7837773Z git version 2.55.0
2026-10-06T16:59:14.7881659Z Temporarily overriding HOME='/home/runner/work/_temp/acea6450-1464-4c39-8ebb-7280f6c2100f' before making global git config changes
2026-10-06T16:59:14.7883181Z Adding repository directory to the temporary git global config as a safe directory
2026-10-06T16:59:14.7888437Z [command]/usr/bin/git config --global --add safe.directory /home/runner/work/heliopause/heliopause
2026-10-06T16:59:14.7927791Z Removing SSH command configuration
2026-10-06T16:59:14.7935451Z [command]/usr/bin/git config --local --name-only --get-regexp core\.sshCommand
2026-10-06T16:59:14.7980968Z [command]/usr/bin/git submodule foreach --recursive sh -c "git config --local --name-only --get-regexp 'core\.sshCommand' && git config --local --unset-all 'core.sshCommand' || :"
2026-10-06T16:59:14.8241636Z Removing HTTP extra header
2026-10-06T16:59:14.8248172Z [command]/usr/bin/git config --local --name-only --get-regexp http\.https\:\/\/github\.com\/\.extraheader
2026-10-06T16:59:14.8289934Z [command]/usr/bin/git submodule foreach --recursive sh -c "git config --local --name-only --get-regexp 'http\.https\:\/\/github\.com\/\.extraheader' && git config --local --unset-all 'http.https://github.com/.extraheader' || :"
2026-10-06T16:59:14.8560442Z Removing includeIf entries pointing to credentials config files
2026-10-06T16:59:14.8568147Z [command]/usr/bin/git config --local --name-only --get-regexp ^includeIf\.gitdir:
2026-10-06T16:59:14.8611153Z [command]/usr/bin/git submodule foreach --recursive git config --local --show-origin --name-only --get-regexp remote.origin.url
2026-10-06T16:59:14.9103415Z Cleaning up orphan processes
