2026-10-06T17:26:44.0359099Z Current runner version: '2.337.0'
2026-10-06T17:26:44.0380984Z ##[group]Runner Image Provisioner
2026-10-06T17:26:44.0381686Z Hosted Compute Agent
2026-10-06T17:26:44.0382240Z Version: 20260901.588
2026-10-06T17:26:44.0382988Z Commit: f88ec8081b781fac6c440065ac7ff9e710ce3d0b
2026-10-06T17:26:44.0383589Z Build Date: 2026-09-01T19:56:44Z
2026-10-06T17:26:44.0384244Z Worker ID: {c0029870-5a55-4b44-890a-58f71d1417e8}
2026-10-06T17:26:44.0384831Z Azure Region: westus3
2026-10-06T17:26:44.0385326Z ##[endgroup]
2026-10-06T17:26:44.0386457Z ##[group]Operating System
2026-10-06T17:26:44.0386982Z Ubuntu
2026-10-06T17:26:44.0387508Z 24.04.5
2026-10-06T17:26:44.0387923Z LTS
2026-10-06T17:26:44.0388370Z ##[endgroup]
2026-10-06T17:26:44.0388841Z ##[group]Runner Image
2026-10-06T17:26:44.0389322Z Image: ubuntu-24.04
2026-10-06T17:26:44.0389858Z Version: 20260927.320.1
2026-10-06T17:26:44.0390880Z Included Software: https://github.com/actions/runner-images/blob/ubuntu24/20260927.320/images/ubuntu/Ubuntu2404-Readme.md
2026-10-06T17:26:44.0392199Z Image Release: https://github.com/actions/runner-images/releases/tag/ubuntu24%2F20260927.320
2026-10-06T17:26:44.0393112Z ##[endgroup]
2026-10-06T17:26:44.0394092Z ##[group]GITHUB_TOKEN Permissions
2026-10-06T17:26:44.0395636Z Contents: read
2026-10-06T17:26:44.0396189Z Metadata: read
2026-10-06T17:26:44.0396647Z ##[endgroup]
2026-10-06T17:26:44.0398554Z Secret source: Actions
2026-10-06T17:26:44.0399317Z Cache mode: write
2026-10-06T17:26:44.0399879Z Prepare workflow directory
2026-10-06T17:26:44.0733111Z Prepare all required actions
2026-10-06T17:26:44.0771869Z Getting action download info
2026-10-06T17:26:44.3906435Z Download action repository 'actions/checkout@3d3c42e5aac5ba805825da76410c181273ba90b1' (SHA:3d3c42e5aac5ba805825da76410c181273ba90b1)
2026-10-06T17:26:44.5817451Z Download action repository 'actions/setup-go@b7ad1dad31e06c5925ef5d2fc7ad053ef454303e' (SHA:b7ad1dad31e06c5925ef5d2fc7ad053ef454303e)
2026-10-06T17:26:45.4049614Z Complete job name: Minimum Go
2026-10-06T17:26:45.4689885Z ##[group]Run actions/checkout@3d3c42e5aac5ba805825da76410c181273ba90b1
2026-10-06T17:26:45.4690810Z with:
2026-10-06T17:26:45.4691214Z   persist-credentials: false
2026-10-06T17:26:45.4691681Z   repository: rahoney/heliopause
2026-10-06T17:26:45.4695624Z   token: ***
2026-10-06T17:26:45.4696011Z   ssh-strict: true
2026-10-06T17:26:45.4696404Z   ssh-user: git
2026-10-06T17:26:45.4696773Z   clean: true
2026-10-06T17:26:45.4697163Z   sparse-checkout-cone-mode: true
2026-10-06T17:26:45.4697620Z   fetch-depth: 1
2026-10-06T17:26:45.4697993Z   fetch-tags: false
2026-10-06T17:26:45.4698381Z   show-progress: true
2026-10-06T17:26:45.4698779Z   lfs: false
2026-10-06T17:26:45.4699158Z   submodules: false
2026-10-06T17:26:45.4699561Z   set-safe-directory: true
2026-10-06T17:26:45.4699995Z   allow-unsafe-pr-checkout: false
2026-10-06T17:26:45.4700602Z env:
2026-10-06T17:26:45.4700951Z   GOTOOLCHAIN: local
2026-10-06T17:26:45.4701328Z ##[endgroup]
2026-10-06T17:26:45.5570030Z Syncing repository: rahoney/heliopause
2026-10-06T17:26:45.5572472Z ##[group]Getting Git version info
2026-10-06T17:26:45.5573730Z Working directory is '/home/runner/work/heliopause/heliopause'
2026-10-06T17:26:45.5575296Z [command]/usr/bin/git version
2026-10-06T17:26:45.5623870Z git version 2.55.0
2026-10-06T17:26:45.5641483Z ##[endgroup]
2026-10-06T17:26:45.5650712Z Temporarily overriding HOME='/home/runner/work/_temp/b68a7106-2b07-45e7-bc17-df48028bbba0' before making global git config changes
2026-10-06T17:26:45.5652896Z Adding repository directory to the temporary git global config as a safe directory
2026-10-06T17:26:45.5657042Z [command]/usr/bin/git config --global --add safe.directory /home/runner/work/heliopause/heliopause
2026-10-06T17:26:45.5703015Z Deleting the contents of '/home/runner/work/heliopause/heliopause'
2026-10-06T17:26:45.5706077Z ##[group]Determining repository object format
2026-10-06T17:26:45.5707445Z ##[endgroup]
2026-10-06T17:26:45.5708504Z ##[group]Initializing the repository
2026-10-06T17:26:45.5711458Z [command]/usr/bin/git init /home/runner/work/heliopause/heliopause
2026-10-06T17:26:45.5907215Z hint: Using 'master' as the name for the initial branch. This default branch name
2026-10-06T17:26:45.5909088Z hint: will change to "main" in Git 3.0. To configure the initial branch name
2026-10-06T17:26:45.5911480Z hint: to use in all of your new repositories, which will suppress this warning,
2026-10-06T17:26:45.5914271Z hint: call:
2026-10-06T17:26:45.5915149Z hint:
2026-10-06T17:26:45.5916153Z hint: 	git config --global init.defaultBranch <name>
2026-10-06T17:26:45.5917259Z hint:
2026-10-06T17:26:45.5918290Z hint: Names commonly chosen instead of 'master' are 'main', 'trunk' and
2026-10-06T17:26:45.5919924Z hint: 'development'. The just-created branch can be renamed via this command:
2026-10-06T17:26:45.5921323Z hint:
2026-10-06T17:26:45.5922286Z hint: 	git branch -m <name>
2026-10-06T17:26:45.5923530Z hint:
2026-10-06T17:26:45.5925289Z hint: Disable this message with "git config set advice.defaultBranchName false"
2026-10-06T17:26:45.5927705Z Initialized empty Git repository in /home/runner/work/heliopause/heliopause/.git/
2026-10-06T17:26:45.5930851Z [command]/usr/bin/git remote add origin https://github.com/rahoney/heliopause
2026-10-06T17:26:45.5971258Z ##[endgroup]
2026-10-06T17:26:45.5972312Z ##[group]Disabling automatic garbage collection
2026-10-06T17:26:45.5973346Z [command]/usr/bin/git config --local gc.auto 0
2026-10-06T17:26:45.6003867Z ##[endgroup]
2026-10-06T17:26:45.6005476Z ##[group]Setting up auth
2026-10-06T17:26:45.6006272Z Removing SSH command configuration
2026-10-06T17:26:45.6010490Z [command]/usr/bin/git config --local --name-only --get-regexp core\.sshCommand
2026-10-06T17:26:45.6044089Z [command]/usr/bin/git submodule foreach --recursive sh -c "git config --local --name-only --get-regexp 'core\.sshCommand' && git config --local --unset-all 'core.sshCommand' || :"
2026-10-06T17:26:45.6436263Z Removing HTTP extra header
2026-10-06T17:26:45.6441039Z [command]/usr/bin/git config --local --name-only --get-regexp http\.https\:\/\/github\.com\/\.extraheader
2026-10-06T17:26:45.6473022Z [command]/usr/bin/git submodule foreach --recursive sh -c "git config --local --name-only --get-regexp 'http\.https\:\/\/github\.com\/\.extraheader' && git config --local --unset-all 'http.https://github.com/.extraheader' || :"
2026-10-06T17:26:45.6682078Z Removing includeIf entries pointing to credentials config files
2026-10-06T17:26:45.6683429Z [command]/usr/bin/git config --local --name-only --get-regexp ^includeIf\.gitdir:
2026-10-06T17:26:45.6707221Z [command]/usr/bin/git submodule foreach --recursive git config --local --show-origin --name-only --get-regexp remote.origin.url
2026-10-06T17:26:45.6909478Z [command]/usr/bin/git config --file /home/runner/work/_temp/git-credentials-9a686a8f-e007-4242-9a3a-e61ae18e0df7.config http.https://github.com/.extraheader AUTHORIZATION: basic ***
2026-10-06T17:26:45.6947012Z [command]/usr/bin/git config --local includeIf.gitdir:/home/runner/work/heliopause/heliopause/.git.path /home/runner/work/_temp/git-credentials-9a686a8f-e007-4242-9a3a-e61ae18e0df7.config
2026-10-06T17:26:45.6979125Z [command]/usr/bin/git config --local includeIf.gitdir:/home/runner/work/heliopause/heliopause/.git/worktrees/*.path /home/runner/work/_temp/git-credentials-9a686a8f-e007-4242-9a3a-e61ae18e0df7.config
2026-10-06T17:26:45.7012547Z [command]/usr/bin/git config --local includeIf.gitdir:/github/workspace/.git.path /github/runner_temp/git-credentials-9a686a8f-e007-4242-9a3a-e61ae18e0df7.config
2026-10-06T17:26:45.7044644Z [command]/usr/bin/git config --local includeIf.gitdir:/github/workspace/.git/worktrees/*.path /github/runner_temp/git-credentials-9a686a8f-e007-4242-9a3a-e61ae18e0df7.config
2026-10-06T17:26:45.7073048Z ##[endgroup]
2026-10-06T17:26:45.7074148Z ##[group]Fetching the repository
2026-10-06T17:26:45.7080072Z [command]/usr/bin/git -c protocol.version=2 fetch --no-tags --prune --no-recurse-submodules --depth=1 origin +c375a45baa7a3a224053312459dcfb527e41e3d0:refs/remotes/pull/29/merge
2026-10-06T17:26:48.0107632Z From https://github.com/rahoney/heliopause
2026-10-06T17:26:48.0109652Z  * [new ref]         c375a45baa7a3a224053312459dcfb527e41e3d0 -> pull/29/merge
2026-10-06T17:26:48.0114833Z ##[endgroup]
2026-10-06T17:26:48.0115783Z ##[group]Determining the checkout info
2026-10-06T17:26:48.0117062Z ##[endgroup]
2026-10-06T17:26:48.0117693Z [command]/usr/bin/git sparse-checkout disable
2026-10-06T17:26:48.0166543Z [command]/usr/bin/git config --local --unset-all extensions.worktreeConfig
2026-10-06T17:26:48.0197399Z ##[group]Checking out the ref
2026-10-06T17:26:48.0199975Z [command]/usr/bin/git checkout --progress --force refs/remotes/pull/29/merge
2026-10-06T17:26:48.1006032Z Note: switching to 'refs/remotes/pull/29/merge'.
2026-10-06T17:26:48.1007008Z 
2026-10-06T17:26:48.1007770Z You are in 'detached HEAD' state. You can look around, make experimental
2026-10-06T17:26:48.1009506Z changes and commit them, and you can discard any commits you make in this
2026-10-06T17:26:48.1011359Z state without impacting any branches by switching back to a branch.
2026-10-06T17:26:48.1012470Z 
2026-10-06T17:26:48.1013420Z If you want to create a new branch to retain commits you create, you may
2026-10-06T17:26:48.1015042Z do so (now or later) by using -c with the switch command. Example:
2026-10-06T17:26:48.1015983Z 
2026-10-06T17:26:48.1016387Z   git switch -c <new-branch-name>
2026-10-06T17:26:48.1016961Z 
2026-10-06T17:26:48.1017356Z Or undo this operation with:
2026-10-06T17:26:48.1017866Z 
2026-10-06T17:26:48.1018219Z   git switch -
2026-10-06T17:26:48.1018652Z 
2026-10-06T17:26:48.1019474Z Turn off this advice by setting config variable advice.detachedHead to false
2026-10-06T17:26:48.1020793Z 
2026-10-06T17:26:48.1021937Z HEAD is now at c375a45 Merge 132baead052842deddc63c6016c7d2811958cb0a into 62c3b595e8e27a4a1d836849643c372692a39b8b
2026-10-06T17:26:48.1025948Z ##[endgroup]
2026-10-06T17:26:48.1063697Z [command]/usr/bin/git log -1 --format=%H
2026-10-06T17:26:48.1089599Z c375a45baa7a3a224053312459dcfb527e41e3d0
2026-10-06T17:26:48.1100062Z ##[group]Removing auth
2026-10-06T17:26:48.1101020Z Removing SSH command configuration
2026-10-06T17:26:48.1104000Z [command]/usr/bin/git config --local --name-only --get-regexp core\.sshCommand
2026-10-06T17:26:48.1135727Z [command]/usr/bin/git submodule foreach --recursive sh -c "git config --local --name-only --get-regexp 'core\.sshCommand' && git config --local --unset-all 'core.sshCommand' || :"
2026-10-06T17:26:48.1330717Z Removing HTTP extra header
2026-10-06T17:26:48.1333476Z [command]/usr/bin/git config --local --name-only --get-regexp http\.https\:\/\/github\.com\/\.extraheader
2026-10-06T17:26:48.1367239Z [command]/usr/bin/git submodule foreach --recursive sh -c "git config --local --name-only --get-regexp 'http\.https\:\/\/github\.com\/\.extraheader' && git config --local --unset-all 'http.https://github.com/.extraheader' || :"
2026-10-06T17:26:48.1568268Z Removing includeIf entries pointing to credentials config files
2026-10-06T17:26:48.1570729Z [command]/usr/bin/git config --local --name-only --get-regexp ^includeIf\.gitdir:
2026-10-06T17:26:48.1597187Z includeif.gitdir:/home/runner/work/heliopause/heliopause/.git.path
2026-10-06T17:26:48.1599680Z includeif.gitdir:/home/runner/work/heliopause/heliopause/.git/worktrees/*.path
2026-10-06T17:26:48.1601756Z includeif.gitdir:/github/workspace/.git.path
2026-10-06T17:26:48.1603141Z includeif.gitdir:/github/workspace/.git/worktrees/*.path
2026-10-06T17:26:48.1607277Z [command]/usr/bin/git config --local --get-all includeif.gitdir:/home/runner/work/heliopause/heliopause/.git.path
2026-10-06T17:26:48.1629328Z /home/runner/work/_temp/git-credentials-9a686a8f-e007-4242-9a3a-e61ae18e0df7.config
2026-10-06T17:26:48.1638904Z [command]/usr/bin/git config --local --unset includeif.gitdir:/home/runner/work/heliopause/heliopause/.git.path \/home\/runner\/work\/_temp\/git\-credentials\-9a686a8f\-e007\-4242\-9a3a\-e61ae18e0df7\.config
2026-10-06T17:26:48.1669885Z [command]/usr/bin/git config --local --get-all includeif.gitdir:/home/runner/work/heliopause/heliopause/.git/worktrees/*.path
2026-10-06T17:26:48.1700155Z /home/runner/work/_temp/git-credentials-9a686a8f-e007-4242-9a3a-e61ae18e0df7.config
2026-10-06T17:26:48.1707612Z [command]/usr/bin/git config --local --unset includeif.gitdir:/home/runner/work/heliopause/heliopause/.git/worktrees/*.path \/home\/runner\/work\/_temp\/git\-credentials\-9a686a8f\-e007\-4242\-9a3a\-e61ae18e0df7\.config
2026-10-06T17:26:48.1738469Z [command]/usr/bin/git config --local --get-all includeif.gitdir:/github/workspace/.git.path
2026-10-06T17:26:48.1762362Z /github/runner_temp/git-credentials-9a686a8f-e007-4242-9a3a-e61ae18e0df7.config
2026-10-06T17:26:48.1769868Z [command]/usr/bin/git config --local --unset includeif.gitdir:/github/workspace/.git.path \/github\/runner_temp\/git\-credentials\-9a686a8f\-e007\-4242\-9a3a\-e61ae18e0df7\.config
2026-10-06T17:26:48.1801228Z [command]/usr/bin/git config --local --get-all includeif.gitdir:/github/workspace/.git/worktrees/*.path
2026-10-06T17:26:48.1824766Z /github/runner_temp/git-credentials-9a686a8f-e007-4242-9a3a-e61ae18e0df7.config
2026-10-06T17:26:48.1867600Z [command]/usr/bin/git config --local --unset includeif.gitdir:/github/workspace/.git/worktrees/*.path \/github\/runner_temp\/git\-credentials\-9a686a8f\-e007\-4242\-9a3a\-e61ae18e0df7\.config
2026-10-06T17:26:48.1907007Z [command]/usr/bin/git submodule foreach --recursive git config --local --show-origin --name-only --get-regexp remote.origin.url
2026-10-06T17:26:48.2109618Z Removing credentials config '/home/runner/work/_temp/git-credentials-9a686a8f-e007-4242-9a3a-e61ae18e0df7.config'
2026-10-06T17:26:48.2122994Z ##[endgroup]
2026-10-06T17:26:48.2376918Z ##[group]Run actions/setup-go@b7ad1dad31e06c5925ef5d2fc7ad053ef454303e
2026-10-06T17:26:48.2377969Z with:
2026-10-06T17:26:48.2378547Z   go-version: 1.26.8
2026-10-06T17:26:48.2379192Z   check-latest: false
2026-10-06T17:26:48.2379841Z   cache: false
2026-10-06T17:26:48.2386437Z   token: ***
2026-10-06T17:26:48.2387033Z env:
2026-10-06T17:26:48.2387603Z   GOTOOLCHAIN: local
2026-10-06T17:26:48.2388261Z ##[endgroup]
2026-10-06T17:26:48.3343915Z Setup go version spec 1.26.8
2026-10-06T17:26:48.3355645Z Found in cache @ /opt/hostedtoolcache/go/1.26.8/x64
2026-10-06T17:26:48.3357021Z Added go to the path
2026-10-06T17:26:48.3358673Z Successfully set up Go version 1.26.8
2026-10-06T17:26:48.3964993Z go version go1.26.8 linux/amd64
2026-10-06T17:26:48.3965645Z 
2026-10-06T17:26:48.3966547Z ##[group]go env
2026-10-06T17:26:48.5209895Z AR='ar'
2026-10-06T17:26:48.5210597Z CC='gcc'
2026-10-06T17:26:48.5211239Z CGO_CFLAGS='-O2 -g'
2026-10-06T17:26:48.5211931Z CGO_CPPFLAGS=''
2026-10-06T17:26:48.5212896Z CGO_CXXFLAGS='-O2 -g'
2026-10-06T17:26:48.5213684Z CGO_ENABLED='1'
2026-10-06T17:26:48.5214355Z CGO_FFLAGS='-O2 -g'
2026-10-06T17:26:48.5215048Z CGO_LDFLAGS='-O2 -g'
2026-10-06T17:26:48.5215733Z CXX='g++'
2026-10-06T17:26:48.5216370Z GCCGO='gccgo'
2026-10-06T17:26:48.5217028Z GO111MODULE=''
2026-10-06T17:26:48.5217706Z GOAMD64='v1'
2026-10-06T17:26:48.5218362Z GOARCH='amd64'
2026-10-06T17:26:48.5219064Z GOAUTH='netrc'
2026-10-06T17:26:48.5219714Z GOBIN=''
2026-10-06T17:26:48.5220424Z GOCACHE='/home/runner/.cache/go-build'
2026-10-06T17:26:48.5221301Z GOCACHEPROG=''
2026-10-06T17:26:48.5221991Z GODEBUG=''
2026-10-06T17:26:48.5222846Z GOENV='/home/runner/.config/go/env'
2026-10-06T17:26:48.5223711Z GOEXE=''
2026-10-06T17:26:48.5224369Z GOEXPERIMENT=''
2026-10-06T17:26:48.5225055Z GOFIPS140='off'
2026-10-06T17:26:48.5225724Z GOFLAGS=''
2026-10-06T17:26:48.5227493Z GOGCCFLAGS='-fPIC -m64 -pthread -Wl,--no-gc-sections -fmessage-length=0 -ffile-prefix-map=/tmp/go-build3111210546=/tmp/go-build -gno-record-gcc-switches'
2026-10-06T17:26:48.5229326Z GOHOSTARCH='amd64'
2026-10-06T17:26:48.5230046Z GOHOSTOS='linux'
2026-10-06T17:26:48.5230787Z GOINSECURE=''
2026-10-06T17:26:48.5231590Z GOMOD='/home/runner/work/heliopause/heliopause/go.mod'
2026-10-06T17:26:48.5232559Z GOMODCACHE='/home/runner/go/pkg/mod'
2026-10-06T17:26:48.5233534Z GONOPROXY=''
2026-10-06T17:26:48.5234221Z GONOSUMDB=''
2026-10-06T17:26:48.5235280Z GOOS='linux'
2026-10-06T17:26:48.5235944Z GOPATH='/home/runner/go'
2026-10-06T17:26:48.5236640Z GOPRIVATE=''
2026-10-06T17:26:48.5237404Z GOPROXY='https://proxy.golang.org,direct'
2026-10-06T17:26:48.5238336Z GOROOT='/opt/hostedtoolcache/go/1.26.8/x64'
2026-10-06T17:26:48.5239182Z GOSUMDB='sum.golang.org'
2026-10-06T17:26:48.5239888Z GOTELEMETRY='local'
2026-10-06T17:26:48.5240685Z GOTELEMETRYDIR='/home/runner/.config/go/telemetry'
2026-10-06T17:26:48.5241614Z GOTMPDIR=''
2026-10-06T17:26:48.5242232Z GOTOOLCHAIN='local'
2026-10-06T17:26:48.5244273Z GOTOOLDIR='/opt/hostedtoolcache/go/1.26.8/x64/pkg/tool/linux_amd64'
2026-10-06T17:26:48.5245302Z GOVCS=''
2026-10-06T17:26:48.5245915Z GOVERSION='go1.26.8'
2026-10-06T17:26:48.5246566Z GOWORK=''
2026-10-06T17:26:48.5247188Z PKG_CONFIG='pkg-config'
2026-10-06T17:26:48.5247602Z 
2026-10-06T17:26:48.5248484Z ##[endgroup]
2026-10-06T17:26:48.5380711Z ##[group]Run go run ./scripts/check bootstrap-modules
2026-10-06T17:26:48.5381794Z [36;1mgo run ./scripts/check bootstrap-modules[0m
2026-10-06T17:26:48.5649490Z shell: /usr/bin/bash -e {0}
2026-10-06T17:26:48.5650271Z env:
2026-10-06T17:26:48.5650875Z   GOTOOLCHAIN: local
2026-10-06T17:26:48.5651782Z   HELOX_TOOL_CACHE: /home/runner/work/_temp/heliopause-platform-tools
2026-10-06T17:26:48.5652931Z ##[endgroup]
2026-10-06T17:26:48.6009902Z go: downloading go.yaml.in/yaml/v3 v3.0.4
2026-10-06T17:27:00.2093872Z [check] prepare module cache
2026-10-06T17:27:00.2094368Z [check] download product modules
2026-10-06T17:27:01.9720126Z ##[group]Run go run ./scripts/check platform
2026-10-06T17:27:01.9720432Z [36;1mgo run ./scripts/check platform[0m
2026-10-06T17:27:01.9722909Z shell: /bin/bash --noprofile --norc -e -u -o pipefail {0}
2026-10-06T17:27:01.9723187Z env:
2026-10-06T17:27:01.9723371Z   GOTOOLCHAIN: local
2026-10-06T17:27:01.9723631Z   HELOX_TOOL_CACHE: /home/runner/work/_temp/heliopause-platform-tools
2026-10-06T17:27:01.9723924Z ##[endgroup]
2026-10-06T17:27:02.0391722Z [check] production build
2026-10-06T17:27:20.3858447Z [check] default test
2026-10-06T17:28:13.2965043Z Post job cleanup.
2026-10-06T17:28:13.4118242Z Post job cleanup.
2026-10-06T17:28:13.4827173Z [command]/usr/bin/git version
2026-10-06T17:28:13.4866852Z git version 2.55.0
2026-10-06T17:28:13.4897150Z Temporarily overriding HOME='/home/runner/work/_temp/703e8a5f-abfa-4a4e-b549-f8a89a5b057f' before making global git config changes
2026-10-06T17:28:13.4898203Z Adding repository directory to the temporary git global config as a safe directory
2026-10-06T17:28:13.4901910Z [command]/usr/bin/git config --global --add safe.directory /home/runner/work/heliopause/heliopause
2026-10-06T17:28:13.4935180Z Removing SSH command configuration
2026-10-06T17:28:13.4941815Z [command]/usr/bin/git config --local --name-only --get-regexp core\.sshCommand
2026-10-06T17:28:13.4978355Z [command]/usr/bin/git submodule foreach --recursive sh -c "git config --local --name-only --get-regexp 'core\.sshCommand' && git config --local --unset-all 'core.sshCommand' || :"
2026-10-06T17:28:13.5191023Z Removing HTTP extra header
2026-10-06T17:28:13.5196224Z [command]/usr/bin/git config --local --name-only --get-regexp http\.https\:\/\/github\.com\/\.extraheader
2026-10-06T17:28:13.5239655Z [command]/usr/bin/git submodule foreach --recursive sh -c "git config --local --name-only --get-regexp 'http\.https\:\/\/github\.com\/\.extraheader' && git config --local --unset-all 'http.https://github.com/.extraheader' || :"
2026-10-06T17:28:13.5441784Z Removing includeIf entries pointing to credentials config files
2026-10-06T17:28:13.5447597Z [command]/usr/bin/git config --local --name-only --get-regexp ^includeIf\.gitdir:
2026-10-06T17:28:13.5487610Z [command]/usr/bin/git submodule foreach --recursive git config --local --show-origin --name-only --get-regexp remote.origin.url
2026-10-06T17:28:13.5861957Z Cleaning up orphan processes
