2026-10-06T17:26:42.3459474Z Current runner version: '2.337.0'
2026-10-06T17:26:42.3484464Z ##[group]Runner Image Provisioner
2026-10-06T17:26:42.3485373Z Hosted Compute Agent
2026-10-06T17:26:42.3486228Z Version: 20261002.596
2026-10-06T17:26:42.3487048Z Commit: c3d12f3313a95f25162a1503be624f3b0617f8c0
2026-10-06T17:26:42.3487890Z Build Date: 2026-10-02T22:28:27Z
2026-10-06T17:26:42.3488738Z Worker ID: {a6193671-f9da-4cb7-89fe-df7f1c377547}
2026-10-06T17:26:42.3489542Z Region: eastus2
2026-10-06T17:26:42.3490134Z Cloud: Azure
2026-10-06T17:26:42.3490826Z ##[endgroup]
2026-10-06T17:26:42.3492376Z ##[group]Operating System
2026-10-06T17:26:42.3493140Z Ubuntu
2026-10-06T17:26:42.3493746Z 24.04.5
2026-10-06T17:26:42.3494323Z LTS
2026-10-06T17:26:42.3494958Z ##[endgroup]
2026-10-06T17:26:42.3495614Z ##[group]Runner Image
2026-10-06T17:26:42.3496815Z Image: ubuntu-24.04
2026-10-06T17:26:42.3497550Z Version: 20261004.327.1
2026-10-06T17:26:42.3498914Z Included Software: https://github.com/actions/runner-images/blob/ubuntu24/20261004.327/images/ubuntu/Ubuntu2404-Readme.md
2026-10-06T17:26:42.3500598Z Image Release: https://github.com/actions/runner-images/releases/tag/ubuntu24%2F20261004.327
2026-10-06T17:26:42.3501697Z ##[endgroup]
2026-10-06T17:26:42.3502965Z ##[group]GITHUB_TOKEN Permissions
2026-10-06T17:26:42.3504981Z Contents: read
2026-10-06T17:26:42.3505715Z Metadata: read
2026-10-06T17:26:42.3506676Z ##[endgroup]
2026-10-06T17:26:42.3508966Z Secret source: Actions
2026-10-06T17:26:42.3510128Z Cache mode: write
2026-10-06T17:26:42.3511014Z Prepare workflow directory
2026-10-06T17:26:42.3940583Z Prepare all required actions
2026-10-06T17:26:42.3988858Z Getting action download info
2026-10-06T17:26:42.6501888Z Download action repository 'actions/checkout@3d3c42e5aac5ba805825da76410c181273ba90b1' (SHA:3d3c42e5aac5ba805825da76410c181273ba90b1)
2026-10-06T17:26:42.7389882Z Download action repository 'actions/setup-go@b7ad1dad31e06c5925ef5d2fc7ad053ef454303e' (SHA:b7ad1dad31e06c5925ef5d2fc7ad053ef454303e)
2026-10-06T17:26:43.0486299Z Complete job name: Docs
2026-10-06T17:26:43.1248295Z ##[group]Run actions/checkout@3d3c42e5aac5ba805825da76410c181273ba90b1
2026-10-06T17:26:43.1249352Z with:
2026-10-06T17:26:43.1249798Z   persist-credentials: false
2026-10-06T17:26:43.1250319Z   repository: rahoney/heliopause
2026-10-06T17:26:43.1253863Z   token: ***
2026-10-06T17:26:43.1254299Z   ssh-strict: true
2026-10-06T17:26:43.1254735Z   ssh-user: git
2026-10-06T17:26:43.1255163Z   clean: true
2026-10-06T17:26:43.1255607Z   sparse-checkout-cone-mode: true
2026-10-06T17:26:43.1256345Z   fetch-depth: 1
2026-10-06T17:26:43.1256774Z   fetch-tags: false
2026-10-06T17:26:43.1257217Z   show-progress: true
2026-10-06T17:26:43.1257665Z   lfs: false
2026-10-06T17:26:43.1258076Z   submodules: false
2026-10-06T17:26:43.1258520Z   set-safe-directory: true
2026-10-06T17:26:43.1259024Z   allow-unsafe-pr-checkout: false
2026-10-06T17:26:43.1259784Z env:
2026-10-06T17:26:43.1260188Z   GOTOOLCHAIN: local
2026-10-06T17:26:43.1260638Z ##[endgroup]
2026-10-06T17:26:43.2284030Z Syncing repository: rahoney/heliopause
2026-10-06T17:26:43.2286488Z ##[group]Getting Git version info
2026-10-06T17:26:43.2287325Z Working directory is '/home/runner/work/heliopause/heliopause'
2026-10-06T17:26:43.2288663Z [command]/usr/bin/git version
2026-10-06T17:26:43.2377714Z git version 2.55.0
2026-10-06T17:26:43.2404665Z ##[endgroup]
2026-10-06T17:26:43.2417615Z Temporarily overriding HOME='/home/runner/work/_temp/d3a690ea-5840-4b04-bf39-111429adb637' before making global git config changes
2026-10-06T17:26:43.2420069Z Adding repository directory to the temporary git global config as a safe directory
2026-10-06T17:26:43.2425310Z [command]/usr/bin/git config --global --add safe.directory /home/runner/work/heliopause/heliopause
2026-10-06T17:26:43.2475784Z Deleting the contents of '/home/runner/work/heliopause/heliopause'
2026-10-06T17:26:43.2480271Z ##[group]Determining repository object format
2026-10-06T17:26:43.2482071Z ##[endgroup]
2026-10-06T17:26:43.2483389Z ##[group]Initializing the repository
2026-10-06T17:26:43.2488078Z [command]/usr/bin/git init /home/runner/work/heliopause/heliopause
2026-10-06T17:26:43.2617409Z hint: Using 'master' as the name for the initial branch. This default branch name
2026-10-06T17:26:43.2619199Z hint: will change to "main" in Git 3.0. To configure the initial branch name
2026-10-06T17:26:43.2620921Z hint: to use in all of your new repositories, which will suppress this warning,
2026-10-06T17:26:43.2622032Z hint: call:
2026-10-06T17:26:43.2622773Z hint:
2026-10-06T17:26:43.2623411Z hint: 	git config --global init.defaultBranch <name>
2026-10-06T17:26:43.2624059Z hint:
2026-10-06T17:26:43.2624656Z hint: Names commonly chosen instead of 'master' are 'main', 'trunk' and
2026-10-06T17:26:43.2625598Z hint: 'development'. The just-created branch can be renamed via this command:
2026-10-06T17:26:43.2626718Z hint:
2026-10-06T17:26:43.2627155Z hint: 	git branch -m <name>
2026-10-06T17:26:43.2627637Z hint:
2026-10-06T17:26:43.2628309Z hint: Disable this message with "git config set advice.defaultBranchName false"
2026-10-06T17:26:43.2629907Z Initialized empty Git repository in /home/runner/work/heliopause/heliopause/.git/
2026-10-06T17:26:43.2658392Z [command]/usr/bin/git remote add origin https://github.com/rahoney/heliopause
2026-10-06T17:26:43.2685443Z ##[endgroup]
2026-10-06T17:26:43.2686674Z ##[group]Disabling automatic garbage collection
2026-10-06T17:26:43.2690761Z [command]/usr/bin/git config --local gc.auto 0
2026-10-06T17:26:43.2728799Z ##[endgroup]
2026-10-06T17:26:43.2729715Z ##[group]Setting up auth
2026-10-06T17:26:43.2730285Z Removing SSH command configuration
2026-10-06T17:26:43.2735703Z [command]/usr/bin/git config --local --name-only --get-regexp core\.sshCommand
2026-10-06T17:26:43.2773686Z [command]/usr/bin/git submodule foreach --recursive sh -c "git config --local --name-only --get-regexp 'core\.sshCommand' && git config --local --unset-all 'core.sshCommand' || :"
2026-10-06T17:26:43.3179125Z Removing HTTP extra header
2026-10-06T17:26:43.3180909Z [command]/usr/bin/git config --local --name-only --get-regexp http\.https\:\/\/github\.com\/\.extraheader
2026-10-06T17:26:43.3216354Z [command]/usr/bin/git submodule foreach --recursive sh -c "git config --local --name-only --get-regexp 'http\.https\:\/\/github\.com\/\.extraheader' && git config --local --unset-all 'http.https://github.com/.extraheader' || :"
2026-10-06T17:26:43.3446727Z Removing includeIf entries pointing to credentials config files
2026-10-06T17:26:43.3453275Z [command]/usr/bin/git config --local --name-only --get-regexp ^includeIf\.gitdir:
2026-10-06T17:26:43.3497532Z [command]/usr/bin/git submodule foreach --recursive git config --local --show-origin --name-only --get-regexp remote.origin.url
2026-10-06T17:26:43.3756861Z [command]/usr/bin/git config --file /home/runner/work/_temp/git-credentials-058f5923-9071-4113-acc5-0e94979fa3b0.config http.https://github.com/.extraheader AUTHORIZATION: basic ***
2026-10-06T17:26:43.3803358Z [command]/usr/bin/git config --local includeIf.gitdir:/home/runner/work/heliopause/heliopause/.git.path /home/runner/work/_temp/git-credentials-058f5923-9071-4113-acc5-0e94979fa3b0.config
2026-10-06T17:26:43.3841681Z [command]/usr/bin/git config --local includeIf.gitdir:/home/runner/work/heliopause/heliopause/.git/worktrees/*.path /home/runner/work/_temp/git-credentials-058f5923-9071-4113-acc5-0e94979fa3b0.config
2026-10-06T17:26:43.3887619Z [command]/usr/bin/git config --local includeIf.gitdir:/github/workspace/.git.path /github/runner_temp/git-credentials-058f5923-9071-4113-acc5-0e94979fa3b0.config
2026-10-06T17:26:43.3924337Z [command]/usr/bin/git config --local includeIf.gitdir:/github/workspace/.git/worktrees/*.path /github/runner_temp/git-credentials-058f5923-9071-4113-acc5-0e94979fa3b0.config
2026-10-06T17:26:43.3959944Z ##[endgroup]
2026-10-06T17:26:43.3961613Z ##[group]Fetching the repository
2026-10-06T17:26:43.3965949Z [command]/usr/bin/git -c protocol.version=2 fetch --no-tags --prune --no-recurse-submodules --depth=1 origin +c375a45baa7a3a224053312459dcfb527e41e3d0:refs/remotes/pull/29/merge
2026-10-06T17:26:43.9996287Z From https://github.com/rahoney/heliopause
2026-10-06T17:26:43.9999857Z  * [new ref]         c375a45baa7a3a224053312459dcfb527e41e3d0 -> pull/29/merge
2026-10-06T17:26:44.0007445Z ##[endgroup]
2026-10-06T17:26:44.0010091Z ##[group]Determining the checkout info
2026-10-06T17:26:44.0012507Z ##[endgroup]
2026-10-06T17:26:44.0014344Z [command]/usr/bin/git sparse-checkout disable
2026-10-06T17:26:44.0061953Z [command]/usr/bin/git config --local --unset-all extensions.worktreeConfig
2026-10-06T17:26:44.0098904Z ##[group]Checking out the ref
2026-10-06T17:26:44.0101631Z [command]/usr/bin/git checkout --progress --force refs/remotes/pull/29/merge
2026-10-06T17:26:44.1109988Z Note: switching to 'refs/remotes/pull/29/merge'.
2026-10-06T17:26:44.1111792Z 
2026-10-06T17:26:44.1113701Z You are in 'detached HEAD' state. You can look around, make experimental
2026-10-06T17:26:44.1116509Z changes and commit them, and you can discard any commits you make in this
2026-10-06T17:26:44.1119664Z state without impacting any branches by switching back to a branch.
2026-10-06T17:26:44.1121520Z 
2026-10-06T17:26:44.1122697Z If you want to create a new branch to retain commits you create, you may
2026-10-06T17:26:44.1125423Z do so (now or later) by using -c with the switch command. Example:
2026-10-06T17:26:44.1127419Z 
2026-10-06T17:26:44.1128196Z   git switch -c <new-branch-name>
2026-10-06T17:26:44.1129447Z 
2026-10-06T17:26:44.1130303Z Or undo this operation with:
2026-10-06T17:26:44.1131657Z 
2026-10-06T17:26:44.1132613Z   git switch -
2026-10-06T17:26:44.1133747Z 
2026-10-06T17:26:44.1135205Z Turn off this advice by setting config variable advice.detachedHead to false
2026-10-06T17:26:44.1137510Z 
2026-10-06T17:26:44.1139818Z HEAD is now at c375a45 Merge 132baead052842deddc63c6016c7d2811958cb0a into 62c3b595e8e27a4a1d836849643c372692a39b8b
2026-10-06T17:26:44.1146577Z ##[endgroup]
2026-10-06T17:26:44.1182057Z [command]/usr/bin/git log -1 --format=%H
2026-10-06T17:26:44.1212847Z c375a45baa7a3a224053312459dcfb527e41e3d0
2026-10-06T17:26:44.1225626Z ##[group]Removing auth
2026-10-06T17:26:44.1228686Z Removing SSH command configuration
2026-10-06T17:26:44.1231037Z [command]/usr/bin/git config --local --name-only --get-regexp core\.sshCommand
2026-10-06T17:26:44.1273320Z [command]/usr/bin/git submodule foreach --recursive sh -c "git config --local --name-only --get-regexp 'core\.sshCommand' && git config --local --unset-all 'core.sshCommand' || :"
2026-10-06T17:26:44.1507223Z Removing HTTP extra header
2026-10-06T17:26:44.1511684Z [command]/usr/bin/git config --local --name-only --get-regexp http\.https\:\/\/github\.com\/\.extraheader
2026-10-06T17:26:44.1555346Z [command]/usr/bin/git submodule foreach --recursive sh -c "git config --local --name-only --get-regexp 'http\.https\:\/\/github\.com\/\.extraheader' && git config --local --unset-all 'http.https://github.com/.extraheader' || :"
2026-10-06T17:26:44.1783087Z Removing includeIf entries pointing to credentials config files
2026-10-06T17:26:44.1787190Z [command]/usr/bin/git config --local --name-only --get-regexp ^includeIf\.gitdir:
2026-10-06T17:26:44.1820269Z includeif.gitdir:/home/runner/work/heliopause/heliopause/.git.path
2026-10-06T17:26:44.1824173Z includeif.gitdir:/home/runner/work/heliopause/heliopause/.git/worktrees/*.path
2026-10-06T17:26:44.1828005Z includeif.gitdir:/github/workspace/.git.path
2026-10-06T17:26:44.1830501Z includeif.gitdir:/github/workspace/.git/worktrees/*.path
2026-10-06T17:26:44.1834856Z [command]/usr/bin/git config --local --get-all includeif.gitdir:/home/runner/work/heliopause/heliopause/.git.path
2026-10-06T17:26:44.1868276Z /home/runner/work/_temp/git-credentials-058f5923-9071-4113-acc5-0e94979fa3b0.config
2026-10-06T17:26:44.1882612Z [command]/usr/bin/git config --local --unset includeif.gitdir:/home/runner/work/heliopause/heliopause/.git.path \/home\/runner\/work\/_temp\/git\-credentials\-058f5923\-9071\-4113\-acc5\-0e94979fa3b0\.config
2026-10-06T17:26:44.1924385Z [command]/usr/bin/git config --local --get-all includeif.gitdir:/home/runner/work/heliopause/heliopause/.git/worktrees/*.path
2026-10-06T17:26:44.1954988Z /home/runner/work/_temp/git-credentials-058f5923-9071-4113-acc5-0e94979fa3b0.config
2026-10-06T17:26:44.1973670Z [command]/usr/bin/git config --local --unset includeif.gitdir:/home/runner/work/heliopause/heliopause/.git/worktrees/*.path \/home\/runner\/work\/_temp\/git\-credentials\-058f5923\-9071\-4113\-acc5\-0e94979fa3b0\.config
2026-10-06T17:26:44.2003103Z [command]/usr/bin/git config --local --get-all includeif.gitdir:/github/workspace/.git.path
2026-10-06T17:26:44.2033684Z /github/runner_temp/git-credentials-058f5923-9071-4113-acc5-0e94979fa3b0.config
2026-10-06T17:26:44.2048543Z [command]/usr/bin/git config --local --unset includeif.gitdir:/github/workspace/.git.path \/github\/runner_temp\/git\-credentials\-058f5923\-9071\-4113\-acc5\-0e94979fa3b0\.config
2026-10-06T17:26:44.2090870Z [command]/usr/bin/git config --local --get-all includeif.gitdir:/github/workspace/.git/worktrees/*.path
2026-10-06T17:26:44.2123746Z /github/runner_temp/git-credentials-058f5923-9071-4113-acc5-0e94979fa3b0.config
2026-10-06T17:26:44.2193949Z [command]/usr/bin/git config --local --unset includeif.gitdir:/github/workspace/.git/worktrees/*.path \/github\/runner_temp\/git\-credentials\-058f5923\-9071\-4113\-acc5\-0e94979fa3b0\.config
2026-10-06T17:26:44.2252461Z [command]/usr/bin/git submodule foreach --recursive git config --local --show-origin --name-only --get-regexp remote.origin.url
2026-10-06T17:26:44.2520743Z Removing credentials config '/home/runner/work/_temp/git-credentials-058f5923-9071-4113-acc5-0e94979fa3b0.config'
2026-10-06T17:26:44.2522952Z ##[endgroup]
2026-10-06T17:26:44.2846874Z ##[group]Run actions/setup-go@b7ad1dad31e06c5925ef5d2fc7ad053ef454303e
2026-10-06T17:26:44.2847420Z with:
2026-10-06T17:26:44.2847676Z   go-version: 1.26.8
2026-10-06T17:26:44.2847957Z   check-latest: false
2026-10-06T17:26:44.2848234Z   cache: false
2026-10-06T17:26:44.2850930Z   token: ***
2026-10-06T17:26:44.2851190Z env:
2026-10-06T17:26:44.2851452Z   GOTOOLCHAIN: local
2026-10-06T17:26:44.2851740Z ##[endgroup]
2026-10-06T17:26:44.4045065Z Setup go version spec 1.26.8
2026-10-06T17:26:44.4061557Z Found in cache @ /opt/hostedtoolcache/go/1.26.8/x64
2026-10-06T17:26:44.4062677Z Added go to the path
2026-10-06T17:26:44.4066221Z Successfully set up Go version 1.26.8
2026-10-06T17:26:44.4651470Z go version go1.26.8 linux/amd64
2026-10-06T17:26:44.4651968Z 
2026-10-06T17:26:44.4652609Z ##[group]go env
2026-10-06T17:26:44.6129557Z AR='ar'
2026-10-06T17:26:44.6130155Z CC='gcc'
2026-10-06T17:26:44.6130552Z CGO_CFLAGS='-O2 -g'
2026-10-06T17:26:44.6130998Z CGO_CPPFLAGS=''
2026-10-06T17:26:44.6131477Z CGO_CXXFLAGS='-O2 -g'
2026-10-06T17:26:44.6131868Z CGO_ENABLED='1'
2026-10-06T17:26:44.6132248Z CGO_FFLAGS='-O2 -g'
2026-10-06T17:26:44.6132604Z CGO_LDFLAGS='-O2 -g'
2026-10-06T17:26:44.6132949Z CXX='g++'
2026-10-06T17:26:44.6133286Z GCCGO='gccgo'
2026-10-06T17:26:44.6133638Z GO111MODULE=''
2026-10-06T17:26:44.6133968Z GOAMD64='v1'
2026-10-06T17:26:44.6134315Z GOARCH='amd64'
2026-10-06T17:26:44.6134662Z GOAUTH='netrc'
2026-10-06T17:26:44.6134979Z GOBIN=''
2026-10-06T17:26:44.6135326Z GOCACHE='/home/runner/.cache/go-build'
2026-10-06T17:26:44.6135779Z GOCACHEPROG=''
2026-10-06T17:26:44.6136393Z GODEBUG=''
2026-10-06T17:26:44.6136789Z GOENV='/home/runner/.config/go/env'
2026-10-06T17:26:44.6137188Z GOEXE=''
2026-10-06T17:26:44.6137495Z GOEXPERIMENT=''
2026-10-06T17:26:44.6137881Z GOFIPS140='off'
2026-10-06T17:26:44.6138218Z GOFLAGS=''
2026-10-06T17:26:44.6139294Z GOGCCFLAGS='-fPIC -m64 -pthread -Wl,--no-gc-sections -fmessage-length=0 -ffile-prefix-map=/tmp/go-build1494451631=/tmp/go-build -gno-record-gcc-switches'
2026-10-06T17:26:44.6140346Z GOHOSTARCH='amd64'
2026-10-06T17:26:44.6140710Z GOHOSTOS='linux'
2026-10-06T17:26:44.6141076Z GOINSECURE=''
2026-10-06T17:26:44.6141534Z GOMOD='/home/runner/work/heliopause/heliopause/go.mod'
2026-10-06T17:26:44.6142097Z GOMODCACHE='/home/runner/go/pkg/mod'
2026-10-06T17:26:44.6142538Z GONOPROXY=''
2026-10-06T17:26:44.6143159Z GONOSUMDB=''
2026-10-06T17:26:44.6143491Z GOOS='linux'
2026-10-06T17:26:44.6143867Z GOPATH='/home/runner/go'
2026-10-06T17:26:44.6144262Z GOPRIVATE=''
2026-10-06T17:26:44.6144747Z GOPROXY='https://proxy.golang.org,direct'
2026-10-06T17:26:44.6145290Z GOROOT='/opt/hostedtoolcache/go/1.26.8/x64'
2026-10-06T17:26:44.6145780Z GOSUMDB='sum.golang.org'
2026-10-06T17:26:44.6146460Z GOTELEMETRY='local'
2026-10-06T17:26:44.6146924Z GOTELEMETRYDIR='/home/runner/.config/go/telemetry'
2026-10-06T17:26:44.6147423Z GOTMPDIR=''
2026-10-06T17:26:44.6147780Z GOTOOLCHAIN='local'
2026-10-06T17:26:44.6148329Z GOTOOLDIR='/opt/hostedtoolcache/go/1.26.8/x64/pkg/tool/linux_amd64'
2026-10-06T17:26:44.6148898Z GOVCS=''
2026-10-06T17:26:44.6149214Z GOVERSION='go1.26.8'
2026-10-06T17:26:44.6149536Z GOWORK=''
2026-10-06T17:26:44.6149844Z PKG_CONFIG='pkg-config'
2026-10-06T17:26:44.6150079Z 
2026-10-06T17:26:44.6150734Z ##[endgroup]
2026-10-06T17:26:44.6284510Z ##[group]Run go run ./scripts/check docs
2026-10-06T17:26:44.6285049Z [36;1mgo run ./scripts/check docs[0m
2026-10-06T17:26:44.6540256Z shell: /usr/bin/bash -e {0}
2026-10-06T17:26:44.6540819Z env:
2026-10-06T17:26:44.6541234Z   GOTOOLCHAIN: local
2026-10-06T17:26:44.6541858Z   HELOX_TOOL_CACHE: /home/runner/work/_temp/heliopause-quality-tools
2026-10-06T17:26:44.6542560Z ##[endgroup]
2026-10-06T17:26:44.6853238Z go: downloading go.yaml.in/yaml/v3 v3.0.4
2026-10-06T17:26:58.0100427Z [check] documentation
2026-10-06T17:26:58.1439315Z Post job cleanup.
2026-10-06T17:26:58.2805758Z Post job cleanup.
2026-10-06T17:26:58.3754505Z [command]/usr/bin/git version
2026-10-06T17:26:58.3798818Z git version 2.55.0
2026-10-06T17:26:58.3838914Z Temporarily overriding HOME='/home/runner/work/_temp/6b98df66-515b-468e-9aea-4c51c32496d1' before making global git config changes
2026-10-06T17:26:58.3840402Z Adding repository directory to the temporary git global config as a safe directory
2026-10-06T17:26:58.3846226Z [command]/usr/bin/git config --global --add safe.directory /home/runner/work/heliopause/heliopause
2026-10-06T17:26:58.3888597Z Removing SSH command configuration
2026-10-06T17:26:58.3890049Z [command]/usr/bin/git config --local --name-only --get-regexp core\.sshCommand
2026-10-06T17:26:58.3929999Z [command]/usr/bin/git submodule foreach --recursive sh -c "git config --local --name-only --get-regexp 'core\.sshCommand' && git config --local --unset-all 'core.sshCommand' || :"
2026-10-06T17:26:58.4176181Z Removing HTTP extra header
2026-10-06T17:26:58.4181906Z [command]/usr/bin/git config --local --name-only --get-regexp http\.https\:\/\/github\.com\/\.extraheader
2026-10-06T17:26:58.4227060Z [command]/usr/bin/git submodule foreach --recursive sh -c "git config --local --name-only --get-regexp 'http\.https\:\/\/github\.com\/\.extraheader' && git config --local --unset-all 'http.https://github.com/.extraheader' || :"
2026-10-06T17:26:58.4521173Z Removing includeIf entries pointing to credentials config files
2026-10-06T17:26:58.4529329Z [command]/usr/bin/git config --local --name-only --get-regexp ^includeIf\.gitdir:
2026-10-06T17:26:58.4577951Z [command]/usr/bin/git submodule foreach --recursive git config --local --show-origin --name-only --get-regexp remote.origin.url
2026-10-06T17:26:58.5013967Z Cleaning up orphan processes
