2026-10-06T17:26:43.7001491Z Current runner version: '2.337.0'
2026-10-06T17:26:43.7027805Z ##[group]Runner Image Provisioner
2026-10-06T17:26:43.7029266Z Hosted Compute Agent
2026-10-06T17:26:43.7030019Z Version: 20260901.588
2026-10-06T17:26:43.7030719Z Commit: f88ec8081b781fac6c440065ac7ff9e710ce3d0b
2026-10-06T17:26:43.7031589Z Build Date: 2026-09-01T19:56:44Z
2026-10-06T17:26:43.7032361Z Worker ID: {ee128dd7-2f86-4fcd-9aad-6e718c94fb88}
2026-10-06T17:26:43.7033209Z Azure Region: westus3
2026-10-06T17:26:43.7033901Z ##[endgroup]
2026-10-06T17:26:43.7035523Z ##[group]Operating System
2026-10-06T17:26:43.7036314Z Ubuntu
2026-10-06T17:26:43.7036924Z 24.04.5
2026-10-06T17:26:43.7037478Z LTS
2026-10-06T17:26:43.7038152Z ##[endgroup]
2026-10-06T17:26:43.7039102Z ##[group]Runner Image
2026-10-06T17:26:43.7039865Z Image: ubuntu-24.04
2026-10-06T17:26:43.7040559Z Version: 20260927.320.1
2026-10-06T17:26:43.7041925Z Included Software: https://github.com/actions/runner-images/blob/ubuntu24/20260927.320/images/ubuntu/Ubuntu2404-Readme.md
2026-10-06T17:26:43.7043558Z Image Release: https://github.com/actions/runner-images/releases/tag/ubuntu24%2F20260927.320
2026-10-06T17:26:43.7044618Z ##[endgroup]
2026-10-06T17:26:43.7045878Z ##[group]GITHUB_TOKEN Permissions
2026-10-06T17:26:43.7048122Z Contents: read
2026-10-06T17:26:43.7049227Z Metadata: read
2026-10-06T17:26:43.7049895Z ##[endgroup]
2026-10-06T17:26:43.7052286Z Secret source: Actions
2026-10-06T17:26:43.7053375Z Cache mode: write
2026-10-06T17:26:43.7054308Z Prepare workflow directory
2026-10-06T17:26:43.7502324Z Prepare all required actions
2026-10-06T17:26:43.7554735Z Getting action download info
2026-10-06T17:26:44.0951931Z Download action repository 'actions/checkout@3d3c42e5aac5ba805825da76410c181273ba90b1' (SHA:3d3c42e5aac5ba805825da76410c181273ba90b1)
2026-10-06T17:26:44.1984533Z Download action repository 'actions/setup-go@b7ad1dad31e06c5925ef5d2fc7ad053ef454303e' (SHA:b7ad1dad31e06c5925ef5d2fc7ad053ef454303e)
2026-10-06T17:26:45.1454161Z Complete job name: Representative Wheel Corpus
2026-10-06T17:26:45.2306620Z ##[group]Run actions/checkout@3d3c42e5aac5ba805825da76410c181273ba90b1
2026-10-06T17:26:45.2307911Z with:
2026-10-06T17:26:45.2308454Z   persist-credentials: false
2026-10-06T17:26:45.2309293Z   repository: rahoney/heliopause
2026-10-06T17:26:45.2313545Z   token: ***
2026-10-06T17:26:45.2314035Z   ssh-strict: true
2026-10-06T17:26:45.2314528Z   ssh-user: git
2026-10-06T17:26:45.2315011Z   clean: true
2026-10-06T17:26:45.2315522Z   sparse-checkout-cone-mode: true
2026-10-06T17:26:45.2316113Z   fetch-depth: 1
2026-10-06T17:26:45.2316596Z   fetch-tags: false
2026-10-06T17:26:45.2317103Z   show-progress: true
2026-10-06T17:26:45.2317615Z   lfs: false
2026-10-06T17:26:45.2318099Z   submodules: false
2026-10-06T17:26:45.2318753Z   set-safe-directory: true
2026-10-06T17:26:45.2319328Z   allow-unsafe-pr-checkout: false
2026-10-06T17:26:45.2320204Z env:
2026-10-06T17:26:45.2320677Z   GOTOOLCHAIN: local
2026-10-06T17:26:45.2321188Z ##[endgroup]
2026-10-06T17:26:45.3360734Z Syncing repository: rahoney/heliopause
2026-10-06T17:26:45.3363849Z ##[group]Getting Git version info
2026-10-06T17:26:45.3364726Z Working directory is '/home/runner/work/heliopause/heliopause'
2026-10-06T17:26:45.3366392Z [command]/usr/bin/git version
2026-10-06T17:26:45.3463971Z git version 2.55.0
2026-10-06T17:26:45.3500038Z ##[endgroup]
2026-10-06T17:26:45.3509218Z Temporarily overriding HOME='/home/runner/work/_temp/326f7296-ccd0-486a-892b-08e3186f1026' before making global git config changes
2026-10-06T17:26:45.3511639Z Adding repository directory to the temporary git global config as a safe directory
2026-10-06T17:26:45.3514016Z [command]/usr/bin/git config --global --add safe.directory /home/runner/work/heliopause/heliopause
2026-10-06T17:26:45.3573764Z Deleting the contents of '/home/runner/work/heliopause/heliopause'
2026-10-06T17:26:45.3577553Z ##[group]Determining repository object format
2026-10-06T17:26:45.3579712Z ##[endgroup]
2026-10-06T17:26:45.3580560Z ##[group]Initializing the repository
2026-10-06T17:26:45.3586001Z [command]/usr/bin/git init /home/runner/work/heliopause/heliopause
2026-10-06T17:26:45.3746709Z hint: Using 'master' as the name for the initial branch. This default branch name
2026-10-06T17:26:45.3749342Z hint: will change to "main" in Git 3.0. To configure the initial branch name
2026-10-06T17:26:45.3751309Z hint: to use in all of your new repositories, which will suppress this warning,
2026-10-06T17:26:45.3752368Z hint: call:
2026-10-06T17:26:45.3752915Z hint:
2026-10-06T17:26:45.3753648Z hint: 	git config --global init.defaultBranch <name>
2026-10-06T17:26:45.3754499Z hint:
2026-10-06T17:26:45.3755289Z hint: Names commonly chosen instead of 'master' are 'main', 'trunk' and
2026-10-06T17:26:45.3756816Z hint: 'development'. The just-created branch can be renamed via this command:
2026-10-06T17:26:45.3757824Z hint:
2026-10-06T17:26:45.3758390Z hint: 	git branch -m <name>
2026-10-06T17:26:45.3759236Z hint:
2026-10-06T17:26:45.3760039Z hint: Disable this message with "git config set advice.defaultBranchName false"
2026-10-06T17:26:45.3761387Z Initialized empty Git repository in /home/runner/work/heliopause/heliopause/.git/
2026-10-06T17:26:45.3764498Z [command]/usr/bin/git remote add origin https://github.com/rahoney/heliopause
2026-10-06T17:26:45.3834689Z ##[endgroup]
2026-10-06T17:26:45.3836251Z ##[group]Disabling automatic garbage collection
2026-10-06T17:26:45.3838508Z [command]/usr/bin/git config --local gc.auto 0
2026-10-06T17:26:45.3881547Z ##[endgroup]
2026-10-06T17:26:45.3882863Z ##[group]Setting up auth
2026-10-06T17:26:45.3890302Z Removing SSH command configuration
2026-10-06T17:26:45.3891864Z [command]/usr/bin/git config --local --name-only --get-regexp core\.sshCommand
2026-10-06T17:26:45.3931114Z [command]/usr/bin/git submodule foreach --recursive sh -c "git config --local --name-only --get-regexp 'core\.sshCommand' && git config --local --unset-all 'core.sshCommand' || :"
2026-10-06T17:26:45.4409487Z Removing HTTP extra header
2026-10-06T17:26:45.4415436Z [command]/usr/bin/git config --local --name-only --get-regexp http\.https\:\/\/github\.com\/\.extraheader
2026-10-06T17:26:45.4453120Z [command]/usr/bin/git submodule foreach --recursive sh -c "git config --local --name-only --get-regexp 'http\.https\:\/\/github\.com\/\.extraheader' && git config --local --unset-all 'http.https://github.com/.extraheader' || :"
2026-10-06T17:26:45.4688033Z Removing includeIf entries pointing to credentials config files
2026-10-06T17:26:45.4693641Z [command]/usr/bin/git config --local --name-only --get-regexp ^includeIf\.gitdir:
2026-10-06T17:26:45.4734540Z [command]/usr/bin/git submodule foreach --recursive git config --local --show-origin --name-only --get-regexp remote.origin.url
2026-10-06T17:26:45.4971483Z [command]/usr/bin/git config --file /home/runner/work/_temp/git-credentials-1733c7c4-717b-4b95-af43-7babf5a9b85a.config http.https://github.com/.extraheader AUTHORIZATION: basic ***
2026-10-06T17:26:45.5019877Z [command]/usr/bin/git config --local includeIf.gitdir:/home/runner/work/heliopause/heliopause/.git.path /home/runner/work/_temp/git-credentials-1733c7c4-717b-4b95-af43-7babf5a9b85a.config
2026-10-06T17:26:45.5064213Z [command]/usr/bin/git config --local includeIf.gitdir:/home/runner/work/heliopause/heliopause/.git/worktrees/*.path /home/runner/work/_temp/git-credentials-1733c7c4-717b-4b95-af43-7babf5a9b85a.config
2026-10-06T17:26:45.5108265Z [command]/usr/bin/git config --local includeIf.gitdir:/github/workspace/.git.path /github/runner_temp/git-credentials-1733c7c4-717b-4b95-af43-7babf5a9b85a.config
2026-10-06T17:26:45.5150459Z [command]/usr/bin/git config --local includeIf.gitdir:/github/workspace/.git/worktrees/*.path /github/runner_temp/git-credentials-1733c7c4-717b-4b95-af43-7babf5a9b85a.config
2026-10-06T17:26:45.5185419Z ##[endgroup]
2026-10-06T17:26:45.5186324Z ##[group]Fetching the repository
2026-10-06T17:26:45.5193121Z [command]/usr/bin/git -c protocol.version=2 fetch --no-tags --prune --no-recurse-submodules --depth=1 origin +c375a45baa7a3a224053312459dcfb527e41e3d0:refs/remotes/pull/29/merge
2026-10-06T17:26:46.7457305Z From https://github.com/rahoney/heliopause
2026-10-06T17:26:46.7460619Z  * [new ref]         c375a45baa7a3a224053312459dcfb527e41e3d0 -> pull/29/merge
2026-10-06T17:26:46.7466582Z ##[endgroup]
2026-10-06T17:26:46.7468991Z ##[group]Determining the checkout info
2026-10-06T17:26:46.7471691Z ##[endgroup]
2026-10-06T17:26:46.7473269Z [command]/usr/bin/git sparse-checkout disable
2026-10-06T17:26:46.7533162Z [command]/usr/bin/git config --local --unset-all extensions.worktreeConfig
2026-10-06T17:26:46.7571592Z ##[group]Checking out the ref
2026-10-06T17:26:46.7576001Z [command]/usr/bin/git checkout --progress --force refs/remotes/pull/29/merge
2026-10-06T17:26:46.8581236Z Note: switching to 'refs/remotes/pull/29/merge'.
2026-10-06T17:26:46.8582674Z 
2026-10-06T17:26:46.8583780Z You are in 'detached HEAD' state. You can look around, make experimental
2026-10-06T17:26:46.8586709Z changes and commit them, and you can discard any commits you make in this
2026-10-06T17:26:46.8589894Z state without impacting any branches by switching back to a branch.
2026-10-06T17:26:46.8591740Z 
2026-10-06T17:26:46.8592896Z If you want to create a new branch to retain commits you create, you may
2026-10-06T17:26:46.8594736Z do so (now or later) by using -c with the switch command. Example:
2026-10-06T17:26:46.8595694Z 
2026-10-06T17:26:46.8596072Z   git switch -c <new-branch-name>
2026-10-06T17:26:46.8596867Z 
2026-10-06T17:26:46.8597546Z Or undo this operation with:
2026-10-06T17:26:46.8598382Z 
2026-10-06T17:26:46.8599088Z   git switch -
2026-10-06T17:26:46.8599702Z 
2026-10-06T17:26:46.8600707Z Turn off this advice by setting config variable advice.detachedHead to false
2026-10-06T17:26:46.8602054Z 
2026-10-06T17:26:46.8603574Z HEAD is now at c375a45 Merge 132baead052842deddc63c6016c7d2811958cb0a into 62c3b595e8e27a4a1d836849643c372692a39b8b
2026-10-06T17:26:46.8608190Z ##[endgroup]
2026-10-06T17:26:46.8652567Z [command]/usr/bin/git log -1 --format=%H
2026-10-06T17:26:46.8683654Z c375a45baa7a3a224053312459dcfb527e41e3d0
2026-10-06T17:26:46.8693770Z ##[group]Removing auth
2026-10-06T17:26:46.8697758Z Removing SSH command configuration
2026-10-06T17:26:46.8699926Z [command]/usr/bin/git config --local --name-only --get-regexp core\.sshCommand
2026-10-06T17:26:46.8739181Z [command]/usr/bin/git submodule foreach --recursive sh -c "git config --local --name-only --get-regexp 'core\.sshCommand' && git config --local --unset-all 'core.sshCommand' || :"
2026-10-06T17:26:46.8972851Z Removing HTTP extra header
2026-10-06T17:26:46.8976779Z [command]/usr/bin/git config --local --name-only --get-regexp http\.https\:\/\/github\.com\/\.extraheader
2026-10-06T17:26:46.9018463Z [command]/usr/bin/git submodule foreach --recursive sh -c "git config --local --name-only --get-regexp 'http\.https\:\/\/github\.com\/\.extraheader' && git config --local --unset-all 'http.https://github.com/.extraheader' || :"
2026-10-06T17:26:46.9248287Z Removing includeIf entries pointing to credentials config files
2026-10-06T17:26:46.9251430Z [command]/usr/bin/git config --local --name-only --get-regexp ^includeIf\.gitdir:
2026-10-06T17:26:46.9282772Z includeif.gitdir:/home/runner/work/heliopause/heliopause/.git.path
2026-10-06T17:26:46.9285613Z includeif.gitdir:/home/runner/work/heliopause/heliopause/.git/worktrees/*.path
2026-10-06T17:26:46.9287774Z includeif.gitdir:/github/workspace/.git.path
2026-10-06T17:26:46.9289652Z includeif.gitdir:/github/workspace/.git/worktrees/*.path
2026-10-06T17:26:46.9294020Z [command]/usr/bin/git config --local --get-all includeif.gitdir:/home/runner/work/heliopause/heliopause/.git.path
2026-10-06T17:26:46.9319670Z /home/runner/work/_temp/git-credentials-1733c7c4-717b-4b95-af43-7babf5a9b85a.config
2026-10-06T17:26:46.9331077Z [command]/usr/bin/git config --local --unset includeif.gitdir:/home/runner/work/heliopause/heliopause/.git.path \/home\/runner\/work\/_temp\/git\-credentials\-1733c7c4\-717b\-4b95\-af43\-7babf5a9b85a\.config
2026-10-06T17:26:46.9369453Z [command]/usr/bin/git config --local --get-all includeif.gitdir:/home/runner/work/heliopause/heliopause/.git/worktrees/*.path
2026-10-06T17:26:46.9396926Z /home/runner/work/_temp/git-credentials-1733c7c4-717b-4b95-af43-7babf5a9b85a.config
2026-10-06T17:26:46.9406462Z [command]/usr/bin/git config --local --unset includeif.gitdir:/home/runner/work/heliopause/heliopause/.git/worktrees/*.path \/home\/runner\/work\/_temp\/git\-credentials\-1733c7c4\-717b\-4b95\-af43\-7babf5a9b85a\.config
2026-10-06T17:26:46.9442110Z [command]/usr/bin/git config --local --get-all includeif.gitdir:/github/workspace/.git.path
2026-10-06T17:26:46.9472089Z /github/runner_temp/git-credentials-1733c7c4-717b-4b95-af43-7babf5a9b85a.config
2026-10-06T17:26:46.9482639Z [command]/usr/bin/git config --local --unset includeif.gitdir:/github/workspace/.git.path \/github\/runner_temp\/git\-credentials\-1733c7c4\-717b\-4b95\-af43\-7babf5a9b85a\.config
2026-10-06T17:26:46.9519919Z [command]/usr/bin/git config --local --get-all includeif.gitdir:/github/workspace/.git/worktrees/*.path
2026-10-06T17:26:46.9547417Z /github/runner_temp/git-credentials-1733c7c4-717b-4b95-af43-7babf5a9b85a.config
2026-10-06T17:26:46.9601170Z [command]/usr/bin/git config --local --unset includeif.gitdir:/github/workspace/.git/worktrees/*.path \/github\/runner_temp\/git\-credentials\-1733c7c4\-717b\-4b95\-af43\-7babf5a9b85a\.config
2026-10-06T17:26:46.9656233Z [command]/usr/bin/git submodule foreach --recursive git config --local --show-origin --name-only --get-regexp remote.origin.url
2026-10-06T17:26:46.9884189Z Removing credentials config '/home/runner/work/_temp/git-credentials-1733c7c4-717b-4b95-af43-7babf5a9b85a.config'
2026-10-06T17:26:46.9893286Z ##[endgroup]
2026-10-06T17:26:47.0311281Z ##[group]Run actions/setup-go@b7ad1dad31e06c5925ef5d2fc7ad053ef454303e
2026-10-06T17:26:47.0312851Z with:
2026-10-06T17:26:47.0313601Z   go-version: 1.26.8
2026-10-06T17:26:47.0314479Z   check-latest: false
2026-10-06T17:26:47.0315352Z   cache: false
2026-10-06T17:26:47.0325762Z   token: ***
2026-10-06T17:26:47.0326561Z env:
2026-10-06T17:26:47.0327326Z   GOTOOLCHAIN: local
2026-10-06T17:26:47.0328169Z ##[endgroup]
2026-10-06T17:26:47.1529619Z Setup go version spec 1.26.8
2026-10-06T17:26:47.1621523Z Found in cache @ /opt/hostedtoolcache/go/1.26.8/x64
2026-10-06T17:26:47.1623655Z Added go to the path
2026-10-06T17:26:47.1625670Z Successfully set up Go version 1.26.8
2026-10-06T17:26:47.6697735Z go version go1.26.8 linux/amd64
2026-10-06T17:26:47.6697964Z 
2026-10-06T17:26:47.6698338Z ##[group]go env
2026-10-06T17:26:47.8365079Z AR='ar'
2026-10-06T17:26:47.8365654Z CC='gcc'
2026-10-06T17:26:47.8366182Z CGO_CFLAGS='-O2 -g'
2026-10-06T17:26:47.8366655Z CGO_CPPFLAGS=''
2026-10-06T17:26:47.8367218Z CGO_CXXFLAGS='-O2 -g'
2026-10-06T17:26:47.8367689Z CGO_ENABLED='1'
2026-10-06T17:26:47.8368112Z CGO_FFLAGS='-O2 -g'
2026-10-06T17:26:47.8369505Z CGO_LDFLAGS='-O2 -g'
2026-10-06T17:26:47.8370023Z CXX='g++'
2026-10-06T17:26:47.8370355Z GCCGO='gccgo'
2026-10-06T17:26:47.8370753Z GO111MODULE=''
2026-10-06T17:26:47.8371084Z GOAMD64='v1'
2026-10-06T17:26:47.8371434Z GOARCH='amd64'
2026-10-06T17:26:47.8371760Z GOAUTH='netrc'
2026-10-06T17:26:47.8372139Z GOBIN=''
2026-10-06T17:26:47.8372506Z GOCACHE='/home/runner/.cache/go-build'
2026-10-06T17:26:47.8372955Z GOCACHEPROG=''
2026-10-06T17:26:47.8373332Z GODEBUG=''
2026-10-06T17:26:47.8373745Z GOENV='/home/runner/.config/go/env'
2026-10-06T17:26:47.8374223Z GOEXE=''
2026-10-06T17:26:47.8374585Z GOEXPERIMENT=''
2026-10-06T17:26:47.8374969Z GOFIPS140='off'
2026-10-06T17:26:47.8375289Z GOFLAGS=''
2026-10-06T17:26:47.8376611Z GOGCCFLAGS='-fPIC -m64 -pthread -Wl,--no-gc-sections -fmessage-length=0 -ffile-prefix-map=/tmp/go-build3632509398=/tmp/go-build -gno-record-gcc-switches'
2026-10-06T17:26:47.8377909Z GOHOSTARCH='amd64'
2026-10-06T17:26:47.8378312Z GOHOSTOS='linux'
2026-10-06T17:26:47.8378920Z GOINSECURE=''
2026-10-06T17:26:47.8379559Z GOMOD='/home/runner/work/heliopause/heliopause/go.mod'
2026-10-06T17:26:47.8380249Z GOMODCACHE='/home/runner/go/pkg/mod'
2026-10-06T17:26:47.8380785Z GONOPROXY=''
2026-10-06T17:26:47.8381526Z GONOSUMDB=''
2026-10-06T17:26:47.8381911Z GOOS='linux'
2026-10-06T17:26:47.8382303Z GOPATH='/home/runner/go'
2026-10-06T17:26:47.8382734Z GOPRIVATE=''
2026-10-06T17:26:47.8383271Z GOPROXY='https://proxy.golang.org,direct'
2026-10-06T17:26:47.8383937Z GOROOT='/opt/hostedtoolcache/go/1.26.8/x64'
2026-10-06T17:26:47.8384504Z GOSUMDB='sum.golang.org'
2026-10-06T17:26:47.8384979Z GOTELEMETRY='local'
2026-10-06T17:26:47.8385513Z GOTELEMETRYDIR='/home/runner/.config/go/telemetry'
2026-10-06T17:26:47.8386143Z GOTMPDIR=''
2026-10-06T17:26:47.8386556Z GOTOOLCHAIN='local'
2026-10-06T17:26:47.8387196Z GOTOOLDIR='/opt/hostedtoolcache/go/1.26.8/x64/pkg/tool/linux_amd64'
2026-10-06T17:26:47.8387924Z GOVCS=''
2026-10-06T17:26:47.8388291Z GOVERSION='go1.26.8'
2026-10-06T17:26:47.8389051Z GOWORK=''
2026-10-06T17:26:47.8389476Z PKG_CONFIG='pkg-config'
2026-10-06T17:26:47.8389786Z 
2026-10-06T17:26:47.8390864Z ##[endgroup]
2026-10-06T17:26:47.8512637Z ##[group]Run go run ./scripts/check bootstrap-modules
2026-10-06T17:26:47.8513140Z [36;1mgo run ./scripts/check bootstrap-modules[0m
2026-10-06T17:26:47.8804727Z shell: /usr/bin/bash -e {0}
2026-10-06T17:26:47.8805126Z env:
2026-10-06T17:26:47.8805375Z   GOTOOLCHAIN: local
2026-10-06T17:26:47.8805641Z ##[endgroup]
2026-10-06T17:26:48.0454068Z go: downloading go.yaml.in/yaml/v3 v3.0.4
2026-10-06T17:27:04.9039660Z [check] prepare module cache
2026-10-06T17:27:04.9040952Z [check] download product modules
2026-10-06T17:27:06.4301365Z ##[group]Run python3 scripts/prepare-wheel-corpus.py --root "$HELOX_CORPUS_ROOT"
2026-10-06T17:27:06.4302025Z [36;1mpython3 scripts/prepare-wheel-corpus.py --root "$HELOX_CORPUS_ROOT"[0m
2026-10-06T17:27:06.4367750Z shell: /usr/bin/bash -e {0}
2026-10-06T17:27:06.4368027Z env:
2026-10-06T17:27:06.4368241Z   GOTOOLCHAIN: local
2026-10-06T17:27:06.4368765Z   HELOX_CORPUS_ROOT: /home/runner/work/_temp/wheel-corpus
2026-10-06T17:27:06.4369157Z ##[endgroup]
2026-10-06T17:27:06.6473552Z setuptools-84.0.0-py3-none-any.whl 51a52592b3b99e102b609654876bd65f19f999935166d1352678931132b0c670 https://files.pythonhosted.org/packages/95/9c/c510029fc6ef33a6275cd2c5d3cecd6613dfd6aa401d57c54f1c18852ccf/setuptools-84.0.0-py3-none-any.whl
2026-10-06T17:27:06.6886253Z filelock-4.0.3-py3-none-any.whl 30cd166e2aee2c7534ce2c33c6367c4cd051b8368e20e2c4eb0c34f699bacfab https://files.pythonhosted.org/packages/7a/6d/db8b86e168fef0cf904737e275bccb683558088ef971e92d3b41ce980699/filelock-4.0.3-py3-none-any.whl
2026-10-06T17:27:06.7953775Z filelock-4.0.4-py3-none-any.whl 0df72be195ca7892216d16f2edce8d9b93a571f02402972020a8cff84c594c7b https://files.pythonhosted.org/packages/bc/ac/8b9c6dc2aa7e9cf5582e20a337006c3428c3d752c2255dbaca2c78a8be45/filelock-4.0.4-py3-none-any.whl
2026-10-06T17:27:06.9441841Z sympy-1.14.0-py3-none-any.whl e091cc3e99d2141a0ba2847328f5479b05d94a6635cb96148ccb3f34671bd8f5 https://files.pythonhosted.org/packages/a2/09/77d55d46fd61b4a135c444fc97158ef34a095e5681d0a6c10b75bf356191/sympy-1.14.0-py3-none-any.whl
2026-10-06T17:27:07.0178322Z markupsafe-3.0.3-cp314-cp314-manylinux2014_x86_64.manylinux_2_17_x86_64.manylinux_2_28_x86_64.whl 457a69a9577064c05a97c41f4e65148652db078a3a509039e64d3467b9e7ef97 https://files.pythonhosted.org/packages/41/3c/a36c2450754618e62008bf7435ccb0f88053e07592e6028a34776213d877/markupsafe-3.0.3-cp314-cp314-manylinux2014_x86_64.manylinux_2_17_x86_64.manylinux_2_28_x86_64.whl
2026-10-06T17:27:07.1465694Z haa-cu126-toolkit-audit.whl 79d8605baeb6c2f695761e0efb54bc62dbc3c9e32eb0742df7669c07befaa8f7 https://files.pythonhosted.org/packages/ad/88/2dbc37975fffb874418b14380418a1b99cb36f2101fd1d08c54e06ee8c95/cuda_toolkit-12.6.3-py2.py3-none-any.whl
2026-10-06T17:27:08.4494679Z haa-cu126-first-nccl.whl 35ad42e7d5d722a83c36a3a478e281c20a5646383deaf1b9ed1a9ab7d61bed53 https://files.pythonhosted.org/packages/31/5a/cac7d231f322b66caa16fd4b136ebc8e4b18b2805811c2d58dc47210cdea/nvidia_nccl_cu12-2.29.3-py3-none-manylinux_2_18_x86_64.whl
2026-10-06T17:27:09.0514548Z haa-cu126-first-cufft.whl ccba62eb9cef5559abd5e0d54ceed2d9934030f51163df018532142a8ec533e5 https://files.pythonhosted.org/packages/8f/16/73727675941ab8e6ffd86ca3a4b7b47065edcca7a997920b831f8147c99d/nvidia_cufft_cu12-11.3.0.4-py3-none-manylinux2014_x86_64.manylinux_2_17_x86_64.whl
2026-10-06T17:27:09.1568177Z cuda_pathfinder-1.8.2-py3-none-any.whl 4e65059febdb4d19d5cbc4798677e19db2b582f2f702f457b609e571690d357e https://files.pythonhosted.org/packages/98/59/239c7259e669c46ddbcac0aa60e3a0ef00bfeaaa687f905b24dd6a7a10fe/cuda_pathfinder-1.8.2-py3-none-any.whl
2026-10-06T17:27:09.3015554Z cuda_bindings-12.9.9-cp314-cp314-manylinux_2_24_x86_64.manylinux_2_28_x86_64.whl 94e4f9bd6b9b21aad545e0d441707094e4ff88ab420d62b85fcdc8b6da1e039f https://files.pythonhosted.org/packages/e3/95/182a020efbe1bade0de1f5ec0d3e4101cb6deba7216b219f07ce08fa6146/cuda_bindings-12.9.9-cp314-cp314-manylinux_2_24_x86_64.manylinux_2_28_x86_64.whl
2026-10-06T17:27:09.3419423Z haa-cu130-toolkit-audit.whl d693caaa261214ddd7dbb60d68e71cbed884e68c2be7509778f3051da0b91c3f https://files.pythonhosted.org/packages/d1/c7/a79086a62c98befcdb8349656c6f114e2db3b8b2422f6e25c97a7f2a9a3c/cuda_toolkit-13.0.3.0-py2.py3-none-any.whl
2026-10-06T17:27:09.5715521Z haa-cu130-cupti-audit.whl 4eb01c08e859bf924d222250d2e8f8b8ff6d3db4721288cf35d14252a4d933c8 https://files.pythonhosted.org/packages/33/6d/737d164b4837a9bbd202f5ae3078975f0525a55730fe871d8ed4e3b952b0/nvidia_cuda_cupti-13.0.85-py3-none-manylinux_2_25_x86_64.whl
2026-10-06T17:27:09.7998385Z cuda_bindings-13.4.3-cp314-cp314-manylinux_2_24_x86_64.manylinux_2_28_x86_64.whl bbacde6f75665b197016b986164cfdaa33b17515e5e635a63ddb75926aaa71c3 https://files.pythonhosted.org/packages/a3/49/7a3769c43e432b0434dd46424058b47af4347167f0dfca1ecb27e2de92a1/cuda_bindings-13.4.3-cp314-cp314-manylinux_2_24_x86_64.manylinux_2_28_x86_64.whl
2026-10-06T17:27:09.8399532Z haa-cu132-toolkit-audit.whl 646d0e3668ce6f78f2312bb9cc0f668b9cbfcbef187eaa6a39eb2ea6dbec2a31 https://files.pythonhosted.org/packages/bd/6a/f79c134fa8e6d5fe028584933be063ce7961b1a85ce217f261cdda176e48/cuda_toolkit-13.2.1-py2.py3-none-any.whl
2026-10-06T17:27:10.0118040Z haa-cu132-cupti-audit.whl f75aca6bef89c625a4076a820302bb06764daa1d21595286f6bee5e237d3a187 https://files.pythonhosted.org/packages/b7/2d/cbf8f6288259c502165282fdaa2b733daae98434e3f2aee2b7952ba87c6f/nvidia_cuda_cupti-13.2.75-py3-none-manylinux_2_25_x86_64.whl
2026-10-06T17:27:10.1986029Z networkx-3.6.1-py3-none-any.whl d47fbf302e7d9cbbb9e2555a0d267983d2aa476bac30e90dfbe5669bd57f3762 https://files.pythonhosted.org/packages/9e/c9/b2622292ea83fbb4ec318f5b9ab867d0a28ab43c5717bb85b0a5f6b3b0a4/networkx-3.6.1-py3-none-any.whl
2026-10-06T17:27:10.2035326Z cuda_bindings-13.4.3-cp314-cp314-manylinux_2_24_x86_64.manylinux_2_28_x86_64.whl bbacde6f75665b197016b986164cfdaa33b17515e5e635a63ddb75926aaa71c3 verified existing
2026-10-06T17:27:10.3254583Z networkx-3.7-py3-none-any.whl e3fd2c13a7814cee3746340d8d7f8598a67f16a58bf47fb7f8793fab6efca1b0 https://files.pythonhosted.org/packages/7e/cd/fe58041e9011f307c490e3e17dd48cc516448f7c698a3f2d9d9d65d7e6a8/networkx-3.7-py3-none-any.whl
2026-10-06T17:27:10.3485927Z jinja2-3.1.6-py3-none-any.whl 85ece4451f492d0c13c5dd7c13a64681a86afae63a5f347908daf103ce6d2f67 https://files.pythonhosted.org/packages/62/a1/3d680cbfd5f4b8f15abc1d571870c5fc3e594bb582bc3b64ea099db13e56/jinja2-3.1.6-py3-none-any.whl
2026-10-06T17:27:10.3619105Z ##[group]Run go run ./scripts/check corpus
2026-10-06T17:27:10.3619506Z [36;1mgo run ./scripts/check corpus[0m
2026-10-06T17:27:10.3681842Z shell: /usr/bin/bash -e {0}
2026-10-06T17:27:10.3682103Z env:
2026-10-06T17:27:10.3682299Z   GOTOOLCHAIN: local
2026-10-06T17:27:10.3682587Z   HELOX_CORPUS_ROOT: /home/runner/work/_temp/wheel-corpus
2026-10-06T17:27:10.3682911Z ##[endgroup]
2026-10-06T17:27:35.7835492Z === RUN   TestModelC_MissingCorpusDirectoryFails
2026-10-06T17:27:35.7836233Z --- PASS: TestModelC_MissingCorpusDirectoryFails (0.00s)
2026-10-06T17:27:35.7837043Z === RUN   TestModelC_CorpusHashMismatchFails
2026-10-06T17:27:35.7837732Z --- PASS: TestModelC_CorpusHashMismatchFails (0.00s)
2026-10-06T17:27:35.7838428Z === RUN   TestModelC_RealCorpusQualification
2026-10-06T17:27:35.7840325Z === RUN   TestModelC_RealCorpusQualification/setuptools-84.0.0-py3-none-any.whl
2026-10-06T17:27:35.7843577Z     real_corpus_integration_test.go:77: setuptools-84.0.0-py3-none-any.whl profile=pytorch:cpu direct=24 units=26
2026-10-06T17:27:35.7845945Z === RUN   TestModelC_RealCorpusQualification/filelock-4.0.3-py3-none-any.whl
2026-10-06T17:27:35.7847545Z     real_corpus_integration_test.go:77: filelock-4.0.3-py3-none-any.whl profile=pytorch:cpu direct=1 units=1
2026-10-06T17:27:35.7848857Z === RUN   TestModelC_RealCorpusQualification/filelock-4.0.4-py3-none-any.whl
2026-10-06T17:27:35.7850216Z     real_corpus_integration_test.go:77: filelock-4.0.4-py3-none-any.whl profile=pytorch:cpu direct=1 units=1
2026-10-06T17:27:35.7851256Z === RUN   TestModelC_RealCorpusQualification/sympy-1.14.0-py3-none-any.whl
2026-10-06T17:27:35.7851975Z     real_corpus_integration_test.go:77: sympy-1.14.0-py3-none-any.whl profile=pytorch:cpu direct=2 units=2
2026-10-06T17:27:35.7852839Z === RUN   TestModelC_RealCorpusQualification/markupsafe-3.0.3-cp314-cp314-manylinux2014_x86_64.manylinux_2_17_x86_64.manylinux_2_28_x86_64.whl
2026-10-06T17:27:35.7854086Z     real_corpus_integration_test.go:77: markupsafe-3.0.3-cp314-cp314-manylinux2014_x86_64.manylinux_2_17_x86_64.manylinux_2_28_x86_64.whl profile=pytorch:cpu direct=2 units=2
2026-10-06T17:27:35.7854941Z === RUN   TestModelC_RealCorpusQualification/haa-cu126-toolkit-audit.whl
2026-10-06T17:27:35.7855742Z     real_corpus_integration_test.go:77: cuda_toolkit-12.6.3-py2.py3-none-any.whl profile=pytorch:cu126 direct=0 units=0
2026-10-06T17:27:35.7856379Z === RUN   TestModelC_RealCorpusQualification/haa-cu126-first-nccl.whl
2026-10-06T17:27:35.7857229Z     real_corpus_integration_test.go:77: nvidia_nccl_cu12-2.29.3-py3-none-manylinux_2_18_x86_64.whl profile=pytorch:cu126 direct=0 units=0
2026-10-06T17:27:35.7857925Z === RUN   TestModelC_RealCorpusQualification/haa-cu126-first-cufft.whl
2026-10-06T17:27:35.7859267Z     real_corpus_integration_test.go:77: nvidia_cufft_cu12-11.3.0.4-py3-none-manylinux2014_x86_64.manylinux_2_17_x86_64.whl profile=pytorch:cu126 direct=1 units=1
2026-10-06T17:27:35.7860779Z === RUN   TestModelC_RealCorpusQualification/cuda_pathfinder-1.8.2-py3-none-any.whl
2026-10-06T17:27:35.7862304Z     real_corpus_integration_test.go:77: cuda_pathfinder-1.8.2-py3-none-any.whl profile=pytorch:cu126 direct=1 units=1
2026-10-06T17:27:35.7863800Z === RUN   TestModelC_RealCorpusQualification/cuda_bindings-12.9.9-cp314-cp314-manylinux_2_24_x86_64.manylinux_2_28_x86_64.whl
2026-10-06T17:27:35.7865027Z     real_corpus_integration_test.go:77: cuda_bindings-12.9.9-cp314-cp314-manylinux_2_24_x86_64.manylinux_2_28_x86_64.whl profile=pytorch:cu126 direct=34 units=36
2026-10-06T17:27:35.7865823Z === RUN   TestModelC_RealCorpusQualification/haa-cu130-toolkit-audit.whl
2026-10-06T17:27:35.7866598Z     real_corpus_integration_test.go:77: cuda_toolkit-13.0.3.0-py2.py3-none-any.whl profile=pytorch:cu130 direct=0 units=0
2026-10-06T17:27:35.7867234Z === RUN   TestModelC_RealCorpusQualification/haa-cu130-cupti-audit.whl
2026-10-06T17:27:35.7868349Z     real_corpus_integration_test.go:77: nvidia_cuda_cupti-13.0.85-py3-none-manylinux_2_25_x86_64.whl profile=pytorch:cu130 direct=0 units=0
2026-10-06T17:27:35.7869567Z === RUN   TestModelC_RealCorpusQualification/cuda_bindings-13.4.3-cp314-cp314-manylinux_2_24_x86_64.manylinux_2_28_x86_64.whl
2026-10-06T17:27:35.7870691Z     real_corpus_integration_test.go:77: cuda_bindings-13.4.3-cp314-cp314-manylinux_2_24_x86_64.manylinux_2_28_x86_64.whl profile=pytorch:cu130 direct=31 units=31
2026-10-06T17:27:35.7871478Z === RUN   TestModelC_RealCorpusQualification/haa-cu132-toolkit-audit.whl
2026-10-06T17:27:35.7872245Z     real_corpus_integration_test.go:77: cuda_toolkit-13.2.1-py2.py3-none-any.whl profile=pytorch:cu132 direct=0 units=0
2026-10-06T17:27:35.7872874Z === RUN   TestModelC_RealCorpusQualification/haa-cu132-cupti-audit.whl
2026-10-06T17:27:35.7873712Z     real_corpus_integration_test.go:77: nvidia_cuda_cupti-13.2.75-py3-none-manylinux_2_25_x86_64.whl profile=pytorch:cu132 direct=0 units=0
2026-10-06T17:27:35.7874586Z === RUN   TestModelC_RealCorpusQualification/networkx-3.6.1-py3-none-any.whl
2026-10-06T17:27:35.7875329Z     real_corpus_integration_test.go:77: networkx-3.6.1-py3-none-any.whl profile=pytorch:cpu direct=2 units=2
2026-10-06T17:27:35.7876152Z === RUN   TestModelC_RealCorpusQualification/cuda_bindings-13.4.3-cp314-cp314-manylinux_2_24_x86_64.manylinux_2_28_x86_64.whl#01
2026-10-06T17:27:35.7877288Z     real_corpus_integration_test.go:77: cuda_bindings-13.4.3-cp314-cp314-manylinux_2_24_x86_64.manylinux_2_28_x86_64.whl profile=pytorch:cu132 direct=31 units=31
2026-10-06T17:27:35.7878069Z === RUN   TestModelC_RealCorpusQualification/networkx-3.7-py3-none-any.whl
2026-10-06T17:27:35.7879114Z     real_corpus_integration_test.go:77: networkx-3.7-py3-none-any.whl profile=pytorch:cpu direct=2 units=2
2026-10-06T17:27:35.7879739Z === RUN   TestModelC_RealCorpusQualification/jinja2-3.1.6-py3-none-any.whl
2026-10-06T17:27:35.7880440Z     real_corpus_integration_test.go:77: jinja2-3.1.6-py3-none-any.whl profile=pytorch:cpu direct=2 units=2
2026-10-06T17:27:35.7880964Z === NAME  TestModelC_RealCorpusQualification
2026-10-06T17:27:35.7881717Z     real_corpus_integration_test.go:83: REAL_CORPUS_CLASSIFICATION: REPRESENTATIVE_REAL_CORPUS (19 authenticated packages verified)
2026-10-06T17:27:35.7882356Z --- PASS: TestModelC_RealCorpusQualification (8.86s)
2026-10-06T17:27:35.7882954Z     --- PASS: TestModelC_RealCorpusQualification/setuptools-84.0.0-py3-none-any.whl (0.02s)
2026-10-06T17:27:35.7883652Z     --- PASS: TestModelC_RealCorpusQualification/filelock-4.0.3-py3-none-any.whl (0.00s)
2026-10-06T17:27:35.7884329Z     --- PASS: TestModelC_RealCorpusQualification/filelock-4.0.4-py3-none-any.whl (0.00s)
2026-10-06T17:27:35.7884981Z     --- PASS: TestModelC_RealCorpusQualification/sympy-1.14.0-py3-none-any.whl (0.16s)
2026-10-06T17:27:35.7885944Z     --- PASS: TestModelC_RealCorpusQualification/markupsafe-3.0.3-cp314-cp314-manylinux2014_x86_64.manylinux_2_17_x86_64.manylinux_2_28_x86_64.whl (0.00s)
2026-10-06T17:27:35.7886843Z     --- PASS: TestModelC_RealCorpusQualification/haa-cu126-toolkit-audit.whl (0.00s)
2026-10-06T17:27:35.7887474Z     --- PASS: TestModelC_RealCorpusQualification/haa-cu126-first-nccl.whl (4.60s)
2026-10-06T17:27:35.7888094Z     --- PASS: TestModelC_RealCorpusQualification/haa-cu126-first-cufft.whl (2.76s)
2026-10-06T17:27:35.7889160Z     --- PASS: TestModelC_RealCorpusQualification/cuda_pathfinder-1.8.2-py3-none-any.whl (0.00s)
2026-10-06T17:27:35.7890101Z     --- PASS: TestModelC_RealCorpusQualification/cuda_bindings-12.9.9-cp314-cp314-manylinux_2_24_x86_64.manylinux_2_28_x86_64.whl (0.15s)
2026-10-06T17:27:35.7890923Z     --- PASS: TestModelC_RealCorpusQualification/haa-cu130-toolkit-audit.whl (0.00s)
2026-10-06T17:27:35.7891546Z     --- PASS: TestModelC_RealCorpusQualification/haa-cu130-cupti-audit.whl (0.38s)
2026-10-06T17:27:35.7892415Z     --- PASS: TestModelC_RealCorpusQualification/cuda_bindings-13.4.3-cp314-cp314-manylinux_2_24_x86_64.manylinux_2_28_x86_64.whl (0.14s)
2026-10-06T17:27:35.7893231Z     --- PASS: TestModelC_RealCorpusQualification/haa-cu132-toolkit-audit.whl (0.00s)
2026-10-06T17:27:35.7894023Z     --- PASS: TestModelC_RealCorpusQualification/haa-cu132-cupti-audit.whl (0.42s)
2026-10-06T17:27:35.7894687Z     --- PASS: TestModelC_RealCorpusQualification/networkx-3.6.1-py3-none-any.whl (0.05s)
2026-10-06T17:27:35.7895586Z     --- PASS: TestModelC_RealCorpusQualification/cuda_bindings-13.4.3-cp314-cp314-manylinux_2_24_x86_64.manylinux_2_28_x86_64.whl#01 (0.13s)
2026-10-06T17:27:35.7896425Z     --- PASS: TestModelC_RealCorpusQualification/networkx-3.7-py3-none-any.whl (0.05s)
2026-10-06T17:27:35.7897081Z     --- PASS: TestModelC_RealCorpusQualification/jinja2-3.1.6-py3-none-any.whl (0.00s)
2026-10-06T17:27:35.7897577Z PASS
2026-10-06T17:27:35.7897917Z ok  	github.com/rahoney/heliopause/internal/artifact/pypi	8.867s
2026-10-06T17:27:35.7983607Z Post job cleanup.
2026-10-06T17:27:35.9327938Z Post job cleanup.
2026-10-06T17:27:36.0230994Z [command]/usr/bin/git version
2026-10-06T17:27:36.0276659Z git version 2.55.0
2026-10-06T17:27:36.0315455Z Temporarily overriding HOME='/home/runner/work/_temp/191de856-c980-45b4-bf2b-f3b97a80d3fd' before making global git config changes
2026-10-06T17:27:36.0316801Z Adding repository directory to the temporary git global config as a safe directory
2026-10-06T17:27:36.0321799Z [command]/usr/bin/git config --global --add safe.directory /home/runner/work/heliopause/heliopause
2026-10-06T17:27:36.0356742Z Removing SSH command configuration
2026-10-06T17:27:36.0363813Z [command]/usr/bin/git config --local --name-only --get-regexp core\.sshCommand
2026-10-06T17:27:36.0413720Z [command]/usr/bin/git submodule foreach --recursive sh -c "git config --local --name-only --get-regexp 'core\.sshCommand' && git config --local --unset-all 'core.sshCommand' || :"
2026-10-06T17:27:36.0661802Z Removing HTTP extra header
2026-10-06T17:27:36.0668346Z [command]/usr/bin/git config --local --name-only --get-regexp http\.https\:\/\/github\.com\/\.extraheader
2026-10-06T17:27:36.0707172Z [command]/usr/bin/git submodule foreach --recursive sh -c "git config --local --name-only --get-regexp 'http\.https\:\/\/github\.com\/\.extraheader' && git config --local --unset-all 'http.https://github.com/.extraheader' || :"
2026-10-06T17:27:36.1008108Z Removing includeIf entries pointing to credentials config files
2026-10-06T17:27:36.1009374Z [command]/usr/bin/git config --local --name-only --get-regexp ^includeIf\.gitdir:
2026-10-06T17:27:36.1059106Z [command]/usr/bin/git submodule foreach --recursive git config --local --show-origin --name-only --get-regexp remote.origin.url
2026-10-06T17:27:36.1533486Z Cleaning up orphan processes
