2026-10-06T16:57:04.5943741Z Current runner version: '2.337.0'
2026-10-06T16:57:04.5968512Z ##[group]Runner Image Provisioner
2026-10-06T16:57:04.5969446Z Hosted Compute Agent
2026-10-06T16:57:04.5970094Z Version: 20261002.596
2026-10-06T16:57:04.5970693Z Commit: c3d12f3313a95f25162a1503be624f3b0617f8c0
2026-10-06T16:57:04.5971476Z Build Date: 2026-10-02T22:28:27Z
2026-10-06T16:57:04.5972188Z Worker ID: {ad4b927c-9216-4258-b66f-0f21c0d50530}
2026-10-06T16:57:04.5972911Z Region: westus
2026-10-06T16:57:04.5973463Z Cloud: Azure
2026-10-06T16:57:04.5973987Z ##[endgroup]
2026-10-06T16:57:04.5975459Z ##[group]Operating System
2026-10-06T16:57:04.5976372Z Ubuntu
2026-10-06T16:57:04.5976885Z 24.04.5
2026-10-06T16:57:04.5977528Z LTS
2026-10-06T16:57:04.5978042Z ##[endgroup]
2026-10-06T16:57:04.5978633Z ##[group]Runner Image
2026-10-06T16:57:04.5979257Z Image: ubuntu-24.04
2026-10-06T16:57:04.5979803Z Version: 20261004.327.1
2026-10-06T16:57:04.5981099Z Included Software: https://github.com/actions/runner-images/blob/ubuntu24/20261004.327/images/ubuntu/Ubuntu2404-Readme.md
2026-10-06T16:57:04.5982722Z Image Release: https://github.com/actions/runner-images/releases/tag/ubuntu24%2F20261004.327
2026-10-06T16:57:04.5983711Z ##[endgroup]
2026-10-06T16:57:04.5984853Z ##[group]GITHUB_TOKEN Permissions
2026-10-06T16:57:04.5986935Z Contents: read
2026-10-06T16:57:04.5987545Z Metadata: read
2026-10-06T16:57:04.5988368Z ##[endgroup]
2026-10-06T16:57:04.5990553Z Secret source: Actions
2026-10-06T16:57:04.5991634Z Cache mode: write
2026-10-06T16:57:04.5992360Z Prepare workflow directory
2026-10-06T16:57:04.6466660Z Prepare all required actions
2026-10-06T16:57:04.6515296Z Getting action download info
2026-10-06T16:57:05.0141775Z Download action repository 'actions/checkout@3d3c42e5aac5ba805825da76410c181273ba90b1' (SHA:3d3c42e5aac5ba805825da76410c181273ba90b1)
2026-10-06T16:57:05.1072560Z Download action repository 'actions/setup-go@b7ad1dad31e06c5925ef5d2fc7ad053ef454303e' (SHA:b7ad1dad31e06c5925ef5d2fc7ad053ef454303e)
2026-10-06T16:57:05.7019659Z Complete job name: Minimum Go
2026-10-06T16:57:05.7814714Z ##[group]Run actions/checkout@3d3c42e5aac5ba805825da76410c181273ba90b1
2026-10-06T16:57:05.7816057Z with:
2026-10-06T16:57:05.7816537Z   persist-credentials: false
2026-10-06T16:57:05.7817080Z   repository: rahoney/heliopause
2026-10-06T16:57:05.7820726Z   token: ***
2026-10-06T16:57:05.7821171Z   ssh-strict: true
2026-10-06T16:57:05.7821619Z   ssh-user: git
2026-10-06T16:57:05.7822045Z   clean: true
2026-10-06T16:57:05.7822493Z   sparse-checkout-cone-mode: true
2026-10-06T16:57:05.7823012Z   fetch-depth: 1
2026-10-06T16:57:05.7823451Z   fetch-tags: false
2026-10-06T16:57:05.7823900Z   show-progress: true
2026-10-06T16:57:05.7824354Z   lfs: false
2026-10-06T16:57:05.7824784Z   submodules: false
2026-10-06T16:57:05.7825253Z   set-safe-directory: true
2026-10-06T16:57:05.7825962Z   allow-unsafe-pr-checkout: false
2026-10-06T16:57:05.7826784Z env:
2026-10-06T16:57:05.7827251Z   GOTOOLCHAIN: local
2026-10-06T16:57:05.7827698Z ##[endgroup]
2026-10-06T16:57:05.8844830Z Syncing repository: rahoney/heliopause
2026-10-06T16:57:05.8847934Z ##[group]Getting Git version info
2026-10-06T16:57:05.8848846Z Working directory is '/home/runner/work/heliopause/heliopause'
2026-10-06T16:57:05.8849931Z [command]/usr/bin/git version
2026-10-06T16:57:05.8915408Z git version 2.55.0
2026-10-06T16:57:05.8944397Z ##[endgroup]
2026-10-06T16:57:05.8957887Z Temporarily overriding HOME='/home/runner/work/_temp/946ee25e-ac94-4603-8a94-9ae14790cf61' before making global git config changes
2026-10-06T16:57:05.8960778Z Adding repository directory to the temporary git global config as a safe directory
2026-10-06T16:57:05.8969014Z [command]/usr/bin/git config --global --add safe.directory /home/runner/work/heliopause/heliopause
2026-10-06T16:57:05.9032198Z Deleting the contents of '/home/runner/work/heliopause/heliopause'
2026-10-06T16:57:05.9036165Z ##[group]Determining repository object format
2026-10-06T16:57:05.9038087Z ##[endgroup]
2026-10-06T16:57:05.9044098Z ##[group]Initializing the repository
2026-10-06T16:57:05.9046589Z [command]/usr/bin/git init /home/runner/work/heliopause/heliopause
2026-10-06T16:57:05.9171658Z hint: Using 'master' as the name for the initial branch. This default branch name
2026-10-06T16:57:05.9173639Z hint: will change to "main" in Git 3.0. To configure the initial branch name
2026-10-06T16:57:05.9177011Z hint: to use in all of your new repositories, which will suppress this warning,
2026-10-06T16:57:05.9178327Z hint: call:
2026-10-06T16:57:05.9178762Z hint:
2026-10-06T16:57:05.9179477Z hint: 	git config --global init.defaultBranch <name>
2026-10-06T16:57:05.9180229Z hint:
2026-10-06T16:57:05.9180976Z hint: Names commonly chosen instead of 'master' are 'main', 'trunk' and
2026-10-06T16:57:05.9181970Z hint: 'development'. The just-created branch can be renamed via this command:
2026-10-06T16:57:05.9182719Z hint:
2026-10-06T16:57:05.9183141Z hint: 	git branch -m <name>
2026-10-06T16:57:05.9183617Z hint:
2026-10-06T16:57:05.9184313Z hint: Disable this message with "git config set advice.defaultBranchName false"
2026-10-06T16:57:05.9185592Z Initialized empty Git repository in /home/runner/work/heliopause/heliopause/.git/
2026-10-06T16:57:05.9192248Z [command]/usr/bin/git remote add origin https://github.com/rahoney/heliopause
2026-10-06T16:57:05.9249725Z ##[endgroup]
2026-10-06T16:57:05.9250588Z ##[group]Disabling automatic garbage collection
2026-10-06T16:57:05.9254553Z [command]/usr/bin/git config --local gc.auto 0
2026-10-06T16:57:05.9300850Z ##[endgroup]
2026-10-06T16:57:05.9301856Z ##[group]Setting up auth
2026-10-06T16:57:05.9302802Z Removing SSH command configuration
2026-10-06T16:57:05.9307699Z [command]/usr/bin/git config --local --name-only --get-regexp core\.sshCommand
2026-10-06T16:57:05.9345185Z [command]/usr/bin/git submodule foreach --recursive sh -c "git config --local --name-only --get-regexp 'core\.sshCommand' && git config --local --unset-all 'core.sshCommand' || :"
2026-10-06T16:57:05.9730834Z Removing HTTP extra header
2026-10-06T16:57:05.9734580Z [command]/usr/bin/git config --local --name-only --get-regexp http\.https\:\/\/github\.com\/\.extraheader
2026-10-06T16:57:05.9771124Z [command]/usr/bin/git submodule foreach --recursive sh -c "git config --local --name-only --get-regexp 'http\.https\:\/\/github\.com\/\.extraheader' && git config --local --unset-all 'http.https://github.com/.extraheader' || :"
2026-10-06T16:57:05.9991880Z Removing includeIf entries pointing to credentials config files
2026-10-06T16:57:05.9996996Z [command]/usr/bin/git config --local --name-only --get-regexp ^includeIf\.gitdir:
2026-10-06T16:57:06.0033783Z [command]/usr/bin/git submodule foreach --recursive git config --local --show-origin --name-only --get-regexp remote.origin.url
2026-10-06T16:57:06.0260907Z [command]/usr/bin/git config --file /home/runner/work/_temp/git-credentials-cc252f0b-f60b-48fe-8251-cb1a976b0e4f.config http.https://github.com/.extraheader AUTHORIZATION: basic ***
2026-10-06T16:57:06.0303357Z [command]/usr/bin/git config --local includeIf.gitdir:/home/runner/work/heliopause/heliopause/.git.path /home/runner/work/_temp/git-credentials-cc252f0b-f60b-48fe-8251-cb1a976b0e4f.config
2026-10-06T16:57:06.0372497Z [command]/usr/bin/git config --local includeIf.gitdir:/home/runner/work/heliopause/heliopause/.git/worktrees/*.path /home/runner/work/_temp/git-credentials-cc252f0b-f60b-48fe-8251-cb1a976b0e4f.config
2026-10-06T16:57:06.0386077Z [command]/usr/bin/git config --local includeIf.gitdir:/github/workspace/.git.path /github/runner_temp/git-credentials-cc252f0b-f60b-48fe-8251-cb1a976b0e4f.config
2026-10-06T16:57:06.0424814Z [command]/usr/bin/git config --local includeIf.gitdir:/github/workspace/.git/worktrees/*.path /github/runner_temp/git-credentials-cc252f0b-f60b-48fe-8251-cb1a976b0e4f.config
2026-10-06T16:57:06.0462184Z ##[endgroup]
2026-10-06T16:57:06.0463634Z ##[group]Fetching the repository
2026-10-06T16:57:06.0471136Z [command]/usr/bin/git -c protocol.version=2 fetch --no-tags --prune --no-recurse-submodules --depth=1 origin +5eee9420791fc2b7894a458cf9a834c9946caead:refs/remotes/pull/29/merge
2026-10-06T16:57:06.9513636Z From https://github.com/rahoney/heliopause
2026-10-06T16:57:06.9515164Z  * [new ref]         5eee9420791fc2b7894a458cf9a834c9946caead -> pull/29/merge
2026-10-06T16:57:06.9519778Z ##[endgroup]
2026-10-06T16:57:06.9521301Z ##[group]Determining the checkout info
2026-10-06T16:57:06.9522789Z ##[endgroup]
2026-10-06T16:57:06.9525807Z [command]/usr/bin/git sparse-checkout disable
2026-10-06T16:57:06.9584484Z [command]/usr/bin/git config --local --unset-all extensions.worktreeConfig
2026-10-06T16:57:06.9620702Z ##[group]Checking out the ref
2026-10-06T16:57:06.9624345Z [command]/usr/bin/git checkout --progress --force refs/remotes/pull/29/merge
2026-10-06T16:57:07.0634751Z Note: switching to 'refs/remotes/pull/29/merge'.
2026-10-06T16:57:07.0636729Z 
2026-10-06T16:57:07.0638086Z You are in 'detached HEAD' state. You can look around, make experimental
2026-10-06T16:57:07.0641780Z changes and commit them, and you can discard any commits you make in this
2026-10-06T16:57:07.0645621Z state without impacting any branches by switching back to a branch.
2026-10-06T16:57:07.0647847Z 
2026-10-06T16:57:07.0649029Z If you want to create a new branch to retain commits you create, you may
2026-10-06T16:57:07.0651438Z do so (now or later) by using -c with the switch command. Example:
2026-10-06T16:57:07.0653186Z 
2026-10-06T16:57:07.0653825Z   git switch -c <new-branch-name>
2026-10-06T16:57:07.0654830Z 
2026-10-06T16:57:07.0655436Z Or undo this operation with:
2026-10-06T16:57:07.0656628Z 
2026-10-06T16:57:07.0657175Z   git switch -
2026-10-06T16:57:07.0657872Z 
2026-10-06T16:57:07.0659222Z Turn off this advice by setting config variable advice.detachedHead to false
2026-10-06T16:57:07.0660991Z 
2026-10-06T16:57:07.0662776Z HEAD is now at 5eee942 Merge c106172bf8a7faff0ec01e4c3966ee5a6c854d4d into 62c3b595e8e27a4a1d836849643c372692a39b8b
2026-10-06T16:57:07.0668437Z ##[endgroup]
2026-10-06T16:57:07.0706861Z [command]/usr/bin/git log -1 --format=%H
2026-10-06T16:57:07.0736906Z 5eee9420791fc2b7894a458cf9a834c9946caead
2026-10-06T16:57:07.0746885Z ##[group]Removing auth
2026-10-06T16:57:07.0748291Z Removing SSH command configuration
2026-10-06T16:57:07.0750886Z [command]/usr/bin/git config --local --name-only --get-regexp core\.sshCommand
2026-10-06T16:57:07.0788124Z [command]/usr/bin/git submodule foreach --recursive sh -c "git config --local --name-only --get-regexp 'core\.sshCommand' && git config --local --unset-all 'core.sshCommand' || :"
2026-10-06T16:57:07.1012034Z Removing HTTP extra header
2026-10-06T16:57:07.1015319Z [command]/usr/bin/git config --local --name-only --get-regexp http\.https\:\/\/github\.com\/\.extraheader
2026-10-06T16:57:07.1055551Z [command]/usr/bin/git submodule foreach --recursive sh -c "git config --local --name-only --get-regexp 'http\.https\:\/\/github\.com\/\.extraheader' && git config --local --unset-all 'http.https://github.com/.extraheader' || :"
2026-10-06T16:57:07.1280472Z Removing includeIf entries pointing to credentials config files
2026-10-06T16:57:07.1283979Z [command]/usr/bin/git config --local --name-only --get-regexp ^includeIf\.gitdir:
2026-10-06T16:57:07.1321494Z includeif.gitdir:/home/runner/work/heliopause/heliopause/.git.path
2026-10-06T16:57:07.1324763Z includeif.gitdir:/home/runner/work/heliopause/heliopause/.git/worktrees/*.path
2026-10-06T16:57:07.1327350Z includeif.gitdir:/github/workspace/.git.path
2026-10-06T16:57:07.1329525Z includeif.gitdir:/github/workspace/.git/worktrees/*.path
2026-10-06T16:57:07.1333631Z [command]/usr/bin/git config --local --get-all includeif.gitdir:/home/runner/work/heliopause/heliopause/.git.path
2026-10-06T16:57:07.1357297Z /home/runner/work/_temp/git-credentials-cc252f0b-f60b-48fe-8251-cb1a976b0e4f.config
2026-10-06T16:57:07.1369047Z [command]/usr/bin/git config --local --unset includeif.gitdir:/home/runner/work/heliopause/heliopause/.git.path \/home\/runner\/work\/_temp\/git\-credentials\-cc252f0b\-f60b\-48fe\-8251\-cb1a976b0e4f\.config
2026-10-06T16:57:07.1406852Z [command]/usr/bin/git config --local --get-all includeif.gitdir:/home/runner/work/heliopause/heliopause/.git/worktrees/*.path
2026-10-06T16:57:07.1434287Z /home/runner/work/_temp/git-credentials-cc252f0b-f60b-48fe-8251-cb1a976b0e4f.config
2026-10-06T16:57:07.1446097Z [command]/usr/bin/git config --local --unset includeif.gitdir:/home/runner/work/heliopause/heliopause/.git/worktrees/*.path \/home\/runner\/work\/_temp\/git\-credentials\-cc252f0b\-f60b\-48fe\-8251\-cb1a976b0e4f\.config
2026-10-06T16:57:07.1498822Z [command]/usr/bin/git config --local --get-all includeif.gitdir:/github/workspace/.git.path
2026-10-06T16:57:07.1529555Z /github/runner_temp/git-credentials-cc252f0b-f60b-48fe-8251-cb1a976b0e4f.config
2026-10-06T16:57:07.1541961Z [command]/usr/bin/git config --local --unset includeif.gitdir:/github/workspace/.git.path \/github\/runner_temp\/git\-credentials\-cc252f0b\-f60b\-48fe\-8251\-cb1a976b0e4f\.config
2026-10-06T16:57:07.1577809Z [command]/usr/bin/git config --local --get-all includeif.gitdir:/github/workspace/.git/worktrees/*.path
2026-10-06T16:57:07.1604059Z /github/runner_temp/git-credentials-cc252f0b-f60b-48fe-8251-cb1a976b0e4f.config
2026-10-06T16:57:07.1655500Z [command]/usr/bin/git config --local --unset includeif.gitdir:/github/workspace/.git/worktrees/*.path \/github\/runner_temp\/git\-credentials\-cc252f0b\-f60b\-48fe\-8251\-cb1a976b0e4f\.config
2026-10-06T16:57:07.1709045Z [command]/usr/bin/git submodule foreach --recursive git config --local --show-origin --name-only --get-regexp remote.origin.url
2026-10-06T16:57:07.1931796Z Removing credentials config '/home/runner/work/_temp/git-credentials-cc252f0b-f60b-48fe-8251-cb1a976b0e4f.config'
2026-10-06T16:57:07.1940500Z ##[endgroup]
2026-10-06T16:57:07.2275301Z ##[group]Run actions/setup-go@b7ad1dad31e06c5925ef5d2fc7ad053ef454303e
2026-10-06T16:57:07.2277155Z with:
2026-10-06T16:57:07.2278011Z   go-version: 1.26.8
2026-10-06T16:57:07.2278995Z   check-latest: false
2026-10-06T16:57:07.2279957Z   cache: false
2026-10-06T16:57:07.2289264Z   token: ***
2026-10-06T16:57:07.2290152Z env:
2026-10-06T16:57:07.2291008Z   GOTOOLCHAIN: local
2026-10-06T16:57:07.2291953Z ##[endgroup]
2026-10-06T16:57:07.3483297Z Setup go version spec 1.26.8
2026-10-06T16:57:07.3570280Z Found in cache @ /opt/hostedtoolcache/go/1.26.8/x64
2026-10-06T16:57:07.3572701Z Added go to the path
2026-10-06T16:57:07.3574541Z Successfully set up Go version 1.26.8
2026-10-06T16:57:07.9854564Z go version go1.26.8 linux/amd64
2026-10-06T16:57:07.9854838Z 
2026-10-06T16:57:07.9855161Z ##[group]go env
2026-10-06T16:57:08.1322777Z AR='ar'
2026-10-06T16:57:08.1323214Z CC='gcc'
2026-10-06T16:57:08.1323572Z CGO_CFLAGS='-O2 -g'
2026-10-06T16:57:08.1323980Z CGO_CPPFLAGS=''
2026-10-06T16:57:08.1324527Z CGO_CXXFLAGS='-O2 -g'
2026-10-06T16:57:08.1324966Z CGO_ENABLED='1'
2026-10-06T16:57:08.1325343Z CGO_FFLAGS='-O2 -g'
2026-10-06T16:57:08.1326013Z CGO_LDFLAGS='-O2 -g'
2026-10-06T16:57:08.1326487Z CXX='g++'
2026-10-06T16:57:08.1326997Z GCCGO='gccgo'
2026-10-06T16:57:08.1327469Z GO111MODULE=''
2026-10-06T16:57:08.1327892Z GOAMD64='v1'
2026-10-06T16:57:08.1328315Z GOARCH='amd64'
2026-10-06T16:57:08.1328740Z GOAUTH='netrc'
2026-10-06T16:57:08.1329090Z GOBIN=''
2026-10-06T16:57:08.1329596Z GOCACHE='/home/runner/.cache/go-build'
2026-10-06T16:57:08.1330207Z GOCACHEPROG=''
2026-10-06T16:57:08.1330583Z GODEBUG=''
2026-10-06T16:57:08.1330995Z GOENV='/home/runner/.config/go/env'
2026-10-06T16:57:08.1331637Z GOEXE=''
2026-10-06T16:57:08.1332097Z GOEXPERIMENT=''
2026-10-06T16:57:08.1332619Z GOFIPS140='off'
2026-10-06T16:57:08.1333019Z GOFLAGS=''
2026-10-06T16:57:08.1334488Z GOGCCFLAGS='-fPIC -m64 -pthread -Wl,--no-gc-sections -fmessage-length=0 -ffile-prefix-map=/tmp/go-build1400706954=/tmp/go-build -gno-record-gcc-switches'
2026-10-06T16:57:08.1336573Z GOHOSTARCH='amd64'
2026-10-06T16:57:08.1337142Z GOHOSTOS='linux'
2026-10-06T16:57:08.1337605Z GOINSECURE=''
2026-10-06T16:57:08.1338229Z GOMOD='/home/runner/work/heliopause/heliopause/go.mod'
2026-10-06T16:57:08.1338995Z GOMODCACHE='/home/runner/go/pkg/mod'
2026-10-06T16:57:08.1339510Z GONOPROXY=''
2026-10-06T16:57:08.1340260Z GONOSUMDB=''
2026-10-06T16:57:08.1340646Z GOOS='linux'
2026-10-06T16:57:08.1341051Z GOPATH='/home/runner/go'
2026-10-06T16:57:08.1341525Z GOPRIVATE=''
2026-10-06T16:57:08.1342280Z GOPROXY='https://proxy.golang.org,direct'
2026-10-06T16:57:08.1342934Z GOROOT='/opt/hostedtoolcache/go/1.26.8/x64'
2026-10-06T16:57:08.1343550Z GOSUMDB='sum.golang.org'
2026-10-06T16:57:08.1344020Z GOTELEMETRY='local'
2026-10-06T16:57:08.1344563Z GOTELEMETRYDIR='/home/runner/.config/go/telemetry'
2026-10-06T16:57:08.1345150Z GOTMPDIR=''
2026-10-06T16:57:08.1345538Z GOTOOLCHAIN='local'
2026-10-06T16:57:08.1346452Z GOTOOLDIR='/opt/hostedtoolcache/go/1.26.8/x64/pkg/tool/linux_amd64'
2026-10-06T16:57:08.1347174Z GOVCS=''
2026-10-06T16:57:08.1347562Z GOVERSION='go1.26.8'
2026-10-06T16:57:08.1347980Z GOWORK=''
2026-10-06T16:57:08.1348368Z PKG_CONFIG='pkg-config'
2026-10-06T16:57:08.1348666Z 
2026-10-06T16:57:08.1349308Z ##[endgroup]
2026-10-06T16:57:08.1481367Z ##[group]Run go run ./scripts/check bootstrap-modules
2026-10-06T16:57:08.1481882Z [36;1mgo run ./scripts/check bootstrap-modules[0m
2026-10-06T16:57:08.1741280Z shell: /usr/bin/bash -e {0}
2026-10-06T16:57:08.1741615Z env:
2026-10-06T16:57:08.1741849Z   GOTOOLCHAIN: local
2026-10-06T16:57:08.1742250Z   HELOX_TOOL_CACHE: /home/runner/work/_temp/heliopause-platform-tools
2026-10-06T16:57:08.1742723Z ##[endgroup]
2026-10-06T16:57:08.4198190Z go: downloading go.yaml.in/yaml/v3 v3.0.4
2026-10-06T16:57:26.8592366Z [check] prepare module cache
2026-10-06T16:57:26.8593329Z [check] download product modules
2026-10-06T16:57:28.1780901Z ##[group]Run go run ./scripts/check platform
2026-10-06T16:57:28.1781294Z [36;1mgo run ./scripts/check platform[0m
2026-10-06T16:57:28.1783709Z shell: /bin/bash --noprofile --norc -e -u -o pipefail {0}
2026-10-06T16:57:28.1784041Z env:
2026-10-06T16:57:28.1784230Z   GOTOOLCHAIN: local
2026-10-06T16:57:28.1784554Z   HELOX_TOOL_CACHE: /home/runner/work/_temp/heliopause-platform-tools
2026-10-06T16:57:28.1784923Z ##[endgroup]
2026-10-06T16:57:28.2883597Z [check] production build
2026-10-06T16:57:51.9632503Z [check] default test
2026-10-06T16:58:50.8179237Z Post job cleanup.
2026-10-06T16:58:50.9648106Z Post job cleanup.
2026-10-06T16:58:51.0590060Z [command]/usr/bin/git version
2026-10-06T16:58:51.0640398Z git version 2.55.0
2026-10-06T16:58:51.0680865Z Temporarily overriding HOME='/home/runner/work/_temp/53115e57-3e93-4e77-b79a-40ed97827dec' before making global git config changes
2026-10-06T16:58:51.0682334Z Adding repository directory to the temporary git global config as a safe directory
2026-10-06T16:58:51.0688329Z [command]/usr/bin/git config --global --add safe.directory /home/runner/work/heliopause/heliopause
2026-10-06T16:58:51.0725194Z Removing SSH command configuration
2026-10-06T16:58:51.0733133Z [command]/usr/bin/git config --local --name-only --get-regexp core\.sshCommand
2026-10-06T16:58:51.0781278Z [command]/usr/bin/git submodule foreach --recursive sh -c "git config --local --name-only --get-regexp 'core\.sshCommand' && git config --local --unset-all 'core.sshCommand' || :"
2026-10-06T16:58:51.1039272Z Removing HTTP extra header
2026-10-06T16:58:51.1045385Z [command]/usr/bin/git config --local --name-only --get-regexp http\.https\:\/\/github\.com\/\.extraheader
2026-10-06T16:58:51.1083965Z [command]/usr/bin/git submodule foreach --recursive sh -c "git config --local --name-only --get-regexp 'http\.https\:\/\/github\.com\/\.extraheader' && git config --local --unset-all 'http.https://github.com/.extraheader' || :"
2026-10-06T16:58:51.1341431Z Removing includeIf entries pointing to credentials config files
2026-10-06T16:58:51.1349144Z [command]/usr/bin/git config --local --name-only --get-regexp ^includeIf\.gitdir:
2026-10-06T16:58:51.1392841Z [command]/usr/bin/git submodule foreach --recursive git config --local --show-origin --name-only --get-regexp remote.origin.url
2026-10-06T16:58:51.1818915Z Cleaning up orphan processes
