2026-10-06T17:26:49.4775418Z Current runner version: '2.337.0'
2026-10-06T17:26:49.4800662Z ##[group]Runner Image Provisioner
2026-10-06T17:26:49.4801498Z Hosted Compute Agent
2026-10-06T17:26:49.4802378Z Version: 20261002.596
2026-10-06T17:26:49.4803089Z Commit: c3d12f3313a95f25162a1503be624f3b0617f8c0
2026-10-06T17:26:49.4803830Z Build Date: 2026-10-02T22:28:27Z
2026-10-06T17:26:49.4804596Z Worker ID: {aa0d3fa7-d877-4339-97cd-75b3f6561326}
2026-10-06T17:26:49.4805311Z Region: eastus
2026-10-06T17:26:49.4805924Z Cloud: Azure
2026-10-06T17:26:49.4806509Z ##[endgroup]
2026-10-06T17:26:49.4808380Z ##[group]Operating System
2026-10-06T17:26:49.4809153Z Ubuntu
2026-10-06T17:26:49.4809683Z 24.04.5
2026-10-06T17:26:49.4810173Z LTS
2026-10-06T17:26:49.4810781Z ##[endgroup]
2026-10-06T17:26:49.4811335Z ##[group]Runner Image
2026-10-06T17:26:49.4812021Z Image: ubuntu-24.04
2026-10-06T17:26:49.4812998Z Version: 20261004.327.1
2026-10-06T17:26:49.4814351Z Included Software: https://github.com/actions/runner-images/blob/ubuntu24/20261004.327/images/ubuntu/Ubuntu2404-Readme.md
2026-10-06T17:26:49.4815984Z Image Release: https://github.com/actions/runner-images/releases/tag/ubuntu24%2F20261004.327
2026-10-06T17:26:49.4817002Z ##[endgroup]
2026-10-06T17:26:49.4818138Z ##[group]GITHUB_TOKEN Permissions
2026-10-06T17:26:49.4820357Z Contents: read
2026-10-06T17:26:49.4821055Z Metadata: read
2026-10-06T17:26:49.4821619Z ##[endgroup]
2026-10-06T17:26:49.4823951Z Secret source: Actions
2026-10-06T17:26:49.4824869Z Cache mode: write
2026-10-06T17:26:49.4825963Z Prepare workflow directory
2026-10-06T17:26:49.5307505Z Prepare all required actions
2026-10-06T17:26:49.5354973Z Getting action download info
2026-10-06T17:26:49.7650584Z Download action repository 'actions/checkout@3d3c42e5aac5ba805825da76410c181273ba90b1' (SHA:3d3c42e5aac5ba805825da76410c181273ba90b1)
2026-10-06T17:26:49.8959091Z Download action repository 'actions/setup-go@b7ad1dad31e06c5925ef5d2fc7ad053ef454303e' (SHA:b7ad1dad31e06c5925ef5d2fc7ad053ef454303e)
2026-10-06T17:26:50.1731376Z Complete job name: Security
2026-10-06T17:26:50.2611543Z ##[group]Run actions/checkout@3d3c42e5aac5ba805825da76410c181273ba90b1
2026-10-06T17:26:50.2612862Z with:
2026-10-06T17:26:50.2613338Z   persist-credentials: false
2026-10-06T17:26:50.2613886Z   repository: rahoney/heliopause
2026-10-06T17:26:50.2617610Z   token: ***
2026-10-06T17:26:50.2618058Z   ssh-strict: true
2026-10-06T17:26:50.2618508Z   ssh-user: git
2026-10-06T17:26:50.2618945Z   clean: true
2026-10-06T17:26:50.2619409Z   sparse-checkout-cone-mode: true
2026-10-06T17:26:50.2619952Z   fetch-depth: 1
2026-10-06T17:26:50.2620407Z   fetch-tags: false
2026-10-06T17:26:50.2620862Z   show-progress: true
2026-10-06T17:26:50.2621325Z   lfs: false
2026-10-06T17:26:50.2621747Z   submodules: false
2026-10-06T17:26:50.2622379Z   set-safe-directory: true
2026-10-06T17:26:50.2622941Z   allow-unsafe-pr-checkout: false
2026-10-06T17:26:50.2623715Z env:
2026-10-06T17:26:50.2624133Z   GOTOOLCHAIN: local
2026-10-06T17:26:50.2624590Z ##[endgroup]
2026-10-06T17:26:50.3685593Z Syncing repository: rahoney/heliopause
2026-10-06T17:26:50.3688142Z ##[group]Getting Git version info
2026-10-06T17:26:50.3689897Z Working directory is '/home/runner/work/heliopause/heliopause'
2026-10-06T17:26:50.3691707Z [command]/usr/bin/git version
2026-10-06T17:26:50.3759156Z git version 2.55.0
2026-10-06T17:26:50.3781149Z ##[endgroup]
2026-10-06T17:26:50.3793325Z Temporarily overriding HOME='/home/runner/work/_temp/5f0590a2-b777-4e98-9dd6-9a9e2cc57ac3' before making global git config changes
2026-10-06T17:26:50.3795813Z Adding repository directory to the temporary git global config as a safe directory
2026-10-06T17:26:50.3800253Z [command]/usr/bin/git config --global --add safe.directory /home/runner/work/heliopause/heliopause
2026-10-06T17:26:50.3853231Z Deleting the contents of '/home/runner/work/heliopause/heliopause'
2026-10-06T17:26:50.3861885Z ##[group]Determining repository object format
2026-10-06T17:26:50.3863510Z ##[endgroup]
2026-10-06T17:26:50.3864415Z ##[group]Initializing the repository
2026-10-06T17:26:50.3865477Z [command]/usr/bin/git init /home/runner/work/heliopause/heliopause
2026-10-06T17:26:50.3975788Z hint: Using 'master' as the name for the initial branch. This default branch name
2026-10-06T17:26:50.3977870Z hint: will change to "main" in Git 3.0. To configure the initial branch name
2026-10-06T17:26:50.3980083Z hint: to use in all of your new repositories, which will suppress this warning,
2026-10-06T17:26:50.3981576Z hint: call:
2026-10-06T17:26:50.3982747Z hint:
2026-10-06T17:26:50.3983788Z hint: 	git config --global init.defaultBranch <name>
2026-10-06T17:26:50.3984961Z hint:
2026-10-06T17:26:50.3986065Z hint: Names commonly chosen instead of 'master' are 'main', 'trunk' and
2026-10-06T17:26:50.3987899Z hint: 'development'. The just-created branch can be renamed via this command:
2026-10-06T17:26:50.3989727Z hint:
2026-10-06T17:26:50.3990869Z hint: 	git branch -m <name>
2026-10-06T17:26:50.3991919Z hint:
2026-10-06T17:26:50.3993627Z hint: Disable this message with "git config set advice.defaultBranchName false"
2026-10-06T17:26:50.3995613Z Initialized empty Git repository in /home/runner/work/heliopause/heliopause/.git/
2026-10-06T17:26:50.3999625Z [command]/usr/bin/git remote add origin https://github.com/rahoney/heliopause
2026-10-06T17:26:50.4039402Z ##[endgroup]
2026-10-06T17:26:50.4040863Z ##[group]Disabling automatic garbage collection
2026-10-06T17:26:50.4044519Z [command]/usr/bin/git config --local gc.auto 0
2026-10-06T17:26:50.4078030Z ##[endgroup]
2026-10-06T17:26:50.4079465Z ##[group]Setting up auth
2026-10-06T17:26:50.4083375Z Removing SSH command configuration
2026-10-06T17:26:50.4085118Z [command]/usr/bin/git config --local --name-only --get-regexp core\.sshCommand
2026-10-06T17:26:50.4143832Z [command]/usr/bin/git submodule foreach --recursive sh -c "git config --local --name-only --get-regexp 'core\.sshCommand' && git config --local --unset-all 'core.sshCommand' || :"
2026-10-06T17:26:50.4490570Z Removing HTTP extra header
2026-10-06T17:26:50.4506617Z [command]/usr/bin/git config --local --name-only --get-regexp http\.https\:\/\/github\.com\/\.extraheader
2026-10-06T17:26:50.4547620Z [command]/usr/bin/git submodule foreach --recursive sh -c "git config --local --name-only --get-regexp 'http\.https\:\/\/github\.com\/\.extraheader' && git config --local --unset-all 'http.https://github.com/.extraheader' || :"
2026-10-06T17:26:50.4773252Z Removing includeIf entries pointing to credentials config files
2026-10-06T17:26:50.4778474Z [command]/usr/bin/git config --local --name-only --get-regexp ^includeIf\.gitdir:
2026-10-06T17:26:50.4814177Z [command]/usr/bin/git submodule foreach --recursive git config --local --show-origin --name-only --get-regexp remote.origin.url
2026-10-06T17:26:50.5042937Z [command]/usr/bin/git config --file /home/runner/work/_temp/git-credentials-d52fe440-acd6-48fd-ba45-10bfb943b8c8.config http.https://github.com/.extraheader AUTHORIZATION: basic ***
2026-10-06T17:26:50.5086158Z [command]/usr/bin/git config --local includeIf.gitdir:/home/runner/work/heliopause/heliopause/.git.path /home/runner/work/_temp/git-credentials-d52fe440-acd6-48fd-ba45-10bfb943b8c8.config
2026-10-06T17:26:50.5121160Z [command]/usr/bin/git config --local includeIf.gitdir:/home/runner/work/heliopause/heliopause/.git/worktrees/*.path /home/runner/work/_temp/git-credentials-d52fe440-acd6-48fd-ba45-10bfb943b8c8.config
2026-10-06T17:26:50.5160560Z [command]/usr/bin/git config --local includeIf.gitdir:/github/workspace/.git.path /github/runner_temp/git-credentials-d52fe440-acd6-48fd-ba45-10bfb943b8c8.config
2026-10-06T17:26:50.5199922Z [command]/usr/bin/git config --local includeIf.gitdir:/github/workspace/.git/worktrees/*.path /github/runner_temp/git-credentials-d52fe440-acd6-48fd-ba45-10bfb943b8c8.config
2026-10-06T17:26:50.5232546Z ##[endgroup]
2026-10-06T17:26:50.5234090Z ##[group]Fetching the repository
2026-10-06T17:26:50.5239700Z [command]/usr/bin/git -c protocol.version=2 fetch --no-tags --prune --no-recurse-submodules --depth=1 origin +c375a45baa7a3a224053312459dcfb527e41e3d0:refs/remotes/pull/29/merge
2026-10-06T17:26:51.0891414Z From https://github.com/rahoney/heliopause
2026-10-06T17:26:51.0893922Z  * [new ref]         c375a45baa7a3a224053312459dcfb527e41e3d0 -> pull/29/merge
2026-10-06T17:26:51.0899847Z ##[endgroup]
2026-10-06T17:26:51.0901437Z ##[group]Determining the checkout info
2026-10-06T17:26:51.0903456Z ##[endgroup]
2026-10-06T17:26:51.0904788Z [command]/usr/bin/git sparse-checkout disable
2026-10-06T17:26:51.0969485Z [command]/usr/bin/git config --local --unset-all extensions.worktreeConfig
2026-10-06T17:26:51.1010190Z ##[group]Checking out the ref
2026-10-06T17:26:51.1014550Z [command]/usr/bin/git checkout --progress --force refs/remotes/pull/29/merge
2026-10-06T17:26:51.2052601Z Note: switching to 'refs/remotes/pull/29/merge'.
2026-10-06T17:26:51.2053521Z 
2026-10-06T17:26:51.2054105Z You are in 'detached HEAD' state. You can look around, make experimental
2026-10-06T17:26:51.2055422Z changes and commit them, and you can discard any commits you make in this
2026-10-06T17:26:51.2056789Z state without impacting any branches by switching back to a branch.
2026-10-06T17:26:51.2057531Z 
2026-10-06T17:26:51.2058116Z If you want to create a new branch to retain commits you create, you may
2026-10-06T17:26:51.2059749Z do so (now or later) by using -c with the switch command. Example:
2026-10-06T17:26:51.2060490Z 
2026-10-06T17:26:51.2060854Z   git switch -c <new-branch-name>
2026-10-06T17:26:51.2061405Z 
2026-10-06T17:26:51.2061974Z Or undo this operation with:
2026-10-06T17:26:51.2063181Z 
2026-10-06T17:26:51.2063728Z   git switch -
2026-10-06T17:26:51.2064636Z 
2026-10-06T17:26:51.2065758Z Turn off this advice by setting config variable advice.detachedHead to false
2026-10-06T17:26:51.2067261Z 
2026-10-06T17:26:51.2069433Z HEAD is now at c375a45 Merge 132baead052842deddc63c6016c7d2811958cb0a into 62c3b595e8e27a4a1d836849643c372692a39b8b
2026-10-06T17:26:51.2075935Z ##[endgroup]
2026-10-06T17:26:51.2124383Z [command]/usr/bin/git log -1 --format=%H
2026-10-06T17:26:51.2153456Z c375a45baa7a3a224053312459dcfb527e41e3d0
2026-10-06T17:26:51.2162872Z ##[group]Removing auth
2026-10-06T17:26:51.2165917Z Removing SSH command configuration
2026-10-06T17:26:51.2168069Z [command]/usr/bin/git config --local --name-only --get-regexp core\.sshCommand
2026-10-06T17:26:51.2205108Z [command]/usr/bin/git submodule foreach --recursive sh -c "git config --local --name-only --get-regexp 'core\.sshCommand' && git config --local --unset-all 'core.sshCommand' || :"
2026-10-06T17:26:51.2436111Z Removing HTTP extra header
2026-10-06T17:26:51.2439226Z [command]/usr/bin/git config --local --name-only --get-regexp http\.https\:\/\/github\.com\/\.extraheader
2026-10-06T17:26:51.2485345Z [command]/usr/bin/git submodule foreach --recursive sh -c "git config --local --name-only --get-regexp 'http\.https\:\/\/github\.com\/\.extraheader' && git config --local --unset-all 'http.https://github.com/.extraheader' || :"
2026-10-06T17:26:51.2711709Z Removing includeIf entries pointing to credentials config files
2026-10-06T17:26:51.2715914Z [command]/usr/bin/git config --local --name-only --get-regexp ^includeIf\.gitdir:
2026-10-06T17:26:51.2741892Z includeif.gitdir:/home/runner/work/heliopause/heliopause/.git.path
2026-10-06T17:26:51.2745090Z includeif.gitdir:/home/runner/work/heliopause/heliopause/.git/worktrees/*.path
2026-10-06T17:26:51.2747585Z includeif.gitdir:/github/workspace/.git.path
2026-10-06T17:26:51.2750152Z includeif.gitdir:/github/workspace/.git/worktrees/*.path
2026-10-06T17:26:51.2756650Z [command]/usr/bin/git config --local --get-all includeif.gitdir:/home/runner/work/heliopause/heliopause/.git.path
2026-10-06T17:26:51.2778439Z /home/runner/work/_temp/git-credentials-d52fe440-acd6-48fd-ba45-10bfb943b8c8.config
2026-10-06T17:26:51.2792871Z [command]/usr/bin/git config --local --unset includeif.gitdir:/home/runner/work/heliopause/heliopause/.git.path \/home\/runner\/work\/_temp\/git\-credentials\-d52fe440\-acd6\-48fd\-ba45\-10bfb943b8c8\.config
2026-10-06T17:26:51.2829472Z [command]/usr/bin/git config --local --get-all includeif.gitdir:/home/runner/work/heliopause/heliopause/.git/worktrees/*.path
2026-10-06T17:26:51.2856389Z /home/runner/work/_temp/git-credentials-d52fe440-acd6-48fd-ba45-10bfb943b8c8.config
2026-10-06T17:26:51.2868163Z [command]/usr/bin/git config --local --unset includeif.gitdir:/home/runner/work/heliopause/heliopause/.git/worktrees/*.path \/home\/runner\/work\/_temp\/git\-credentials\-d52fe440\-acd6\-48fd\-ba45\-10bfb943b8c8\.config
2026-10-06T17:26:51.2904030Z [command]/usr/bin/git config --local --get-all includeif.gitdir:/github/workspace/.git.path
2026-10-06T17:26:51.2932482Z /github/runner_temp/git-credentials-d52fe440-acd6-48fd-ba45-10bfb943b8c8.config
2026-10-06T17:26:51.2941342Z [command]/usr/bin/git config --local --unset includeif.gitdir:/github/workspace/.git.path \/github\/runner_temp\/git\-credentials\-d52fe440\-acd6\-48fd\-ba45\-10bfb943b8c8\.config
2026-10-06T17:26:51.2975894Z [command]/usr/bin/git config --local --get-all includeif.gitdir:/github/workspace/.git/worktrees/*.path
2026-10-06T17:26:51.3002363Z /github/runner_temp/git-credentials-d52fe440-acd6-48fd-ba45-10bfb943b8c8.config
2026-10-06T17:26:51.3056509Z [command]/usr/bin/git config --local --unset includeif.gitdir:/github/workspace/.git/worktrees/*.path \/github\/runner_temp\/git\-credentials\-d52fe440\-acd6\-48fd\-ba45\-10bfb943b8c8\.config
2026-10-06T17:26:51.3092577Z [command]/usr/bin/git submodule foreach --recursive git config --local --show-origin --name-only --get-regexp remote.origin.url
2026-10-06T17:26:51.3322907Z Removing credentials config '/home/runner/work/_temp/git-credentials-d52fe440-acd6-48fd-ba45-10bfb943b8c8.config'
2026-10-06T17:26:51.3331136Z ##[endgroup]
2026-10-06T17:26:51.3726809Z ##[group]Run actions/setup-go@b7ad1dad31e06c5925ef5d2fc7ad053ef454303e
2026-10-06T17:26:51.3728334Z with:
2026-10-06T17:26:51.3729169Z   go-version: 1.26.8
2026-10-06T17:26:51.3730106Z   check-latest: false
2026-10-06T17:26:51.3731047Z   cache: false
2026-10-06T17:26:51.3739256Z   token: ***
2026-10-06T17:26:51.3740138Z env:
2026-10-06T17:26:51.3740980Z   GOTOOLCHAIN: local
2026-10-06T17:26:51.3741918Z ##[endgroup]
2026-10-06T17:26:51.4927445Z Setup go version spec 1.26.8
2026-10-06T17:26:51.5089841Z Found in cache @ /opt/hostedtoolcache/go/1.26.8/x64
2026-10-06T17:26:51.5092028Z Added go to the path
2026-10-06T17:26:51.5093822Z Successfully set up Go version 1.26.8
2026-10-06T17:26:52.2089379Z go version go1.26.8 linux/amd64
2026-10-06T17:26:52.2089744Z 
2026-10-06T17:26:52.2090110Z ##[group]go env
2026-10-06T17:26:52.5666458Z AR='ar'
2026-10-06T17:26:52.5666943Z CC='gcc'
2026-10-06T17:26:52.5667359Z CGO_CFLAGS='-O2 -g'
2026-10-06T17:26:52.5667799Z CGO_CPPFLAGS=''
2026-10-06T17:26:52.5668336Z CGO_CXXFLAGS='-O2 -g'
2026-10-06T17:26:52.5668772Z CGO_ENABLED='1'
2026-10-06T17:26:52.5669238Z CGO_FFLAGS='-O2 -g'
2026-10-06T17:26:52.5669686Z CGO_LDFLAGS='-O2 -g'
2026-10-06T17:26:52.5670124Z CXX='g++'
2026-10-06T17:26:52.5670576Z GCCGO='gccgo'
2026-10-06T17:26:52.5670988Z GO111MODULE=''
2026-10-06T17:26:52.5671435Z GOAMD64='v1'
2026-10-06T17:26:52.5671874Z GOARCH='amd64'
2026-10-06T17:26:52.5672581Z GOAUTH='netrc'
2026-10-06T17:26:52.5673030Z GOBIN=''
2026-10-06T17:26:52.5673530Z GOCACHE='/home/runner/.cache/go-build'
2026-10-06T17:26:52.5674059Z GOCACHEPROG=''
2026-10-06T17:26:52.5674507Z GODEBUG=''
2026-10-06T17:26:52.5674960Z GOENV='/home/runner/.config/go/env'
2026-10-06T17:26:52.5675497Z GOEXE=''
2026-10-06T17:26:52.5675900Z GOEXPERIMENT=''
2026-10-06T17:26:52.5676447Z GOFIPS140='off'
2026-10-06T17:26:52.5676884Z GOFLAGS=''
2026-10-06T17:26:52.5678165Z GOGCCFLAGS='-fPIC -m64 -pthread -Wl,--no-gc-sections -fmessage-length=0 -ffile-prefix-map=/tmp/go-build2778119536=/tmp/go-build -gno-record-gcc-switches'
2026-10-06T17:26:52.5679454Z GOHOSTARCH='amd64'
2026-10-06T17:26:52.5679910Z GOHOSTOS='linux'
2026-10-06T17:26:52.5680436Z GOINSECURE=''
2026-10-06T17:26:52.5681054Z GOMOD='/home/runner/work/heliopause/heliopause/go.mod'
2026-10-06T17:26:52.5681606Z GOMODCACHE='/home/runner/go/pkg/mod'
2026-10-06T17:26:52.5682254Z GONOPROXY=''
2026-10-06T17:26:52.5683256Z GONOSUMDB=''
2026-10-06T17:26:52.5683660Z GOOS='linux'
2026-10-06T17:26:52.5683986Z GOPATH='/home/runner/go'
2026-10-06T17:26:52.5684351Z GOPRIVATE=''
2026-10-06T17:26:52.5684753Z GOPROXY='https://proxy.golang.org,direct'
2026-10-06T17:26:52.5685257Z GOROOT='/opt/hostedtoolcache/go/1.26.8/x64'
2026-10-06T17:26:52.5685699Z GOSUMDB='sum.golang.org'
2026-10-06T17:26:52.5686043Z GOTELEMETRY='local'
2026-10-06T17:26:52.5686443Z GOTELEMETRYDIR='/home/runner/.config/go/telemetry'
2026-10-06T17:26:52.5686884Z GOTMPDIR=''
2026-10-06T17:26:52.5687180Z GOTOOLCHAIN='local'
2026-10-06T17:26:52.5687670Z GOTOOLDIR='/opt/hostedtoolcache/go/1.26.8/x64/pkg/tool/linux_amd64'
2026-10-06T17:26:52.5688226Z GOVCS=''
2026-10-06T17:26:52.5688529Z GOVERSION='go1.26.8'
2026-10-06T17:26:52.5688816Z GOWORK=''
2026-10-06T17:26:52.5689123Z PKG_CONFIG='pkg-config'
2026-10-06T17:26:52.5689340Z 
2026-10-06T17:26:52.5689861Z ##[endgroup]
2026-10-06T17:26:52.5841801Z ##[group]Run go run ./scripts/check bootstrap
2026-10-06T17:26:52.5842668Z [36;1mgo run ./scripts/check bootstrap[0m
2026-10-06T17:26:52.6098687Z shell: /usr/bin/bash -e {0}
2026-10-06T17:26:52.6099171Z env:
2026-10-06T17:26:52.6099543Z   GOTOOLCHAIN: local
2026-10-06T17:26:52.6100134Z   HELOX_TOOL_CACHE: /home/runner/work/_temp/heliopause-quality-tools
2026-10-06T17:26:52.6100794Z ##[endgroup]
2026-10-06T17:26:52.7925810Z go: downloading go.yaml.in/yaml/v3 v3.0.4
2026-10-06T17:27:09.3836911Z [check] prepare module cache
2026-10-06T17:27:09.3837774Z [check] download product modules
2026-10-06T17:27:11.0328706Z [check] prepare quality tool cache
2026-10-06T17:27:11.0329432Z [check] install staticcheck
2026-10-06T17:27:34.9284369Z [check] verify staticcheck identity
2026-10-06T17:27:34.9349555Z [check] install gosec
2026-10-06T17:28:20.4285263Z [check] verify gosec identity
2026-10-06T17:28:20.4773908Z [check] install govulncheck
2026-10-06T17:28:24.5340870Z [check] verify govulncheck identity
2026-10-06T17:28:24.6173330Z [check] install gitleaks
2026-10-06T17:28:24.7823463Z [check] verify gitleaks identity
2026-10-06T17:28:24.7847125Z [check] install actionlint
2026-10-06T17:28:29.2361589Z [check] verify actionlint identity
2026-10-06T17:28:29.3372290Z ##[group]Run go run ./scripts/check security
2026-10-06T17:28:29.3372758Z [36;1mgo run ./scripts/check security[0m
2026-10-06T17:28:29.3442560Z shell: /usr/bin/bash -e {0}
2026-10-06T17:28:29.3442853Z env:
2026-10-06T17:28:29.3443082Z   GOTOOLCHAIN: local
2026-10-06T17:28:29.3443465Z   HELOX_TOOL_CACHE: /home/runner/work/_temp/heliopause-quality-tools
2026-10-06T17:28:29.3443906Z ##[endgroup]
2026-10-06T17:28:29.4400533Z [check] gosec
2026-10-06T17:28:51.4813633Z [check] Gitleaks current tree
2026-10-06T17:28:52.9086153Z Post job cleanup.
2026-10-06T17:28:53.0456557Z Post job cleanup.
2026-10-06T17:28:53.1333809Z [command]/usr/bin/git version
2026-10-06T17:28:53.1378199Z git version 2.55.0
2026-10-06T17:28:53.1416463Z Temporarily overriding HOME='/home/runner/work/_temp/8a895c86-6b5a-4b57-8b11-c9180c3173c2' before making global git config changes
2026-10-06T17:28:53.1417942Z Adding repository directory to the temporary git global config as a safe directory
2026-10-06T17:28:53.1421493Z [command]/usr/bin/git config --global --add safe.directory /home/runner/work/heliopause/heliopause
2026-10-06T17:28:53.1454627Z Removing SSH command configuration
2026-10-06T17:28:53.1461404Z [command]/usr/bin/git config --local --name-only --get-regexp core\.sshCommand
2026-10-06T17:28:53.1497386Z [command]/usr/bin/git submodule foreach --recursive sh -c "git config --local --name-only --get-regexp 'core\.sshCommand' && git config --local --unset-all 'core.sshCommand' || :"
2026-10-06T17:28:53.1734522Z Removing HTTP extra header
2026-10-06T17:28:53.1744695Z [command]/usr/bin/git config --local --name-only --get-regexp http\.https\:\/\/github\.com\/\.extraheader
2026-10-06T17:28:53.1775158Z [command]/usr/bin/git submodule foreach --recursive sh -c "git config --local --name-only --get-regexp 'http\.https\:\/\/github\.com\/\.extraheader' && git config --local --unset-all 'http.https://github.com/.extraheader' || :"
2026-10-06T17:28:53.2051567Z Removing includeIf entries pointing to credentials config files
2026-10-06T17:28:53.2055637Z [command]/usr/bin/git config --local --name-only --get-regexp ^includeIf\.gitdir:
2026-10-06T17:28:53.2079102Z [command]/usr/bin/git submodule foreach --recursive git config --local --show-origin --name-only --get-regexp remote.origin.url
2026-10-06T17:28:53.2478880Z Cleaning up orphan processes
