2026-10-06T16:41:14.9525756Z Current runner version: '2.337.0'
2026-10-06T16:41:14.9549935Z ##[group]Runner Image Provisioner
2026-10-06T16:41:14.9550801Z Hosted Compute Agent
2026-10-06T16:41:14.9551981Z Version: 20260901.588
2026-10-06T16:41:14.9552685Z Commit: f88ec8081b781fac6c440065ac7ff9e710ce3d0b
2026-10-06T16:41:14.9553485Z Build Date: 2026-09-01T19:56:44Z
2026-10-06T16:41:14.9554210Z Worker ID: {12085dd5-b4c2-46ad-9c6a-c98f22b69db0}
2026-10-06T16:41:14.9554968Z Azure Region: westcentralus
2026-10-06T16:41:14.9555686Z ##[endgroup]
2026-10-06T16:41:14.9557194Z ##[group]Operating System
2026-10-06T16:41:14.9557852Z Ubuntu
2026-10-06T16:41:14.9558483Z 24.04.5
2026-10-06T16:41:14.9559064Z LTS
2026-10-06T16:41:14.9559747Z ##[endgroup]
2026-10-06T16:41:14.9560366Z ##[group]Runner Image
2026-10-06T16:41:14.9561209Z Image: ubuntu-24.04
2026-10-06T16:41:14.9561888Z Version: 20260927.320.1
2026-10-06T16:41:14.9563147Z Included Software: https://github.com/actions/runner-images/blob/ubuntu24/20260927.320/images/ubuntu/Ubuntu2404-Readme.md
2026-10-06T16:41:14.9564803Z Image Release: https://github.com/actions/runner-images/releases/tag/ubuntu24%2F20260927.320
2026-10-06T16:41:14.9565800Z ##[endgroup]
2026-10-06T16:41:14.9566997Z ##[group]GITHUB_TOKEN Permissions
2026-10-06T16:41:14.9568825Z Contents: read
2026-10-06T16:41:14.9569645Z Metadata: read
2026-10-06T16:41:14.9570272Z ##[endgroup]
2026-10-06T16:41:14.9574047Z Secret source: Actions
2026-10-06T16:41:14.9575433Z Cache mode: write
2026-10-06T16:41:14.9576335Z Prepare workflow directory
2026-10-06T16:41:14.9993571Z Prepare all required actions
2026-10-06T16:41:15.0042221Z Getting action download info
2026-10-06T16:41:15.3129041Z Download action repository 'actions/checkout@3d3c42e5aac5ba805825da76410c181273ba90b1' (SHA:3d3c42e5aac5ba805825da76410c181273ba90b1)
2026-10-06T16:41:15.3977555Z Download action repository 'actions/setup-go@b7ad1dad31e06c5925ef5d2fc7ad053ef454303e' (SHA:b7ad1dad31e06c5925ef5d2fc7ad053ef454303e)
2026-10-06T16:41:16.1099193Z Complete job name: Vulnerability
2026-10-06T16:41:16.1895953Z ##[group]Run actions/checkout@3d3c42e5aac5ba805825da76410c181273ba90b1
2026-10-06T16:41:16.1897139Z with:
2026-10-06T16:41:16.1897659Z   persist-credentials: false
2026-10-06T16:41:16.1898275Z   repository: rahoney/heliopause
2026-10-06T16:41:16.1902478Z   token: ***
2026-10-06T16:41:16.1902993Z   ssh-strict: true
2026-10-06T16:41:16.1903486Z   ssh-user: git
2026-10-06T16:41:16.1903968Z   clean: true
2026-10-06T16:41:16.1904472Z   sparse-checkout-cone-mode: true
2026-10-06T16:41:16.1905070Z   fetch-depth: 1
2026-10-06T16:41:16.1905564Z   fetch-tags: false
2026-10-06T16:41:16.1906078Z   show-progress: true
2026-10-06T16:41:16.1906592Z   lfs: false
2026-10-06T16:41:16.1907071Z   submodules: false
2026-10-06T16:41:16.1907594Z   set-safe-directory: true
2026-10-06T16:41:16.1908158Z   allow-unsafe-pr-checkout: false
2026-10-06T16:41:16.1909008Z env:
2026-10-06T16:41:16.1909486Z   GOTOOLCHAIN: local
2026-10-06T16:41:16.1910000Z ##[endgroup]
2026-10-06T16:41:16.2936760Z Syncing repository: rahoney/heliopause
2026-10-06T16:41:16.2939194Z ##[group]Getting Git version info
2026-10-06T16:41:16.2940705Z Working directory is '/home/runner/work/heliopause/heliopause'
2026-10-06T16:41:16.2943091Z [command]/usr/bin/git version
2026-10-06T16:41:16.3024867Z git version 2.55.0
2026-10-06T16:41:16.3056997Z ##[endgroup]
2026-10-06T16:41:16.3064573Z Temporarily overriding HOME='/home/runner/work/_temp/efd59718-40c0-4f28-9c28-4681882635cd' before making global git config changes
2026-10-06T16:41:16.3066441Z Adding repository directory to the temporary git global config as a safe directory
2026-10-06T16:41:16.3072183Z [command]/usr/bin/git config --global --add safe.directory /home/runner/work/heliopause/heliopause
2026-10-06T16:41:16.3120447Z Deleting the contents of '/home/runner/work/heliopause/heliopause'
2026-10-06T16:41:16.3124346Z ##[group]Determining repository object format
2026-10-06T16:41:16.3125779Z ##[endgroup]
2026-10-06T16:41:16.3126645Z ##[group]Initializing the repository
2026-10-06T16:41:16.3131314Z [command]/usr/bin/git init /home/runner/work/heliopause/heliopause
2026-10-06T16:41:16.3244548Z hint: Using 'master' as the name for the initial branch. This default branch name
2026-10-06T16:41:16.3246333Z hint: will change to "main" in Git 3.0. To configure the initial branch name
2026-10-06T16:41:16.3247627Z hint: to use in all of your new repositories, which will suppress this warning,
2026-10-06T16:41:16.3248590Z hint: call:
2026-10-06T16:41:16.3249108Z hint:
2026-10-06T16:41:16.3249774Z hint: 	git config --global init.defaultBranch <name>
2026-10-06T16:41:16.3250568Z hint:
2026-10-06T16:41:16.3251511Z hint: Names commonly chosen instead of 'master' are 'main', 'trunk' and
2026-10-06T16:41:16.3252744Z hint: 'development'. The just-created branch can be renamed via this command:
2026-10-06T16:41:16.3253746Z hint:
2026-10-06T16:41:16.3254233Z hint: 	git branch -m <name>
2026-10-06T16:41:16.3254824Z hint:
2026-10-06T16:41:16.3255594Z hint: Disable this message with "git config set advice.defaultBranchName false"
2026-10-06T16:41:16.3257552Z Initialized empty Git repository in /home/runner/work/heliopause/heliopause/.git/
2026-10-06T16:41:16.3268674Z [command]/usr/bin/git remote add origin https://github.com/rahoney/heliopause
2026-10-06T16:41:16.3325675Z ##[endgroup]
2026-10-06T16:41:16.3326587Z ##[group]Disabling automatic garbage collection
2026-10-06T16:41:16.3331319Z [command]/usr/bin/git config --local gc.auto 0
2026-10-06T16:41:16.3367727Z ##[endgroup]
2026-10-06T16:41:16.3369271Z ##[group]Setting up auth
2026-10-06T16:41:16.3370237Z Removing SSH command configuration
2026-10-06T16:41:16.3375035Z [command]/usr/bin/git config --local --name-only --get-regexp core\.sshCommand
2026-10-06T16:41:16.3417517Z [command]/usr/bin/git submodule foreach --recursive sh -c "git config --local --name-only --get-regexp 'core\.sshCommand' && git config --local --unset-all 'core.sshCommand' || :"
2026-10-06T16:41:16.3800222Z Removing HTTP extra header
2026-10-06T16:41:16.3808108Z [command]/usr/bin/git config --local --name-only --get-regexp http\.https\:\/\/github\.com\/\.extraheader
2026-10-06T16:41:16.3843283Z [command]/usr/bin/git submodule foreach --recursive sh -c "git config --local --name-only --get-regexp 'http\.https\:\/\/github\.com\/\.extraheader' && git config --local --unset-all 'http.https://github.com/.extraheader' || :"
2026-10-06T16:41:16.4068478Z Removing includeIf entries pointing to credentials config files
2026-10-06T16:41:16.4069935Z [command]/usr/bin/git config --local --name-only --get-regexp ^includeIf\.gitdir:
2026-10-06T16:41:16.4103694Z [command]/usr/bin/git submodule foreach --recursive git config --local --show-origin --name-only --get-regexp remote.origin.url
2026-10-06T16:41:16.4330123Z [command]/usr/bin/git config --file /home/runner/work/_temp/git-credentials-95a33a22-002c-4c1f-aa53-76c67a063ce1.config http.https://github.com/.extraheader AUTHORIZATION: basic ***
2026-10-06T16:41:16.4369864Z [command]/usr/bin/git config --local includeIf.gitdir:/home/runner/work/heliopause/heliopause/.git.path /home/runner/work/_temp/git-credentials-95a33a22-002c-4c1f-aa53-76c67a063ce1.config
2026-10-06T16:41:16.4404963Z [command]/usr/bin/git config --local includeIf.gitdir:/home/runner/work/heliopause/heliopause/.git/worktrees/*.path /home/runner/work/_temp/git-credentials-95a33a22-002c-4c1f-aa53-76c67a063ce1.config
2026-10-06T16:41:16.4442848Z [command]/usr/bin/git config --local includeIf.gitdir:/github/workspace/.git.path /github/runner_temp/git-credentials-95a33a22-002c-4c1f-aa53-76c67a063ce1.config
2026-10-06T16:41:16.4478128Z [command]/usr/bin/git config --local includeIf.gitdir:/github/workspace/.git/worktrees/*.path /github/runner_temp/git-credentials-95a33a22-002c-4c1f-aa53-76c67a063ce1.config
2026-10-06T16:41:16.4509635Z ##[endgroup]
2026-10-06T16:41:16.4510528Z ##[group]Fetching the repository
2026-10-06T16:41:16.4515998Z [command]/usr/bin/git -c protocol.version=2 fetch --no-tags --prune --no-recurse-submodules --depth=1 origin +0ec1e77a22b97ceb108bd3484c6a04cea10f3455:refs/remotes/pull/29/merge
2026-10-06T16:41:17.5087117Z From https://github.com/rahoney/heliopause
2026-10-06T16:41:17.5090003Z  * [new ref]         0ec1e77a22b97ceb108bd3484c6a04cea10f3455 -> pull/29/merge
2026-10-06T16:41:17.5096407Z ##[endgroup]
2026-10-06T16:41:17.5098663Z ##[group]Determining the checkout info
2026-10-06T16:41:17.5101694Z ##[endgroup]
2026-10-06T16:41:17.5103282Z [command]/usr/bin/git sparse-checkout disable
2026-10-06T16:41:17.5166427Z [command]/usr/bin/git config --local --unset-all extensions.worktreeConfig
2026-10-06T16:41:17.5204978Z ##[group]Checking out the ref
2026-10-06T16:41:17.5209498Z [command]/usr/bin/git checkout --progress --force refs/remotes/pull/29/merge
2026-10-06T16:41:17.6223522Z Note: switching to 'refs/remotes/pull/29/merge'.
2026-10-06T16:41:17.6225466Z 
2026-10-06T16:41:17.6226561Z You are in 'detached HEAD' state. You can look around, make experimental
2026-10-06T16:41:17.6228836Z changes and commit them, and you can discard any commits you make in this
2026-10-06T16:41:17.6231895Z state without impacting any branches by switching back to a branch.
2026-10-06T16:41:17.6233972Z 
2026-10-06T16:41:17.6234962Z If you want to create a new branch to retain commits you create, you may
2026-10-06T16:41:17.6237385Z do so (now or later) by using -c with the switch command. Example:
2026-10-06T16:41:17.6238868Z 
2026-10-06T16:41:17.6239488Z   git switch -c <new-branch-name>
2026-10-06T16:41:17.6240378Z 
2026-10-06T16:41:17.6241214Z Or undo this operation with:
2026-10-06T16:41:17.6242045Z 
2026-10-06T16:41:17.6242539Z   git switch -
2026-10-06T16:41:17.6243183Z 
2026-10-06T16:41:17.6244253Z Turn off this advice by setting config variable advice.detachedHead to false
2026-10-06T16:41:17.6245770Z 
2026-10-06T16:41:17.6247620Z HEAD is now at 0ec1e77 Merge 1170ce2ddee6b0a9133238972624f5315fd355f6 into 62c3b595e8e27a4a1d836849643c372692a39b8b
2026-10-06T16:41:17.6253220Z ##[endgroup]
2026-10-06T16:41:17.6285265Z [command]/usr/bin/git log -1 --format=%H
2026-10-06T16:41:17.6315871Z 0ec1e77a22b97ceb108bd3484c6a04cea10f3455
2026-10-06T16:41:17.6327256Z ##[group]Removing auth
2026-10-06T16:41:17.6329244Z Removing SSH command configuration
2026-10-06T16:41:17.6332648Z [command]/usr/bin/git config --local --name-only --get-regexp core\.sshCommand
2026-10-06T16:41:17.6372219Z [command]/usr/bin/git submodule foreach --recursive sh -c "git config --local --name-only --get-regexp 'core\.sshCommand' && git config --local --unset-all 'core.sshCommand' || :"
2026-10-06T16:41:17.6600192Z Removing HTTP extra header
2026-10-06T16:41:17.6604910Z [command]/usr/bin/git config --local --name-only --get-regexp http\.https\:\/\/github\.com\/\.extraheader
2026-10-06T16:41:17.6647254Z [command]/usr/bin/git submodule foreach --recursive sh -c "git config --local --name-only --get-regexp 'http\.https\:\/\/github\.com\/\.extraheader' && git config --local --unset-all 'http.https://github.com/.extraheader' || :"
2026-10-06T16:41:17.6890206Z Removing includeIf entries pointing to credentials config files
2026-10-06T16:41:17.6894929Z [command]/usr/bin/git config --local --name-only --get-regexp ^includeIf\.gitdir:
2026-10-06T16:41:17.6929559Z includeif.gitdir:/home/runner/work/heliopause/heliopause/.git.path
2026-10-06T16:41:17.6933754Z includeif.gitdir:/home/runner/work/heliopause/heliopause/.git/worktrees/*.path
2026-10-06T16:41:17.6936435Z includeif.gitdir:/github/workspace/.git.path
2026-10-06T16:41:17.6938771Z includeif.gitdir:/github/workspace/.git/worktrees/*.path
2026-10-06T16:41:17.6944001Z [command]/usr/bin/git config --local --get-all includeif.gitdir:/home/runner/work/heliopause/heliopause/.git.path
2026-10-06T16:41:17.6967576Z /home/runner/work/_temp/git-credentials-95a33a22-002c-4c1f-aa53-76c67a063ce1.config
2026-10-06T16:41:17.6980516Z [command]/usr/bin/git config --local --unset includeif.gitdir:/home/runner/work/heliopause/heliopause/.git.path \/home\/runner\/work\/_temp\/git\-credentials\-95a33a22\-002c\-4c1f\-aa53\-76c67a063ce1\.config
2026-10-06T16:41:17.7019212Z [command]/usr/bin/git config --local --get-all includeif.gitdir:/home/runner/work/heliopause/heliopause/.git/worktrees/*.path
2026-10-06T16:41:17.7085015Z /home/runner/work/_temp/git-credentials-95a33a22-002c-4c1f-aa53-76c67a063ce1.config
2026-10-06T16:41:17.7095395Z [command]/usr/bin/git config --local --unset includeif.gitdir:/home/runner/work/heliopause/heliopause/.git/worktrees/*.path \/home\/runner\/work\/_temp\/git\-credentials\-95a33a22\-002c\-4c1f\-aa53\-76c67a063ce1\.config
2026-10-06T16:41:17.7135180Z [command]/usr/bin/git config --local --get-all includeif.gitdir:/github/workspace/.git.path
2026-10-06T16:41:17.7165615Z /github/runner_temp/git-credentials-95a33a22-002c-4c1f-aa53-76c67a063ce1.config
2026-10-06T16:41:17.7175402Z [command]/usr/bin/git config --local --unset includeif.gitdir:/github/workspace/.git.path \/github\/runner_temp\/git\-credentials\-95a33a22\-002c\-4c1f\-aa53\-76c67a063ce1\.config
2026-10-06T16:41:17.7214517Z [command]/usr/bin/git config --local --get-all includeif.gitdir:/github/workspace/.git/worktrees/*.path
2026-10-06T16:41:17.7244918Z /github/runner_temp/git-credentials-95a33a22-002c-4c1f-aa53-76c67a063ce1.config
2026-10-06T16:41:17.7313455Z [command]/usr/bin/git config --local --unset includeif.gitdir:/github/workspace/.git/worktrees/*.path \/github\/runner_temp\/git\-credentials\-95a33a22\-002c\-4c1f\-aa53\-76c67a063ce1\.config
2026-10-06T16:41:17.7358301Z [command]/usr/bin/git submodule foreach --recursive git config --local --show-origin --name-only --get-regexp remote.origin.url
2026-10-06T16:41:17.7589446Z Removing credentials config '/home/runner/work/_temp/git-credentials-95a33a22-002c-4c1f-aa53-76c67a063ce1.config'
2026-10-06T16:41:17.7598385Z ##[endgroup]
2026-10-06T16:41:17.8027468Z ##[group]Run actions/setup-go@b7ad1dad31e06c5925ef5d2fc7ad053ef454303e
2026-10-06T16:41:17.8029105Z with:
2026-10-06T16:41:17.8029949Z   go-version: 1.26.8
2026-10-06T16:41:17.8031063Z   check-latest: false
2026-10-06T16:41:17.8032025Z   cache: false
2026-10-06T16:41:17.8041206Z   token: ***
2026-10-06T16:41:17.8042163Z env:
2026-10-06T16:41:17.8043023Z   GOTOOLCHAIN: local
2026-10-06T16:41:17.8043967Z ##[endgroup]
2026-10-06T16:41:17.9263714Z Setup go version spec 1.26.8
2026-10-06T16:41:17.9284821Z Found in cache @ /opt/hostedtoolcache/go/1.26.8/x64
2026-10-06T16:41:17.9286874Z Added go to the path
2026-10-06T16:41:17.9290151Z Successfully set up Go version 1.26.8
2026-10-06T16:41:18.0007702Z go version go1.26.8 linux/amd64
2026-10-06T16:41:18.0009351Z 
2026-10-06T16:41:18.0012008Z ##[group]go env
2026-10-06T16:41:18.1421242Z AR='ar'
2026-10-06T16:41:18.1422694Z CC='gcc'
2026-10-06T16:41:18.1424335Z CGO_CFLAGS='-O2 -g'
2026-10-06T16:41:18.1425973Z CGO_CPPFLAGS=''
2026-10-06T16:41:18.1427828Z CGO_CXXFLAGS='-O2 -g'
2026-10-06T16:41:18.1429581Z CGO_ENABLED='1'
2026-10-06T16:41:18.1431472Z CGO_FFLAGS='-O2 -g'
2026-10-06T16:41:18.1433260Z CGO_LDFLAGS='-O2 -g'
2026-10-06T16:41:18.1435040Z CXX='g++'
2026-10-06T16:41:18.1436660Z GCCGO='gccgo'
2026-10-06T16:41:18.1438304Z GO111MODULE=''
2026-10-06T16:41:18.1439830Z GOAMD64='v1'
2026-10-06T16:41:18.1441516Z GOARCH='amd64'
2026-10-06T16:41:18.1443157Z GOAUTH='netrc'
2026-10-06T16:41:18.1444668Z GOBIN=''
2026-10-06T16:41:18.1446287Z GOCACHE='/home/runner/.cache/go-build'
2026-10-06T16:41:18.1448328Z GOCACHEPROG=''
2026-10-06T16:41:18.1449874Z GODEBUG=''
2026-10-06T16:41:18.1451824Z GOENV='/home/runner/.config/go/env'
2026-10-06T16:41:18.1453680Z GOEXE=''
2026-10-06T16:41:18.1455078Z GOEXPERIMENT=''
2026-10-06T16:41:18.1456614Z GOFIPS140='off'
2026-10-06T16:41:18.1458914Z GOFLAGS=''
2026-10-06T16:41:18.1463027Z GOGCCFLAGS='-fPIC -m64 -pthread -Wl,--no-gc-sections -fmessage-length=0 -ffile-prefix-map=/tmp/go-build1619247962=/tmp/go-build -gno-record-gcc-switches'
2026-10-06T16:41:18.1467215Z GOHOSTARCH='amd64'
2026-10-06T16:41:18.1468628Z GOHOSTOS='linux'
2026-10-06T16:41:18.1470023Z GOINSECURE=''
2026-10-06T16:41:18.1471917Z GOMOD='/home/runner/work/heliopause/heliopause/go.mod'
2026-10-06T16:41:18.1474121Z GOMODCACHE='/home/runner/go/pkg/mod'
2026-10-06T16:41:18.1475761Z GONOPROXY=''
2026-10-06T16:41:18.1477007Z GONOSUMDB=''
2026-10-06T16:41:18.1478553Z GOOS='linux'
2026-10-06T16:41:18.1480326Z GOPATH='/home/runner/go'
2026-10-06T16:41:18.1482086Z GOPRIVATE=''
2026-10-06T16:41:18.1483837Z GOPROXY='https://proxy.golang.org,direct'
2026-10-06T16:41:18.1486031Z GOROOT='/opt/hostedtoolcache/go/1.26.8/x64'
2026-10-06T16:41:18.1488028Z GOSUMDB='sum.golang.org'
2026-10-06T16:41:18.1489620Z GOTELEMETRY='local'
2026-10-06T16:41:18.1491618Z GOTELEMETRYDIR='/home/runner/.config/go/telemetry'
2026-10-06T16:41:18.1493680Z GOTMPDIR=''
2026-10-06T16:41:18.1495024Z GOTOOLCHAIN='local'
2026-10-06T16:41:18.1496984Z GOTOOLDIR='/opt/hostedtoolcache/go/1.26.8/x64/pkg/tool/linux_amd64'
2026-10-06T16:41:18.1499212Z GOVCS=''
2026-10-06T16:41:18.1500471Z GOVERSION='go1.26.8'
2026-10-06T16:41:18.1502384Z GOWORK=''
2026-10-06T16:41:18.1503757Z PKG_CONFIG='pkg-config'
2026-10-06T16:41:18.1504693Z 
2026-10-06T16:41:18.1506355Z ##[endgroup]
2026-10-06T16:41:18.1644026Z ##[group]Run go run ./scripts/check bootstrap
2026-10-06T16:41:18.1645446Z [36;1mgo run ./scripts/check bootstrap[0m
2026-10-06T16:41:18.1918978Z shell: /usr/bin/bash -e {0}
2026-10-06T16:41:18.1920167Z env:
2026-10-06T16:41:18.1921397Z   GOTOOLCHAIN: local
2026-10-06T16:41:18.1922861Z   HELOX_TOOL_CACHE: /home/runner/work/_temp/heliopause-quality-tools
2026-10-06T16:41:18.1924563Z ##[endgroup]
2026-10-06T16:41:18.2233446Z go: downloading go.yaml.in/yaml/v3 v3.0.4
2026-10-06T16:41:31.3717085Z [check] prepare module cache
2026-10-06T16:41:31.3718012Z [check] download product modules
2026-10-06T16:41:32.9041955Z [check] prepare quality tool cache
2026-10-06T16:41:32.9042862Z [check] install staticcheck
2026-10-06T16:41:56.0327975Z [check] verify staticcheck identity
2026-10-06T16:41:56.0396909Z [check] install gosec
2026-10-06T16:42:39.8084297Z [check] verify gosec identity
2026-10-06T16:42:39.8568172Z [check] install govulncheck
2026-10-06T16:42:43.5913934Z [check] verify govulncheck identity
2026-10-06T16:42:43.7763210Z [check] install gitleaks
2026-10-06T16:42:44.2017052Z [check] verify gitleaks identity
2026-10-06T16:42:44.2042032Z [check] install actionlint
2026-10-06T16:42:47.4886768Z [check] verify actionlint identity
2026-10-06T16:42:47.5786131Z ##[group]Run go run ./scripts/check vulnerability
2026-10-06T16:42:47.5786589Z [36;1mgo run ./scripts/check vulnerability[0m
2026-10-06T16:42:47.5850487Z shell: /usr/bin/bash -e {0}
2026-10-06T16:42:47.5850759Z env:
2026-10-06T16:42:47.5851209Z   GOTOOLCHAIN: local
2026-10-06T16:42:47.5851562Z   HELOX_TOOL_CACHE: /home/runner/work/_temp/heliopause-quality-tools
2026-10-06T16:42:47.5851950Z ##[endgroup]
2026-10-06T16:42:50.5258140Z Post job cleanup.
2026-10-06T16:42:50.6671678Z Post job cleanup.
2026-10-06T16:42:50.7542113Z [command]/usr/bin/git version
2026-10-06T16:42:50.7586994Z git version 2.55.0
2026-10-06T16:42:50.7624313Z Temporarily overriding HOME='/home/runner/work/_temp/b21a8d24-df30-4df7-a9fa-add49364362b' before making global git config changes
2026-10-06T16:42:50.7625761Z Adding repository directory to the temporary git global config as a safe directory
2026-10-06T16:42:50.7629430Z [command]/usr/bin/git config --global --add safe.directory /home/runner/work/heliopause/heliopause
2026-10-06T16:42:50.7662960Z Removing SSH command configuration
2026-10-06T16:42:50.7669898Z [command]/usr/bin/git config --local --name-only --get-regexp core\.sshCommand
2026-10-06T16:42:50.7705348Z [command]/usr/bin/git submodule foreach --recursive sh -c "git config --local --name-only --get-regexp 'core\.sshCommand' && git config --local --unset-all 'core.sshCommand' || :"
2026-10-06T16:42:50.7946670Z Removing HTTP extra header
2026-10-06T16:42:50.7954004Z [command]/usr/bin/git config --local --name-only --get-regexp http\.https\:\/\/github\.com\/\.extraheader
2026-10-06T16:42:50.7991626Z [command]/usr/bin/git submodule foreach --recursive sh -c "git config --local --name-only --get-regexp 'http\.https\:\/\/github\.com\/\.extraheader' && git config --local --unset-all 'http.https://github.com/.extraheader' || :"
2026-10-06T16:42:50.8278990Z Removing includeIf entries pointing to credentials config files
2026-10-06T16:42:50.8280616Z [command]/usr/bin/git config --local --name-only --get-regexp ^includeIf\.gitdir:
2026-10-06T16:42:50.8333964Z [command]/usr/bin/git submodule foreach --recursive git config --local --show-origin --name-only --get-regexp remote.origin.url
2026-10-06T16:42:50.8871995Z Cleaning up orphan processes
