2026-10-06T16:57:01.9657588Z Current runner version: '2.337.0'
2026-10-06T16:57:01.9672040Z ##[group]Runner Image Provisioner
2026-10-06T16:57:01.9672526Z Hosted Compute Agent
2026-10-06T16:57:01.9672946Z Version: 20260901.588
2026-10-06T16:57:01.9673314Z Commit: f88ec8081b781fac6c440065ac7ff9e710ce3d0b
2026-10-06T16:57:01.9673756Z Build Date: 2026-09-01T19:56:44Z
2026-10-06T16:57:01.9674188Z Worker ID: {e90e8fca-26f0-4f93-902e-44f5485a0b61}
2026-10-06T16:57:01.9674611Z Azure Region: centralus
2026-10-06T16:57:01.9674997Z ##[endgroup]
2026-10-06T16:57:01.9675908Z ##[group]Operating System
2026-10-06T16:57:01.9676303Z Ubuntu
2026-10-06T16:57:01.9676664Z 24.04.5
2026-10-06T16:57:01.9676966Z LTS
2026-10-06T16:57:01.9677302Z ##[endgroup]
2026-10-06T16:57:01.9677619Z ##[group]Runner Image
2026-10-06T16:57:01.9677958Z Image: ubuntu-24.04
2026-10-06T16:57:01.9678386Z Version: 20260927.320.1
2026-10-06T16:57:01.9679053Z Included Software: https://github.com/actions/runner-images/blob/ubuntu24/20260927.320/images/ubuntu/Ubuntu2404-Readme.md
2026-10-06T16:57:01.9679938Z Image Release: https://github.com/actions/runner-images/releases/tag/ubuntu24%2F20260927.320
2026-10-06T16:57:01.9680462Z ##[endgroup]
2026-10-06T16:57:01.9681176Z ##[group]GITHUB_TOKEN Permissions
2026-10-06T16:57:01.9682322Z Contents: read
2026-10-06T16:57:01.9682662Z Metadata: read
2026-10-06T16:57:01.9682988Z ##[endgroup]
2026-10-06T16:57:01.9684234Z Secret source: Actions
2026-10-06T16:57:01.9684744Z Cache mode: write
2026-10-06T16:57:01.9685190Z Prepare workflow directory
2026-10-06T16:57:01.9930231Z Prepare all required actions
2026-10-06T16:57:01.9969151Z Getting action download info
2026-10-06T16:57:02.2334894Z Download action repository 'actions/checkout@3d3c42e5aac5ba805825da76410c181273ba90b1' (SHA:3d3c42e5aac5ba805825da76410c181273ba90b1)
2026-10-06T16:57:02.4093839Z Download action repository 'actions/setup-go@b7ad1dad31e06c5925ef5d2fc7ad053ef454303e' (SHA:b7ad1dad31e06c5925ef5d2fc7ad053ef454303e)
2026-10-06T16:57:03.3507440Z Complete job name: Representative Wheel Corpus
2026-10-06T16:57:03.4026137Z ##[group]Run actions/checkout@3d3c42e5aac5ba805825da76410c181273ba90b1
2026-10-06T16:57:03.4027168Z with:
2026-10-06T16:57:03.4027676Z   persist-credentials: false
2026-10-06T16:57:03.4028311Z   repository: rahoney/heliopause
2026-10-06T16:57:03.4033495Z   token: ***
2026-10-06T16:57:03.4033992Z   ssh-strict: true
2026-10-06T16:57:03.4034503Z   ssh-user: git
2026-10-06T16:57:03.4035003Z   clean: true
2026-10-06T16:57:03.4035525Z   sparse-checkout-cone-mode: true
2026-10-06T16:57:03.4036247Z   fetch-depth: 1
2026-10-06T16:57:03.4036751Z   fetch-tags: false
2026-10-06T16:57:03.4037270Z   show-progress: true
2026-10-06T16:57:03.4037796Z   lfs: false
2026-10-06T16:57:03.4038285Z   submodules: false
2026-10-06T16:57:03.4038823Z   set-safe-directory: true
2026-10-06T16:57:03.4039423Z   allow-unsafe-pr-checkout: false
2026-10-06T16:57:03.4040102Z env:
2026-10-06T16:57:03.4040568Z   GOTOOLCHAIN: local
2026-10-06T16:57:03.4041091Z ##[endgroup]
2026-10-06T16:57:03.4671277Z Syncing repository: rahoney/heliopause
2026-10-06T16:57:03.4672994Z ##[group]Getting Git version info
2026-10-06T16:57:03.4673858Z Working directory is '/home/runner/work/heliopause/heliopause'
2026-10-06T16:57:03.4675797Z [command]/usr/bin/git version
2026-10-06T16:57:03.4832062Z git version 2.55.0
2026-10-06T16:57:03.4846127Z ##[endgroup]
2026-10-06T16:57:03.4853587Z Temporarily overriding HOME='/home/runner/work/_temp/df546c25-4da2-4154-ab2b-f3dabeb743ed' before making global git config changes
2026-10-06T16:57:03.4855476Z Adding repository directory to the temporary git global config as a safe directory
2026-10-06T16:57:03.4858186Z [command]/usr/bin/git config --global --add safe.directory /home/runner/work/heliopause/heliopause
2026-10-06T16:57:03.5022373Z Deleting the contents of '/home/runner/work/heliopause/heliopause'
2026-10-06T16:57:03.5024075Z ##[group]Determining repository object format
2026-10-06T16:57:03.5025515Z ##[endgroup]
2026-10-06T16:57:03.5026804Z ##[group]Initializing the repository
2026-10-06T16:57:03.5029399Z [command]/usr/bin/git init /home/runner/work/heliopause/heliopause
2026-10-06T16:57:03.5326863Z hint: Using 'master' as the name for the initial branch. This default branch name
2026-10-06T16:57:03.5328679Z hint: will change to "main" in Git 3.0. To configure the initial branch name
2026-10-06T16:57:03.5330145Z hint: to use in all of your new repositories, which will suppress this warning,
2026-10-06T16:57:03.5331347Z hint: call:
2026-10-06T16:57:03.5332181Z hint:
2026-10-06T16:57:03.5333225Z hint: 	git config --global init.defaultBranch <name>
2026-10-06T16:57:03.5334254Z hint:
2026-10-06T16:57:03.5335398Z hint: Names commonly chosen instead of 'master' are 'main', 'trunk' and
2026-10-06T16:57:03.5337097Z hint: 'development'. The just-created branch can be renamed via this command:
2026-10-06T16:57:03.5337962Z hint:
2026-10-06T16:57:03.5338456Z hint: 	git branch -m <name>
2026-10-06T16:57:03.5339047Z hint:
2026-10-06T16:57:03.5339964Z hint: Disable this message with "git config set advice.defaultBranchName false"
2026-10-06T16:57:03.5341167Z Initialized empty Git repository in /home/runner/work/heliopause/heliopause/.git/
2026-10-06T16:57:03.5343326Z [command]/usr/bin/git remote add origin https://github.com/rahoney/heliopause
2026-10-06T16:57:03.5618342Z ##[endgroup]
2026-10-06T16:57:03.5620001Z ##[group]Disabling automatic garbage collection
2026-10-06T16:57:03.5621291Z [command]/usr/bin/git config --local gc.auto 0
2026-10-06T16:57:03.5710569Z ##[endgroup]
2026-10-06T16:57:03.5711991Z ##[group]Setting up auth
2026-10-06T16:57:03.5712607Z Removing SSH command configuration
2026-10-06T16:57:03.5714215Z [command]/usr/bin/git config --local --name-only --get-regexp core\.sshCommand
2026-10-06T16:57:03.5741265Z [command]/usr/bin/git submodule foreach --recursive sh -c "git config --local --name-only --get-regexp 'core\.sshCommand' && git config --local --unset-all 'core.sshCommand' || :"
2026-10-06T16:57:03.6024740Z Removing HTTP extra header
2026-10-06T16:57:03.6027923Z [command]/usr/bin/git config --local --name-only --get-regexp http\.https\:\/\/github\.com\/\.extraheader
2026-10-06T16:57:03.6055169Z [command]/usr/bin/git submodule foreach --recursive sh -c "git config --local --name-only --get-regexp 'http\.https\:\/\/github\.com\/\.extraheader' && git config --local --unset-all 'http.https://github.com/.extraheader' || :"
2026-10-06T16:57:03.6221815Z Removing includeIf entries pointing to credentials config files
2026-10-06T16:57:03.6224578Z [command]/usr/bin/git config --local --name-only --get-regexp ^includeIf\.gitdir:
2026-10-06T16:57:03.6250772Z [command]/usr/bin/git submodule foreach --recursive git config --local --show-origin --name-only --get-regexp remote.origin.url
2026-10-06T16:57:03.6420657Z [command]/usr/bin/git config --file /home/runner/work/_temp/git-credentials-583dd429-a64d-458e-a3ca-adbef90513da.config http.https://github.com/.extraheader AUTHORIZATION: basic ***
2026-10-06T16:57:03.6599285Z [command]/usr/bin/git config --local includeIf.gitdir:/home/runner/work/heliopause/heliopause/.git.path /home/runner/work/_temp/git-credentials-583dd429-a64d-458e-a3ca-adbef90513da.config
2026-10-06T16:57:03.6809798Z [command]/usr/bin/git config --local includeIf.gitdir:/home/runner/work/heliopause/heliopause/.git/worktrees/*.path /home/runner/work/_temp/git-credentials-583dd429-a64d-458e-a3ca-adbef90513da.config
2026-10-06T16:57:03.7107349Z [command]/usr/bin/git config --local includeIf.gitdir:/github/workspace/.git.path /github/runner_temp/git-credentials-583dd429-a64d-458e-a3ca-adbef90513da.config
2026-10-06T16:57:03.7308664Z [command]/usr/bin/git config --local includeIf.gitdir:/github/workspace/.git/worktrees/*.path /github/runner_temp/git-credentials-583dd429-a64d-458e-a3ca-adbef90513da.config
2026-10-06T16:57:03.7329131Z ##[endgroup]
2026-10-06T16:57:03.7330454Z ##[group]Fetching the repository
2026-10-06T16:57:03.7333838Z [command]/usr/bin/git -c protocol.version=2 fetch --no-tags --prune --no-recurse-submodules --depth=1 origin +5eee9420791fc2b7894a458cf9a834c9946caead:refs/remotes/pull/29/merge
2026-10-06T16:57:05.2421897Z From https://github.com/rahoney/heliopause
2026-10-06T16:57:05.2422488Z  * [new ref]         5eee9420791fc2b7894a458cf9a834c9946caead -> pull/29/merge
2026-10-06T16:57:05.2426388Z ##[endgroup]
2026-10-06T16:57:05.2426776Z ##[group]Determining the checkout info
2026-10-06T16:57:05.2427218Z ##[endgroup]
2026-10-06T16:57:05.2431777Z [command]/usr/bin/git sparse-checkout disable
2026-10-06T16:57:05.2655189Z [command]/usr/bin/git config --local --unset-all extensions.worktreeConfig
2026-10-06T16:57:05.2747172Z ##[group]Checking out the ref
2026-10-06T16:57:05.2747562Z [command]/usr/bin/git checkout --progress --force refs/remotes/pull/29/merge
2026-10-06T16:57:05.3641153Z Note: switching to 'refs/remotes/pull/29/merge'.
2026-10-06T16:57:05.3641466Z 
2026-10-06T16:57:05.3641638Z You are in 'detached HEAD' state. You can look around, make experimental
2026-10-06T16:57:05.3642084Z changes and commit them, and you can discard any commits you make in this
2026-10-06T16:57:05.3643081Z state without impacting any branches by switching back to a branch.
2026-10-06T16:57:05.3643334Z 
2026-10-06T16:57:05.3643523Z If you want to create a new branch to retain commits you create, you may
2026-10-06T16:57:05.3643877Z do so (now or later) by using -c with the switch command. Example:
2026-10-06T16:57:05.3644079Z 
2026-10-06T16:57:05.3644170Z   git switch -c <new-branch-name>
2026-10-06T16:57:05.3644312Z 
2026-10-06T16:57:05.3644406Z Or undo this operation with:
2026-10-06T16:57:05.3644545Z 
2026-10-06T16:57:05.3644618Z   git switch -
2026-10-06T16:57:05.3644749Z 
2026-10-06T16:57:05.3645262Z Turn off this advice by setting config variable advice.detachedHead to false
2026-10-06T16:57:05.3645840Z 
2026-10-06T16:57:05.3646232Z HEAD is now at 5eee942 Merge c106172bf8a7faff0ec01e4c3966ee5a6c854d4d into 62c3b595e8e27a4a1d836849643c372692a39b8b
2026-10-06T16:57:05.3653618Z ##[endgroup]
2026-10-06T16:57:05.3696573Z [command]/usr/bin/git log -1 --format=%H
2026-10-06T16:57:05.3721285Z 5eee9420791fc2b7894a458cf9a834c9946caead
2026-10-06T16:57:05.3733290Z ##[group]Removing auth
2026-10-06T16:57:05.3733531Z Removing SSH command configuration
2026-10-06T16:57:05.3733870Z [command]/usr/bin/git config --local --name-only --get-regexp core\.sshCommand
2026-10-06T16:57:05.3761471Z [command]/usr/bin/git submodule foreach --recursive sh -c "git config --local --name-only --get-regexp 'core\.sshCommand' && git config --local --unset-all 'core.sshCommand' || :"
2026-10-06T16:57:05.3936949Z Removing HTTP extra header
2026-10-06T16:57:05.3946161Z [command]/usr/bin/git config --local --name-only --get-regexp http\.https\:\/\/github\.com\/\.extraheader
2026-10-06T16:57:05.3974729Z [command]/usr/bin/git submodule foreach --recursive sh -c "git config --local --name-only --get-regexp 'http\.https\:\/\/github\.com\/\.extraheader' && git config --local --unset-all 'http.https://github.com/.extraheader' || :"
2026-10-06T16:57:05.4140446Z Removing includeIf entries pointing to credentials config files
2026-10-06T16:57:05.4140747Z [command]/usr/bin/git config --local --name-only --get-regexp ^includeIf\.gitdir:
2026-10-06T16:57:05.4164959Z includeif.gitdir:/home/runner/work/heliopause/heliopause/.git.path
2026-10-06T16:57:05.4165399Z includeif.gitdir:/home/runner/work/heliopause/heliopause/.git/worktrees/*.path
2026-10-06T16:57:05.4165937Z includeif.gitdir:/github/workspace/.git.path
2026-10-06T16:57:05.4166133Z includeif.gitdir:/github/workspace/.git/worktrees/*.path
2026-10-06T16:57:05.4171235Z [command]/usr/bin/git config --local --get-all includeif.gitdir:/home/runner/work/heliopause/heliopause/.git.path
2026-10-06T16:57:05.4191727Z /home/runner/work/_temp/git-credentials-583dd429-a64d-458e-a3ca-adbef90513da.config
2026-10-06T16:57:05.4198590Z [command]/usr/bin/git config --local --unset includeif.gitdir:/home/runner/work/heliopause/heliopause/.git.path \/home\/runner\/work\/_temp\/git\-credentials\-583dd429\-a64d\-458e\-a3ca\-adbef90513da\.config
2026-10-06T16:57:05.4444275Z [command]/usr/bin/git config --local --get-all includeif.gitdir:/home/runner/work/heliopause/heliopause/.git/worktrees/*.path
2026-10-06T16:57:05.4465067Z /home/runner/work/_temp/git-credentials-583dd429-a64d-458e-a3ca-adbef90513da.config
2026-10-06T16:57:05.4469916Z [command]/usr/bin/git config --local --unset includeif.gitdir:/home/runner/work/heliopause/heliopause/.git/worktrees/*.path \/home\/runner\/work\/_temp\/git\-credentials\-583dd429\-a64d\-458e\-a3ca\-adbef90513da\.config
2026-10-06T16:57:05.4642365Z [command]/usr/bin/git config --local --get-all includeif.gitdir:/github/workspace/.git.path
2026-10-06T16:57:05.4664630Z /github/runner_temp/git-credentials-583dd429-a64d-458e-a3ca-adbef90513da.config
2026-10-06T16:57:05.4670281Z [command]/usr/bin/git config --local --unset includeif.gitdir:/github/workspace/.git.path \/github\/runner_temp\/git\-credentials\-583dd429\-a64d\-458e\-a3ca\-adbef90513da\.config
2026-10-06T16:57:05.4739880Z [command]/usr/bin/git config --local --get-all includeif.gitdir:/github/workspace/.git/worktrees/*.path
2026-10-06T16:57:05.4760872Z /github/runner_temp/git-credentials-583dd429-a64d-458e-a3ca-adbef90513da.config
2026-10-06T16:57:05.4794295Z [command]/usr/bin/git config --local --unset includeif.gitdir:/github/workspace/.git/worktrees/*.path \/github\/runner_temp\/git\-credentials\-583dd429\-a64d\-458e\-a3ca\-adbef90513da\.config
2026-10-06T16:57:05.4948178Z [command]/usr/bin/git submodule foreach --recursive git config --local --show-origin --name-only --get-regexp remote.origin.url
2026-10-06T16:57:05.5127953Z Removing credentials config '/home/runner/work/_temp/git-credentials-583dd429-a64d-458e-a3ca-adbef90513da.config'
2026-10-06T16:57:05.5136154Z ##[endgroup]
2026-10-06T16:57:05.5359650Z ##[group]Run actions/setup-go@b7ad1dad31e06c5925ef5d2fc7ad053ef454303e
2026-10-06T16:57:05.5359849Z with:
2026-10-06T16:57:05.5359960Z   go-version: 1.26.8
2026-10-06T16:57:05.5360078Z   check-latest: false
2026-10-06T16:57:05.5360189Z   cache: false
2026-10-06T16:57:05.5361512Z   token: ***
2026-10-06T16:57:05.5361612Z env:
2026-10-06T16:57:05.5361726Z   GOTOOLCHAIN: local
2026-10-06T16:57:05.5361838Z ##[endgroup]
2026-10-06T16:57:05.6065793Z Setup go version spec 1.26.8
2026-10-06T16:57:05.6475399Z Found in cache @ /opt/hostedtoolcache/go/1.26.8/x64
2026-10-06T16:57:05.6476484Z Added go to the path
2026-10-06T16:57:05.6478656Z Successfully set up Go version 1.26.8
2026-10-06T16:57:05.6970547Z go version go1.26.8 linux/amd64
2026-10-06T16:57:05.6970748Z 
2026-10-06T16:57:05.6971041Z ##[group]go env
2026-10-06T16:57:05.9527725Z AR='ar'
2026-10-06T16:57:05.9527913Z CC='gcc'
2026-10-06T16:57:05.9528097Z CGO_CFLAGS='-O2 -g'
2026-10-06T16:57:05.9528285Z CGO_CPPFLAGS=''
2026-10-06T16:57:05.9528551Z CGO_CXXFLAGS='-O2 -g'
2026-10-06T16:57:05.9528733Z CGO_ENABLED='1'
2026-10-06T16:57:05.9528899Z CGO_FFLAGS='-O2 -g'
2026-10-06T16:57:05.9529075Z CGO_LDFLAGS='-O2 -g'
2026-10-06T16:57:05.9529248Z CXX='g++'
2026-10-06T16:57:05.9529410Z GCCGO='gccgo'
2026-10-06T16:57:05.9529575Z GO111MODULE=''
2026-10-06T16:57:05.9529737Z GOAMD64='v1'
2026-10-06T16:57:05.9529911Z GOARCH='amd64'
2026-10-06T16:57:05.9530072Z GOAUTH='netrc'
2026-10-06T16:57:05.9530231Z GOBIN=''
2026-10-06T16:57:05.9530421Z GOCACHE='/home/runner/.cache/go-build'
2026-10-06T16:57:05.9530655Z GOCACHEPROG=''
2026-10-06T16:57:05.9530820Z GODEBUG=''
2026-10-06T16:57:05.9531000Z GOENV='/home/runner/.config/go/env'
2026-10-06T16:57:05.9531215Z GOEXE=''
2026-10-06T16:57:05.9531493Z GOEXPERIMENT=''
2026-10-06T16:57:05.9531682Z GOFIPS140='off'
2026-10-06T16:57:05.9531855Z GOFLAGS=''
2026-10-06T16:57:05.9532433Z GOGCCFLAGS='-fPIC -m64 -pthread -Wl,--no-gc-sections -fmessage-length=0 -ffile-prefix-map=/tmp/go-build1447430968=/tmp/go-build -gno-record-gcc-switches'
2026-10-06T16:57:05.9533012Z GOHOSTARCH='amd64'
2026-10-06T16:57:05.9533185Z GOHOSTOS='linux'
2026-10-06T16:57:05.9533386Z GOINSECURE=''
2026-10-06T16:57:05.9533613Z GOMOD='/home/runner/work/heliopause/heliopause/go.mod'
2026-10-06T16:57:05.9533935Z GOMODCACHE='/home/runner/go/pkg/mod'
2026-10-06T16:57:05.9534155Z GONOPROXY=''
2026-10-06T16:57:05.9534601Z GONOSUMDB=''
2026-10-06T16:57:05.9534779Z GOOS='linux'
2026-10-06T16:57:05.9534968Z GOPATH='/home/runner/go'
2026-10-06T16:57:05.9535162Z GOPRIVATE=''
2026-10-06T16:57:05.9535381Z GOPROXY='https://proxy.golang.org,direct'
2026-10-06T16:57:05.9535842Z GOROOT='/opt/hostedtoolcache/go/1.26.8/x64'
2026-10-06T16:57:05.9536135Z GOSUMDB='sum.golang.org'
2026-10-06T16:57:05.9536354Z GOTELEMETRY='local'
2026-10-06T16:57:05.9536616Z GOTELEMETRYDIR='/home/runner/.config/go/telemetry'
2026-10-06T16:57:05.9536899Z GOTMPDIR=''
2026-10-06T16:57:05.9537064Z GOTOOLCHAIN='local'
2026-10-06T16:57:05.9537382Z GOTOOLDIR='/opt/hostedtoolcache/go/1.26.8/x64/pkg/tool/linux_amd64'
2026-10-06T16:57:05.9537714Z GOVCS=''
2026-10-06T16:57:05.9537896Z GOVERSION='go1.26.8'
2026-10-06T16:57:05.9538095Z GOWORK=''
2026-10-06T16:57:05.9538287Z PKG_CONFIG='pkg-config'
2026-10-06T16:57:05.9538438Z 
2026-10-06T16:57:05.9539221Z ##[endgroup]
2026-10-06T16:57:05.9624883Z ##[group]Run go run ./scripts/check bootstrap-modules
2026-10-06T16:57:05.9625153Z [36;1mgo run ./scripts/check bootstrap-modules[0m
2026-10-06T16:57:05.9833861Z shell: /usr/bin/bash -e {0}
2026-10-06T16:57:05.9834004Z env:
2026-10-06T16:57:05.9834112Z   GOTOOLCHAIN: local
2026-10-06T16:57:05.9834229Z ##[endgroup]
2026-10-06T16:57:06.0055359Z go: downloading go.yaml.in/yaml/v3 v3.0.4
2026-10-06T16:57:13.7478534Z [check] prepare module cache
2026-10-06T16:57:13.7479503Z [check] download product modules
2026-10-06T16:57:15.5557277Z ##[group]Run python3 scripts/prepare-wheel-corpus.py --root "$HELOX_CORPUS_ROOT"
2026-10-06T16:57:15.5557604Z [36;1mpython3 scripts/prepare-wheel-corpus.py --root "$HELOX_CORPUS_ROOT"[0m
2026-10-06T16:57:15.5606705Z shell: /usr/bin/bash -e {0}
2026-10-06T16:57:15.5606836Z env:
2026-10-06T16:57:15.5606937Z   GOTOOLCHAIN: local
2026-10-06T16:57:15.5607085Z   HELOX_CORPUS_ROOT: /home/runner/work/_temp/wheel-corpus
2026-10-06T16:57:15.5607249Z ##[endgroup]
2026-10-06T16:57:15.7801622Z setuptools-84.0.0-py3-none-any.whl 51a52592b3b99e102b609654876bd65f19f999935166d1352678931132b0c670 https://files.pythonhosted.org/packages/95/9c/c510029fc6ef33a6275cd2c5d3cecd6613dfd6aa401d57c54f1c18852ccf/setuptools-84.0.0-py3-none-any.whl
2026-10-06T16:57:15.8696189Z filelock-4.0.3-py3-none-any.whl 30cd166e2aee2c7534ce2c33c6367c4cd051b8368e20e2c4eb0c34f699bacfab https://files.pythonhosted.org/packages/7a/6d/db8b86e168fef0cf904737e275bccb683558088ef971e92d3b41ce980699/filelock-4.0.3-py3-none-any.whl
2026-10-06T16:57:15.9679340Z filelock-4.0.4-py3-none-any.whl 0df72be195ca7892216d16f2edce8d9b93a571f02402972020a8cff84c594c7b https://files.pythonhosted.org/packages/bc/ac/8b9c6dc2aa7e9cf5582e20a337006c3428c3d752c2255dbaca2c78a8be45/filelock-4.0.4-py3-none-any.whl
2026-10-06T16:57:16.2159774Z sympy-1.14.0-py3-none-any.whl e091cc3e99d2141a0ba2847328f5479b05d94a6635cb96148ccb3f34671bd8f5 https://files.pythonhosted.org/packages/a2/09/77d55d46fd61b4a135c444fc97158ef34a095e5681d0a6c10b75bf356191/sympy-1.14.0-py3-none-any.whl
2026-10-06T16:57:16.3089198Z markupsafe-3.0.3-cp314-cp314-manylinux2014_x86_64.manylinux_2_17_x86_64.manylinux_2_28_x86_64.whl 457a69a9577064c05a97c41f4e65148652db078a3a509039e64d3467b9e7ef97 https://files.pythonhosted.org/packages/41/3c/a36c2450754618e62008bf7435ccb0f88053e07592e6028a34776213d877/markupsafe-3.0.3-cp314-cp314-manylinux2014_x86_64.manylinux_2_17_x86_64.manylinux_2_28_x86_64.whl
2026-10-06T16:57:16.3992987Z haa-cu126-toolkit-audit.whl 79d8605baeb6c2f695761e0efb54bc62dbc3c9e32eb0742df7669c07befaa8f7 https://files.pythonhosted.org/packages/ad/88/2dbc37975fffb874418b14380418a1b99cb36f2101fd1d08c54e06ee8c95/cuda_toolkit-12.6.3-py2.py3-none-any.whl
2026-10-06T16:57:17.9708407Z haa-cu126-first-nccl.whl 35ad42e7d5d722a83c36a3a478e281c20a5646383deaf1b9ed1a9ab7d61bed53 https://files.pythonhosted.org/packages/31/5a/cac7d231f322b66caa16fd4b136ebc8e4b18b2805811c2d58dc47210cdea/nvidia_nccl_cu12-2.29.3-py3-none-manylinux_2_18_x86_64.whl
2026-10-06T16:57:18.6710807Z haa-cu126-first-cufft.whl ccba62eb9cef5559abd5e0d54ceed2d9934030f51163df018532142a8ec533e5 https://files.pythonhosted.org/packages/8f/16/73727675941ab8e6ffd86ca3a4b7b47065edcca7a997920b831f8147c99d/nvidia_cufft_cu12-11.3.0.4-py3-none-manylinux2014_x86_64.manylinux_2_17_x86_64.whl
2026-10-06T16:57:18.7774940Z cuda_pathfinder-1.8.2-py3-none-any.whl 4e65059febdb4d19d5cbc4798677e19db2b582f2f702f457b609e571690d357e https://files.pythonhosted.org/packages/98/59/239c7259e669c46ddbcac0aa60e3a0ef00bfeaaa687f905b24dd6a7a10fe/cuda_pathfinder-1.8.2-py3-none-any.whl
2026-10-06T16:57:19.0184680Z cuda_bindings-12.9.9-cp314-cp314-manylinux_2_24_x86_64.manylinux_2_28_x86_64.whl 94e4f9bd6b9b21aad545e0d441707094e4ff88ab420d62b85fcdc8b6da1e039f https://files.pythonhosted.org/packages/e3/95/182a020efbe1bade0de1f5ec0d3e4101cb6deba7216b219f07ce08fa6146/cuda_bindings-12.9.9-cp314-cp314-manylinux_2_24_x86_64.manylinux_2_28_x86_64.whl
2026-10-06T16:57:19.0976985Z haa-cu130-toolkit-audit.whl d693caaa261214ddd7dbb60d68e71cbed884e68c2be7509778f3051da0b91c3f https://files.pythonhosted.org/packages/d1/c7/a79086a62c98befcdb8349656c6f114e2db3b8b2422f6e25c97a7f2a9a3c/cuda_toolkit-13.0.3.0-py2.py3-none-any.whl
2026-10-06T16:57:19.3468714Z haa-cu130-cupti-audit.whl 4eb01c08e859bf924d222250d2e8f8b8ff6d3db4721288cf35d14252a4d933c8 https://files.pythonhosted.org/packages/33/6d/737d164b4837a9bbd202f5ae3078975f0525a55730fe871d8ed4e3b952b0/nvidia_cuda_cupti-13.0.85-py3-none-manylinux_2_25_x86_64.whl
2026-10-06T16:57:19.5341118Z cuda_bindings-13.4.3-cp314-cp314-manylinux_2_24_x86_64.manylinux_2_28_x86_64.whl bbacde6f75665b197016b986164cfdaa33b17515e5e635a63ddb75926aaa71c3 https://files.pythonhosted.org/packages/a3/49/7a3769c43e432b0434dd46424058b47af4347167f0dfca1ecb27e2de92a1/cuda_bindings-13.4.3-cp314-cp314-manylinux_2_24_x86_64.manylinux_2_28_x86_64.whl
2026-10-06T16:57:19.6177798Z haa-cu132-toolkit-audit.whl 646d0e3668ce6f78f2312bb9cc0f668b9cbfcbef187eaa6a39eb2ea6dbec2a31 https://files.pythonhosted.org/packages/bd/6a/f79c134fa8e6d5fe028584933be063ce7961b1a85ce217f261cdda176e48/cuda_toolkit-13.2.1-py2.py3-none-any.whl
2026-10-06T16:57:19.8628835Z haa-cu132-cupti-audit.whl f75aca6bef89c625a4076a820302bb06764daa1d21595286f6bee5e237d3a187 https://files.pythonhosted.org/packages/b7/2d/cbf8f6288259c502165282fdaa2b733daae98434e3f2aee2b7952ba87c6f/nvidia_cuda_cupti-13.2.75-py3-none-manylinux_2_25_x86_64.whl
2026-10-06T16:57:20.0246400Z networkx-3.6.1-py3-none-any.whl d47fbf302e7d9cbbb9e2555a0d267983d2aa476bac30e90dfbe5669bd57f3762 https://files.pythonhosted.org/packages/9e/c9/b2622292ea83fbb4ec318f5b9ab867d0a28ab43c5717bb85b0a5f6b3b0a4/networkx-3.6.1-py3-none-any.whl
2026-10-06T16:57:20.0280109Z cuda_bindings-13.4.3-cp314-cp314-manylinux_2_24_x86_64.manylinux_2_28_x86_64.whl bbacde6f75665b197016b986164cfdaa33b17515e5e635a63ddb75926aaa71c3 verified existing
2026-10-06T16:57:20.1681542Z networkx-3.7-py3-none-any.whl e3fd2c13a7814cee3746340d8d7f8598a67f16a58bf47fb7f8793fab6efca1b0 https://files.pythonhosted.org/packages/7e/cd/fe58041e9011f307c490e3e17dd48cc516448f7c698a3f2d9d9d65d7e6a8/networkx-3.7-py3-none-any.whl
2026-10-06T16:57:20.2514215Z jinja2-3.1.6-py3-none-any.whl 85ece4451f492d0c13c5dd7c13a64681a86afae63a5f347908daf103ce6d2f67 https://files.pythonhosted.org/packages/62/a1/3d680cbfd5f4b8f15abc1d571870c5fc3e594bb582bc3b64ea099db13e56/jinja2-3.1.6-py3-none-any.whl
2026-10-06T16:57:20.3259569Z ##[group]Run go run ./scripts/check corpus
2026-10-06T16:57:20.3259837Z [36;1mgo run ./scripts/check corpus[0m
2026-10-06T16:57:20.3310233Z shell: /usr/bin/bash -e {0}
2026-10-06T16:57:20.3310364Z env:
2026-10-06T16:57:20.3310466Z   GOTOOLCHAIN: local
2026-10-06T16:57:20.3310616Z   HELOX_CORPUS_ROOT: /home/runner/work/_temp/wheel-corpus
2026-10-06T16:57:20.3310783Z ##[endgroup]
2026-10-06T16:57:36.2467114Z === RUN   TestModelC_MissingCorpusDirectoryFails
2026-10-06T16:57:36.2467564Z --- PASS: TestModelC_MissingCorpusDirectoryFails (0.00s)
2026-10-06T16:57:36.2468067Z === RUN   TestModelC_CorpusHashMismatchFails
2026-10-06T16:57:36.2468388Z --- PASS: TestModelC_CorpusHashMismatchFails (0.00s)
2026-10-06T16:57:36.2468705Z === RUN   TestModelC_RealCorpusQualification
2026-10-06T16:57:36.2469357Z === RUN   TestModelC_RealCorpusQualification/setuptools-84.0.0-py3-none-any.whl
2026-10-06T16:57:36.2470081Z     real_corpus_integration_test.go:77: setuptools-84.0.0-py3-none-any.whl profile=pytorch:cpu direct=24 units=26
2026-10-06T16:57:36.2470579Z === RUN   TestModelC_RealCorpusQualification/filelock-4.0.3-py3-none-any.whl
2026-10-06T16:57:36.2471182Z     real_corpus_integration_test.go:77: filelock-4.0.3-py3-none-any.whl profile=pytorch:cpu direct=1 units=1
2026-10-06T16:57:36.2471668Z === RUN   TestModelC_RealCorpusQualification/filelock-4.0.4-py3-none-any.whl
2026-10-06T16:57:36.2472112Z     real_corpus_integration_test.go:77: filelock-4.0.4-py3-none-any.whl profile=pytorch:cpu direct=1 units=1
2026-10-06T16:57:36.2472413Z === RUN   TestModelC_RealCorpusQualification/sympy-1.14.0-py3-none-any.whl
2026-10-06T16:57:36.2472764Z     real_corpus_integration_test.go:77: sympy-1.14.0-py3-none-any.whl profile=pytorch:cpu direct=2 units=2
2026-10-06T16:57:36.2473188Z === RUN   TestModelC_RealCorpusQualification/markupsafe-3.0.3-cp314-cp314-manylinux2014_x86_64.manylinux_2_17_x86_64.manylinux_2_28_x86_64.whl
2026-10-06T16:57:36.2473806Z     real_corpus_integration_test.go:77: markupsafe-3.0.3-cp314-cp314-manylinux2014_x86_64.manylinux_2_17_x86_64.manylinux_2_28_x86_64.whl profile=pytorch:cpu direct=2 units=2
2026-10-06T16:57:36.2474212Z === RUN   TestModelC_RealCorpusQualification/haa-cu126-toolkit-audit.whl
2026-10-06T16:57:36.2474667Z     real_corpus_integration_test.go:77: cuda_toolkit-12.6.3-py2.py3-none-any.whl profile=pytorch:cu126 direct=0 units=0
2026-10-06T16:57:36.2474983Z === RUN   TestModelC_RealCorpusQualification/haa-cu126-first-nccl.whl
2026-10-06T16:57:36.2475394Z     real_corpus_integration_test.go:77: nvidia_nccl_cu12-2.29.3-py3-none-manylinux_2_18_x86_64.whl profile=pytorch:cu126 direct=0 units=0
2026-10-06T16:57:36.2475931Z === RUN   TestModelC_RealCorpusQualification/haa-cu126-first-cufft.whl
2026-10-06T16:57:36.2476386Z     real_corpus_integration_test.go:77: nvidia_cufft_cu12-11.3.0.4-py3-none-manylinux2014_x86_64.manylinux_2_17_x86_64.whl profile=pytorch:cu126 direct=1 units=1
2026-10-06T16:57:36.2476788Z === RUN   TestModelC_RealCorpusQualification/cuda_pathfinder-1.8.2-py3-none-any.whl
2026-10-06T16:57:36.2477180Z     real_corpus_integration_test.go:77: cuda_pathfinder-1.8.2-py3-none-any.whl profile=pytorch:cu126 direct=1 units=1
2026-10-06T16:57:36.2477582Z === RUN   TestModelC_RealCorpusQualification/cuda_bindings-12.9.9-cp314-cp314-manylinux_2_24_x86_64.manylinux_2_28_x86_64.whl
2026-10-06T16:57:36.2478124Z     real_corpus_integration_test.go:77: cuda_bindings-12.9.9-cp314-cp314-manylinux_2_24_x86_64.manylinux_2_28_x86_64.whl profile=pytorch:cu126 direct=34 units=36
2026-10-06T16:57:36.2478501Z === RUN   TestModelC_RealCorpusQualification/haa-cu130-toolkit-audit.whl
2026-10-06T16:57:36.2478880Z     real_corpus_integration_test.go:77: cuda_toolkit-13.0.3.0-py2.py3-none-any.whl profile=pytorch:cu130 direct=0 units=0
2026-10-06T16:57:36.2479189Z === RUN   TestModelC_RealCorpusQualification/haa-cu130-cupti-audit.whl
2026-10-06T16:57:36.2479778Z     real_corpus_integration_test.go:77: nvidia_cuda_cupti-13.0.85-py3-none-manylinux_2_25_x86_64.whl profile=pytorch:cu130 direct=0 units=0
2026-10-06T16:57:36.2480215Z === RUN   TestModelC_RealCorpusQualification/cuda_bindings-13.4.3-cp314-cp314-manylinux_2_24_x86_64.manylinux_2_28_x86_64.whl
2026-10-06T16:57:36.2480747Z     real_corpus_integration_test.go:77: cuda_bindings-13.4.3-cp314-cp314-manylinux_2_24_x86_64.manylinux_2_28_x86_64.whl profile=pytorch:cu130 direct=31 units=31
2026-10-06T16:57:36.2481120Z === RUN   TestModelC_RealCorpusQualification/haa-cu132-toolkit-audit.whl
2026-10-06T16:57:36.2481525Z     real_corpus_integration_test.go:77: cuda_toolkit-13.2.1-py2.py3-none-any.whl profile=pytorch:cu132 direct=0 units=0
2026-10-06T16:57:36.2481831Z === RUN   TestModelC_RealCorpusQualification/haa-cu132-cupti-audit.whl
2026-10-06T16:57:36.2482270Z     real_corpus_integration_test.go:77: nvidia_cuda_cupti-13.2.75-py3-none-manylinux_2_25_x86_64.whl profile=pytorch:cu132 direct=0 units=0
2026-10-06T16:57:36.2482702Z === RUN   TestModelC_RealCorpusQualification/networkx-3.6.1-py3-none-any.whl
2026-10-06T16:57:36.2483066Z     real_corpus_integration_test.go:77: networkx-3.6.1-py3-none-any.whl profile=pytorch:cpu direct=2 units=2
2026-10-06T16:57:36.2483475Z === RUN   TestModelC_RealCorpusQualification/cuda_bindings-13.4.3-cp314-cp314-manylinux_2_24_x86_64.manylinux_2_28_x86_64.whl#01
2026-10-06T16:57:36.2484012Z     real_corpus_integration_test.go:77: cuda_bindings-13.4.3-cp314-cp314-manylinux_2_24_x86_64.manylinux_2_28_x86_64.whl profile=pytorch:cu132 direct=31 units=31
2026-10-06T16:57:36.2484389Z === RUN   TestModelC_RealCorpusQualification/networkx-3.7-py3-none-any.whl
2026-10-06T16:57:36.2484746Z     real_corpus_integration_test.go:77: networkx-3.7-py3-none-any.whl profile=pytorch:cpu direct=2 units=2
2026-10-06T16:57:36.2485042Z === RUN   TestModelC_RealCorpusQualification/jinja2-3.1.6-py3-none-any.whl
2026-10-06T16:57:36.2485383Z     real_corpus_integration_test.go:77: jinja2-3.1.6-py3-none-any.whl profile=pytorch:cpu direct=2 units=2
2026-10-06T16:57:36.2486140Z === NAME  TestModelC_RealCorpusQualification
2026-10-06T16:57:36.2486630Z     real_corpus_integration_test.go:83: REAL_CORPUS_CLASSIFICATION: REPRESENTATIVE_REAL_CORPUS (19 authenticated packages verified)
2026-10-06T16:57:36.2487003Z --- PASS: TestModelC_RealCorpusQualification (5.96s)
2026-10-06T16:57:36.2487485Z     --- PASS: TestModelC_RealCorpusQualification/setuptools-84.0.0-py3-none-any.whl (0.01s)
2026-10-06T16:57:36.2488057Z     --- PASS: TestModelC_RealCorpusQualification/filelock-4.0.3-py3-none-any.whl (0.00s)
2026-10-06T16:57:36.2488459Z     --- PASS: TestModelC_RealCorpusQualification/filelock-4.0.4-py3-none-any.whl (0.00s)
2026-10-06T16:57:36.2488784Z     --- PASS: TestModelC_RealCorpusQualification/sympy-1.14.0-py3-none-any.whl (0.11s)
2026-10-06T16:57:36.2489252Z     --- PASS: TestModelC_RealCorpusQualification/markupsafe-3.0.3-cp314-cp314-manylinux2014_x86_64.manylinux_2_17_x86_64.manylinux_2_28_x86_64.whl (0.00s)
2026-10-06T16:57:36.2489686Z     --- PASS: TestModelC_RealCorpusQualification/haa-cu126-toolkit-audit.whl (0.00s)
2026-10-06T16:57:36.2489994Z     --- PASS: TestModelC_RealCorpusQualification/haa-cu126-first-nccl.whl (3.19s)
2026-10-06T16:57:36.2490302Z     --- PASS: TestModelC_RealCorpusQualification/haa-cu126-first-cufft.whl (1.77s)
2026-10-06T16:57:36.2490642Z     --- PASS: TestModelC_RealCorpusQualification/cuda_pathfinder-1.8.2-py3-none-any.whl (0.00s)
2026-10-06T16:57:36.2491086Z     --- PASS: TestModelC_RealCorpusQualification/cuda_bindings-12.9.9-cp314-cp314-manylinux_2_24_x86_64.manylinux_2_28_x86_64.whl (0.10s)
2026-10-06T16:57:36.2491482Z     --- PASS: TestModelC_RealCorpusQualification/haa-cu130-toolkit-audit.whl (0.00s)
2026-10-06T16:57:36.2491792Z     --- PASS: TestModelC_RealCorpusQualification/haa-cu130-cupti-audit.whl (0.25s)
2026-10-06T16:57:36.2492206Z     --- PASS: TestModelC_RealCorpusQualification/cuda_bindings-13.4.3-cp314-cp314-manylinux_2_24_x86_64.manylinux_2_28_x86_64.whl (0.09s)
2026-10-06T16:57:36.2492602Z     --- PASS: TestModelC_RealCorpusQualification/haa-cu132-toolkit-audit.whl (0.00s)
2026-10-06T16:57:36.2493018Z     --- PASS: TestModelC_RealCorpusQualification/haa-cu132-cupti-audit.whl (0.27s)
2026-10-06T16:57:36.2493334Z     --- PASS: TestModelC_RealCorpusQualification/networkx-3.6.1-py3-none-any.whl (0.03s)
2026-10-06T16:57:36.2493766Z     --- PASS: TestModelC_RealCorpusQualification/cuda_bindings-13.4.3-cp314-cp314-manylinux_2_24_x86_64.manylinux_2_28_x86_64.whl#01 (0.09s)
2026-10-06T16:57:36.2494171Z     --- PASS: TestModelC_RealCorpusQualification/networkx-3.7-py3-none-any.whl (0.03s)
2026-10-06T16:57:36.2494515Z     --- PASS: TestModelC_RealCorpusQualification/jinja2-3.1.6-py3-none-any.whl (0.00s)
2026-10-06T16:57:36.2509166Z PASS
2026-10-06T16:57:36.2509382Z ok  	github.com/rahoney/heliopause/internal/artifact/pypi	5.965s
2026-10-06T16:57:36.2564054Z Post job cleanup.
2026-10-06T16:57:36.3338454Z Post job cleanup.
2026-10-06T16:57:36.3859942Z [command]/usr/bin/git version
2026-10-06T16:57:36.3889167Z git version 2.55.0
2026-10-06T16:57:36.3912247Z Temporarily overriding HOME='/home/runner/work/_temp/982bc1ec-0089-4462-8f01-48e5512bb190' before making global git config changes
2026-10-06T16:57:36.3912862Z Adding repository directory to the temporary git global config as a safe directory
2026-10-06T16:57:36.3914252Z [command]/usr/bin/git config --global --add safe.directory /home/runner/work/heliopause/heliopause
2026-10-06T16:57:36.3940148Z Removing SSH command configuration
2026-10-06T16:57:36.3941098Z [command]/usr/bin/git config --local --name-only --get-regexp core\.sshCommand
2026-10-06T16:57:36.3966206Z [command]/usr/bin/git submodule foreach --recursive sh -c "git config --local --name-only --get-regexp 'core\.sshCommand' && git config --local --unset-all 'core.sshCommand' || :"
2026-10-06T16:57:36.4140851Z Removing HTTP extra header
2026-10-06T16:57:36.4144742Z [command]/usr/bin/git config --local --name-only --get-regexp http\.https\:\/\/github\.com\/\.extraheader
2026-10-06T16:57:36.4172977Z [command]/usr/bin/git submodule foreach --recursive sh -c "git config --local --name-only --get-regexp 'http\.https\:\/\/github\.com\/\.extraheader' && git config --local --unset-all 'http.https://github.com/.extraheader' || :"
2026-10-06T16:57:36.4356395Z Removing includeIf entries pointing to credentials config files
2026-10-06T16:57:36.4362256Z [command]/usr/bin/git config --local --name-only --get-regexp ^includeIf\.gitdir:
2026-10-06T16:57:36.4393637Z [command]/usr/bin/git submodule foreach --recursive git config --local --show-origin --name-only --get-regexp remote.origin.url
2026-10-06T16:57:36.4678192Z Cleaning up orphan processes
