2026-10-06T17:26:44.9158850Z Current runner version: '2.337.0'
2026-10-06T17:26:44.9197470Z ##[group]Runner Image Provisioner
2026-10-06T17:26:44.9199100Z Hosted Compute Agent
2026-10-06T17:26:44.9200480Z Version: 20260819.586
2026-10-06T17:26:44.9201550Z Commit: 3cc4a88dfa507ef76119ad1bb3eccc6378bb2b76
2026-10-06T17:26:44.9203650Z Build Date: 2026-08-18T23:20:18Z
2026-10-06T17:26:44.9204770Z Worker ID: {d2d31bab-62e1-413b-8b9d-edf298032b6d}
2026-10-06T17:26:44.9206750Z Azure Region: westus
2026-10-06T17:26:44.9207730Z ##[endgroup]
2026-10-06T17:26:44.9211600Z ##[group]Operating System
2026-10-06T17:26:44.9212690Z macOS
2026-10-06T17:26:44.9215450Z 26.6.1
2026-10-06T17:26:44.9216880Z 25G76
2026-10-06T17:26:44.9218400Z ##[endgroup]
2026-10-06T17:26:44.9219440Z ##[group]Runner Image
2026-10-06T17:26:44.9221170Z Image: macos-26
2026-10-06T17:26:44.9222100Z Version: 20260824.0517.1
2026-10-06T17:26:44.9224180Z Included Software: https://github.com/actions/runner-images/blob/macos-26/20260824.0517/images/macos/macos-26-Readme.md
2026-10-06T17:26:44.9227820Z Image Release: https://github.com/actions/runner-images/releases/tag/macos-26%2F20260824.0517
2026-10-06T17:26:44.9230230Z ##[endgroup]
2026-10-06T17:26:44.9233190Z ##[group]GITHUB_TOKEN Permissions
2026-10-06T17:26:44.9237100Z Contents: read
2026-10-06T17:26:44.9238010Z Metadata: read
2026-10-06T17:26:44.9238860Z ##[endgroup]
2026-10-06T17:26:44.9242050Z Secret source: Actions
2026-10-06T17:26:44.9244570Z Cache mode: write
2026-10-06T17:26:44.9247620Z Prepare workflow directory
2026-10-06T17:26:44.9912160Z Prepare all required actions
2026-10-06T17:26:45.0009260Z Getting action download info
2026-10-06T17:26:45.4881910Z Download action repository 'actions/checkout@3d3c42e5aac5ba805825da76410c181273ba90b1' (SHA:3d3c42e5aac5ba805825da76410c181273ba90b1)
2026-10-06T17:26:45.8952520Z Download action repository 'actions/setup-go@b7ad1dad31e06c5925ef5d2fc7ad053ef454303e' (SHA:b7ad1dad31e06c5925ef5d2fc7ad053ef454303e)
2026-10-06T17:26:46.5436760Z Complete job name: macOS
2026-10-06T17:26:46.6315010Z ##[group]Run actions/checkout@3d3c42e5aac5ba805825da76410c181273ba90b1
2026-10-06T17:26:46.6316670Z with:
2026-10-06T17:26:46.6317350Z   persist-credentials: false
2026-10-06T17:26:46.6318160Z   repository: rahoney/heliopause
2026-10-06T17:26:46.6324310Z   token: ***
2026-10-06T17:26:46.6324960Z   ssh-strict: true
2026-10-06T17:26:46.6325620Z   ssh-user: git
2026-10-06T17:26:46.6326260Z   clean: true
2026-10-06T17:26:46.6326930Z   sparse-checkout-cone-mode: true
2026-10-06T17:26:46.6327740Z   fetch-depth: 1
2026-10-06T17:26:46.6328410Z   fetch-tags: false
2026-10-06T17:26:46.6329090Z   show-progress: true
2026-10-06T17:26:46.6329810Z   lfs: false
2026-10-06T17:26:46.6330440Z   submodules: false
2026-10-06T17:26:46.6331140Z   set-safe-directory: true
2026-10-06T17:26:46.6331930Z   allow-unsafe-pr-checkout: false
2026-10-06T17:26:46.6333070Z env:
2026-10-06T17:26:46.6333710Z   GOTOOLCHAIN: local
2026-10-06T17:26:46.6334410Z ##[endgroup]
2026-10-06T17:26:48.0161890Z Syncing repository: rahoney/heliopause
2026-10-06T17:26:48.0168420Z ##[group]Getting Git version info
2026-10-06T17:26:48.0171830Z Working directory is '/Users/runner/work/heliopause/heliopause'
2026-10-06T17:26:48.0173980Z [command]/usr/local/bin/git version
2026-10-06T17:26:48.0782410Z git version 2.55.0
2026-10-06T17:26:48.0818370Z ##[endgroup]
2026-10-06T17:26:48.0848210Z Copying '/Users/runner/.gitconfig' to '/Users/runner/work/_temp/eef9060f-0f95-44cf-8be6-24c867f5c150/.gitconfig'
2026-10-06T17:26:48.0878060Z Temporarily overriding HOME='/Users/runner/work/_temp/eef9060f-0f95-44cf-8be6-24c867f5c150' before making global git config changes
2026-10-06T17:26:48.0882920Z Adding repository directory to the temporary git global config as a safe directory
2026-10-06T17:26:48.0886440Z [command]/usr/local/bin/git config --global --add safe.directory /Users/runner/work/heliopause/heliopause
2026-10-06T17:26:48.1087650Z Deleting the contents of '/Users/runner/work/heliopause/heliopause'
2026-10-06T17:26:48.1097980Z ##[group]Determining repository object format
2026-10-06T17:26:48.1104160Z ##[endgroup]
2026-10-06T17:26:48.1109450Z ##[group]Initializing the repository
2026-10-06T17:26:48.1115940Z [command]/usr/local/bin/git init /Users/runner/work/heliopause/heliopause
2026-10-06T17:26:48.1628070Z hint: Using 'master' as the name for the initial branch. This default branch name
2026-10-06T17:26:48.1631440Z hint: will change to "main" in Git 3.0. To configure the initial branch name
2026-10-06T17:26:48.1634080Z hint: to use in all of your new repositories, which will suppress this warning,
2026-10-06T17:26:48.1636140Z hint: call:
2026-10-06T17:26:48.1637340Z hint:
2026-10-06T17:26:48.1638580Z hint: 	git config --global init.defaultBranch <name>
2026-10-06T17:26:48.1640000Z hint:
2026-10-06T17:26:48.1641400Z hint: Names commonly chosen instead of 'master' are 'main', 'trunk' and
2026-10-06T17:26:48.1644990Z hint: 'development'. The just-created branch can be renamed via this command:
2026-10-06T17:26:48.1647150Z hint:
2026-10-06T17:26:48.1648560Z hint: 	git branch -m <name>
2026-10-06T17:26:48.1650780Z hint:
2026-10-06T17:26:48.1653040Z hint: Disable this message with "git config set advice.defaultBranchName false"
2026-10-06T17:26:48.1655860Z Initialized empty Git repository in /Users/runner/work/heliopause/heliopause/.git/
2026-10-06T17:26:48.1659250Z [command]/usr/local/bin/git remote add origin https://github.com/rahoney/heliopause
2026-10-06T17:26:48.1844910Z ##[endgroup]
2026-10-06T17:26:48.1847470Z ##[group]Disabling automatic garbage collection
2026-10-06T17:26:48.1852280Z [command]/usr/local/bin/git config --local gc.auto 0
2026-10-06T17:26:48.2002900Z ##[endgroup]
2026-10-06T17:26:48.2004980Z ##[group]Setting up auth
2026-10-06T17:26:48.2006510Z Removing SSH command configuration
2026-10-06T17:26:48.2013170Z [command]/usr/local/bin/git config --local --name-only --get-regexp core\.sshCommand
2026-10-06T17:26:48.2432320Z [command]/usr/local/bin/git submodule foreach --recursive sh -c "git config --local --name-only --get-regexp 'core\.sshCommand' && git config --local --unset-all 'core.sshCommand' || :"
2026-10-06T17:26:48.6691490Z Removing HTTP extra header
2026-10-06T17:26:48.6781440Z [command]/usr/local/bin/git config --local --name-only --get-regexp http\.https\:\/\/github\.com\/\.extraheader
2026-10-06T17:26:48.6950540Z [command]/usr/local/bin/git submodule foreach --recursive sh -c "git config --local --name-only --get-regexp 'http\.https\:\/\/github\.com\/\.extraheader' && git config --local --unset-all 'http.https://github.com/.extraheader' || :"
2026-10-06T17:26:49.0889310Z Removing includeIf entries pointing to credentials config files
2026-10-06T17:26:49.1900640Z [command]/usr/local/bin/git config --local --name-only --get-regexp ^includeIf\.gitdir:
2026-10-06T17:26:49.3211390Z [command]/usr/local/bin/git submodule foreach --recursive git config --local --show-origin --name-only --get-regexp remote.origin.url
2026-10-06T17:26:49.4494740Z [command]/usr/local/bin/git config --file /Users/runner/work/_temp/git-credentials-9d312545-b897-4053-a3be-0c02606f0005.config http.https://github.com/.extraheader AUTHORIZATION: basic ***
2026-10-06T17:26:49.4535310Z [command]/usr/local/bin/git config --local includeIf.gitdir:/Users/runner/work/heliopause/heliopause/.git.path /Users/runner/work/_temp/git-credentials-9d312545-b897-4053-a3be-0c02606f0005.config
2026-10-06T17:26:49.4555730Z [command]/usr/local/bin/git config --local includeIf.gitdir:/Users/runner/work/heliopause/heliopause/.git/worktrees/*.path /Users/runner/work/_temp/git-credentials-9d312545-b897-4053-a3be-0c02606f0005.config
2026-10-06T17:26:49.4575010Z [command]/usr/local/bin/git config --local includeIf.gitdir:/github/workspace/.git.path /github/runner_temp/git-credentials-9d312545-b897-4053-a3be-0c02606f0005.config
2026-10-06T17:26:49.4594140Z [command]/usr/local/bin/git config --local includeIf.gitdir:/github/workspace/.git/worktrees/*.path /github/runner_temp/git-credentials-9d312545-b897-4053-a3be-0c02606f0005.config
2026-10-06T17:26:49.4606710Z ##[endgroup]
2026-10-06T17:26:49.4610860Z ##[group]Fetching the repository
2026-10-06T17:26:49.4619500Z [command]/usr/local/bin/git -c protocol.version=2 fetch --no-tags --prune --no-recurse-submodules --depth=1 origin +c375a45baa7a3a224053312459dcfb527e41e3d0:refs/remotes/pull/29/merge
2026-10-06T17:26:50.4249000Z From https://github.com/rahoney/heliopause
2026-10-06T17:26:50.4269330Z  * [new ref]         c375a45baa7a3a224053312459dcfb527e41e3d0 -> pull/29/merge
2026-10-06T17:26:50.4290200Z ##[endgroup]
2026-10-06T17:26:50.4294420Z ##[group]Determining the checkout info
2026-10-06T17:26:50.4302820Z ##[endgroup]
2026-10-06T17:26:50.4306190Z [command]/usr/local/bin/git sparse-checkout disable
2026-10-06T17:26:50.4434970Z [command]/usr/local/bin/git config --local --unset-all extensions.worktreeConfig
2026-10-06T17:26:50.4568590Z ##[group]Checking out the ref
2026-10-06T17:26:50.4572620Z [command]/usr/local/bin/git checkout --progress --force refs/remotes/pull/29/merge
2026-10-06T17:26:51.0476710Z HEAD is now at c375a45 Merge 132baead052842deddc63c6016c7d2811958cb0a into 62c3b595e8e27a4a1d836849643c372692a39b8b
2026-10-06T17:26:51.0592600Z ##[endgroup]
2026-10-06T17:26:51.0711300Z [command]/usr/local/bin/git log -1 --format=%H
2026-10-06T17:26:51.0873440Z c375a45baa7a3a224053312459dcfb527e41e3d0
2026-10-06T17:26:51.0888880Z ##[group]Removing auth
2026-10-06T17:26:51.0897230Z Removing SSH command configuration
2026-10-06T17:26:51.0901250Z [command]/usr/local/bin/git config --local --name-only --get-regexp core\.sshCommand
2026-10-06T17:26:51.1041480Z [command]/usr/local/bin/git submodule foreach --recursive sh -c "git config --local --name-only --get-regexp 'core\.sshCommand' && git config --local --unset-all 'core.sshCommand' || :"
2026-10-06T17:26:51.2799040Z Removing HTTP extra header
2026-10-06T17:26:51.2817200Z [command]/usr/local/bin/git config --local --name-only --get-regexp http\.https\:\/\/github\.com\/\.extraheader
2026-10-06T17:26:51.2926630Z [command]/usr/local/bin/git submodule foreach --recursive sh -c "git config --local --name-only --get-regexp 'http\.https\:\/\/github\.com\/\.extraheader' && git config --local --unset-all 'http.https://github.com/.extraheader' || :"
2026-10-06T17:26:51.6037620Z Removing includeIf entries pointing to credentials config files
2026-10-06T17:26:51.6042990Z [command]/usr/local/bin/git config --local --name-only --get-regexp ^includeIf\.gitdir:
2026-10-06T17:26:51.6049470Z includeif.gitdir:/Users/runner/work/heliopause/heliopause/.git.path
2026-10-06T17:26:51.6335580Z includeif.gitdir:/Users/runner/work/heliopause/heliopause/.git/worktrees/*.path
2026-10-06T17:26:51.6427750Z includeif.gitdir:/github/workspace/.git.path
2026-10-06T17:26:51.6515830Z includeif.gitdir:/github/workspace/.git/worktrees/*.path
2026-10-06T17:26:51.6691210Z [command]/usr/local/bin/git config --local --get-all includeif.gitdir:/Users/runner/work/heliopause/heliopause/.git.path
2026-10-06T17:26:51.6754200Z /Users/runner/work/_temp/git-credentials-9d312545-b897-4053-a3be-0c02606f0005.config
2026-10-06T17:26:51.6872940Z [command]/usr/local/bin/git config --local --unset includeif.gitdir:/Users/runner/work/heliopause/heliopause/.git.path \/Users\/runner\/work\/_temp\/git\-credentials\-9d312545\-b897\-4053\-a3be\-0c02606f0005\.config
2026-10-06T17:26:51.6968640Z [command]/usr/local/bin/git config --local --get-all includeif.gitdir:/Users/runner/work/heliopause/heliopause/.git/worktrees/*.path
2026-10-06T17:26:51.7012290Z /Users/runner/work/_temp/git-credentials-9d312545-b897-4053-a3be-0c02606f0005.config
2026-10-06T17:26:51.7301510Z [command]/usr/local/bin/git config --local --unset includeif.gitdir:/Users/runner/work/heliopause/heliopause/.git/worktrees/*.path \/Users\/runner\/work\/_temp\/git\-credentials\-9d312545\-b897\-4053\-a3be\-0c02606f0005\.config
2026-10-06T17:26:51.8636480Z [command]/usr/local/bin/git config --local --get-all includeif.gitdir:/github/workspace/.git.path
2026-10-06T17:26:51.8747140Z /github/runner_temp/git-credentials-9d312545-b897-4053-a3be-0c02606f0005.config
2026-10-06T17:26:51.8994940Z [command]/usr/local/bin/git config --local --unset includeif.gitdir:/github/workspace/.git.path \/github\/runner_temp\/git\-credentials\-9d312545\-b897\-4053\-a3be\-0c02606f0005\.config
2026-10-06T17:26:51.9243870Z [command]/usr/local/bin/git config --local --get-all includeif.gitdir:/github/workspace/.git/worktrees/*.path
2026-10-06T17:26:51.9307460Z /github/runner_temp/git-credentials-9d312545-b897-4053-a3be-0c02606f0005.config
2026-10-06T17:26:51.9402830Z [command]/usr/local/bin/git config --local --unset includeif.gitdir:/github/workspace/.git/worktrees/*.path \/github\/runner_temp\/git\-credentials\-9d312545\-b897\-4053\-a3be\-0c02606f0005\.config
2026-10-06T17:26:51.9487350Z [command]/usr/local/bin/git submodule foreach --recursive git config --local --show-origin --name-only --get-regexp remote.origin.url
2026-10-06T17:26:51.9581840Z Removing credentials config '/Users/runner/work/_temp/git-credentials-9d312545-b897-4053-a3be-0c02606f0005.config'
2026-10-06T17:26:52.0045570Z ##[endgroup]
2026-10-06T17:26:52.0412650Z ##[group]Run actions/setup-go@b7ad1dad31e06c5925ef5d2fc7ad053ef454303e
2026-10-06T17:26:52.0413780Z with:
2026-10-06T17:26:52.0414290Z   go-version: 1.26.8
2026-10-06T17:26:52.0414810Z   check-latest: false
2026-10-06T17:26:52.0415340Z   cache: false
2026-10-06T17:26:52.0421000Z   token: ***
2026-10-06T17:26:52.0421500Z env:
2026-10-06T17:26:52.0421930Z   GOTOOLCHAIN: local
2026-10-06T17:26:52.0422520Z ##[endgroup]
2026-10-06T17:26:52.3043940Z Setup go version spec 1.26.8
2026-10-06T17:26:52.3266100Z Attempting to download 1.26.8...
2026-10-06T17:26:53.0911480Z matching 1.26.8...
2026-10-06T17:26:53.1077270Z Acquiring 1.26.8 from https://github.com/actions/go-versions/releases/download/1.26.8-33583485350/go-1.26.8-darwin-x64.tar.gz
2026-10-06T17:26:54.7069060Z Extracting Go...
2026-10-06T17:26:54.8441980Z [command]/usr/bin/tar xz -C /Users/runner/work/_temp/a529ad42-6a71-426a-aa98-e4f9a0f9f5f1 -f /Users/runner/work/_temp/abc296ba-cb08-4cff-aa52-0629fd33a5e3
2026-10-06T17:27:00.9508990Z Successfully extracted go to /Users/runner/work/_temp/a529ad42-6a71-426a-aa98-e4f9a0f9f5f1
2026-10-06T17:27:00.9534320Z Adding to the cache ...
2026-10-06T17:27:18.4488320Z Successfully cached go to /Users/runner/hostedtoolcache/go/1.26.8/x64
2026-10-06T17:27:18.4492300Z Added go to the path
2026-10-06T17:27:18.4494650Z Successfully set up Go version 1.26.8
2026-10-06T17:27:18.5752480Z go version go1.26.8 darwin/amd64
2026-10-06T17:27:18.5752880Z 
2026-10-06T17:27:18.5753450Z ##[group]go env
2026-10-06T17:27:23.7158710Z AR='ar'
2026-10-06T17:27:23.7188400Z CC='clang'
2026-10-06T17:27:23.7203240Z CGO_CFLAGS='-O2 -g'
2026-10-06T17:27:23.7231280Z CGO_CPPFLAGS=''
2026-10-06T17:27:23.7243500Z CGO_CXXFLAGS='-O2 -g'
2026-10-06T17:27:23.7267600Z CGO_ENABLED='1'
2026-10-06T17:27:23.7283350Z CGO_FFLAGS='-O2 -g'
2026-10-06T17:27:23.7310540Z CGO_LDFLAGS='-O2 -g'
2026-10-06T17:27:23.7312080Z CXX='clang++'
2026-10-06T17:27:23.7315570Z GCCGO='gccgo'
2026-10-06T17:27:23.7338390Z GO111MODULE=''
2026-10-06T17:27:23.7352880Z GOAMD64='v1'
2026-10-06T17:27:23.7358190Z GOARCH='amd64'
2026-10-06T17:27:23.7364570Z GOAUTH='netrc'
2026-10-06T17:27:23.7379310Z GOBIN=''
2026-10-06T17:27:23.7384740Z GOCACHE='/Users/runner/Library/Caches/go-build'
2026-10-06T17:27:23.7392550Z GOCACHEPROG=''
2026-10-06T17:27:23.7408440Z GODEBUG=''
2026-10-06T17:27:23.7425110Z GOENV='/Users/runner/Library/Application Support/go/env'
2026-10-06T17:27:23.7429530Z GOEXE=''
2026-10-06T17:27:23.7445590Z GOEXPERIMENT=''
2026-10-06T17:27:23.7456160Z GOFIPS140='off'
2026-10-06T17:27:23.7458660Z GOFLAGS=''
2026-10-06T17:27:23.7474480Z GOGCCFLAGS='-fPIC -arch x86_64 -m64 -pthread -fno-caret-diagnostics -Qunused-arguments -fmessage-length=0 -ffile-prefix-map=/var/folders/fq/bhsbs5bd52791c8x2z6s3dh40000gn/T/go-build1760223953=/tmp/go-build -gno-record-gcc-switches -fno-common'
2026-10-06T17:27:23.7483060Z GOHOSTARCH='amd64'
2026-10-06T17:27:23.7485630Z GOHOSTOS='darwin'
2026-10-06T17:27:23.7503870Z GOINSECURE=''
2026-10-06T17:27:23.7509470Z GOMOD='/Users/runner/work/heliopause/heliopause/go.mod'
2026-10-06T17:27:23.7531660Z GOMODCACHE='/Users/runner/go/pkg/mod'
2026-10-06T17:27:23.7537000Z GONOPROXY=''
2026-10-06T17:27:23.7543740Z GONOSUMDB=''
2026-10-06T17:27:23.7560640Z GOOS='darwin'
2026-10-06T17:27:23.7568410Z GOPATH='/Users/runner/go'
2026-10-06T17:27:23.7571260Z GOPRIVATE=''
2026-10-06T17:27:23.7588100Z GOPROXY='https://proxy.golang.org,direct'
2026-10-06T17:27:23.7597300Z GOROOT='/Users/runner/hostedtoolcache/go/1.26.8/x64'
2026-10-06T17:27:23.7608540Z GOSUMDB='sum.golang.org'
2026-10-06T17:27:23.7616060Z GOTELEMETRY='local'
2026-10-06T17:27:23.7621590Z GOTELEMETRYDIR='/Users/runner/Library/Application Support/go/telemetry'
2026-10-06T17:27:23.7626160Z GOTMPDIR=''
2026-10-06T17:27:23.7644790Z GOTOOLCHAIN='local'
2026-10-06T17:27:23.7650550Z GOTOOLDIR='/Users/runner/hostedtoolcache/go/1.26.8/x64/pkg/tool/darwin_amd64'
2026-10-06T17:27:23.7666220Z GOVCS=''
2026-10-06T17:27:23.7668250Z GOVERSION='go1.26.8'
2026-10-06T17:27:23.7670420Z GOWORK=''
2026-10-06T17:27:23.7673500Z PKG_CONFIG='pkg-config'
2026-10-06T17:27:23.7674860Z 
2026-10-06T17:27:23.7676600Z ##[endgroup]
2026-10-06T17:27:23.7789830Z ##[group]Run go run ./scripts/check bootstrap-modules
2026-10-06T17:27:23.7790730Z [36;1mgo run ./scripts/check bootstrap-modules[0m
2026-10-06T17:27:23.7869800Z shell: /bin/bash -e {0}
2026-10-06T17:27:23.7870340Z env:
2026-10-06T17:27:23.7870760Z   GOTOOLCHAIN: local
2026-10-06T17:27:23.7871480Z   HELOX_TOOL_CACHE: /Users/runner/work/_temp/heliopause-platform-tools
2026-10-06T17:27:23.7872300Z ##[endgroup]
2026-10-06T17:27:23.8970810Z go: downloading go.yaml.in/yaml/v3 v3.0.4
2026-10-06T17:27:42.9582440Z [check] prepare module cache
2026-10-06T17:27:42.9616570Z [check] download product modules
2026-10-06T17:27:48.0198980Z ##[group]Run go run ./scripts/check platform
2026-10-06T17:27:48.0199660Z [36;1mgo run ./scripts/check platform[0m
2026-10-06T17:27:48.0204050Z shell: /bin/bash --noprofile --norc -e -u -o pipefail {0}
2026-10-06T17:27:48.0204700Z env:
2026-10-06T17:27:48.0205090Z   GOTOOLCHAIN: local
2026-10-06T17:27:48.0205720Z   HELOX_TOOL_CACHE: /Users/runner/work/_temp/heliopause-platform-tools
2026-10-06T17:27:48.0206520Z ##[endgroup]
2026-10-06T17:27:48.3175880Z [check] production build
2026-10-06T17:28:19.7290930Z [check] default test
2026-10-06T17:30:43.4562750Z Post job cleanup.
2026-10-06T17:30:43.7115550Z Post job cleanup.
2026-10-06T17:30:43.9143850Z [command]/usr/local/bin/git version
2026-10-06T17:30:43.9215010Z git version 2.55.0
2026-10-06T17:30:43.9383900Z Copying '/Users/runner/.gitconfig' to '/Users/runner/work/_temp/ecbc1f6d-1f5a-4c8c-a501-fe30a95702cd/.gitconfig'
2026-10-06T17:30:43.9452610Z Temporarily overriding HOME='/Users/runner/work/_temp/ecbc1f6d-1f5a-4c8c-a501-fe30a95702cd' before making global git config changes
2026-10-06T17:30:43.9499010Z Adding repository directory to the temporary git global config as a safe directory
2026-10-06T17:30:43.9543560Z [command]/usr/local/bin/git config --global --add safe.directory /Users/runner/work/heliopause/heliopause
2026-10-06T17:30:43.9611880Z Removing SSH command configuration
2026-10-06T17:30:43.9637170Z [command]/usr/local/bin/git config --local --name-only --get-regexp core\.sshCommand
2026-10-06T17:30:43.9732680Z [command]/usr/local/bin/git submodule foreach --recursive sh -c "git config --local --name-only --get-regexp 'core\.sshCommand' && git config --local --unset-all 'core.sshCommand' || :"
2026-10-06T17:30:44.1791800Z Removing HTTP extra header
2026-10-06T17:30:44.1822430Z [command]/usr/local/bin/git config --local --name-only --get-regexp http\.https\:\/\/github\.com\/\.extraheader
2026-10-06T17:30:44.1916860Z [command]/usr/local/bin/git submodule foreach --recursive sh -c "git config --local --name-only --get-regexp 'http\.https\:\/\/github\.com\/\.extraheader' && git config --local --unset-all 'http.https://github.com/.extraheader' || :"
2026-10-06T17:30:44.3980120Z Removing includeIf entries pointing to credentials config files
2026-10-06T17:30:44.4025930Z [command]/usr/local/bin/git config --local --name-only --get-regexp ^includeIf\.gitdir:
2026-10-06T17:30:44.4107930Z [command]/usr/local/bin/git submodule foreach --recursive git config --local --show-origin --name-only --get-regexp remote.origin.url
2026-10-06T17:30:44.6321820Z Cleaning up orphan processes
