Exact source/binary probe candidate verified
Separate diagnostic overlay and input receipt verified
runtime before bytes/identity/modes verified
runtime candidate bytes/identity/modes verified
Bounded complete host executable query: no installed executable consumer
no existing traced runtime consumers; bounded Docker queries succeeded
/usr/libexec/heliopause/helox: OK
/usr/libexec/heliopause/haa-network-policy-helper: OK
/usr/libexec/heliopause/haa_gvisor_observer: OK
/etc/heliopause/network-policy.json: OK
/etc/heliopause/pod-init.json: OK
helper launch: bash=/usr/bin/bash version=5.2.21(1)-release owner=468246
helper ready: pid=468295 attempt=14
=== RUN   TestLinuxRetainedPythonTransactionIntegration
    observation_resource_integration_linux_test.go:543: source ID must be a normalized lowercase identifier of at most 64 bytes
--- FAIL: TestLinuxRetainedPythonTransactionIntegration (29.85s)
FAIL
helper reaped: pid=468295 wait=0
no existing traced runtime consumers; bounded Docker queries succeeded
runtime before bytes/identity/modes verified
/etc/heliopause/pod-init.json: OK
/usr/libexec/heliopause/helox: OK
/usr/libexec/heliopause/haa-network-policy-helper: OK
/usr/libexec/heliopause/haa_gvisor_observer: OK
/etc/heliopause/network-policy.json: OK
cleanup: original=1 helper_state=CONFIRMED_STOPPED helper_stop=0 client_error=0 client_restore=0 restore_result=NOT_REQUIRED pid=468295
