Exact source/binary probe candidate verified
runtime before bytes/identity/modes verified
runtime candidate bytes/identity/modes verified
Bounded complete host executable query: no installed executable consumer
no existing traced runtime consumers; bounded Docker queries succeeded
/usr/libexec/heliopause/helox: OK
/usr/libexec/heliopause/haa-network-policy-helper: OK
/usr/libexec/heliopause/haa_gvisor_observer: OK
/etc/heliopause/network-policy.json: OK
/etc/heliopause/pod-init.json: OK
helper launch: bash=/usr/bin/bash version=5.2.21(1)-release owner=617676
helper ready: pid=617730 attempt=15
=== RUN   TestLinuxCargoSourceProjectSnapshotIntegration
observer_attribution sequence=1 profile=cargo-resolver counts=NETWORK/TRUSTED_CONTROL/CONNECT/INET/DIRECT_EXEC_SESSION/OTHER:10,NETWORK/TRUSTED_CONTROL/SENDTO/INET/DIRECT_EXEC_SESSION/OTHER:24
    cargo_isolated_integration_test.go:58: actual_cargo_graph_sha256=df04ccadce07ff0b9a2facd6a75f628a65a10bc82b4f51b521d53f0b34f99c45 crates=1
--- PASS: TestLinuxCargoSourceProjectSnapshotIntegration (3.47s)
=== RUN   TestLinuxGoIsolatedResolverIntegration
observer_attribution sequence=1 profile=go-module-resolver counts=NETWORK/TRUSTED_CONTROL/CONNECT/INET/DIRECT_EXEC_SESSION/OTHER:2
    gomodule_isolated_integration_test.go:21: isolated_command=get github.com/spf13/pflag@v1.0.9 output_bytes=0 output_sha256=e3b0c44298fc1c149afbf4c8996fb92427ae41e4649b934ca495991b7852b855
observer_attribution sequence=2 profile=go-module-resolver counts=NETWORK/TRUSTED_CONTROL/CONNECT/INET/DIRECT_EXEC_SESSION/OTHER:1
    gomodule_isolated_integration_test.go:21: isolated_command=mod download -json all output_bytes=497 output_sha256=56f6013247270cb569000a7f0014ef97099984324d026108514217ef8f7c7d4c
observer_attribution sequence=3 profile=go-module-resolver counts=NETWORK/TRUSTED_CONTROL/CONNECT/INET/DIRECT_EXEC_SESSION/OTHER:1
    gomodule_isolated_integration_test.go:21: isolated_command=mod graph output_bytes=111 output_sha256=a34d60c5aea5368cbb0e91d403dfd8f88442cc3322e0087a47dc4cd618e991b0
--- PASS: TestLinuxGoIsolatedResolverIntegration (13.93s)
=== RUN   TestLinuxGoIsolatedProjectResolverIntegration
observer_attribution sequence=1 profile=go-module-resolver counts=NETWORK/TRUSTED_CONTROL/CONNECT/INET/DIRECT_EXEC_SESSION/OTHER:1
    gomodule_isolated_integration_test.go:28: isolated_command=mod download -json all output_bytes=497 output_sha256=56f6013247270cb569000a7f0014ef97099984324d026108514217ef8f7c7d4c
observer_attribution sequence=2 profile=go-module-resolver counts=NETWORK/TRUSTED_CONTROL/CONNECT/INET/DIRECT_EXEC_SESSION/OTHER:1
    gomodule_isolated_integration_test.go:28: isolated_command=mod graph output_bytes=111 output_sha256=a34d60c5aea5368cbb0e91d403dfd8f88442cc3322e0087a47dc4cd618e991b0
--- PASS: TestLinuxGoIsolatedProjectResolverIntegration (6.21s)
=== RUN   TestLinuxGoSourceProjectSnapshotIntegration
observer_attribution sequence=1 profile=go-module-resolver counts=NETWORK/TRUSTED_CONTROL/CONNECT/INET/DIRECT_EXEC_SESSION/OTHER:1
observer_attribution sequence=2 profile=go-module-resolver counts=NETWORK/TRUSTED_CONTROL/CONNECT/INET/DIRECT_EXEC_SESSION/OTHER:1
    gomodule_isolated_integration_test.go:37: actual_project_graph_sha256=2fd85f35b1032f4332f924e60f9846cac5bd5a4f1a49a36a135879eec72a4db5 modules=1
--- PASS: TestLinuxGoSourceProjectSnapshotIntegration (5.97s)
=== RUN   TestLinuxGoDependencyFreeProjectSnapshotIntegration
    gomodule_isolated_integration_test.go:44: actual_project_graph_sha256=5fce8efcf6e6c7e4462e816a233133217f502d87491cac38214d03de2cf441a5 modules=0
--- PASS: TestLinuxGoDependencyFreeProjectSnapshotIntegration (4.98s)
=== RUN   TestLinuxGVisorLifecycleIntegration
    direct_exec_admission.go:63: command failed: docker ["exec" "--user" "0:0" "739e00d1cb8b28811f9dfebd8864c1d3daaccaa53521e6b872f55e266a3b7ba6" "/haa-runtime/haa-boundary" "--origin-launch" "01cfcee2f6c1d6889ea8f7096db1aabf6ce7248f12db5db692e7db061f441868" "/bin/sh" "-ceu" "test \"$(id -u)\" = 1000; test \"$(id -g)\" = 1000; grep -Eq '^Uid:[[:space:]]+1000[[:space:]]+1000[[:space:]]+1000[[:space:]]+1000$' /proc/1/status; grep -Eq '^Gid:[[:space:]]+1000[[:space:]]+1000[[:space:]]+1000[[:space:]]+1000$' /proc/1/status; grep -Eq '^Groups:[[:space:]]*$' /proc/1/status; for field in CapInh CapPrm CapEff CapBnd CapAmb; do grep -Eq \"^${field}:[[:space:]]+0000000000000000$\" /proc/1/status; done; grep -Eq '^Uid:[[:space:]]+1000[[:space:]]+1000[[:space:]]+1000[[:space:]]+1000$' /proc/self/status; grep -Eq '^Gid:[[:space:]]+1000[[:space:]]+1000[[:space:]]+1000[[:space:]]+1000$' /proc/self/status; grep -Eq '^Groups:[[:space:]]*$' /proc/self/status; for field in CapInh CapPrm CapEff CapBnd CapAmb; do grep -Eq \"^${field}:[[:space:]]+0000000000000000$\" /proc/self/status; done"]: exit status 127; stdout="OCI runtime exec failed: executing processes for container: executing command \"/haa-runtime/haa-boundary --origin-launch 01cfcee2f6c1d6889ea8f7096db1aabf6ce7248f12db5db692e7db061f441868 /bin/sh -ceu test \\\"$(id -u)\\\" = 1000; test \\\"$(id -g)\\\" = 1000; grep -Eq '^Uid:[[:space:]]+1000[[:space:]]+1000[[:space:]]+1000[[:space:]]+1000$' /proc/1/status; grep -Eq '^Gid:[[:space:]]+1000[[:space:]]+1000[[:space:]]+1000[[:space:]]+1000$' /proc/1/status; grep -Eq '^Groups:[[:space:]]*$' /proc/1/status; for field in CapInh CapPrm CapEff CapBnd CapAmb; do grep -Eq \\\"^${field}:[[:space:]]+0000000000000000$\\\" /proc/1/status; done; grep -Eq '^Uid:[[:space:]]+1000[[:space:]]+1000[[:space:]]+1000[[:space:]]+1000$' /proc/self/status; grep -Eq '^Gid:[[:space:]]+1000[[:space:]]+1000[[:space:]]+1000[[:space:]]+1000$' /proc/self/status; grep -Eq '^Groups:[[:space:]]*$' /proc/self/status; for field in CapInh CapPrm CapEff CapBnd CapAmb; do grep -Eq \\\"^${field}:[[:space:]]+0000000000000000$\\\" /proc/self/status; done\" in sandbox: failed to load /haa-runtime/haa-boundary: no such file or directory"; stderr=""
integration command failed: docker ["exec" "--user" "0:0" "739e00d1cb8b28811f9dfebd8864c1d3daaccaa53521e6b872f55e266a3b7ba6" "/haa-runtime/haa-boundary" "--origin-launch" "01cfcee2f6c1d6889ea8f7096db1aabf6ce7248f12db5db692e7db061f441868" "/bin/sh" "-ceu" "test \"$(id -u)\" = 1000; test \"$(id -g)\" = 1000; grep -Eq '^Uid:[[:space:]]+1000[[:space:]]+1000[[:space:]]+1000[[:space:]]+1000$' /proc/1/status; grep -Eq '^Gid:[[:space:]]+1000[[:space:]]+1000[[:space:]]+1000[[:space:]]+1000$' /proc/1/status; grep -Eq '^Groups:[[:space:]]*$' /proc/1/status; for field in CapInh CapPrm CapEff CapBnd CapAmb; do grep -Eq \"^${field}:[[:space:]]+0000000000000000$\" /proc/1/status; done; grep -Eq '^Uid:[[:space:]]+1000[[:space:]]+1000[[:space:]]+1000[[:space:]]+1000$' /proc/self/status; grep -Eq '^Gid:[[:space:]]+1000[[:space:]]+1000[[:space:]]+1000[[:space:]]+1000$' /proc/self/status; grep -Eq '^Groups:[[:space:]]*$' /proc/self/status; for field in CapInh CapPrm CapEff CapBnd CapAmb; do grep -Eq \"^${field}:[[:space:]]+0000000000000000$\" /proc/self/status; done"]: exit status 127; stdout="OCI runtime exec failed: executing processes for container: executing command \"/haa-runtime/haa-boundary --origin-launch 01cfcee2f6c1d6889ea8f7096db1aabf6ce7248f12db5db692e7db061f441868 /bin/sh -ceu test \\\"$(id -u)\\\" = 1000; test \\\"$(id -g)\\\" = 1000; grep -Eq '^Uid:[[:space:]]+1000[[:space:]]+1000[[:space:]]+1000[[:space:]]+1000$' /proc/1/status; grep -Eq '^Gid:[[:space:]]+1000[[:space:]]+1000[[:space:]]+1000[[:space:]]+1000$' /proc/1/status; grep -Eq '^Groups:[[:space:]]*$' /proc/1/status; for field in CapInh CapPrm CapEff CapBnd CapAmb; do grep -Eq \\\"^${field}:[[:space:]]+0000000000000000$\\\" /proc/1/status; done; grep -Eq '^Uid:[[:space:]]+1000[[:space:]]+1000[[:space:]]+1000[[:space:]]+1000$' /proc/self/status; grep -Eq '^Gid:[[:space:]]+1000[[:space:]]+1000[[:space:]]+1000[[:space:]]+1000$' /proc/self/status; grep -Eq '^Groups:[[:space:]]*$' /proc/self/status; for field in CapInh CapPrm CapEff CapBnd CapAmb; do grep -Eq \\\"^${field}:[[:space:]]+0000000000000000$\\\" /proc/self/status; done\" in sandbox: failed to load /haa-runtime/haa-boundary: no such file or directory"; stderr=""
--- PASS: TestLinuxGVisorLifecycleIntegration (3.97s)
=== RUN   TestLinuxGitHubReleaseELFDynamicIntegration
    direct_exec_admission.go:63: command failed: docker ["exec" "--user" "0:0" "e6fee675a9adce47c5a32766b097e4e6a1d241830a9faade160e3a7d8b1f538a" "/haa-runtime/haa-boundary" "--origin-launch" "114cae55591a3ac33402f3a0f1aba1907f0c4ad8c69d1914b1c4d1aa4dbd7a52" "/bin/sh" "-ceu" "test \"$(id -u)\" = 1000; test \"$(id -g)\" = 1000; grep -Eq '^Uid:[[:space:]]+1000[[:space:]]+1000[[:space:]]+1000[[:space:]]+1000$' /proc/1/status; grep -Eq '^Gid:[[:space:]]+1000[[:space:]]+1000[[:space:]]+1000[[:space:]]+1000$' /proc/1/status; grep -Eq '^Groups:[[:space:]]*$' /proc/1/status; for field in CapInh CapPrm CapEff CapBnd CapAmb; do grep -Eq \"^${field}:[[:space:]]+0000000000000000$\" /proc/1/status; done; grep -Eq '^Uid:[[:space:]]+1000[[:space:]]+1000[[:space:]]+1000[[:space:]]+1000$' /proc/self/status; grep -Eq '^Gid:[[:space:]]+1000[[:space:]]+1000[[:space:]]+1000[[:space:]]+1000$' /proc/self/status; grep -Eq '^Groups:[[:space:]]*$' /proc/self/status; for field in CapInh CapPrm CapEff CapBnd CapAmb; do grep -Eq \"^${field}:[[:space:]]+0000000000000000$\" /proc/self/status; done"]: exit status 127; stdout="OCI runtime exec failed: executing processes for container: executing command \"/haa-runtime/haa-boundary --origin-launch 114cae55591a3ac33402f3a0f1aba1907f0c4ad8c69d1914b1c4d1aa4dbd7a52 /bin/sh -ceu test \\\"$(id -u)\\\" = 1000; test \\\"$(id -g)\\\" = 1000; grep -Eq '^Uid:[[:space:]]+1000[[:space:]]+1000[[:space:]]+1000[[:space:]]+1000$' /proc/1/status; grep -Eq '^Gid:[[:space:]]+1000[[:space:]]+1000[[:space:]]+1000[[:space:]]+1000$' /proc/1/status; grep -Eq '^Groups:[[:space:]]*$' /proc/1/status; for field in CapInh CapPrm CapEff CapBnd CapAmb; do grep -Eq \\\"^${field}:[[:space:]]+0000000000000000$\\\" /proc/1/status; done; grep -Eq '^Uid:[[:space:]]+1000[[:space:]]+1000[[:space:]]+1000[[:space:]]+1000$' /proc/self/status; grep -Eq '^Gid:[[:space:]]+1000[[:space:]]+1000[[:space:]]+1000[[:space:]]+1000$' /proc/self/status; grep -Eq '^Groups:[[:space:]]*$' /proc/self/status; for field in CapInh CapPrm CapEff CapBnd CapAmb; do grep -Eq \\\"^${field}:[[:space:]]+0000000000000000$\\\" /proc/self/status; done\" in sandbox: failed to load /haa-runtime/haa-boundary: no such file or directory"; stderr=""
integration command failed: docker ["exec" "--user" "0:0" "e6fee675a9adce47c5a32766b097e4e6a1d241830a9faade160e3a7d8b1f538a" "/haa-runtime/haa-boundary" "--origin-launch" "114cae55591a3ac33402f3a0f1aba1907f0c4ad8c69d1914b1c4d1aa4dbd7a52" "/bin/sh" "-ceu" "test \"$(id -u)\" = 1000; test \"$(id -g)\" = 1000; grep -Eq '^Uid:[[:space:]]+1000[[:space:]]+1000[[:space:]]+1000[[:space:]]+1000$' /proc/1/status; grep -Eq '^Gid:[[:space:]]+1000[[:space:]]+1000[[:space:]]+1000[[:space:]]+1000$' /proc/1/status; grep -Eq '^Groups:[[:space:]]*$' /proc/1/status; for field in CapInh CapPrm CapEff CapBnd CapAmb; do grep -Eq \"^${field}:[[:space:]]+0000000000000000$\" /proc/1/status; done; grep -Eq '^Uid:[[:space:]]+1000[[:space:]]+1000[[:space:]]+1000[[:space:]]+1000$' /proc/self/status; grep -Eq '^Gid:[[:space:]]+1000[[:space:]]+1000[[:space:]]+1000[[:space:]]+1000$' /proc/self/status; grep -Eq '^Groups:[[:space:]]*$' /proc/self/status; for field in CapInh CapPrm CapEff CapBnd CapAmb; do grep -Eq \"^${field}:[[:space:]]+0000000000000000$\" /proc/self/status; done"]: exit status 127; stdout="OCI runtime exec failed: executing processes for container: executing command \"/haa-runtime/haa-boundary --origin-launch 114cae55591a3ac33402f3a0f1aba1907f0c4ad8c69d1914b1c4d1aa4dbd7a52 /bin/sh -ceu test \\\"$(id -u)\\\" = 1000; test \\\"$(id -g)\\\" = 1000; grep -Eq '^Uid:[[:space:]]+1000[[:space:]]+1000[[:space:]]+1000[[:space:]]+1000$' /proc/1/status; grep -Eq '^Gid:[[:space:]]+1000[[:space:]]+1000[[:space:]]+1000[[:space:]]+1000$' /proc/1/status; grep -Eq '^Groups:[[:space:]]*$' /proc/1/status; for field in CapInh CapPrm CapEff CapBnd CapAmb; do grep -Eq \\\"^${field}:[[:space:]]+0000000000000000$\\\" /proc/1/status; done; grep -Eq '^Uid:[[:space:]]+1000[[:space:]]+1000[[:space:]]+1000[[:space:]]+1000$' /proc/self/status; grep -Eq '^Gid:[[:space:]]+1000[[:space:]]+1000[[:space:]]+1000[[:space:]]+1000$' /proc/self/status; grep -Eq '^Groups:[[:space:]]*$' /proc/self/status; for field in CapInh CapPrm CapEff CapBnd CapAmb; do grep -Eq \\\"^${field}:[[:space:]]+0000000000000000$\\\" /proc/self/status; done\" in sandbox: failed to load /haa-runtime/haa-boundary: no such file or directory"; stderr=""
--- PASS: TestLinuxGitHubReleaseELFDynamicIntegration (1.26s)
=== RUN   TestLinuxPyPISdistBuildIntegration
observer_attribution sequence=1 profile=pypi-wheel counts=PROCESS/SENTRY_EXEC/OTHER/ARTIFACT_ROLE/ARTIFACT_GROUP:1,PROCESS/SENTRY_EXEC/PYTHON/ARTIFACT_ROLE/ARTIFACT_GROUP:2
--- PASS: TestLinuxPyPISdistBuildIntegration (16.45s)
=== RUN   TestLinuxPyPIWheelDynamicIntegration
--- PASS: TestLinuxPyPIWheelDynamicIntegration (7.89s)
=== RUN   TestLinuxPythonRootPolicyTransactionSequenceIntegration
=== RUN   TestLinuxPythonRootPolicyTransactionSequenceIntegration/cpu-zero
    observation_resource_integration_linux_test.go:476: root=pytorch:cpu fixture_sha256=fae90b4c80d775f648e10e03b9c45b60521ae28cc4dcb230fc5828ab03393205 units=1 status=COMPLETED transaction=sbx_lir6bgq64bpc57ktkpblesdnha
=== RUN   TestLinuxPythonRootPolicyTransactionSequenceIntegration/cu126-zero
    observation_resource_integration_linux_test.go:476: root=pytorch:cu126 fixture_sha256=fae90b4c80d775f648e10e03b9c45b60521ae28cc4dcb230fc5828ab03393205 units=1 status=COMPLETED transaction=sbx_ejlqornakcfscta4i3kdvin4we
=== RUN   TestLinuxPythonRootPolicyTransactionSequenceIntegration/cu126-nonzero
=== NAME  TestLinuxPythonRootPolicyTransactionSequenceIntegration
    direct_exec_admission.go:99: discard command failed: docker ["exec" "--user" "0:0" "36cff7682625b5bc1dc49000e6e9ff6bba6198490b685d4b2a7b1cd63371a3e5" "/haa-runtime/haa-boundary" "--origin-handoff-python" "0bcc2bda046af05f77b3e1755b748d84635be0d4b3a3254fba8c6ccec03c37b5" "python" "-I" "-S" "-B" "-c" "import importlib, importlib.machinery, os, sys\nroot = '/haa-site'\nname = sys.argv[1]\nparts = name.split('.')\nif not parts or any(not part.isidentifier() for part in parts):\n    raise RuntimeError('invalid target import identity')\nif parts[0] in sys.modules:\n    raise RuntimeError('target already present in interpreter startup')\nsearch = [root]\nfor depth in range(len(parts)):\n    # Resolve each component against its authenticated parent search path.\n    # A fully qualified namespace lookup requires an imported parent in\n    # sys.modules; executing that parent here would precede target admission.\n    spec = importlib.machinery.PathFinder.find_spec(parts[depth], search)\n    if spec is None:\n        raise RuntimeError('target not found in authenticated site')\n    if spec.origin not in (None, 'namespace') and os.path.commonpath((root, os.path.realpath(spec.origin))) != root:\n        raise RuntimeError('target origin outside authenticated site')\n    locations = spec.submodule_search_locations\n    if locations is not None and (not locations or any(os.path.commonpath((root, os.path.realpath(p))) != root for p in locations)):\n        raise RuntimeError('target namespace outside authenticated site')\n    if depth + 1 < len(parts):\n        if locations is None:\n            raise RuntimeError('target parent is not a package')\n        search = locations\nsys.path.insert(0, root)\nimportlib.import_module(name)\n" "example"]: exit status 37; bounded output=""
=== NAME  TestLinuxPythonRootPolicyTransactionSequenceIntegration/cu126-nonzero
    observation_resource_integration_linux_test.go:476: root=pytorch:cu126 fixture_sha256=5b9ca02af3634ab1376e1268da0e157134f759c5406f00394c093d8a8fa2d11d units=1 status=INCOMPLETE transaction=sbx_4aoye66ky5etbrgojcwch6yzry
=== RUN   TestLinuxPythonRootPolicyTransactionSequenceIntegration/cpu-zero#01
    observation_resource_integration_linux_test.go:476: root=pytorch:cpu fixture_sha256=fae90b4c80d775f648e10e03b9c45b60521ae28cc4dcb230fc5828ab03393205 units=1 status=COMPLETED transaction=sbx_46xkhhsjbbeviumtqxjhb2m5iq
=== RUN   TestLinuxPythonRootPolicyTransactionSequenceIntegration/cu130-zero
    observation_resource_integration_linux_test.go:476: root=pytorch:cu130 fixture_sha256=fae90b4c80d775f648e10e03b9c45b60521ae28cc4dcb230fc5828ab03393205 units=1 status=COMPLETED transaction=sbx_xgseqc4rkg3k67c7i5i3ncb3xa
=== RUN   TestLinuxPythonRootPolicyTransactionSequenceIntegration/cu130-nonzero
=== NAME  TestLinuxPythonRootPolicyTransactionSequenceIntegration
    direct_exec_admission.go:99: discard command failed: docker ["exec" "--user" "0:0" "f6d801bfb8f9ad119b214873b31dbc40b9695f9336505c750409adfeea5f8488" "/haa-runtime/haa-boundary" "--origin-handoff-python" "5c483c61840a98f09dc1d8f6d53d9b8fb9040d18d80e63f140faace968c9c7c8" "python" "-I" "-S" "-B" "-c" "import importlib, importlib.machinery, os, sys\nroot = '/haa-site'\nname = sys.argv[1]\nparts = name.split('.')\nif not parts or any(not part.isidentifier() for part in parts):\n    raise RuntimeError('invalid target import identity')\nif parts[0] in sys.modules:\n    raise RuntimeError('target already present in interpreter startup')\nsearch = [root]\nfor depth in range(len(parts)):\n    # Resolve each component against its authenticated parent search path.\n    # A fully qualified namespace lookup requires an imported parent in\n    # sys.modules; executing that parent here would precede target admission.\n    spec = importlib.machinery.PathFinder.find_spec(parts[depth], search)\n    if spec is None:\n        raise RuntimeError('target not found in authenticated site')\n    if spec.origin not in (None, 'namespace') and os.path.commonpath((root, os.path.realpath(spec.origin))) != root:\n        raise RuntimeError('target origin outside authenticated site')\n    locations = spec.submodule_search_locations\n    if locations is not None and (not locations or any(os.path.commonpath((root, os.path.realpath(p))) != root for p in locations)):\n        raise RuntimeError('target namespace outside authenticated site')\n    if depth + 1 < len(parts):\n        if locations is None:\n            raise RuntimeError('target parent is not a package')\n        search = locations\nsys.path.insert(0, root)\nimportlib.import_module(name)\n" "example"]: exit status 37; bounded output=""
=== NAME  TestLinuxPythonRootPolicyTransactionSequenceIntegration/cu130-nonzero
    observation_resource_integration_linux_test.go:476: root=pytorch:cu130 fixture_sha256=5b9ca02af3634ab1376e1268da0e157134f759c5406f00394c093d8a8fa2d11d units=1 status=INCOMPLETE transaction=sbx_rtxv3ki7ghe6et7qmtevtaf4ke
=== RUN   TestLinuxPythonRootPolicyTransactionSequenceIntegration/cpu-zero#02
    observation_resource_integration_linux_test.go:476: root=pytorch:cpu fixture_sha256=fae90b4c80d775f648e10e03b9c45b60521ae28cc4dcb230fc5828ab03393205 units=1 status=COMPLETED transaction=sbx_nwprvyg73xco3d5gmozbtzdkqe
=== RUN   TestLinuxPythonRootPolicyTransactionSequenceIntegration/cu132-zero
    observation_resource_integration_linux_test.go:476: root=pytorch:cu132 fixture_sha256=fae90b4c80d775f648e10e03b9c45b60521ae28cc4dcb230fc5828ab03393205 units=1 status=COMPLETED transaction=sbx_zxtm3zry5ew2eavqr6torr6zcy
=== RUN   TestLinuxPythonRootPolicyTransactionSequenceIntegration/cu132-nonzero
=== NAME  TestLinuxPythonRootPolicyTransactionSequenceIntegration
    direct_exec_admission.go:99: discard command failed: docker ["exec" "--user" "0:0" "cc83fc9fb7dc98ac0e8fb4a8aa022293f650c9b0a880ac1cf7b9c669c8383e78" "/haa-runtime/haa-boundary" "--origin-handoff-python" "26a93eadae7d16e0e1b82147d8612f9af105618a649b98819ca8e229e541a766" "python" "-I" "-S" "-B" "-c" "import importlib, importlib.machinery, os, sys\nroot = '/haa-site'\nname = sys.argv[1]\nparts = name.split('.')\nif not parts or any(not part.isidentifier() for part in parts):\n    raise RuntimeError('invalid target import identity')\nif parts[0] in sys.modules:\n    raise RuntimeError('target already present in interpreter startup')\nsearch = [root]\nfor depth in range(len(parts)):\n    # Resolve each component against its authenticated parent search path.\n    # A fully qualified namespace lookup requires an imported parent in\n    # sys.modules; executing that parent here would precede target admission.\n    spec = importlib.machinery.PathFinder.find_spec(parts[depth], search)\n    if spec is None:\n        raise RuntimeError('target not found in authenticated site')\n    if spec.origin not in (None, 'namespace') and os.path.commonpath((root, os.path.realpath(spec.origin))) != root:\n        raise RuntimeError('target origin outside authenticated site')\n    locations = spec.submodule_search_locations\n    if locations is not None and (not locations or any(os.path.commonpath((root, os.path.realpath(p))) != root for p in locations)):\n        raise RuntimeError('target namespace outside authenticated site')\n    if depth + 1 < len(parts):\n        if locations is None:\n            raise RuntimeError('target parent is not a package')\n        search = locations\nsys.path.insert(0, root)\nimportlib.import_module(name)\n" "example"]: exit status 37; bounded output=""
=== NAME  TestLinuxPythonRootPolicyTransactionSequenceIntegration/cu132-nonzero
    observation_resource_integration_linux_test.go:476: root=pytorch:cu132 fixture_sha256=5b9ca02af3634ab1376e1268da0e157134f759c5406f00394c093d8a8fa2d11d units=1 status=INCOMPLETE transaction=sbx_wymwwzais2jjlqovxjhibwxmzy
=== RUN   TestLinuxPythonRootPolicyTransactionSequenceIntegration/cpu-zero#03
    observation_resource_integration_linux_test.go:476: root=pytorch:cpu fixture_sha256=fae90b4c80d775f648e10e03b9c45b60521ae28cc4dcb230fc5828ab03393205 units=1 status=COMPLETED transaction=sbx_4f6xpdoopacnekdw2koq5yizxm
--- PASS: TestLinuxPythonRootPolicyTransactionSequenceIntegration (101.55s)
    --- PASS: TestLinuxPythonRootPolicyTransactionSequenceIntegration/cpu-zero (10.52s)
    --- PASS: TestLinuxPythonRootPolicyTransactionSequenceIntegration/cu126-zero (9.98s)
    --- PASS: TestLinuxPythonRootPolicyTransactionSequenceIntegration/cu126-nonzero (9.66s)
    --- PASS: TestLinuxPythonRootPolicyTransactionSequenceIntegration/cpu-zero#01 (11.93s)
    --- PASS: TestLinuxPythonRootPolicyTransactionSequenceIntegration/cu130-zero (12.01s)
    --- PASS: TestLinuxPythonRootPolicyTransactionSequenceIntegration/cu130-nonzero (9.47s)
    --- PASS: TestLinuxPythonRootPolicyTransactionSequenceIntegration/cpu-zero#02 (10.34s)
    --- PASS: TestLinuxPythonRootPolicyTransactionSequenceIntegration/cu132-zero (9.45s)
    --- PASS: TestLinuxPythonRootPolicyTransactionSequenceIntegration/cu132-nonzero (8.69s)
    --- PASS: TestLinuxPythonRootPolicyTransactionSequenceIntegration/cpu-zero#03 (9.51s)
=== RUN   TestLinuxPythonRenamedProcessTransactionIntegration
=== RUN   TestLinuxPythonRenamedProcessTransactionIntegration/cpu-zero
    observation_resource_integration_linux_test.go:476: root=pytorch:cpu fixture_sha256=ecee6af2725dcd96db4a7002eba9ca064bd52fd0cceea521ec9b1a2caf39dc2c units=1 status=COMPLETED transaction=sbx_zlrso3bzzz5rhr7l63xanxezcq
=== RUN   TestLinuxPythonRenamedProcessTransactionIntegration/cu126-zero
    observation_resource_integration_linux_test.go:476: root=pytorch:cu126 fixture_sha256=ecee6af2725dcd96db4a7002eba9ca064bd52fd0cceea521ec9b1a2caf39dc2c units=1 status=COMPLETED transaction=sbx_keumq2yjwan42jmhd5a3rfrqn4
=== RUN   TestLinuxPythonRenamedProcessTransactionIntegration/cu130-zero
    observation_resource_integration_linux_test.go:476: root=pytorch:cu130 fixture_sha256=ecee6af2725dcd96db4a7002eba9ca064bd52fd0cceea521ec9b1a2caf39dc2c units=1 status=COMPLETED transaction=sbx_mbxbijzfxpfrhzemo6xbqhe3c4
=== RUN   TestLinuxPythonRenamedProcessTransactionIntegration/cu132-zero
    observation_resource_integration_linux_test.go:476: root=pytorch:cu132 fixture_sha256=ecee6af2725dcd96db4a7002eba9ca064bd52fd0cceea521ec9b1a2caf39dc2c units=1 status=COMPLETED transaction=sbx_nu7reylbbwo4s37gsvals7ix5q
--- PASS: TestLinuxPythonRenamedProcessTransactionIntegration (40.04s)
    --- PASS: TestLinuxPythonRenamedProcessTransactionIntegration/cpu-zero (10.80s)
    --- PASS: TestLinuxPythonRenamedProcessTransactionIntegration/cu126-zero (10.66s)
    --- PASS: TestLinuxPythonRenamedProcessTransactionIntegration/cu130-zero (10.06s)
    --- PASS: TestLinuxPythonRenamedProcessTransactionIntegration/cu132-zero (8.51s)
=== RUN   TestLinuxPythonPinnedLibutilTransactionIntegration
=== RUN   TestLinuxPythonPinnedLibutilTransactionIntegration/cpu-zero
    observation_resource_integration_linux_test.go:476: root=pytorch:cpu fixture_sha256=b8a5f99a387c441fd95f9e70de7d9b62fa3a823ca88e764f3122c045c5fc659c units=1 status=COMPLETED transaction=sbx_ptqlgegdyshekltz6cjofdt57y
=== RUN   TestLinuxPythonPinnedLibutilTransactionIntegration/cu126-zero
    observation_resource_integration_linux_test.go:476: root=pytorch:cu126 fixture_sha256=b8a5f99a387c441fd95f9e70de7d9b62fa3a823ca88e764f3122c045c5fc659c units=1 status=COMPLETED transaction=sbx_yqxcncvntzxxvofcsznbfsbayq
=== RUN   TestLinuxPythonPinnedLibutilTransactionIntegration/cu130-zero
    observation_resource_integration_linux_test.go:476: root=pytorch:cu130 fixture_sha256=b8a5f99a387c441fd95f9e70de7d9b62fa3a823ca88e764f3122c045c5fc659c units=1 status=COMPLETED transaction=sbx_7bh7xlrpvfx5shyt7a6orjfe2y
=== RUN   TestLinuxPythonPinnedLibutilTransactionIntegration/cu132-zero
    observation_resource_integration_linux_test.go:476: root=pytorch:cu132 fixture_sha256=b8a5f99a387c441fd95f9e70de7d9b62fa3a823ca88e764f3122c045c5fc659c units=1 status=COMPLETED transaction=sbx_ogucjk4s633itk5w4qpjzn2clm
--- PASS: TestLinuxPythonPinnedLibutilTransactionIntegration (29.35s)
    --- PASS: TestLinuxPythonPinnedLibutilTransactionIntegration/cpu-zero (7.26s)
    --- PASS: TestLinuxPythonPinnedLibutilTransactionIntegration/cu126-zero (7.39s)
    --- PASS: TestLinuxPythonPinnedLibutilTransactionIntegration/cu130-zero (7.44s)
    --- PASS: TestLinuxPythonPinnedLibutilTransactionIntegration/cu132-zero (7.25s)
PASS
helper reaped: pid=617730 wait=0
no existing traced runtime consumers; bounded Docker queries succeeded
runtime before bytes/identity/modes verified
/etc/heliopause/pod-init.json: OK
/usr/libexec/heliopause/helox: OK
/usr/libexec/heliopause/haa-network-policy-helper: OK
/usr/libexec/heliopause/haa_gvisor_observer: OK
/etc/heliopause/network-policy.json: OK
cleanup: original=0 helper_state=CONFIRMED_STOPPED helper_stop=0 client_error=0 client_restore=0 restore_result=NOT_REQUIRED pid=617730
