Exact source/binary probe candidate verified
runtime before bytes/identity/modes verified
runtime candidate bytes/identity/modes verified
Bounded complete host executable query: no installed executable consumer
no existing traced runtime consumers; bounded Docker queries succeeded
/usr/libexec/heliopause/helox: OK
/usr/libexec/heliopause/haa-network-policy-helper: OK
/usr/libexec/heliopause/haa_gvisor_observer: OK
/etc/heliopause/network-policy.json: OK
/etc/heliopause/pod-init.json: OK
helper launch: bash=/usr/bin/bash version=5.2.21(1)-release owner=271580
helper ready: pid=271629 attempt=14
=== RUN   TestLinuxTerraformProviderProbeIntegration
=== RUN   TestLinuxTerraformProviderProbeIntegration/hashicorp/random@3.7.2
    terraform_provider_integration_linux_test.go:89: Exact public provider help probe completed: reference=hashicorp/random@3.7.2 archive=7b8434212eef0f8c83f5a90c6d76feaf850f6502b61b53c329e85b3b281cba34 envelope=43cd1fc27fb3a890570339ec3880084d29333b61f41e2fb2b15072d4a47f1f67 {"schema":"m11-004","session":"sbx_s3jquzihtkg5zn5zhj3eesriei","status":"COMPLETED","unique_subjects":4,"total":39,"counts":{"FILESYSTEM:filesystem-workspace-access":2,"PROCESS:lifecycle-completed":1,"PROCESS:process-exec-expected":35,"PROCESS:terraform-help-exit-0":1}}
=== RUN   TestLinuxTerraformProviderProbeIntegration/integrations/github@6.6.0
    direct_exec_admission.go:99: discard command failed: docker ["exec" "--user" "0:0" "e7d2b5de3811fe7de4d5574f8fb6cd3821970f6f8aa69fed3f3ca1e1112cae40" "/haa-runtime/haa-boundary" "--origin-handoff-elf" "7cce522f40d088a1cb8031f61032c7f68ada492bdd03470560156b31d2bafec4" "/work/artifact" "-help"]: exit status 1; bounded output="This binary is a plugin. These are not meant to be executed directly.\nPlease execute the program that consumes these plugins, which will\nload any plugins automatically\n"
    terraform_provider_integration_linux_test.go:89: Exact public provider help probe completed: reference=integrations/github@6.6.0 archive=772edb5890d72b32868f9fdc0a9a1d4f4701d8e7f8acb37a7ac530d053c776e3 envelope=715f444c220d9044e0891b3e24846544b5a3fbb87e91b75a9a3c51a77c2aff73 {"schema":"m11-004","session":"sbx_rakivoq3acd4wrxytjogjpzwqe","status":"COMPLETED","unique_subjects":4,"total":39,"counts":{"FILESYSTEM:filesystem-workspace-access":2,"PROCESS:lifecycle-completed":1,"PROCESS:process-exec-expected":35,"PROCESS:terraform-help-exit-1":1}}
--- PASS: TestLinuxTerraformProviderProbeIntegration (5.48s)
    --- PASS: TestLinuxTerraformProviderProbeIntegration/hashicorp/random@3.7.2 (2.33s)
    --- PASS: TestLinuxTerraformProviderProbeIntegration/integrations/github@6.6.0 (3.15s)
=== RUN   TestLinuxTerraformProviderSecurityIntegration
=== RUN   TestLinuxTerraformProviderSecurityIntegration/normal
    terraform_provider_security_integration_linux_test.go:203: actual_provider_boundary=normal {"schema":"m11-004","session":"sbx_c3yfiaelrgejcigyjhqgtqqura","status":"COMPLETED","unique_subjects":4,"total":38,"counts":{"FILESYSTEM:filesystem-workspace-access":1,"PROCESS:lifecycle-completed":1,"PROCESS:process-exec-expected":35,"PROCESS:terraform-help-exit-0":1}}
=== RUN   TestLinuxTerraformProviderSecurityIntegration/network
observer_attribution sequence=1 profile=terraform-provider counts=NETWORK/CONNECT/INET/ARTIFACT_GROUP/OTHER:1
    terraform_provider_security_integration_linux_test.go:203: actual_provider_boundary=network {"schema":"m11-004","session":"sbx_i4nd6o5gpwmbrzv7vcy46s42yi","status":"COMPLETED","unique_subjects":5,"total":39,"counts":{"FILESYSTEM:filesystem-workspace-access":1,"NETWORK:network-attempt":1,"PROCESS:lifecycle-completed":1,"PROCESS:process-exec-expected":35,"PROCESS:terraform-help-exit-0":1}}
=== RUN   TestLinuxTerraformProviderSecurityIntegration/filesystem
    terraform_provider_security_integration_linux_test.go:203: actual_provider_boundary=filesystem {"schema":"m11-004","session":"sbx_mphs3v35nue2nuqhm3ibucdzsu","status":"INCOMPLETE","limitation":"M6_DYNAMIC_EXECUTION_FAILED","unique_subjects":0,"total":0,"counts":{}}
=== RUN   TestLinuxTerraformProviderSecurityIntegration/unexpected-process
observer_attribution sequence=1 profile=terraform-provider counts=PROCESS/SENTRY_EXEC/OTHER/ARTIFACT_ROLE/ARTIFACT_GROUP:1
    terraform_provider_security_integration_linux_test.go:196: unexpected exec fact lost INCOMPLETE/M6_DYNAMIC_EXECUTION_FAILED reason=STREAM_FAULT
--- FAIL: TestLinuxTerraformProviderSecurityIntegration (4.56s)
    --- PASS: TestLinuxTerraformProviderSecurityIntegration/normal (1.17s)
    --- PASS: TestLinuxTerraformProviderSecurityIntegration/network (1.16s)
    --- PASS: TestLinuxTerraformProviderSecurityIntegration/filesystem (1.13s)
    --- FAIL: TestLinuxTerraformProviderSecurityIntegration/unexpected-process (1.12s)
FAIL
helper reaped: pid=271629 wait=0
no existing traced runtime consumers; bounded Docker queries succeeded
runtime before bytes/identity/modes verified
/etc/heliopause/pod-init.json: OK
/usr/libexec/heliopause/helox: OK
/usr/libexec/heliopause/haa-network-policy-helper: OK
/usr/libexec/heliopause/haa_gvisor_observer: OK
/etc/heliopause/network-policy.json: OK
cleanup: original=1 helper_state=CONFIRMED_STOPPED helper_stop=0 client_error=0 client_restore=0 restore_result=NOT_REQUIRED pid=271629
