Exact source/binary probe candidate verified
runtime before bytes/identity/modes verified
runtime candidate bytes/identity/modes verified
Bounded complete host executable query: no installed executable consumer
no existing traced runtime consumers; bounded Docker queries succeeded
/usr/libexec/heliopause/helox: OK
/usr/libexec/heliopause/haa-network-policy-helper: OK
/usr/libexec/heliopause/haa_gvisor_observer: OK
/etc/heliopause/network-policy.json: OK
/etc/heliopause/pod-init.json: OK
helper launch: bash=/usr/bin/bash version=5.2.21(1)-release owner=169343
helper ready: pid=169387 attempt=15
=== RUN   TestLinuxTerraformProviderProbeIntegration
=== RUN   TestLinuxTerraformProviderProbeIntegration/hashicorp/random@3.7.2
    terraform_provider_integration_linux_test.go:78: Provider probe result=INCOMPLETE/M6_DYNAMIC_OBSERVER_FAILED observer_reason= error=<nil>
=== RUN   TestLinuxTerraformProviderProbeIntegration/integrations/github@6.6.0
    terraform_provider_integration_linux_test.go:78: Provider probe result=INCOMPLETE/M6_DYNAMIC_OBSERVER_FAILED observer_reason= error=<nil>
--- FAIL: TestLinuxTerraformProviderProbeIntegration (4.14s)
    --- FAIL: TestLinuxTerraformProviderProbeIntegration/hashicorp/random@3.7.2 (2.24s)
    --- FAIL: TestLinuxTerraformProviderProbeIntegration/integrations/github@6.6.0 (1.90s)
FAIL
helper reaped: pid=169387 wait=0
no existing traced runtime consumers; bounded Docker queries succeeded
runtime before bytes/identity/modes verified
/etc/heliopause/pod-init.json: OK
/usr/libexec/heliopause/helox: OK
/usr/libexec/heliopause/haa-network-policy-helper: OK
/usr/libexec/heliopause/haa_gvisor_observer: OK
/etc/heliopause/network-policy.json: OK
cleanup: original=1 helper_state=CONFIRMED_STOPPED helper_stop=0 client_error=0 client_restore=0 restore_result=NOT_REQUIRED pid=169387
