=== RUN   TestCargoRequiredGatesMustBeActiveInTheirLifecycleOwner
=== RUN   TestCargoRequiredGatesMustBeActiveInTheirLifecycleOwner/docker_pull_"$rust_image"
=== RUN   TestCargoRequiredGatesMustBeActiveInTheirLifecycleOwner/HELOX_CARGO_RESOLVER_INTEGRATION=1_/usr/libexec/heliopause/helox_-test.v_-test.timeout=5m_-test.run_'^TestLinuxCargoSourceProjectSnapshotIntegration$'
=== RUN   TestCargoRequiredGatesMustBeActiveInTheirLifecycleOwner/HELOX_CARGO_RESOLVER_INTEGRATION=1_HELOX_CARGO_ADD_INTEGRATION=1_/usr/libexec/heliopause/helox_-test.v_-test.timeout=10m_-test.run_'^TestLinuxCargo(Add|TransitiveAdd)Integration$'
=== RUN   TestCargoRequiredGatesMustBeActiveInTheirLifecycleOwner/HELOX_CARGO_RESOLVER_INTEGRATION=1_HELOX_CARGO_BUILD_CLI_INTEGRATION=1_/usr/libexec/heliopause/helox_-test.v_-test.timeout=15m_-test.run_'^TestLinuxCargo.*Build.*CLIIntegration$|^TestLinuxCargoProcMacroSecurityCLIIntegration$'
--- PASS: TestCargoRequiredGatesMustBeActiveInTheirLifecycleOwner (0.03s)
    --- PASS: TestCargoRequiredGatesMustBeActiveInTheirLifecycleOwner/docker_pull_"$rust_image" (0.01s)
    --- PASS: TestCargoRequiredGatesMustBeActiveInTheirLifecycleOwner/HELOX_CARGO_RESOLVER_INTEGRATION=1_/usr/libexec/heliopause/helox_-test.v_-test.timeout=5m_-test.run_'^TestLinuxCargoSourceProjectSnapshotIntegration$' (0.01s)
    --- PASS: TestCargoRequiredGatesMustBeActiveInTheirLifecycleOwner/HELOX_CARGO_RESOLVER_INTEGRATION=1_HELOX_CARGO_ADD_INTEGRATION=1_/usr/libexec/heliopause/helox_-test.v_-test.timeout=10m_-test.run_'^TestLinuxCargo(Add|TransitiveAdd)Integration$' (0.01s)
    --- PASS: TestCargoRequiredGatesMustBeActiveInTheirLifecycleOwner/HELOX_CARGO_RESOLVER_INTEGRATION=1_HELOX_CARGO_BUILD_CLI_INTEGRATION=1_/usr/libexec/heliopause/helox_-test.v_-test.timeout=15m_-test.run_'^TestLinuxCargo.*Build.*CLIIntegration$|^TestLinuxCargoProcMacroSecurityCLIIntegration$' (0.01s)
=== RUN   TestCargoIntegrationRejectsSkippedOrSubstitutedOwner
=== RUN   TestCargoIntegrationRejectsSkippedOrSubstitutedOwner/conditional_step
=== RUN   TestCargoIntegrationRejectsSkippedOrSubstitutedOwner/ignored_failure
=== RUN   TestCargoIntegrationRejectsSkippedOrSubstitutedOwner/duplicate_command
=== RUN   TestCargoIntegrationRejectsSkippedOrSubstitutedOwner/wrong_step
--- PASS: TestCargoIntegrationRejectsSkippedOrSubstitutedOwner (0.03s)
    --- PASS: TestCargoIntegrationRejectsSkippedOrSubstitutedOwner/conditional_step (0.01s)
    --- PASS: TestCargoIntegrationRejectsSkippedOrSubstitutedOwner/ignored_failure (0.01s)
    --- PASS: TestCargoIntegrationRejectsSkippedOrSubstitutedOwner/duplicate_command (0.01s)
    --- PASS: TestCargoIntegrationRejectsSkippedOrSubstitutedOwner/wrong_step (0.01s)
=== RUN   TestTerraformRequiredGatesRejectCommentsDuplicatesAndDisabledFlags
=== RUN   TestTerraformRequiredGatesRejectCommentsDuplicatesAndDisabledFlags/duplicateHELOX_RUN_TERRAFORM_SOURCE_INTEGRATION=1_go_test_-v_-timeout=3m_./internal/verification/terraformprovider_-run_'^TestPublicTerraformProviderSourceIntegration$'
=== RUN   TestTerraformRequiredGatesRejectCommentsDuplicatesAndDisabledFlags/substituted-targetHELOX_RUN_TERRAFORM_SOURCE_INTEGRATION=1_go_test_-v_-timeout=3m_./internal/verification/terraformprovider_-run_'^TestPublicTerraformProviderSourceIntegration$'
=== RUN   TestTerraformRequiredGatesRejectCommentsDuplicatesAndDisabledFlags/commentHELOX_RUN_TERRAFORM_SOURCE_INTEGRATION=1_go_test_-v_-timeout=3m_./internal/verification/terraformprovider_-run_'^TestPublicTerraformProviderSourceIntegration$'
=== RUN   TestTerraformRequiredGatesRejectCommentsDuplicatesAndDisabledFlags/disabledHELOX_RUN_TERRAFORM_SOURCE_INTEGRATION=1_go_test_-v_-timeout=3m_./internal/verification/terraformprovider_-run_'^TestPublicTerraformProviderSourceIntegration$'
=== RUN   TestTerraformRequiredGatesRejectCommentsDuplicatesAndDisabledFlags/duplicateHELOX_TERRAFORM_PROVIDER_INTEGRATION=1_/usr/libexec/heliopause/helox_-test.v_-test.timeout=5m_-test.run_'^TestLinuxTerraformProvider(Probe|Security)Integration$'
=== RUN   TestTerraformRequiredGatesRejectCommentsDuplicatesAndDisabledFlags/substituted-targetHELOX_TERRAFORM_PROVIDER_INTEGRATION=1_/usr/libexec/heliopause/helox_-test.v_-test.timeout=5m_-test.run_'^TestLinuxTerraformProvider(Probe|Security)Integration$'
=== RUN   TestTerraformRequiredGatesRejectCommentsDuplicatesAndDisabledFlags/commentHELOX_TERRAFORM_PROVIDER_INTEGRATION=1_/usr/libexec/heliopause/helox_-test.v_-test.timeout=5m_-test.run_'^TestLinuxTerraformProvider(Probe|Security)Integration$'
=== RUN   TestTerraformRequiredGatesRejectCommentsDuplicatesAndDisabledFlags/disabledHELOX_TERRAFORM_PROVIDER_INTEGRATION=1_/usr/libexec/heliopause/helox_-test.v_-test.timeout=5m_-test.run_'^TestLinuxTerraformProvider(Probe|Security)Integration$'
=== RUN   TestTerraformRequiredGatesRejectCommentsDuplicatesAndDisabledFlags/commentHELOX_TERRAFORM_INIT_INTEGRATION=1_/usr/libexec/heliopause/helox_-test.v_-test.timeout=10m_-test.run_'^TestLinuxTerraformInit(Integration|NegativeIntegration)$'
=== RUN   TestTerraformRequiredGatesRejectCommentsDuplicatesAndDisabledFlags/disabledHELOX_TERRAFORM_INIT_INTEGRATION=1_/usr/libexec/heliopause/helox_-test.v_-test.timeout=10m_-test.run_'^TestLinuxTerraformInit(Integration|NegativeIntegration)$'
=== RUN   TestTerraformRequiredGatesRejectCommentsDuplicatesAndDisabledFlags/duplicateHELOX_TERRAFORM_INIT_INTEGRATION=1_/usr/libexec/heliopause/helox_-test.v_-test.timeout=10m_-test.run_'^TestLinuxTerraformInit(Integration|NegativeIntegration)$'
=== RUN   TestTerraformRequiredGatesRejectCommentsDuplicatesAndDisabledFlags/substituted-targetHELOX_TERRAFORM_INIT_INTEGRATION=1_/usr/libexec/heliopause/helox_-test.v_-test.timeout=10m_-test.run_'^TestLinuxTerraformInit(Integration|NegativeIntegration)$'
--- PASS: TestTerraformRequiredGatesRejectCommentsDuplicatesAndDisabledFlags (0.08s)
    --- PASS: TestTerraformRequiredGatesRejectCommentsDuplicatesAndDisabledFlags/duplicateHELOX_RUN_TERRAFORM_SOURCE_INTEGRATION=1_go_test_-v_-timeout=3m_./internal/verification/terraformprovider_-run_'^TestPublicTerraformProviderSourceIntegration$' (0.01s)
    --- PASS: TestTerraformRequiredGatesRejectCommentsDuplicatesAndDisabledFlags/substituted-targetHELOX_RUN_TERRAFORM_SOURCE_INTEGRATION=1_go_test_-v_-timeout=3m_./internal/verification/terraformprovider_-run_'^TestPublicTerraformProviderSourceIntegration$' (0.01s)
    --- PASS: TestTerraformRequiredGatesRejectCommentsDuplicatesAndDisabledFlags/commentHELOX_RUN_TERRAFORM_SOURCE_INTEGRATION=1_go_test_-v_-timeout=3m_./internal/verification/terraformprovider_-run_'^TestPublicTerraformProviderSourceIntegration$' (0.01s)
    --- PASS: TestTerraformRequiredGatesRejectCommentsDuplicatesAndDisabledFlags/disabledHELOX_RUN_TERRAFORM_SOURCE_INTEGRATION=1_go_test_-v_-timeout=3m_./internal/verification/terraformprovider_-run_'^TestPublicTerraformProviderSourceIntegration$' (0.01s)
    --- PASS: TestTerraformRequiredGatesRejectCommentsDuplicatesAndDisabledFlags/duplicateHELOX_TERRAFORM_PROVIDER_INTEGRATION=1_/usr/libexec/heliopause/helox_-test.v_-test.timeout=5m_-test.run_'^TestLinuxTerraformProvider(Probe|Security)Integration$' (0.01s)
    --- PASS: TestTerraformRequiredGatesRejectCommentsDuplicatesAndDisabledFlags/substituted-targetHELOX_TERRAFORM_PROVIDER_INTEGRATION=1_/usr/libexec/heliopause/helox_-test.v_-test.timeout=5m_-test.run_'^TestLinuxTerraformProvider(Probe|Security)Integration$' (0.01s)
    --- PASS: TestTerraformRequiredGatesRejectCommentsDuplicatesAndDisabledFlags/commentHELOX_TERRAFORM_PROVIDER_INTEGRATION=1_/usr/libexec/heliopause/helox_-test.v_-test.timeout=5m_-test.run_'^TestLinuxTerraformProvider(Probe|Security)Integration$' (0.01s)
    --- PASS: TestTerraformRequiredGatesRejectCommentsDuplicatesAndDisabledFlags/disabledHELOX_TERRAFORM_PROVIDER_INTEGRATION=1_/usr/libexec/heliopause/helox_-test.v_-test.timeout=5m_-test.run_'^TestLinuxTerraformProvider(Probe|Security)Integration$' (0.01s)
    --- PASS: TestTerraformRequiredGatesRejectCommentsDuplicatesAndDisabledFlags/commentHELOX_TERRAFORM_INIT_INTEGRATION=1_/usr/libexec/heliopause/helox_-test.v_-test.timeout=10m_-test.run_'^TestLinuxTerraformInit(Integration|NegativeIntegration)$' (0.01s)
    --- PASS: TestTerraformRequiredGatesRejectCommentsDuplicatesAndDisabledFlags/disabledHELOX_TERRAFORM_INIT_INTEGRATION=1_/usr/libexec/heliopause/helox_-test.v_-test.timeout=10m_-test.run_'^TestLinuxTerraformInit(Integration|NegativeIntegration)$' (0.01s)
    --- PASS: TestTerraformRequiredGatesRejectCommentsDuplicatesAndDisabledFlags/duplicateHELOX_TERRAFORM_INIT_INTEGRATION=1_/usr/libexec/heliopause/helox_-test.v_-test.timeout=10m_-test.run_'^TestLinuxTerraformInit(Integration|NegativeIntegration)$' (0.01s)
    --- PASS: TestTerraformRequiredGatesRejectCommentsDuplicatesAndDisabledFlags/substituted-targetHELOX_TERRAFORM_INIT_INTEGRATION=1_/usr/libexec/heliopause/helox_-test.v_-test.timeout=10m_-test.run_'^TestLinuxTerraformInit(Integration|NegativeIntegration)$' (0.01s)
PASS
ok  	github.com/rahoney/heliopause/scripts/check	0.137s
