Exact source/binary probe candidate verified
runtime before bytes/identity/modes verified
runtime candidate bytes/identity/modes verified
Bounded complete host executable query: no installed executable consumer
no existing traced runtime consumers; bounded Docker queries succeeded
/usr/libexec/heliopause/helox: OK
/usr/libexec/heliopause/haa-network-policy-helper: OK
/usr/libexec/heliopause/haa_gvisor_observer: OK
/etc/heliopause/network-policy.json: OK
/etc/heliopause/pod-init.json: OK
helper launch: bash=/usr/bin/bash version=5.2.21(1)-release owner=244688
helper ready: pid=244737 attempt=14
=== RUN   TestLinuxTerraformProviderProbeIntegration
=== RUN   TestLinuxTerraformProviderProbeIntegration/hashicorp/random@3.7.2
    terraform_provider_integration_linux_test.go:82: positive provider has disallowed observation: FILESYSTEM/filesystem-workspace-access
=== RUN   TestLinuxTerraformProviderProbeIntegration/integrations/github@6.6.0
    direct_exec_admission.go:63: command failed: docker ["exec" "--user" "0:0" "877276d2bc7914dc73a80e2cca443e8a7be8d97210ed337ec7495e94d61023cf" "/haa-runtime/haa-boundary" "--origin-handoff-elf" "bceaf4c36d975fef907bde67137677c82aed3c044ea40cf35b780534007e7b7c" "/work/artifact" "-help"]: exit status 1; stdout=""; stderr="This binary is a plugin. These are not meant to be executed directly.\nPlease execute the program that consumes these plugins, which will\nload any plugins automatically"
integration command failed: docker ["exec" "--user" "0:0" "877276d2bc7914dc73a80e2cca443e8a7be8d97210ed337ec7495e94d61023cf" "/haa-runtime/haa-boundary" "--origin-handoff-elf" "bceaf4c36d975fef907bde67137677c82aed3c044ea40cf35b780534007e7b7c" "/work/artifact" "-help"]: exit status 1; stdout=""; stderr="This binary is a plugin. These are not meant to be executed directly.\nPlease execute the program that consumes these plugins, which will\nload any plugins automatically"
    terraform_provider_integration_linux_test.go:78: Provider probe result=INCOMPLETE/M6_DYNAMIC_EXECUTION_FAILED observer_reason= error=<nil>
--- FAIL: TestLinuxTerraformProviderProbeIntegration (5.88s)
    --- FAIL: TestLinuxTerraformProviderProbeIntegration/hashicorp/random@3.7.2 (2.40s)
    --- FAIL: TestLinuxTerraformProviderProbeIntegration/integrations/github@6.6.0 (3.48s)
FAIL
helper reaped: pid=244737 wait=0
no existing traced runtime consumers; bounded Docker queries succeeded
runtime before bytes/identity/modes verified
/etc/heliopause/pod-init.json: OK
/usr/libexec/heliopause/helox: OK
/usr/libexec/heliopause/haa-network-policy-helper: OK
/usr/libexec/heliopause/haa_gvisor_observer: OK
/etc/heliopause/network-policy.json: OK
cleanup: original=1 helper_state=CONFIRMED_STOPPED helper_stop=0 client_error=0 client_restore=0 restore_result=NOT_REQUIRED pid=244737
