Exact source/binary probe candidate verified
runtime before bytes/identity/modes verified
runtime candidate bytes/identity/modes verified
Bounded complete host executable query: no installed executable consumer
no existing traced runtime consumers; bounded Docker queries succeeded
/usr/libexec/heliopause/helox: OK
/usr/libexec/heliopause/haa-network-policy-helper: OK
/usr/libexec/heliopause/haa_gvisor_observer: OK
/etc/heliopause/network-policy.json: OK
/etc/heliopause/pod-init.json: OK
helper launch: bash=/usr/bin/bash version=5.2.21(1)-release owner=336241
helper ready: pid=336295 attempt=15
=== RUN   TestLinuxTerraformInitIntegration
=== RUN   TestLinuxTerraformInitIntegration/official
    terraform_init_integration_linux_test.go:140: actual_terraform_init_attempt=0 Source: terraform-registry
        Providers: 1
        Lock digest: a4c8de53fcef3ef860dc1ebccd53225523fe0f26de37d6fb746064057964f90d
    terraform_init_integration_linux_test.go:140: actual_terraform_init_attempt=1 Source: terraform-registry
        Providers: 1
        Lock digest: a4c8de53fcef3ef860dc1ebccd53225523fe0f26de37d6fb746064057964f90d
=== RUN   TestLinuxTerraformInitIntegration/partner
    terraform_init_integration_linux_test.go:140: actual_terraform_init_attempt=0 Source: terraform-registry
        Providers: 1
        Lock digest: 8394ef99824f1e1e156f6b112d8106f55066de04a43a353d5ebf681d09577854
    terraform_init_integration_linux_test.go:140: actual_terraform_init_attempt=1 Source: terraform-registry
        Providers: 1
        Lock digest: 8394ef99824f1e1e156f6b112d8106f55066de04a43a353d5ebf681d09577854
=== RUN   TestLinuxTerraformInitIntegration/complete-project
    terraform_init_integration_linux_test.go:140: actual_terraform_init_attempt=0 Source: terraform-registry
        Providers: 2
        Lock digest: 89e738c4a042a302e5aab56e726d26a2e768cd320f89eb5a35a8f852c30f1be3
    terraform_init_integration_linux_test.go:140: actual_terraform_init_attempt=1 Source: terraform-registry
        Providers: 2
        Lock digest: 89e738c4a042a302e5aab56e726d26a2e768cd320f89eb5a35a8f852c30f1be3
--- PASS: TestLinuxTerraformInitIntegration (63.79s)
    --- PASS: TestLinuxTerraformInitIntegration/official (15.87s)
    --- PASS: TestLinuxTerraformInitIntegration/partner (18.45s)
    --- PASS: TestLinuxTerraformInitIntegration/complete-project (29.46s)
=== RUN   TestLinuxTerraformInitNegativeIntegration
=== RUN   TestLinuxTerraformInitNegativeIntegration/lock-checksum-mismatch
    terraform_init_integration_linux_test.go:217: actual_terraform_negative=lock-checksum-mismatch primary=resolve exact Terraform graph: terraform package does not match any existing lock hash
=== RUN   TestLinuxTerraformInitNegativeIntegration/remote-module
    terraform_init_integration_linux_test.go:217: actual_terraform_negative=remote-module primary=guard Terraform project: terraform remote module acquisition is unsupported
=== RUN   TestLinuxTerraformInitNegativeIntegration/foreign-provider-cache
    terraform_init_integration_linux_test.go:217: actual_terraform_negative=foreign-provider-cache primary=guard Terraform project: terraform installation contains unmanaged module/backend/cache state
=== RUN   TestLinuxTerraformInitNegativeIntegration/concurrent-init
    terraform_init_integration_linux_test.go:217: actual_terraform_negative=concurrent-init primary=guard Terraform project: go project is already being mutated or lock is unavailable
--- PASS: TestLinuxTerraformInitNegativeIntegration (6.89s)
    --- PASS: TestLinuxTerraformInitNegativeIntegration/lock-checksum-mismatch (2.35s)
    --- PASS: TestLinuxTerraformInitNegativeIntegration/remote-module (1.50s)
    --- PASS: TestLinuxTerraformInitNegativeIntegration/foreign-provider-cache (1.59s)
    --- PASS: TestLinuxTerraformInitNegativeIntegration/concurrent-init (1.46s)
PASS
helper reaped: pid=336295 wait=0
no existing traced runtime consumers; bounded Docker queries succeeded
runtime before bytes/identity/modes verified
/etc/heliopause/pod-init.json: OK
/usr/libexec/heliopause/helox: OK
/usr/libexec/heliopause/haa-network-policy-helper: OK
/usr/libexec/heliopause/haa_gvisor_observer: OK
/etc/heliopause/network-policy.json: OK
cleanup: original=0 helper_state=CONFIRMED_STOPPED helper_stop=0 client_error=0 client_restore=0 restore_result=NOT_REQUIRED pid=336295
