Exact source/binary probe candidate verified
runtime before bytes/identity/modes verified
runtime candidate bytes/identity/modes verified
Bounded complete host executable query: no installed executable consumer
no existing traced runtime consumers; bounded Docker queries succeeded
/usr/libexec/heliopause/helox: OK
/usr/libexec/heliopause/haa-network-policy-helper: OK
/usr/libexec/heliopause/haa_gvisor_observer: OK
/etc/heliopause/network-policy.json: OK
/etc/heliopause/pod-init.json: OK
helper launch: bash=/usr/bin/bash version=5.2.21(1)-release owner=327258
helper ready: pid=327307 attempt=14
=== RUN   TestLinuxPythonProcMapsTransactionIntegration
=== RUN   TestLinuxPythonProcMapsTransactionIntegration/cu126-zero
    observation_resource_integration_linux_test.go:476: root=pytorch:cu126 fixture_sha256=c502244d43ee9cb746984413f4c6223777fd0318d6a24ceb638e9dad4f564912 units=1 status=COMPLETED transaction=sbx_hmyi3fttm3g4keh2rxg4nl54h4
--- PASS: TestLinuxPythonProcMapsTransactionIntegration (6.27s)
    --- PASS: TestLinuxPythonProcMapsTransactionIntegration/cu126-zero (6.26s)
PASS
helper reaped: pid=327307 wait=0
no existing traced runtime consumers; bounded Docker queries succeeded
runtime before bytes/identity/modes verified
/etc/heliopause/pod-init.json: OK
/usr/libexec/heliopause/helox: OK
/usr/libexec/heliopause/haa-network-policy-helper: OK
/usr/libexec/heliopause/haa_gvisor_observer: OK
/etc/heliopause/network-policy.json: OK
cleanup: original=0 helper_state=CONFIRMED_STOPPED helper_stop=0 client_error=0 client_restore=0 restore_result=NOT_REQUIRED pid=327307
