--- FAIL: TestGoBuildRunnerRejectsCommandRedirectionBeforeExecution (0.00s)
    --- FAIL: TestGoBuildRunnerRejectsCommandRedirectionBeforeExecution/-toolexec=/tmp/tool (0.00s)
        gomodule_build_test.go:23: redirected build reached runner: call="build -mod=readonly -toolexec=/tmp/tool" error=<nil>
    --- FAIL: TestGoBuildRunnerRejectsCommandRedirectionBeforeExecution/-o=/outside (0.00s)
        gomodule_build_test.go:23: redirected build reached runner: call="build -mod=readonly -o=/outside" error=<nil>
    --- FAIL: TestGoBuildRunnerRejectsCommandRedirectionBeforeExecution/-C=/outside (0.00s)
        gomodule_build_test.go:23: redirected build reached runner: call="build -mod=readonly -C=/outside" error=<nil>
    --- FAIL: TestGoBuildRunnerRejectsCommandRedirectionBeforeExecution/../outside (0.00s)
        gomodule_build_test.go:23: redirected build reached runner: call="build -mod=readonly ../outside" error=<nil>
    --- FAIL: TestGoBuildRunnerRejectsCommandRedirectionBeforeExecution//outside (0.00s)
        gomodule_build_test.go:23: redirected build reached runner: call="build -mod=readonly /outside" error=<nil>
    --- FAIL: TestGoBuildRunnerRejectsCommandRedirectionBeforeExecution/example.com/mod@v1.0.0 (0.00s)
        gomodule_build_test.go:23: redirected build reached runner: call="build -mod=readonly example.com/mod@v1.0.0" error=<nil>
    --- FAIL: TestGoBuildRunnerRejectsCommandRedirectionBeforeExecution/./pkg_ (0.00s)
        gomodule_build_test.go:23: redirected build reached runner: call="build -mod=readonly ./pkg\n" error=<nil>
    --- FAIL: TestGoBuildRunnerRejectsCommandRedirectionBeforeExecution/./pkg_-toolexec=/tmp/tool (0.00s)
        gomodule_build_test.go:23: redirected build reached runner: call="build -mod=readonly ./pkg -toolexec=/tmp/tool" error=<nil>
    --- FAIL: TestGoBuildRunnerRejectsCommandRedirectionBeforeExecution/./one_./two (0.00s)
        gomodule_build_test.go:23: redirected build reached runner: call="build -mod=readonly ./one ./two" error=<nil>
--- FAIL: TestGoBuildRunnerCancelledRequestDoesNotExecute (0.00s)
    gomodule_build_test.go:36: cancelled build reached runner: call="build -mod=readonly ." error=<nil>
FAIL
FAIL	github.com/rahoney/heliopause/internal/sandbox	0.009s
FAIL
