=== RUN   TestGoBuildRunnerRejectsCommandRedirectionBeforeExecution
=== RUN   TestGoBuildRunnerRejectsCommandRedirectionBeforeExecution/-toolexec=/tmp/tool
=== RUN   TestGoBuildRunnerRejectsCommandRedirectionBeforeExecution/-o=/outside
=== RUN   TestGoBuildRunnerRejectsCommandRedirectionBeforeExecution/-C=/outside
=== RUN   TestGoBuildRunnerRejectsCommandRedirectionBeforeExecution/../outside
=== RUN   TestGoBuildRunnerRejectsCommandRedirectionBeforeExecution//outside
=== RUN   TestGoBuildRunnerRejectsCommandRedirectionBeforeExecution/example.com/mod@v1.0.0
=== RUN   TestGoBuildRunnerRejectsCommandRedirectionBeforeExecution/./pkg_
=== RUN   TestGoBuildRunnerRejectsCommandRedirectionBeforeExecution/./pkg_-toolexec=/tmp/tool
=== RUN   TestGoBuildRunnerRejectsCommandRedirectionBeforeExecution/./one_./two
--- PASS: TestGoBuildRunnerRejectsCommandRedirectionBeforeExecution (0.00s)
    --- PASS: TestGoBuildRunnerRejectsCommandRedirectionBeforeExecution/-toolexec=/tmp/tool (0.00s)
    --- PASS: TestGoBuildRunnerRejectsCommandRedirectionBeforeExecution/-o=/outside (0.00s)
    --- PASS: TestGoBuildRunnerRejectsCommandRedirectionBeforeExecution/-C=/outside (0.00s)
    --- PASS: TestGoBuildRunnerRejectsCommandRedirectionBeforeExecution/../outside (0.00s)
    --- PASS: TestGoBuildRunnerRejectsCommandRedirectionBeforeExecution//outside (0.00s)
    --- PASS: TestGoBuildRunnerRejectsCommandRedirectionBeforeExecution/example.com/mod@v1.0.0 (0.00s)
    --- PASS: TestGoBuildRunnerRejectsCommandRedirectionBeforeExecution/./pkg_ (0.00s)
    --- PASS: TestGoBuildRunnerRejectsCommandRedirectionBeforeExecution/./pkg_-toolexec=/tmp/tool (0.00s)
    --- PASS: TestGoBuildRunnerRejectsCommandRedirectionBeforeExecution/./one_./two (0.00s)
=== RUN   TestGoBuildRunnerCancelledRequestDoesNotExecute
--- PASS: TestGoBuildRunnerCancelledRequestDoesNotExecute (0.00s)
=== RUN   TestGoBuildRunnerUsesReadonlyNetworkDisabledEnvironment
--- PASS: TestGoBuildRunnerUsesReadonlyNetworkDisabledEnvironment (0.00s)
=== RUN   TestGoBuildRunnerAcceptsPackageSelectors
--- PASS: TestGoBuildRunnerAcceptsPackageSelectors (0.00s)
PASS
ok  	github.com/rahoney/heliopause/internal/sandbox	0.010s
