2026-10-07T01:46:00.5460259Z Current runner version: '2.337.0'
2026-10-07T01:46:00.5487204Z ##[group]Runner Image Provisioner
2026-10-07T01:46:00.5488293Z Hosted Compute Agent
2026-10-07T01:46:00.5489075Z Version: 20260901.588
2026-10-07T01:46:00.5489913Z Commit: f88ec8081b781fac6c440065ac7ff9e710ce3d0b
2026-10-07T01:46:00.5490849Z Build Date: 2026-09-01T19:56:44Z
2026-10-07T01:46:00.5491681Z Worker ID: {f4256804-1aff-475d-bd0f-f9b0921cd907}
2026-10-07T01:46:00.5492521Z Azure Region: eastus
2026-10-07T01:46:00.5493264Z ##[endgroup]
2026-10-07T01:46:00.5495053Z ##[group]Operating System
2026-10-07T01:46:00.5495875Z Ubuntu
2026-10-07T01:46:00.5496494Z 24.04.5
2026-10-07T01:46:00.5497074Z LTS
2026-10-07T01:46:00.5497912Z ##[endgroup]
2026-10-07T01:46:00.5498660Z ##[group]Runner Image
2026-10-07T01:46:00.5499417Z Image: ubuntu-24.04
2026-10-07T01:46:00.5500083Z Version: 20260927.320.1
2026-10-07T01:46:00.5502119Z Included Software: https://github.com/actions/runner-images/blob/ubuntu24/20260927.320/images/ubuntu/Ubuntu2404-Readme.md
2026-10-07T01:46:00.5504155Z Image Release: https://github.com/actions/runner-images/releases/tag/ubuntu24%2F20260927.320
2026-10-07T01:46:00.5505459Z ##[endgroup]
2026-10-07T01:46:00.5506739Z ##[group]GITHUB_TOKEN Permissions
2026-10-07T01:46:00.5509318Z Contents: read
2026-10-07T01:46:00.5510049Z Metadata: read
2026-10-07T01:46:00.5510771Z ##[endgroup]
2026-10-07T01:46:00.5513043Z Secret source: Actions
2026-10-07T01:46:00.5514265Z Cache mode: write
2026-10-07T01:46:00.5515324Z Prepare workflow directory
2026-10-07T01:46:00.6101066Z Prepare all required actions
2026-10-07T01:46:00.6159429Z Getting action download info
2026-10-07T01:46:00.7742452Z Download action repository 'actions/checkout@3d3c42e5aac5ba805825da76410c181273ba90b1' (SHA:3d3c42e5aac5ba805825da76410c181273ba90b1)
2026-10-07T01:46:00.8547049Z Download action repository 'actions/setup-go@b7ad1dad31e06c5925ef5d2fc7ad053ef454303e' (SHA:b7ad1dad31e06c5925ef5d2fc7ad053ef454303e)
2026-10-07T01:46:01.2159372Z Complete job name: Required
2026-10-07T01:46:01.2704003Z ##[group]Run actions/checkout@3d3c42e5aac5ba805825da76410c181273ba90b1
2026-10-07T01:46:01.2704797Z with:
2026-10-07T01:46:01.2705156Z   persist-credentials: false
2026-10-07T01:46:01.2705576Z   repository: rahoney/heliopause
2026-10-07T01:46:01.2708972Z   token: ***
2026-10-07T01:46:01.2709328Z   ssh-strict: true
2026-10-07T01:46:01.2709681Z   ssh-user: git
2026-10-07T01:46:01.2710022Z   clean: true
2026-10-07T01:46:01.2710389Z   sparse-checkout-cone-mode: true
2026-10-07T01:46:01.2710808Z   fetch-depth: 1
2026-10-07T01:46:01.2711151Z   fetch-tags: false
2026-10-07T01:46:01.2711505Z   show-progress: true
2026-10-07T01:46:01.2711855Z   lfs: false
2026-10-07T01:46:01.2712181Z   submodules: false
2026-10-07T01:46:01.2712537Z   set-safe-directory: true
2026-10-07T01:46:01.2712939Z   allow-unsafe-pr-checkout: false
2026-10-07T01:46:01.2713486Z env:
2026-10-07T01:46:01.2713806Z   GOTOOLCHAIN: local
2026-10-07T01:46:01.2714173Z   QUICK_RESULT: success
2026-10-07T01:46:01.2714574Z   DOCS_RESULT: success
2026-10-07T01:46:01.2714953Z   SECURITY_RESULT: success
2026-10-07T01:46:01.2715341Z   VULNERABILITY_RESULT: success
2026-10-07T01:46:01.2715737Z   MINIMUM_GO_RESULT: success
2026-10-07T01:46:01.2716120Z   MACOS_RESULT: success
2026-10-07T01:46:01.2716490Z   GVISOR_OBSERVER_RESULT: success
2026-10-07T01:46:01.2716905Z   GVISOR_INTEGRATION_RESULT: success
2026-10-07T01:46:01.2717319Z   CORPUS_RESULT: success
2026-10-07T01:46:01.2717684Z ##[endgroup]
2026-10-07T01:46:01.3504586Z Syncing repository: rahoney/heliopause
2026-10-07T01:46:01.3506807Z ##[group]Getting Git version info
2026-10-07T01:46:01.3507682Z Working directory is '/home/runner/work/heliopause/heliopause'
2026-10-07T01:46:01.3509223Z [command]/usr/bin/git version
2026-10-07T01:46:01.3545879Z git version 2.55.0
2026-10-07T01:46:01.3561972Z ##[endgroup]
2026-10-07T01:46:01.3579228Z Temporarily overriding HOME='/home/runner/work/_temp/b9f6bf97-a8ee-4bc1-a943-292caeb19c5d' before making global git config changes
2026-10-07T01:46:01.3581051Z Adding repository directory to the temporary git global config as a safe directory
2026-10-07T01:46:01.3582994Z [command]/usr/bin/git config --global --add safe.directory /home/runner/work/heliopause/heliopause
2026-10-07T01:46:01.3615559Z Deleting the contents of '/home/runner/work/heliopause/heliopause'
2026-10-07T01:46:01.3618765Z ##[group]Determining repository object format
2026-10-07T01:46:01.3620330Z ##[endgroup]
2026-10-07T01:46:01.3621198Z ##[group]Initializing the repository
2026-10-07T01:46:01.3625193Z [command]/usr/bin/git init /home/runner/work/heliopause/heliopause
2026-10-07T01:46:01.3705821Z hint: Using 'master' as the name for the initial branch. This default branch name
2026-10-07T01:46:01.3707071Z hint: will change to "main" in Git 3.0. To configure the initial branch name
2026-10-07T01:46:01.3708346Z hint: to use in all of your new repositories, which will suppress this warning,
2026-10-07T01:46:01.3709279Z hint: call:
2026-10-07T01:46:01.3709757Z hint:
2026-10-07T01:46:01.3710443Z hint: 	git config --global init.defaultBranch <name>
2026-10-07T01:46:01.3711182Z hint:
2026-10-07T01:46:01.3711944Z hint: Names commonly chosen instead of 'master' are 'main', 'trunk' and
2026-10-07T01:46:01.3713088Z hint: 'development'. The just-created branch can be renamed via this command:
2026-10-07T01:46:01.3713982Z hint:
2026-10-07T01:46:01.3714481Z hint: 	git branch -m <name>
2026-10-07T01:46:01.3715028Z hint:
2026-10-07T01:46:01.3715796Z hint: Disable this message with "git config set advice.defaultBranchName false"
2026-10-07T01:46:01.3728008Z Initialized empty Git repository in /home/runner/work/heliopause/heliopause/.git/
2026-10-07T01:46:01.3730239Z [command]/usr/bin/git remote add origin https://github.com/rahoney/heliopause
2026-10-07T01:46:01.3773195Z ##[endgroup]
2026-10-07T01:46:01.3773824Z ##[group]Disabling automatic garbage collection
2026-10-07T01:46:01.3776659Z [command]/usr/bin/git config --local gc.auto 0
2026-10-07T01:46:01.3803767Z ##[endgroup]
2026-10-07T01:46:01.3804903Z ##[group]Setting up auth
2026-10-07T01:46:01.3805543Z Removing SSH command configuration
2026-10-07T01:46:01.3809665Z [command]/usr/bin/git config --local --name-only --get-regexp core\.sshCommand
2026-10-07T01:46:01.3838988Z [command]/usr/bin/git submodule foreach --recursive sh -c "git config --local --name-only --get-regexp 'core\.sshCommand' && git config --local --unset-all 'core.sshCommand' || :"
2026-10-07T01:46:01.4127536Z Removing HTTP extra header
2026-10-07T01:46:01.4134193Z [command]/usr/bin/git config --local --name-only --get-regexp http\.https\:\/\/github\.com\/\.extraheader
2026-10-07T01:46:01.4172315Z [command]/usr/bin/git submodule foreach --recursive sh -c "git config --local --name-only --get-regexp 'http\.https\:\/\/github\.com\/\.extraheader' && git config --local --unset-all 'http.https://github.com/.extraheader' || :"
2026-10-07T01:46:01.4372800Z Removing includeIf entries pointing to credentials config files
2026-10-07T01:46:01.4377608Z [command]/usr/bin/git config --local --name-only --get-regexp ^includeIf\.gitdir:
2026-10-07T01:46:01.4416428Z [command]/usr/bin/git submodule foreach --recursive git config --local --show-origin --name-only --get-regexp remote.origin.url
2026-10-07T01:46:01.4609523Z [command]/usr/bin/git config --file /home/runner/work/_temp/git-credentials-f266acb9-c460-4549-ae5b-a2788a665b02.config http.https://github.com/.extraheader AUTHORIZATION: basic ***
2026-10-07T01:46:01.4645359Z [command]/usr/bin/git config --local includeIf.gitdir:/home/runner/work/heliopause/heliopause/.git.path /home/runner/work/_temp/git-credentials-f266acb9-c460-4549-ae5b-a2788a665b02.config
2026-10-07T01:46:01.4676573Z [command]/usr/bin/git config --local includeIf.gitdir:/home/runner/work/heliopause/heliopause/.git/worktrees/*.path /home/runner/work/_temp/git-credentials-f266acb9-c460-4549-ae5b-a2788a665b02.config
2026-10-07T01:46:01.4709277Z [command]/usr/bin/git config --local includeIf.gitdir:/github/workspace/.git.path /github/runner_temp/git-credentials-f266acb9-c460-4549-ae5b-a2788a665b02.config
2026-10-07T01:46:01.4739314Z [command]/usr/bin/git config --local includeIf.gitdir:/github/workspace/.git/worktrees/*.path /github/runner_temp/git-credentials-f266acb9-c460-4549-ae5b-a2788a665b02.config
2026-10-07T01:46:01.4765929Z ##[endgroup]
2026-10-07T01:46:01.4766560Z ##[group]Fetching the repository
2026-10-07T01:46:01.4771683Z [command]/usr/bin/git -c protocol.version=2 fetch --no-tags --prune --no-recurse-submodules --depth=1 origin +bb28b4744d6d124169c26e8dba77f4ef8c832db2:refs/remotes/origin/milestone/m12-go-cargo-terraform
2026-10-07T01:46:01.9086800Z From https://github.com/rahoney/heliopause
2026-10-07T01:46:01.9088659Z  * [new ref]         bb28b4744d6d124169c26e8dba77f4ef8c832db2 -> origin/milestone/m12-go-cargo-terraform
2026-10-07T01:46:01.9091334Z [command]/usr/bin/git branch --list --remote origin/milestone/m12-go-cargo-terraform
2026-10-07T01:46:01.9108854Z   origin/milestone/m12-go-cargo-terraform
2026-10-07T01:46:01.9110302Z [command]/usr/bin/git rev-parse refs/remotes/origin/milestone/m12-go-cargo-terraform
2026-10-07T01:46:01.9129874Z bb28b4744d6d124169c26e8dba77f4ef8c832db2
2026-10-07T01:46:01.9137654Z ##[endgroup]
2026-10-07T01:46:01.9138472Z ##[group]Determining the checkout info
2026-10-07T01:46:01.9139149Z ##[endgroup]
2026-10-07T01:46:01.9148211Z [command]/usr/bin/git sparse-checkout disable
2026-10-07T01:46:01.9204271Z [command]/usr/bin/git config --local --unset-all extensions.worktreeConfig
2026-10-07T01:46:01.9236541Z ##[group]Checking out the ref
2026-10-07T01:46:01.9240426Z [command]/usr/bin/git checkout --progress --force -B milestone/m12-go-cargo-terraform refs/remotes/origin/milestone/m12-go-cargo-terraform
2026-10-07T01:46:02.0131421Z Switched to a new branch 'milestone/m12-go-cargo-terraform'
2026-10-07T01:46:02.0133308Z branch 'milestone/m12-go-cargo-terraform' set up to track 'origin/milestone/m12-go-cargo-terraform'.
2026-10-07T01:46:02.0145268Z ##[endgroup]
2026-10-07T01:46:02.0190130Z [command]/usr/bin/git log -1 --format=%H
2026-10-07T01:46:02.0216946Z bb28b4744d6d124169c26e8dba77f4ef8c832db2
2026-10-07T01:46:02.0224148Z ##[group]Removing auth
2026-10-07T01:46:02.0224850Z Removing SSH command configuration
2026-10-07T01:46:02.0227452Z [command]/usr/bin/git config --local --name-only --get-regexp core\.sshCommand
2026-10-07T01:46:02.0260491Z [command]/usr/bin/git submodule foreach --recursive sh -c "git config --local --name-only --get-regexp 'core\.sshCommand' && git config --local --unset-all 'core.sshCommand' || :"
2026-10-07T01:46:02.0461437Z Removing HTTP extra header
2026-10-07T01:46:02.0463697Z [command]/usr/bin/git config --local --name-only --get-regexp http\.https\:\/\/github\.com\/\.extraheader
2026-10-07T01:46:02.0495684Z [command]/usr/bin/git submodule foreach --recursive sh -c "git config --local --name-only --get-regexp 'http\.https\:\/\/github\.com\/\.extraheader' && git config --local --unset-all 'http.https://github.com/.extraheader' || :"
2026-10-07T01:46:02.0689134Z Removing includeIf entries pointing to credentials config files
2026-10-07T01:46:02.0691422Z [command]/usr/bin/git config --local --name-only --get-regexp ^includeIf\.gitdir:
2026-10-07T01:46:02.0718649Z includeif.gitdir:/home/runner/work/heliopause/heliopause/.git.path
2026-10-07T01:46:02.0720700Z includeif.gitdir:/home/runner/work/heliopause/heliopause/.git/worktrees/*.path
2026-10-07T01:46:02.0722659Z includeif.gitdir:/github/workspace/.git.path
2026-10-07T01:46:02.0724114Z includeif.gitdir:/github/workspace/.git/worktrees/*.path
2026-10-07T01:46:02.0728236Z [command]/usr/bin/git config --local --get-all includeif.gitdir:/home/runner/work/heliopause/heliopause/.git.path
2026-10-07T01:46:02.0750164Z /home/runner/work/_temp/git-credentials-f266acb9-c460-4549-ae5b-a2788a665b02.config
2026-10-07T01:46:02.0758815Z [command]/usr/bin/git config --local --unset includeif.gitdir:/home/runner/work/heliopause/heliopause/.git.path \/home\/runner\/work\/_temp\/git\-credentials\-f266acb9\-c460\-4549\-ae5b\-a2788a665b02\.config
2026-10-07T01:46:02.0795399Z [command]/usr/bin/git config --local --get-all includeif.gitdir:/home/runner/work/heliopause/heliopause/.git/worktrees/*.path
2026-10-07T01:46:02.0818964Z /home/runner/work/_temp/git-credentials-f266acb9-c460-4549-ae5b-a2788a665b02.config
2026-10-07T01:46:02.0826377Z [command]/usr/bin/git config --local --unset includeif.gitdir:/home/runner/work/heliopause/heliopause/.git/worktrees/*.path \/home\/runner\/work\/_temp\/git\-credentials\-f266acb9\-c460\-4549\-ae5b\-a2788a665b02\.config
2026-10-07T01:46:02.0858232Z [command]/usr/bin/git config --local --get-all includeif.gitdir:/github/workspace/.git.path
2026-10-07T01:46:02.0945469Z /github/runner_temp/git-credentials-f266acb9-c460-4549-ae5b-a2788a665b02.config
2026-10-07T01:46:02.0950797Z [command]/usr/bin/git config --local --unset includeif.gitdir:/github/workspace/.git.path \/github\/runner_temp\/git\-credentials\-f266acb9\-c460\-4549\-ae5b\-a2788a665b02\.config
2026-10-07T01:46:02.1000100Z [command]/usr/bin/git config --local --get-all includeif.gitdir:/github/workspace/.git/worktrees/*.path
2026-10-07T01:46:02.1023641Z /github/runner_temp/git-credentials-f266acb9-c460-4549-ae5b-a2788a665b02.config
2026-10-07T01:46:02.1032776Z [command]/usr/bin/git config --local --unset includeif.gitdir:/github/workspace/.git/worktrees/*.path \/github\/runner_temp\/git\-credentials\-f266acb9\-c460\-4549\-ae5b\-a2788a665b02\.config
2026-10-07T01:46:02.1067459Z [command]/usr/bin/git submodule foreach --recursive git config --local --show-origin --name-only --get-regexp remote.origin.url
2026-10-07T01:46:02.1260774Z Removing credentials config '/home/runner/work/_temp/git-credentials-f266acb9-c460-4549-ae5b-a2788a665b02.config'
2026-10-07T01:46:02.1269329Z ##[endgroup]
2026-10-07T01:46:02.1528719Z ##[group]Run actions/setup-go@b7ad1dad31e06c5925ef5d2fc7ad053ef454303e
2026-10-07T01:46:02.1529854Z with:
2026-10-07T01:46:02.1530514Z   go-version: 1.26.8
2026-10-07T01:46:02.1531243Z   check-latest: false
2026-10-07T01:46:02.1531968Z   cache: false
2026-10-07T01:46:02.1538735Z   token: ***
2026-10-07T01:46:02.1539404Z env:
2026-10-07T01:46:02.1540076Z   GOTOOLCHAIN: local
2026-10-07T01:46:02.1540806Z   QUICK_RESULT: success
2026-10-07T01:46:02.1541551Z   DOCS_RESULT: success
2026-10-07T01:46:02.1542299Z   SECURITY_RESULT: success
2026-10-07T01:46:02.1543094Z   VULNERABILITY_RESULT: success
2026-10-07T01:46:02.1543917Z   MINIMUM_GO_RESULT: success
2026-10-07T01:46:02.1544710Z   MACOS_RESULT: success
2026-10-07T01:46:02.1545480Z   GVISOR_OBSERVER_RESULT: success
2026-10-07T01:46:02.1546331Z   GVISOR_INTEGRATION_RESULT: success
2026-10-07T01:46:02.1547186Z   CORPUS_RESULT: success
2026-10-07T01:46:02.1548026Z ##[endgroup]
2026-10-07T01:46:02.2487298Z Setup go version spec 1.26.8
2026-10-07T01:46:02.2500241Z Found in cache @ /opt/hostedtoolcache/go/1.26.8/x64
2026-10-07T01:46:02.2501826Z Added go to the path
2026-10-07T01:46:02.2503266Z Successfully set up Go version 1.26.8
2026-10-07T01:46:03.8123523Z go version go1.26.8 linux/amd64
2026-10-07T01:46:03.8123747Z 
2026-10-07T01:46:03.8124007Z ##[group]go env
2026-10-07T01:46:03.9334578Z AR='ar'
2026-10-07T01:46:03.9334992Z CC='gcc'
2026-10-07T01:46:03.9335232Z CGO_CFLAGS='-O2 -g'
2026-10-07T01:46:03.9335456Z CGO_CPPFLAGS=''
2026-10-07T01:46:03.9335666Z CGO_CXXFLAGS='-O2 -g'
2026-10-07T01:46:03.9335877Z CGO_ENABLED='1'
2026-10-07T01:46:03.9336064Z CGO_FFLAGS='-O2 -g'
2026-10-07T01:46:03.9336262Z CGO_LDFLAGS='-O2 -g'
2026-10-07T01:46:03.9336481Z CXX='g++'
2026-10-07T01:46:03.9336675Z GCCGO='gccgo'
2026-10-07T01:46:03.9336883Z GO111MODULE=''
2026-10-07T01:46:03.9337069Z GOAMD64='v1'
2026-10-07T01:46:03.9337256Z GOARCH='amd64'
2026-10-07T01:46:03.9337420Z GOAUTH='netrc'
2026-10-07T01:46:03.9337625Z GOBIN=''
2026-10-07T01:46:03.9338204Z GOCACHE='/home/runner/.cache/go-build'
2026-10-07T01:46:03.9338466Z GOCACHEPROG=''
2026-10-07T01:46:03.9338644Z GODEBUG=''
2026-10-07T01:46:03.9338851Z GOENV='/home/runner/.config/go/env'
2026-10-07T01:46:03.9339065Z GOEXE=''
2026-10-07T01:46:03.9339259Z GOEXPERIMENT=''
2026-10-07T01:46:03.9339520Z GOFIPS140='off'
2026-10-07T01:46:03.9339733Z GOFLAGS=''
2026-10-07T01:46:03.9340284Z GOGCCFLAGS='-fPIC -m64 -pthread -Wl,--no-gc-sections -fmessage-length=0 -ffile-prefix-map=/tmp/go-build3313326131=/tmp/go-build -gno-record-gcc-switches'
2026-10-07T01:46:03.9341235Z GOHOSTARCH='amd64'
2026-10-07T01:46:03.9341421Z GOHOSTOS='linux'
2026-10-07T01:46:03.9341684Z GOINSECURE=''
2026-10-07T01:46:03.9341968Z GOMOD='/home/runner/work/heliopause/heliopause/go.mod'
2026-10-07T01:46:03.9342300Z GOMODCACHE='/home/runner/go/pkg/mod'
2026-10-07T01:46:03.9342561Z GONOPROXY=''
2026-10-07T01:46:03.9342744Z GONOSUMDB=''
2026-10-07T01:46:03.9342923Z GOOS='linux'
2026-10-07T01:46:03.9343109Z GOPATH='/home/runner/go'
2026-10-07T01:46:03.9343327Z GOPRIVATE=''
2026-10-07T01:46:03.9343578Z GOPROXY='https://proxy.golang.org,direct'
2026-10-07T01:46:03.9343868Z GOROOT='/opt/hostedtoolcache/go/1.26.8/x64'
2026-10-07T01:46:03.9344149Z GOSUMDB='sum.golang.org'
2026-10-07T01:46:03.9344357Z GOTELEMETRY='local'
2026-10-07T01:46:03.9344614Z GOTELEMETRYDIR='/home/runner/.config/go/telemetry'
2026-10-07T01:46:03.9344882Z GOTMPDIR=''
2026-10-07T01:46:03.9345075Z GOTOOLCHAIN='local'
2026-10-07T01:46:03.9345365Z GOTOOLDIR='/opt/hostedtoolcache/go/1.26.8/x64/pkg/tool/linux_amd64'
2026-10-07T01:46:03.9345669Z GOVCS=''
2026-10-07T01:46:03.9345859Z GOVERSION='go1.26.8'
2026-10-07T01:46:03.9346064Z GOWORK=''
2026-10-07T01:46:03.9346271Z PKG_CONFIG='pkg-config'
2026-10-07T01:46:03.9346421Z 
2026-10-07T01:46:03.9346849Z ##[endgroup]
2026-10-07T01:46:03.9448668Z ##[group]Run go run ./scripts/check required "$QUICK_RESULT" "$DOCS_RESULT" "$SECURITY_RESULT" "$VULNERABILITY_RESULT" "$MINIMUM_GO_RESULT" "$MACOS_RESULT" "$GVISOR_OBSERVER_RESULT" "$GVISOR_INTEGRATION_RESULT" "$CORPUS_RESULT"
2026-10-07T01:46:03.9449837Z [36;1mgo run ./scripts/check required "$QUICK_RESULT" "$DOCS_RESULT" "$SECURITY_RESULT" "$VULNERABILITY_RESULT" "$MINIMUM_GO_RESULT" "$MACOS_RESULT" "$GVISOR_OBSERVER_RESULT" "$GVISOR_INTEGRATION_RESULT" "$CORPUS_RESULT"[0m
2026-10-07T01:46:03.9645095Z shell: /usr/bin/bash -e {0}
2026-10-07T01:46:03.9645351Z env:
2026-10-07T01:46:03.9645542Z   GOTOOLCHAIN: local
2026-10-07T01:46:03.9645729Z   QUICK_RESULT: success
2026-10-07T01:46:03.9645914Z   DOCS_RESULT: success
2026-10-07T01:46:03.9646093Z   SECURITY_RESULT: success
2026-10-07T01:46:03.9646311Z   VULNERABILITY_RESULT: success
2026-10-07T01:46:03.9646510Z   MINIMUM_GO_RESULT: success
2026-10-07T01:46:03.9646701Z   MACOS_RESULT: success
2026-10-07T01:46:03.9646933Z   GVISOR_OBSERVER_RESULT: success
2026-10-07T01:46:03.9647147Z   GVISOR_INTEGRATION_RESULT: success
2026-10-07T01:46:03.9647361Z   CORPUS_RESULT: success
2026-10-07T01:46:03.9647551Z ##[endgroup]
2026-10-07T01:46:04.1611117Z go: downloading go.yaml.in/yaml/v3 v3.0.4
2026-10-07T01:46:20.0449898Z Post job cleanup.
2026-10-07T01:46:20.1492026Z Post job cleanup.
2026-10-07T01:46:20.2254665Z [command]/usr/bin/git version
2026-10-07T01:46:20.2290033Z git version 2.55.0
2026-10-07T01:46:20.2323956Z Temporarily overriding HOME='/home/runner/work/_temp/6cd84133-c4a6-4a26-bc31-ab5b0bec2745' before making global git config changes
2026-10-07T01:46:20.2325176Z Adding repository directory to the temporary git global config as a safe directory
2026-10-07T01:46:20.2328120Z [command]/usr/bin/git config --global --add safe.directory /home/runner/work/heliopause/heliopause
2026-10-07T01:46:20.2354344Z Removing SSH command configuration
2026-10-07T01:46:20.2358714Z [command]/usr/bin/git config --local --name-only --get-regexp core\.sshCommand
2026-10-07T01:46:20.2387526Z [command]/usr/bin/git submodule foreach --recursive sh -c "git config --local --name-only --get-regexp 'core\.sshCommand' && git config --local --unset-all 'core.sshCommand' || :"
2026-10-07T01:46:20.2591250Z Removing HTTP extra header
2026-10-07T01:46:20.2594692Z [command]/usr/bin/git config --local --name-only --get-regexp http\.https\:\/\/github\.com\/\.extraheader
2026-10-07T01:46:20.2625259Z [command]/usr/bin/git submodule foreach --recursive sh -c "git config --local --name-only --get-regexp 'http\.https\:\/\/github\.com\/\.extraheader' && git config --local --unset-all 'http.https://github.com/.extraheader' || :"
2026-10-07T01:46:20.2833042Z Removing includeIf entries pointing to credentials config files
2026-10-07T01:46:20.2840504Z [command]/usr/bin/git config --local --name-only --get-regexp ^includeIf\.gitdir:
2026-10-07T01:46:20.2869183Z [command]/usr/bin/git submodule foreach --recursive git config --local --show-origin --name-only --get-regexp remote.origin.url
2026-10-07T01:46:20.3198582Z Cleaning up orphan processes
