2026-10-07T02:18:31.0010841Z Current runner version: '2.337.0'
2026-10-07T02:18:31.0047783Z ##[group]Runner Image Provisioner
2026-10-07T02:18:31.0049197Z Hosted Compute Agent
2026-10-07T02:18:31.0050468Z Version: 20260901.588
2026-10-07T02:18:31.0051660Z Commit: f88ec8081b781fac6c440065ac7ff9e710ce3d0b
2026-10-07T02:18:31.0052858Z Build Date: 2026-09-01T19:56:44Z
2026-10-07T02:18:31.0054012Z Worker ID: {2836d989-9970-4f2b-982f-bcfb73084cce}
2026-10-07T02:18:31.0055238Z Azure Region: southcentralus
2026-10-07T02:18:31.0056205Z ##[endgroup]
2026-10-07T02:18:31.0059291Z ##[group]Operating System
2026-10-07T02:18:31.0060773Z Ubuntu
2026-10-07T02:18:31.0061798Z 24.04.5
2026-10-07T02:18:31.0062741Z LTS
2026-10-07T02:18:31.0063701Z ##[endgroup]
2026-10-07T02:18:31.0064822Z ##[group]Runner Image
2026-10-07T02:18:31.0065934Z Image: ubuntu-24.04
2026-10-07T02:18:31.0066837Z Version: 20260927.320.1
2026-10-07T02:18:31.0069009Z Included Software: https://github.com/actions/runner-images/blob/ubuntu24/20260927.320/images/ubuntu/Ubuntu2404-Readme.md
2026-10-07T02:18:31.0072208Z Image Release: https://github.com/actions/runner-images/releases/tag/ubuntu24%2F20260927.320
2026-10-07T02:18:31.0074033Z ##[endgroup]
2026-10-07T02:18:31.0076063Z ##[group]GITHUB_TOKEN Permissions
2026-10-07T02:18:31.0079093Z Contents: read
2026-10-07T02:18:31.0080429Z Metadata: read
2026-10-07T02:18:31.0081590Z ##[endgroup]
2026-10-07T02:18:31.0084587Z Secret source: Actions
2026-10-07T02:18:31.0086784Z Cache mode: write
2026-10-07T02:18:31.0088209Z Prepare workflow directory
2026-10-07T02:18:31.0574166Z Prepare all required actions
2026-10-07T02:18:31.0645880Z Getting action download info
2026-10-07T02:18:31.3369906Z Download action repository 'actions/checkout@3d3c42e5aac5ba805825da76410c181273ba90b1' (SHA:3d3c42e5aac5ba805825da76410c181273ba90b1)
2026-10-07T02:18:31.4376808Z Download action repository 'actions/setup-go@b7ad1dad31e06c5925ef5d2fc7ad053ef454303e' (SHA:b7ad1dad31e06c5925ef5d2fc7ad053ef454303e)
2026-10-07T02:18:32.1053493Z Complete job name: Minimum Go
2026-10-07T02:18:32.1926267Z ##[group]Run actions/checkout@3d3c42e5aac5ba805825da76410c181273ba90b1
2026-10-07T02:18:32.1927484Z with:
2026-10-07T02:18:32.1927990Z   persist-credentials: false
2026-10-07T02:18:32.1928574Z   repository: rahoney/heliopause
2026-10-07T02:18:32.1933530Z   token: ***
2026-10-07T02:18:32.1934026Z   ssh-strict: true
2026-10-07T02:18:32.1934507Z   ssh-user: git
2026-10-07T02:18:32.1934969Z   clean: true
2026-10-07T02:18:32.1935507Z   sparse-checkout-cone-mode: true
2026-10-07T02:18:32.1936091Z   fetch-depth: 1
2026-10-07T02:18:32.1936572Z   fetch-tags: false
2026-10-07T02:18:32.1937070Z   show-progress: true
2026-10-07T02:18:32.1937562Z   lfs: false
2026-10-07T02:18:32.1938033Z   submodules: false
2026-10-07T02:18:32.1938543Z   set-safe-directory: true
2026-10-07T02:18:32.1939095Z   allow-unsafe-pr-checkout: false
2026-10-07T02:18:32.1940151Z env:
2026-10-07T02:18:32.1940625Z   GOTOOLCHAIN: local
2026-10-07T02:18:32.1941128Z ##[endgroup]
2026-10-07T02:18:32.2967070Z Syncing repository: rahoney/heliopause
2026-10-07T02:18:32.2970368Z ##[group]Getting Git version info
2026-10-07T02:18:32.2971717Z Working directory is '/home/runner/work/heliopause/heliopause'
2026-10-07T02:18:32.2973707Z [command]/usr/bin/git version
2026-10-07T02:18:32.3039064Z git version 2.55.0
2026-10-07T02:18:32.3071962Z ##[endgroup]
2026-10-07T02:18:32.3080199Z Temporarily overriding HOME='/home/runner/work/_temp/e6ed388b-2cda-4e64-b62a-35feb0da0566' before making global git config changes
2026-10-07T02:18:32.3082533Z Adding repository directory to the temporary git global config as a safe directory
2026-10-07T02:18:32.3087647Z [command]/usr/bin/git config --global --add safe.directory /home/runner/work/heliopause/heliopause
2026-10-07T02:18:32.3206287Z Deleting the contents of '/home/runner/work/heliopause/heliopause'
2026-10-07T02:18:32.3210889Z ##[group]Determining repository object format
2026-10-07T02:18:32.3212601Z ##[endgroup]
2026-10-07T02:18:32.3213655Z ##[group]Initializing the repository
2026-10-07T02:18:32.3218720Z [command]/usr/bin/git init /home/runner/work/heliopause/heliopause
2026-10-07T02:18:32.3419971Z hint: Using 'master' as the name for the initial branch. This default branch name
2026-10-07T02:18:32.3422912Z hint: will change to "main" in Git 3.0. To configure the initial branch name
2026-10-07T02:18:32.3431255Z hint: to use in all of your new repositories, which will suppress this warning,
2026-10-07T02:18:32.3432688Z hint: call:
2026-10-07T02:18:32.3433853Z hint:
2026-10-07T02:18:32.3435785Z hint: 	git config --global init.defaultBranch <name>
2026-10-07T02:18:32.3437002Z hint:
2026-10-07T02:18:32.3438288Z hint: Names commonly chosen instead of 'master' are 'main', 'trunk' and
2026-10-07T02:18:32.3439969Z hint: 'development'. The just-created branch can be renamed via this command:
2026-10-07T02:18:32.3441276Z hint:
2026-10-07T02:18:32.3442389Z hint: 	git branch -m <name>
2026-10-07T02:18:32.3443689Z hint:
2026-10-07T02:18:32.3444954Z hint: Disable this message with "git config set advice.defaultBranchName false"
2026-10-07T02:18:32.3446736Z Initialized empty Git repository in /home/runner/work/heliopause/heliopause/.git/
2026-10-07T02:18:32.3448804Z [command]/usr/bin/git remote add origin https://github.com/rahoney/heliopause
2026-10-07T02:18:32.3509200Z ##[endgroup]
2026-10-07T02:18:32.3511087Z ##[group]Disabling automatic garbage collection
2026-10-07T02:18:32.3513007Z [command]/usr/bin/git config --local gc.auto 0
2026-10-07T02:18:32.3555766Z ##[endgroup]
2026-10-07T02:18:32.3557778Z ##[group]Setting up auth
2026-10-07T02:18:32.3558856Z Removing SSH command configuration
2026-10-07T02:18:32.3563654Z [command]/usr/bin/git config --local --name-only --get-regexp core\.sshCommand
2026-10-07T02:18:32.3605258Z [command]/usr/bin/git submodule foreach --recursive sh -c "git config --local --name-only --get-regexp 'core\.sshCommand' && git config --local --unset-all 'core.sshCommand' || :"
2026-10-07T02:18:32.4013281Z Removing HTTP extra header
2026-10-07T02:18:32.4021020Z [command]/usr/bin/git config --local --name-only --get-regexp http\.https\:\/\/github\.com\/\.extraheader
2026-10-07T02:18:32.4057240Z [command]/usr/bin/git submodule foreach --recursive sh -c "git config --local --name-only --get-regexp 'http\.https\:\/\/github\.com\/\.extraheader' && git config --local --unset-all 'http.https://github.com/.extraheader' || :"
2026-10-07T02:18:32.4283279Z Removing includeIf entries pointing to credentials config files
2026-10-07T02:18:32.4288080Z [command]/usr/bin/git config --local --name-only --get-regexp ^includeIf\.gitdir:
2026-10-07T02:18:32.4327669Z [command]/usr/bin/git submodule foreach --recursive git config --local --show-origin --name-only --get-regexp remote.origin.url
2026-10-07T02:18:32.4570934Z [command]/usr/bin/git config --file /home/runner/work/_temp/git-credentials-5a290e81-025c-4a6b-bb34-4f758d8d6139.config http.https://github.com/.extraheader AUTHORIZATION: basic ***
2026-10-07T02:18:32.4616131Z [command]/usr/bin/git config --local includeIf.gitdir:/home/runner/work/heliopause/heliopause/.git.path /home/runner/work/_temp/git-credentials-5a290e81-025c-4a6b-bb34-4f758d8d6139.config
2026-10-07T02:18:32.4654962Z [command]/usr/bin/git config --local includeIf.gitdir:/home/runner/work/heliopause/heliopause/.git/worktrees/*.path /home/runner/work/_temp/git-credentials-5a290e81-025c-4a6b-bb34-4f758d8d6139.config
2026-10-07T02:18:32.4698023Z [command]/usr/bin/git config --local includeIf.gitdir:/github/workspace/.git.path /github/runner_temp/git-credentials-5a290e81-025c-4a6b-bb34-4f758d8d6139.config
2026-10-07T02:18:32.4736199Z [command]/usr/bin/git config --local includeIf.gitdir:/github/workspace/.git/worktrees/*.path /github/runner_temp/git-credentials-5a290e81-025c-4a6b-bb34-4f758d8d6139.config
2026-10-07T02:18:32.4768144Z ##[endgroup]
2026-10-07T02:18:32.4769051Z ##[group]Fetching the repository
2026-10-07T02:18:32.4775638Z [command]/usr/bin/git -c protocol.version=2 fetch --no-tags --prune --no-recurse-submodules --depth=1 origin +d328756f0087624093808215d1fbedd47767ef58:refs/remotes/origin/milestone/m12-go-cargo-terraform
2026-10-07T02:18:33.4806740Z From https://github.com/rahoney/heliopause
2026-10-07T02:18:33.4809870Z  * [new ref]         d328756f0087624093808215d1fbedd47767ef58 -> origin/milestone/m12-go-cargo-terraform
2026-10-07T02:18:33.4818330Z [command]/usr/bin/git branch --list --remote origin/milestone/m12-go-cargo-terraform
2026-10-07T02:18:33.4848599Z   origin/milestone/m12-go-cargo-terraform
2026-10-07T02:18:33.4857497Z [command]/usr/bin/git rev-parse refs/remotes/origin/milestone/m12-go-cargo-terraform
2026-10-07T02:18:33.4882985Z d328756f0087624093808215d1fbedd47767ef58
2026-10-07T02:18:33.4888509Z ##[endgroup]
2026-10-07T02:18:33.4890277Z ##[group]Determining the checkout info
2026-10-07T02:18:33.4892414Z ##[endgroup]
2026-10-07T02:18:33.4893341Z [command]/usr/bin/git sparse-checkout disable
2026-10-07T02:18:33.4971825Z [command]/usr/bin/git config --local --unset-all extensions.worktreeConfig
2026-10-07T02:18:33.5009247Z ##[group]Checking out the ref
2026-10-07T02:18:33.5014745Z [command]/usr/bin/git checkout --progress --force -B milestone/m12-go-cargo-terraform refs/remotes/origin/milestone/m12-go-cargo-terraform
2026-10-07T02:18:33.6383994Z Switched to a new branch 'milestone/m12-go-cargo-terraform'
2026-10-07T02:18:33.6399741Z branch 'milestone/m12-go-cargo-terraform' set up to track 'origin/milestone/m12-go-cargo-terraform'.
2026-10-07T02:18:33.6407371Z ##[endgroup]
2026-10-07T02:18:33.6455977Z [command]/usr/bin/git log -1 --format=%H
2026-10-07T02:18:33.6488672Z d328756f0087624093808215d1fbedd47767ef58
2026-10-07T02:18:33.6499646Z ##[group]Removing auth
2026-10-07T02:18:33.6501568Z Removing SSH command configuration
2026-10-07T02:18:33.6504375Z [command]/usr/bin/git config --local --name-only --get-regexp core\.sshCommand
2026-10-07T02:18:33.6544230Z [command]/usr/bin/git submodule foreach --recursive sh -c "git config --local --name-only --get-regexp 'core\.sshCommand' && git config --local --unset-all 'core.sshCommand' || :"
2026-10-07T02:18:33.6773946Z Removing HTTP extra header
2026-10-07T02:18:33.6777844Z [command]/usr/bin/git config --local --name-only --get-regexp http\.https\:\/\/github\.com\/\.extraheader
2026-10-07T02:18:33.6814236Z [command]/usr/bin/git submodule foreach --recursive sh -c "git config --local --name-only --get-regexp 'http\.https\:\/\/github\.com\/\.extraheader' && git config --local --unset-all 'http.https://github.com/.extraheader' || :"
2026-10-07T02:18:33.7045166Z Removing includeIf entries pointing to credentials config files
2026-10-07T02:18:33.7048717Z [command]/usr/bin/git config --local --name-only --get-regexp ^includeIf\.gitdir:
2026-10-07T02:18:33.7084056Z includeif.gitdir:/home/runner/work/heliopause/heliopause/.git.path
2026-10-07T02:18:33.7086745Z includeif.gitdir:/home/runner/work/heliopause/heliopause/.git/worktrees/*.path
2026-10-07T02:18:33.7088857Z includeif.gitdir:/github/workspace/.git.path
2026-10-07T02:18:33.7091205Z includeif.gitdir:/github/workspace/.git/worktrees/*.path
2026-10-07T02:18:33.7096598Z [command]/usr/bin/git config --local --get-all includeif.gitdir:/home/runner/work/heliopause/heliopause/.git.path
2026-10-07T02:18:33.7124403Z /home/runner/work/_temp/git-credentials-5a290e81-025c-4a6b-bb34-4f758d8d6139.config
2026-10-07T02:18:33.7140119Z [command]/usr/bin/git config --local --unset includeif.gitdir:/home/runner/work/heliopause/heliopause/.git.path \/home\/runner\/work\/_temp\/git\-credentials\-5a290e81\-025c\-4a6b\-bb34\-4f758d8d6139\.config
2026-10-07T02:18:33.7182024Z [command]/usr/bin/git config --local --get-all includeif.gitdir:/home/runner/work/heliopause/heliopause/.git/worktrees/*.path
2026-10-07T02:18:33.7228108Z /home/runner/work/_temp/git-credentials-5a290e81-025c-4a6b-bb34-4f758d8d6139.config
2026-10-07T02:18:33.7237151Z [command]/usr/bin/git config --local --unset includeif.gitdir:/home/runner/work/heliopause/heliopause/.git/worktrees/*.path \/home\/runner\/work\/_temp\/git\-credentials\-5a290e81\-025c\-4a6b\-bb34\-4f758d8d6139\.config
2026-10-07T02:18:33.7275468Z [command]/usr/bin/git config --local --get-all includeif.gitdir:/github/workspace/.git.path
2026-10-07T02:18:33.7331901Z /github/runner_temp/git-credentials-5a290e81-025c-4a6b-bb34-4f758d8d6139.config
2026-10-07T02:18:33.7360648Z [command]/usr/bin/git config --local --unset includeif.gitdir:/github/workspace/.git.path \/github\/runner_temp\/git\-credentials\-5a290e81\-025c\-4a6b\-bb34\-4f758d8d6139\.config
2026-10-07T02:18:33.7392396Z [command]/usr/bin/git config --local --get-all includeif.gitdir:/github/workspace/.git/worktrees/*.path
2026-10-07T02:18:33.7419034Z /github/runner_temp/git-credentials-5a290e81-025c-4a6b-bb34-4f758d8d6139.config
2026-10-07T02:18:33.7427360Z [command]/usr/bin/git config --local --unset includeif.gitdir:/github/workspace/.git/worktrees/*.path \/github\/runner_temp\/git\-credentials\-5a290e81\-025c\-4a6b\-bb34\-4f758d8d6139\.config
2026-10-07T02:18:33.7466074Z [command]/usr/bin/git submodule foreach --recursive git config --local --show-origin --name-only --get-regexp remote.origin.url
2026-10-07T02:18:33.7690010Z Removing credentials config '/home/runner/work/_temp/git-credentials-5a290e81-025c-4a6b-bb34-4f758d8d6139.config'
2026-10-07T02:18:33.7701441Z ##[endgroup]
2026-10-07T02:18:33.8035509Z ##[group]Run actions/setup-go@b7ad1dad31e06c5925ef5d2fc7ad053ef454303e
2026-10-07T02:18:33.8037151Z with:
2026-10-07T02:18:33.8037985Z   go-version: 1.26.8
2026-10-07T02:18:33.8038931Z   check-latest: false
2026-10-07T02:18:33.8040102Z   cache: false
2026-10-07T02:18:33.8050369Z   token: ***
2026-10-07T02:18:33.8051228Z env:
2026-10-07T02:18:33.8052046Z   GOTOOLCHAIN: local
2026-10-07T02:18:33.8052960Z ##[endgroup]
2026-10-07T02:18:33.9257050Z Setup go version spec 1.26.8
2026-10-07T02:18:33.9275744Z Found in cache @ /opt/hostedtoolcache/go/1.26.8/x64
2026-10-07T02:18:33.9278048Z Added go to the path
2026-10-07T02:18:33.9280060Z Successfully set up Go version 1.26.8
2026-10-07T02:18:34.8528797Z go version go1.26.8 linux/amd64
2026-10-07T02:18:34.8529072Z 
2026-10-07T02:18:34.8601514Z ##[group]go env
2026-10-07T02:18:35.0237153Z AR='ar'
2026-10-07T02:18:35.0237589Z CC='gcc'
2026-10-07T02:18:35.0237962Z CGO_CFLAGS='-O2 -g'
2026-10-07T02:18:35.0238372Z CGO_CPPFLAGS=''
2026-10-07T02:18:35.0238695Z CGO_CXXFLAGS='-O2 -g'
2026-10-07T02:18:35.0238950Z CGO_ENABLED='1'
2026-10-07T02:18:35.0239172Z CGO_FFLAGS='-O2 -g'
2026-10-07T02:18:35.0239775Z CGO_LDFLAGS='-O2 -g'
2026-10-07T02:18:35.0240051Z CXX='g++'
2026-10-07T02:18:35.0240299Z GCCGO='gccgo'
2026-10-07T02:18:35.0240539Z GO111MODULE=''
2026-10-07T02:18:35.0240764Z GOAMD64='v1'
2026-10-07T02:18:35.0241006Z GOARCH='amd64'
2026-10-07T02:18:35.0241259Z GOAUTH='netrc'
2026-10-07T02:18:35.0241460Z GOBIN=''
2026-10-07T02:18:35.0241691Z GOCACHE='/home/runner/.cache/go-build'
2026-10-07T02:18:35.0241996Z GOCACHEPROG=''
2026-10-07T02:18:35.0242221Z GODEBUG=''
2026-10-07T02:18:35.0242474Z GOENV='/home/runner/.config/go/env'
2026-10-07T02:18:35.0242782Z GOEXE=''
2026-10-07T02:18:35.0243059Z GOEXPERIMENT=''
2026-10-07T02:18:35.0243306Z GOFIPS140='off'
2026-10-07T02:18:35.0243510Z GOFLAGS=''
2026-10-07T02:18:35.0244237Z GOGCCFLAGS='-fPIC -m64 -pthread -Wl,--no-gc-sections -fmessage-length=0 -ffile-prefix-map=/tmp/go-build2948839367=/tmp/go-build -gno-record-gcc-switches'
2026-10-07T02:18:35.0244954Z GOHOSTARCH='amd64'
2026-10-07T02:18:35.0245203Z GOHOSTOS='linux'
2026-10-07T02:18:35.0245487Z GOINSECURE=''
2026-10-07T02:18:35.0245879Z GOMOD='/home/runner/work/heliopause/heliopause/go.mod'
2026-10-07T02:18:35.0246276Z GOMODCACHE='/home/runner/go/pkg/mod'
2026-10-07T02:18:35.0246574Z GONOPROXY=''
2026-10-07T02:18:35.0246821Z GONOSUMDB=''
2026-10-07T02:18:35.0247044Z GOOS='linux'
2026-10-07T02:18:35.0247280Z GOPATH='/home/runner/go'
2026-10-07T02:18:35.0247540Z GOPRIVATE=''
2026-10-07T02:18:35.0247861Z GOPROXY='https://proxy.golang.org,direct'
2026-10-07T02:18:35.0248209Z GOROOT='/opt/hostedtoolcache/go/1.26.8/x64'
2026-10-07T02:18:35.0248542Z GOSUMDB='sum.golang.org'
2026-10-07T02:18:35.0248818Z GOTELEMETRY='local'
2026-10-07T02:18:35.0249122Z GOTELEMETRYDIR='/home/runner/.config/go/telemetry'
2026-10-07T02:18:35.0249752Z GOTMPDIR=''
2026-10-07T02:18:35.0250306Z GOTOOLCHAIN='local'
2026-10-07T02:18:35.0250690Z GOTOOLDIR='/opt/hostedtoolcache/go/1.26.8/x64/pkg/tool/linux_amd64'
2026-10-07T02:18:35.0251097Z GOVCS=''
2026-10-07T02:18:35.0251328Z GOVERSION='go1.26.8'
2026-10-07T02:18:35.0251576Z GOWORK=''
2026-10-07T02:18:35.0251822Z PKG_CONFIG='pkg-config'
2026-10-07T02:18:35.0252005Z 
2026-10-07T02:18:35.0252488Z ##[endgroup]
2026-10-07T02:18:35.0388200Z ##[group]Run go run ./scripts/check bootstrap-modules
2026-10-07T02:18:35.0388750Z [36;1mgo run ./scripts/check bootstrap-modules[0m
2026-10-07T02:18:35.0697365Z shell: /usr/bin/bash -e {0}
2026-10-07T02:18:35.0697800Z env:
2026-10-07T02:18:35.0698102Z   GOTOOLCHAIN: local
2026-10-07T02:18:35.0698590Z   HELOX_TOOL_CACHE: /home/runner/work/_temp/heliopause-platform-tools
2026-10-07T02:18:35.0699148Z ##[endgroup]
2026-10-07T02:18:35.2872214Z go: downloading go.yaml.in/yaml/v3 v3.0.4
2026-10-07T02:18:53.2060674Z [check] prepare module cache
2026-10-07T02:18:53.2061325Z [check] download product modules
2026-10-07T02:18:54.8821805Z ##[group]Run go run ./scripts/check platform
2026-10-07T02:18:54.8822179Z [36;1mgo run ./scripts/check platform[0m
2026-10-07T02:18:54.8824579Z shell: /bin/bash --noprofile --norc -e -u -o pipefail {0}
2026-10-07T02:18:54.8824907Z env:
2026-10-07T02:18:54.8825110Z   GOTOOLCHAIN: local
2026-10-07T02:18:54.8825432Z   HELOX_TOOL_CACHE: /home/runner/work/_temp/heliopause-platform-tools
2026-10-07T02:18:54.8825795Z ##[endgroup]
2026-10-07T02:18:54.9651456Z [check] production build
2026-10-07T02:19:17.6514691Z [check] default test
2026-10-07T02:20:15.3995749Z Post job cleanup.
2026-10-07T02:20:15.5267560Z Post job cleanup.
2026-10-07T02:20:15.6170806Z [command]/usr/bin/git version
2026-10-07T02:20:15.6217066Z git version 2.55.0
2026-10-07T02:20:15.6275052Z Temporarily overriding HOME='/home/runner/work/_temp/b1e22be2-212e-4019-bb7e-77a3273b8aa4' before making global git config changes
2026-10-07T02:20:15.6278929Z Adding repository directory to the temporary git global config as a safe directory
2026-10-07T02:20:15.6284587Z [command]/usr/bin/git config --global --add safe.directory /home/runner/work/heliopause/heliopause
2026-10-07T02:20:15.6321259Z Removing SSH command configuration
2026-10-07T02:20:15.6327957Z [command]/usr/bin/git config --local --name-only --get-regexp core\.sshCommand
2026-10-07T02:20:15.6365484Z [command]/usr/bin/git submodule foreach --recursive sh -c "git config --local --name-only --get-regexp 'core\.sshCommand' && git config --local --unset-all 'core.sshCommand' || :"
2026-10-07T02:20:15.6610077Z Removing HTTP extra header
2026-10-07T02:20:15.6616286Z [command]/usr/bin/git config --local --name-only --get-regexp http\.https\:\/\/github\.com\/\.extraheader
2026-10-07T02:20:15.6654085Z [command]/usr/bin/git submodule foreach --recursive sh -c "git config --local --name-only --get-regexp 'http\.https\:\/\/github\.com\/\.extraheader' && git config --local --unset-all 'http.https://github.com/.extraheader' || :"
2026-10-07T02:20:15.6893259Z Removing includeIf entries pointing to credentials config files
2026-10-07T02:20:15.6902662Z [command]/usr/bin/git config --local --name-only --get-regexp ^includeIf\.gitdir:
2026-10-07T02:20:15.6936060Z [command]/usr/bin/git submodule foreach --recursive git config --local --show-origin --name-only --get-regexp remote.origin.url
2026-10-07T02:20:15.7364968Z Cleaning up orphan processes
