2026-10-07T03:16:52.7529460Z Current runner version: '2.337.0'
2026-10-07T03:16:52.7561150Z ##[group]Runner Image Provisioner
2026-10-07T03:16:52.7562310Z Hosted Compute Agent
2026-10-07T03:16:52.7563070Z Version: 20260819.586
2026-10-07T03:16:52.7563910Z Commit: 3cc4a88dfa507ef76119ad1bb3eccc6378bb2b76
2026-10-07T03:16:52.7564930Z Build Date: 2026-08-18T23:20:18Z
2026-10-07T03:16:52.7565840Z Worker ID: {11b9f893-69f0-4043-aa43-7261c1a65913}
2026-10-07T03:16:52.7566830Z Azure Region: westus
2026-10-07T03:16:52.7567590Z ##[endgroup]
2026-10-07T03:16:52.7570870Z ##[group]Operating System
2026-10-07T03:16:52.7572070Z macOS
2026-10-07T03:16:52.7572990Z 26.6.1
2026-10-07T03:16:52.7573920Z 25G76
2026-10-07T03:16:52.7574850Z ##[endgroup]
2026-10-07T03:16:52.7575860Z ##[group]Runner Image
2026-10-07T03:16:52.7576940Z Image: macos-26
2026-10-07T03:16:52.7577920Z Version: 20260824.0517.1
2026-10-07T03:16:52.7579740Z Included Software: https://github.com/actions/runner-images/blob/macos-26/20260824.0517/images/macos/macos-26-Readme.md
2026-10-07T03:16:52.7582090Z Image Release: https://github.com/actions/runner-images/releases/tag/macos-26%2F20260824.0517
2026-10-07T03:16:52.7583890Z ##[endgroup]
2026-10-07T03:16:52.7585540Z ##[group]GITHUB_TOKEN Permissions
2026-10-07T03:16:52.7588210Z Contents: read
2026-10-07T03:16:52.7589130Z Metadata: read
2026-10-07T03:16:52.7589830Z ##[endgroup]
2026-10-07T03:16:52.7592710Z Secret source: Actions
2026-10-07T03:16:52.7593920Z Cache mode: write
2026-10-07T03:16:52.7594910Z Prepare workflow directory
2026-10-07T03:16:52.8147010Z Prepare all required actions
2026-10-07T03:16:52.8201660Z Getting action download info
2026-10-07T03:16:53.2596030Z Download action repository 'actions/checkout@3d3c42e5aac5ba805825da76410c181273ba90b1' (SHA:3d3c42e5aac5ba805825da76410c181273ba90b1)
2026-10-07T03:16:53.7263100Z Download action repository 'actions/setup-go@b7ad1dad31e06c5925ef5d2fc7ad053ef454303e' (SHA:b7ad1dad31e06c5925ef5d2fc7ad053ef454303e)
2026-10-07T03:16:54.2844980Z Complete job name: macOS
2026-10-07T03:16:54.3965550Z ##[group]Run actions/checkout@3d3c42e5aac5ba805825da76410c181273ba90b1
2026-10-07T03:16:54.3967310Z with:
2026-10-07T03:16:54.3967950Z   persist-credentials: false
2026-10-07T03:16:54.3968710Z   repository: rahoney/heliopause
2026-10-07T03:16:54.3975350Z   token: ***
2026-10-07T03:16:54.3975980Z   ssh-strict: true
2026-10-07T03:16:54.3976620Z   ssh-user: git
2026-10-07T03:16:54.3977370Z   clean: true
2026-10-07T03:16:54.3978030Z   sparse-checkout-cone-mode: true
2026-10-07T03:16:54.3978810Z   fetch-depth: 1
2026-10-07T03:16:54.3979440Z   fetch-tags: false
2026-10-07T03:16:54.3980100Z   show-progress: true
2026-10-07T03:16:54.3980750Z   lfs: false
2026-10-07T03:16:54.3981360Z   submodules: false
2026-10-07T03:16:54.3982020Z   set-safe-directory: true
2026-10-07T03:16:54.3982770Z   allow-unsafe-pr-checkout: false
2026-10-07T03:16:54.3984060Z env:
2026-10-07T03:16:54.3984670Z   GOTOOLCHAIN: local
2026-10-07T03:16:54.3985320Z ##[endgroup]
2026-10-07T03:16:54.7337690Z Syncing repository: rahoney/heliopause
2026-10-07T03:16:54.7340590Z ##[group]Getting Git version info
2026-10-07T03:16:54.7341940Z Working directory is '/Users/runner/work/heliopause/heliopause'
2026-10-07T03:16:54.7343630Z [command]/usr/local/bin/git version
2026-10-07T03:16:54.7745570Z git version 2.55.0
2026-10-07T03:16:54.7780500Z ##[endgroup]
2026-10-07T03:16:54.7791780Z Copying '/Users/runner/.gitconfig' to '/Users/runner/work/_temp/21d67b43-d77c-4a68-9153-f35976e10eda/.gitconfig'
2026-10-07T03:16:54.7812600Z Temporarily overriding HOME='/Users/runner/work/_temp/21d67b43-d77c-4a68-9153-f35976e10eda' before making global git config changes
2026-10-07T03:16:54.7815530Z Adding repository directory to the temporary git global config as a safe directory
2026-10-07T03:16:54.7819030Z [command]/usr/local/bin/git config --global --add safe.directory /Users/runner/work/heliopause/heliopause
2026-10-07T03:16:54.7993040Z Deleting the contents of '/Users/runner/work/heliopause/heliopause'
2026-10-07T03:16:54.7999380Z ##[group]Determining repository object format
2026-10-07T03:16:54.8001880Z ##[endgroup]
2026-10-07T03:16:54.8003180Z ##[group]Initializing the repository
2026-10-07T03:16:54.8006210Z [command]/usr/local/bin/git init /Users/runner/work/heliopause/heliopause
2026-10-07T03:16:54.8350420Z hint: Using 'master' as the name for the initial branch. This default branch name
2026-10-07T03:16:54.8352090Z hint: will change to "main" in Git 3.0. To configure the initial branch name
2026-10-07T03:16:54.8353560Z hint: to use in all of your new repositories, which will suppress this warning,
2026-10-07T03:16:54.8376370Z hint: call:
2026-10-07T03:16:54.8377210Z hint:
2026-10-07T03:16:54.8378030Z hint: 	git config --global init.defaultBranch <name>
2026-10-07T03:16:54.8378970Z hint:
2026-10-07T03:16:54.8379850Z hint: Names commonly chosen instead of 'master' are 'main', 'trunk' and
2026-10-07T03:16:54.8381270Z hint: 'development'. The just-created branch can be renamed via this command:
2026-10-07T03:16:54.8382400Z hint:
2026-10-07T03:16:54.8383050Z hint: 	git branch -m <name>
2026-10-07T03:16:54.8383830Z hint:
2026-10-07T03:16:54.8384760Z hint: Disable this message with "git config set advice.defaultBranchName false"
2026-10-07T03:16:54.8386300Z Initialized empty Git repository in /Users/runner/work/heliopause/heliopause/.git/
2026-10-07T03:16:54.8389100Z [command]/usr/local/bin/git remote add origin https://github.com/rahoney/heliopause
2026-10-07T03:16:54.8491900Z ##[endgroup]
2026-10-07T03:16:54.8493070Z ##[group]Disabling automatic garbage collection
2026-10-07T03:16:54.8495920Z [command]/usr/local/bin/git config --local gc.auto 0
2026-10-07T03:16:54.8596650Z ##[endgroup]
2026-10-07T03:16:54.8597750Z ##[group]Setting up auth
2026-10-07T03:16:54.8598560Z Removing SSH command configuration
2026-10-07T03:16:54.8602760Z [command]/usr/local/bin/git config --local --name-only --get-regexp core\.sshCommand
2026-10-07T03:16:54.8709000Z [command]/usr/local/bin/git submodule foreach --recursive sh -c "git config --local --name-only --get-regexp 'core\.sshCommand' && git config --local --unset-all 'core.sshCommand' || :"
2026-10-07T03:16:55.0396940Z Removing HTTP extra header
2026-10-07T03:16:55.0400220Z [command]/usr/local/bin/git config --local --name-only --get-regexp http\.https\:\/\/github\.com\/\.extraheader
2026-10-07T03:16:55.0501190Z [command]/usr/local/bin/git submodule foreach --recursive sh -c "git config --local --name-only --get-regexp 'http\.https\:\/\/github\.com\/\.extraheader' && git config --local --unset-all 'http.https://github.com/.extraheader' || :"
2026-10-07T03:16:55.3743540Z Removing includeIf entries pointing to credentials config files
2026-10-07T03:16:55.3807880Z [command]/usr/local/bin/git config --local --name-only --get-regexp ^includeIf\.gitdir:
2026-10-07T03:16:55.3977960Z [command]/usr/local/bin/git submodule foreach --recursive git config --local --show-origin --name-only --get-regexp remote.origin.url
2026-10-07T03:16:55.4538220Z [command]/usr/local/bin/git config --file /Users/runner/work/_temp/git-credentials-7d9af34a-df30-45b6-9c5f-5b77016f4db0.config http.https://github.com/.extraheader AUTHORIZATION: basic ***
2026-10-07T03:16:55.4550950Z [command]/usr/local/bin/git config --local includeIf.gitdir:/Users/runner/work/heliopause/heliopause/.git.path /Users/runner/work/_temp/git-credentials-7d9af34a-df30-45b6-9c5f-5b77016f4db0.config
2026-10-07T03:16:55.4656190Z [command]/usr/local/bin/git config --local includeIf.gitdir:/Users/runner/work/heliopause/heliopause/.git/worktrees/*.path /Users/runner/work/_temp/git-credentials-7d9af34a-df30-45b6-9c5f-5b77016f4db0.config
2026-10-07T03:16:55.4759630Z [command]/usr/local/bin/git config --local includeIf.gitdir:/github/workspace/.git.path /github/runner_temp/git-credentials-7d9af34a-df30-45b6-9c5f-5b77016f4db0.config
2026-10-07T03:16:55.4861340Z [command]/usr/local/bin/git config --local includeIf.gitdir:/github/workspace/.git/worktrees/*.path /github/runner_temp/git-credentials-7d9af34a-df30-45b6-9c5f-5b77016f4db0.config
2026-10-07T03:16:55.4957590Z ##[endgroup]
2026-10-07T03:16:55.4958820Z ##[group]Fetching the repository
2026-10-07T03:16:55.4965080Z [command]/usr/local/bin/git -c protocol.version=2 fetch --no-tags --prune --no-recurse-submodules --depth=1 origin +d328756f0087624093808215d1fbedd47767ef58:refs/remotes/origin/milestone/m12-go-cargo-terraform
2026-10-07T03:16:56.2907910Z From https://github.com/rahoney/heliopause
2026-10-07T03:16:56.2911820Z  * [new ref]         d328756f0087624093808215d1fbedd47767ef58 -> origin/milestone/m12-go-cargo-terraform
2026-10-07T03:16:56.2917800Z [command]/usr/local/bin/git branch --list --remote origin/milestone/m12-go-cargo-terraform
2026-10-07T03:16:56.3027370Z   origin/milestone/m12-go-cargo-terraform
2026-10-07T03:16:56.3036800Z [command]/usr/local/bin/git rev-parse refs/remotes/origin/milestone/m12-go-cargo-terraform
2026-10-07T03:16:56.3130130Z d328756f0087624093808215d1fbedd47767ef58
2026-10-07T03:16:56.3134710Z ##[endgroup]
2026-10-07T03:16:56.3135980Z ##[group]Determining the checkout info
2026-10-07T03:16:56.3137440Z ##[endgroup]
2026-10-07T03:16:56.3140630Z [command]/usr/local/bin/git sparse-checkout disable
2026-10-07T03:16:56.3280880Z [command]/usr/local/bin/git config --local --unset-all extensions.worktreeConfig
2026-10-07T03:16:56.3398470Z ##[group]Checking out the ref
2026-10-07T03:16:56.3403000Z [command]/usr/local/bin/git checkout --progress --force -B milestone/m12-go-cargo-terraform refs/remotes/origin/milestone/m12-go-cargo-terraform
2026-10-07T03:16:56.9019140Z Switched to a new branch 'milestone/m12-go-cargo-terraform'
2026-10-07T03:16:56.9024570Z branch 'milestone/m12-go-cargo-terraform' set up to track 'origin/milestone/m12-go-cargo-terraform'.
2026-10-07T03:16:56.9045410Z ##[endgroup]
2026-10-07T03:16:56.9193550Z [command]/usr/local/bin/git log -1 --format=%H
2026-10-07T03:16:56.9325790Z d328756f0087624093808215d1fbedd47767ef58
2026-10-07T03:16:56.9342320Z ##[group]Removing auth
2026-10-07T03:16:56.9346100Z Removing SSH command configuration
2026-10-07T03:16:56.9353350Z [command]/usr/local/bin/git config --local --name-only --get-regexp core\.sshCommand
2026-10-07T03:16:56.9489770Z [command]/usr/local/bin/git submodule foreach --recursive sh -c "git config --local --name-only --get-regexp 'core\.sshCommand' && git config --local --unset-all 'core.sshCommand' || :"
2026-10-07T03:16:57.0821650Z Removing HTTP extra header
2026-10-07T03:16:57.0823820Z [command]/usr/local/bin/git config --local --name-only --get-regexp http\.https\:\/\/github\.com\/\.extraheader
2026-10-07T03:16:57.0923300Z [command]/usr/local/bin/git submodule foreach --recursive sh -c "git config --local --name-only --get-regexp 'http\.https\:\/\/github\.com\/\.extraheader' && git config --local --unset-all 'http.https://github.com/.extraheader' || :"
2026-10-07T03:16:57.3505780Z Removing includeIf entries pointing to credentials config files
2026-10-07T03:16:57.3509920Z [command]/usr/local/bin/git config --local --name-only --get-regexp ^includeIf\.gitdir:
2026-10-07T03:16:57.3515380Z includeif.gitdir:/Users/runner/work/heliopause/heliopause/.git.path
2026-10-07T03:16:57.3520980Z includeif.gitdir:/Users/runner/work/heliopause/heliopause/.git/worktrees/*.path
2026-10-07T03:16:57.3524040Z includeif.gitdir:/github/workspace/.git.path
2026-10-07T03:16:57.3526640Z includeif.gitdir:/github/workspace/.git/worktrees/*.path
2026-10-07T03:16:57.3534360Z [command]/usr/local/bin/git config --local --get-all includeif.gitdir:/Users/runner/work/heliopause/heliopause/.git.path
2026-10-07T03:16:57.3539180Z /Users/runner/work/_temp/git-credentials-7d9af34a-df30-45b6-9c5f-5b77016f4db0.config
2026-10-07T03:16:57.3552550Z [command]/usr/local/bin/git config --local --unset includeif.gitdir:/Users/runner/work/heliopause/heliopause/.git.path \/Users\/runner\/work\/_temp\/git\-credentials\-7d9af34a\-df30\-45b6\-9c5f\-5b77016f4db0\.config
2026-10-07T03:16:57.3561130Z [command]/usr/local/bin/git config --local --get-all includeif.gitdir:/Users/runner/work/heliopause/heliopause/.git/worktrees/*.path
2026-10-07T03:16:57.3565330Z /Users/runner/work/_temp/git-credentials-7d9af34a-df30-45b6-9c5f-5b77016f4db0.config
2026-10-07T03:16:57.3576250Z [command]/usr/local/bin/git config --local --unset includeif.gitdir:/Users/runner/work/heliopause/heliopause/.git/worktrees/*.path \/Users\/runner\/work\/_temp\/git\-credentials\-7d9af34a\-df30\-45b6\-9c5f\-5b77016f4db0\.config
2026-10-07T03:16:57.3692280Z [command]/usr/local/bin/git config --local --get-all includeif.gitdir:/github/workspace/.git.path
2026-10-07T03:16:57.3801710Z /github/runner_temp/git-credentials-7d9af34a-df30-45b6-9c5f-5b77016f4db0.config
2026-10-07T03:16:57.3813720Z [command]/usr/local/bin/git config --local --unset includeif.gitdir:/github/workspace/.git.path \/github\/runner_temp\/git\-credentials\-7d9af34a\-df30\-45b6\-9c5f\-5b77016f4db0\.config
2026-10-07T03:16:57.3944100Z [command]/usr/local/bin/git config --local --get-all includeif.gitdir:/github/workspace/.git/worktrees/*.path
2026-10-07T03:16:57.4054400Z /github/runner_temp/git-credentials-7d9af34a-df30-45b6-9c5f-5b77016f4db0.config
2026-10-07T03:16:57.4067160Z [command]/usr/local/bin/git config --local --unset includeif.gitdir:/github/workspace/.git/worktrees/*.path \/github\/runner_temp\/git\-credentials\-7d9af34a\-df30\-45b6\-9c5f\-5b77016f4db0\.config
2026-10-07T03:16:57.4179430Z [command]/usr/local/bin/git submodule foreach --recursive git config --local --show-origin --name-only --get-regexp remote.origin.url
2026-10-07T03:16:57.5774330Z Removing credentials config '/Users/runner/work/_temp/git-credentials-7d9af34a-df30-45b6-9c5f-5b77016f4db0.config'
2026-10-07T03:16:57.5844550Z ##[endgroup]
2026-10-07T03:16:57.6199830Z ##[group]Run actions/setup-go@b7ad1dad31e06c5925ef5d2fc7ad053ef454303e
2026-10-07T03:16:57.6201110Z with:
2026-10-07T03:16:57.6201780Z   go-version: 1.26.8
2026-10-07T03:16:57.6202430Z   check-latest: false
2026-10-07T03:16:57.6203110Z   cache: false
2026-10-07T03:16:57.6210170Z   token: ***
2026-10-07T03:16:57.6210810Z env:
2026-10-07T03:16:57.6211420Z   GOTOOLCHAIN: local
2026-10-07T03:16:57.6212170Z ##[endgroup]
2026-10-07T03:16:57.8722260Z Setup go version spec 1.26.8
2026-10-07T03:16:57.8769350Z Attempting to download 1.26.8...
2026-10-07T03:16:58.4536560Z matching 1.26.8...
2026-10-07T03:16:58.4555610Z Acquiring 1.26.8 from https://github.com/actions/go-versions/releases/download/1.26.8-33583485350/go-1.26.8-darwin-x64.tar.gz
2026-10-07T03:16:59.4377670Z Extracting Go...
2026-10-07T03:16:59.4716570Z [command]/usr/bin/tar xz -C /Users/runner/work/_temp/33c273bf-10c0-455f-9c27-f28fa584ff40 -f /Users/runner/work/_temp/59deadb6-e8dd-473d-a546-ea1ffb365d22
2026-10-07T03:17:07.4149360Z Successfully extracted go to /Users/runner/work/_temp/33c273bf-10c0-455f-9c27-f28fa584ff40
2026-10-07T03:17:07.4153630Z Adding to the cache ...
2026-10-07T03:17:25.9374400Z Successfully cached go to /Users/runner/hostedtoolcache/go/1.26.8/x64
2026-10-07T03:17:25.9411450Z Added go to the path
2026-10-07T03:17:25.9421440Z Successfully set up Go version 1.26.8
2026-10-07T03:17:26.0936930Z go version go1.26.8 darwin/amd64
2026-10-07T03:17:26.0941630Z 
2026-10-07T03:17:26.0943690Z ##[group]go env
2026-10-07T03:17:29.8504650Z AR='ar'
2026-10-07T03:17:29.8612990Z CC='clang'
2026-10-07T03:17:29.8679320Z CGO_CFLAGS='-O2 -g'
2026-10-07T03:17:29.8688710Z CGO_CPPFLAGS=''
2026-10-07T03:17:29.8698490Z CGO_CXXFLAGS='-O2 -g'
2026-10-07T03:17:29.8703940Z CGO_ENABLED='1'
2026-10-07T03:17:29.8705870Z CGO_FFLAGS='-O2 -g'
2026-10-07T03:17:29.8707860Z CGO_LDFLAGS='-O2 -g'
2026-10-07T03:17:29.8710500Z CXX='clang++'
2026-10-07T03:17:29.8712700Z GCCGO='gccgo'
2026-10-07T03:17:29.8714880Z GO111MODULE=''
2026-10-07T03:17:29.8724420Z GOAMD64='v1'
2026-10-07T03:17:29.8729870Z GOARCH='amd64'
2026-10-07T03:17:29.8731500Z GOAUTH='netrc'
2026-10-07T03:17:29.8733260Z GOBIN=''
2026-10-07T03:17:29.8737000Z GOCACHE='/Users/runner/Library/Caches/go-build'
2026-10-07T03:17:29.8739390Z GOCACHEPROG=''
2026-10-07T03:17:29.8740940Z GODEBUG=''
2026-10-07T03:17:29.8829650Z GOENV='/Users/runner/Library/Application Support/go/env'
2026-10-07T03:17:29.8888300Z GOEXE=''
2026-10-07T03:17:29.8941400Z GOEXPERIMENT=''
2026-10-07T03:17:29.8978690Z GOFIPS140='off'
2026-10-07T03:17:29.8981420Z GOFLAGS=''
2026-10-07T03:17:29.8985050Z GOGCCFLAGS='-fPIC -arch x86_64 -m64 -pthread -fno-caret-diagnostics -Qunused-arguments -fmessage-length=0 -ffile-prefix-map=/var/folders/fq/bhsbs5bd52791c8x2z6s3dh40000gn/T/go-build683192710=/tmp/go-build -gno-record-gcc-switches -fno-common'
2026-10-07T03:17:29.8988990Z GOHOSTARCH='amd64'
2026-10-07T03:17:29.8990800Z GOHOSTOS='darwin'
2026-10-07T03:17:29.8992830Z GOINSECURE=''
2026-10-07T03:17:29.8995360Z GOMOD='/Users/runner/work/heliopause/heliopause/go.mod'
2026-10-07T03:17:29.8997600Z GOMODCACHE='/Users/runner/go/pkg/mod'
2026-10-07T03:17:29.8999440Z GONOPROXY=''
2026-10-07T03:17:29.9001150Z GONOSUMDB=''
2026-10-07T03:17:29.9002820Z GOOS='darwin'
2026-10-07T03:17:29.9004530Z GOPATH='/Users/runner/go'
2026-10-07T03:17:29.9006310Z GOPRIVATE=''
2026-10-07T03:17:29.9008240Z GOPROXY='https://proxy.golang.org,direct'
2026-10-07T03:17:29.9010210Z GOROOT='/Users/runner/hostedtoolcache/go/1.26.8/x64'
2026-10-07T03:17:29.9012140Z GOSUMDB='sum.golang.org'
2026-10-07T03:17:29.9013880Z GOTELEMETRY='local'
2026-10-07T03:17:29.9015860Z GOTELEMETRYDIR='/Users/runner/Library/Application Support/go/telemetry'
2026-10-07T03:17:29.9017940Z GOTMPDIR=''
2026-10-07T03:17:29.9019200Z GOTOOLCHAIN='local'
2026-10-07T03:17:29.9020710Z GOTOOLDIR='/Users/runner/hostedtoolcache/go/1.26.8/x64/pkg/tool/darwin_amd64'
2026-10-07T03:17:29.9022870Z GOVCS=''
2026-10-07T03:17:29.9024530Z GOVERSION='go1.26.8'
2026-10-07T03:17:29.9026220Z GOWORK=''
2026-10-07T03:17:29.9028920Z PKG_CONFIG='pkg-config'
2026-10-07T03:17:29.9030520Z 
2026-10-07T03:17:29.9032540Z ##[endgroup]
2026-10-07T03:17:29.9167210Z ##[group]Run go run ./scripts/check bootstrap-modules
2026-10-07T03:17:29.9168390Z [36;1mgo run ./scripts/check bootstrap-modules[0m
2026-10-07T03:17:29.9252350Z shell: /bin/bash -e {0}
2026-10-07T03:17:29.9252920Z env:
2026-10-07T03:17:29.9253380Z   GOTOOLCHAIN: local
2026-10-07T03:17:29.9254170Z   HELOX_TOOL_CACHE: /Users/runner/work/_temp/heliopause-platform-tools
2026-10-07T03:17:29.9255140Z ##[endgroup]
2026-10-07T03:17:30.0381590Z go: downloading go.yaml.in/yaml/v3 v3.0.4
2026-10-07T03:17:51.4137150Z [check] prepare module cache
2026-10-07T03:17:51.5143540Z [check] download product modules
2026-10-07T03:17:56.9104700Z ##[group]Run go run ./scripts/check platform
2026-10-07T03:17:56.9105400Z [36;1mgo run ./scripts/check platform[0m
2026-10-07T03:17:56.9109730Z shell: /bin/bash --noprofile --norc -e -u -o pipefail {0}
2026-10-07T03:17:56.9110380Z env:
2026-10-07T03:17:56.9110750Z   GOTOOLCHAIN: local
2026-10-07T03:17:56.9111430Z   HELOX_TOOL_CACHE: /Users/runner/work/_temp/heliopause-platform-tools
2026-10-07T03:17:56.9112180Z ##[endgroup]
2026-10-07T03:17:57.2954230Z [check] production build
2026-10-07T03:18:32.0408840Z [check] default test
2026-10-07T03:21:52.5947780Z Post job cleanup.
2026-10-07T03:21:53.6535900Z Post job cleanup.
2026-10-07T03:21:54.1179470Z [command]/usr/local/bin/git version
2026-10-07T03:21:54.2187190Z git version 2.55.0
2026-10-07T03:21:54.3633460Z Copying '/Users/runner/.gitconfig' to '/Users/runner/work/_temp/78646b11-fe6e-4a8b-a4ed-1a5e158c8cae/.gitconfig'
2026-10-07T03:21:54.3717100Z Temporarily overriding HOME='/Users/runner/work/_temp/78646b11-fe6e-4a8b-a4ed-1a5e158c8cae' before making global git config changes
2026-10-07T03:21:54.4722510Z Adding repository directory to the temporary git global config as a safe directory
2026-10-07T03:21:54.5668950Z [command]/usr/local/bin/git config --global --add safe.directory /Users/runner/work/heliopause/heliopause
2026-10-07T03:21:54.7824830Z Removing SSH command configuration
2026-10-07T03:21:54.8031080Z [command]/usr/local/bin/git config --local --name-only --get-regexp core\.sshCommand
2026-10-07T03:21:54.8468480Z [command]/usr/local/bin/git submodule foreach --recursive sh -c "git config --local --name-only --get-regexp 'core\.sshCommand' && git config --local --unset-all 'core.sshCommand' || :"
2026-10-07T03:21:54.8644690Z Removing HTTP extra header
2026-10-07T03:21:54.8686660Z [command]/usr/local/bin/git config --local --name-only --get-regexp http\.https\:\/\/github\.com\/\.extraheader
2026-10-07T03:21:54.9974100Z [command]/usr/local/bin/git submodule foreach --recursive sh -c "git config --local --name-only --get-regexp 'http\.https\:\/\/github\.com\/\.extraheader' && git config --local --unset-all 'http.https://github.com/.extraheader' || :"
2026-10-07T03:21:55.2576480Z Removing includeIf entries pointing to credentials config files
2026-10-07T03:21:55.2699890Z [command]/usr/local/bin/git config --local --name-only --get-regexp ^includeIf\.gitdir:
2026-10-07T03:21:55.2881460Z [command]/usr/local/bin/git submodule foreach --recursive git config --local --show-origin --name-only --get-regexp remote.origin.url
2026-10-07T03:21:55.4652320Z Cleaning up orphan processes
