2026-10-07T01:22:45.7042213Z Current runner version: '2.337.0'
2026-10-07T01:22:45.7068182Z ##[group]Runner Image Provisioner
2026-10-07T01:22:45.7069181Z Hosted Compute Agent
2026-10-07T01:22:45.7069805Z Version: 20260901.588
2026-10-07T01:22:45.7070520Z Commit: f88ec8081b781fac6c440065ac7ff9e710ce3d0b
2026-10-07T01:22:45.7071528Z Build Date: 2026-09-01T19:56:44Z
2026-10-07T01:22:45.7072251Z Worker ID: {2f3d559a-a866-4b24-9a1f-80b2e1316f4a}
2026-10-07T01:22:45.7073064Z Azure Region: northcentralus
2026-10-07T01:22:45.7073709Z ##[endgroup]
2026-10-07T01:22:45.7075451Z ##[group]Operating System
2026-10-07T01:22:45.7076264Z Ubuntu
2026-10-07T01:22:45.7076869Z 24.04.5
2026-10-07T01:22:45.7077469Z LTS
2026-10-07T01:22:45.7078023Z ##[endgroup]
2026-10-07T01:22:45.7078608Z ##[group]Runner Image
2026-10-07T01:22:45.7079354Z Image: ubuntu-24.04
2026-10-07T01:22:45.7079953Z Version: 20260927.320.1
2026-10-07T01:22:45.7081309Z Included Software: https://github.com/actions/runner-images/blob/ubuntu24/20260927.320/images/ubuntu/Ubuntu2404-Readme.md
2026-10-07T01:22:45.7082888Z Image Release: https://github.com/actions/runner-images/releases/tag/ubuntu24%2F20260927.320
2026-10-07T01:22:45.7083984Z ##[endgroup]
2026-10-07T01:22:45.7085395Z ##[group]GITHUB_TOKEN Permissions
2026-10-07T01:22:45.7087475Z Contents: read
2026-10-07T01:22:45.7088095Z Metadata: read
2026-10-07T01:22:45.7088782Z ##[endgroup]
2026-10-07T01:22:45.7090844Z Secret source: Actions
2026-10-07T01:22:45.7091923Z Cache mode: write
2026-10-07T01:22:45.7092700Z Prepare workflow directory
2026-10-07T01:22:45.7514956Z Prepare all required actions
2026-10-07T01:22:45.7563195Z Getting action download info
2026-10-07T01:22:46.0076857Z Download action repository 'actions/checkout@3d3c42e5aac5ba805825da76410c181273ba90b1' (SHA:3d3c42e5aac5ba805825da76410c181273ba90b1)
2026-10-07T01:22:46.1191496Z Download action repository 'actions/setup-go@b7ad1dad31e06c5925ef5d2fc7ad053ef454303e' (SHA:b7ad1dad31e06c5925ef5d2fc7ad053ef454303e)
2026-10-07T01:22:46.5843747Z Complete job name: Security
2026-10-07T01:22:46.6578766Z ##[group]Run actions/checkout@3d3c42e5aac5ba805825da76410c181273ba90b1
2026-10-07T01:22:46.6579815Z with:
2026-10-07T01:22:46.6580289Z   persist-credentials: false
2026-10-07T01:22:46.6580838Z   repository: rahoney/heliopause
2026-10-07T01:22:46.6584845Z   token: ***
2026-10-07T01:22:46.6585301Z   ssh-strict: true
2026-10-07T01:22:46.6585751Z   ssh-user: git
2026-10-07T01:22:46.6586184Z   clean: true
2026-10-07T01:22:46.6586643Z   sparse-checkout-cone-mode: true
2026-10-07T01:22:46.6587175Z   fetch-depth: 1
2026-10-07T01:22:46.6587622Z   fetch-tags: false
2026-10-07T01:22:46.6588077Z   show-progress: true
2026-10-07T01:22:46.6588532Z   lfs: false
2026-10-07T01:22:46.6588965Z   submodules: false
2026-10-07T01:22:46.6589425Z   set-safe-directory: true
2026-10-07T01:22:46.6589933Z   allow-unsafe-pr-checkout: false
2026-10-07T01:22:46.6590627Z env:
2026-10-07T01:22:46.6591037Z   GOTOOLCHAIN: local
2026-10-07T01:22:46.6591490Z ##[endgroup]
2026-10-07T01:22:46.7635590Z Syncing repository: rahoney/heliopause
2026-10-07T01:22:46.7638463Z ##[group]Getting Git version info
2026-10-07T01:22:46.7639744Z Working directory is '/home/runner/work/heliopause/heliopause'
2026-10-07T01:22:46.7647240Z [command]/usr/bin/git version
2026-10-07T01:22:46.7765512Z git version 2.55.0
2026-10-07T01:22:46.7789158Z ##[endgroup]
2026-10-07T01:22:46.7809419Z Temporarily overriding HOME='/home/runner/work/_temp/7b907d80-ad41-45e5-a6bd-ee2f4d24c824' before making global git config changes
2026-10-07T01:22:46.7811361Z Adding repository directory to the temporary git global config as a safe directory
2026-10-07T01:22:46.7818242Z [command]/usr/bin/git config --global --add safe.directory /home/runner/work/heliopause/heliopause
2026-10-07T01:22:46.7868683Z Deleting the contents of '/home/runner/work/heliopause/heliopause'
2026-10-07T01:22:46.7872301Z ##[group]Determining repository object format
2026-10-07T01:22:46.7874065Z ##[endgroup]
2026-10-07T01:22:46.7875382Z ##[group]Initializing the repository
2026-10-07T01:22:46.7878771Z [command]/usr/bin/git init /home/runner/work/heliopause/heliopause
2026-10-07T01:22:46.7973322Z hint: Using 'master' as the name for the initial branch. This default branch name
2026-10-07T01:22:46.7975251Z hint: will change to "main" in Git 3.0. To configure the initial branch name
2026-10-07T01:22:46.7976878Z hint: to use in all of your new repositories, which will suppress this warning,
2026-10-07T01:22:46.7978440Z hint: call:
2026-10-07T01:22:46.7979145Z hint:
2026-10-07T01:22:46.7980022Z hint: 	git config --global init.defaultBranch <name>
2026-10-07T01:22:46.7980996Z hint:
2026-10-07T01:22:46.7981919Z hint: Names commonly chosen instead of 'master' are 'main', 'trunk' and
2026-10-07T01:22:46.7983440Z hint: 'development'. The just-created branch can be renamed via this command:
2026-10-07T01:22:46.7984818Z hint:
2026-10-07T01:22:46.7985472Z hint: 	git branch -m <name>
2026-10-07T01:22:46.7986217Z hint:
2026-10-07T01:22:46.7987232Z hint: Disable this message with "git config set advice.defaultBranchName false"
2026-10-07T01:22:46.7988860Z Initialized empty Git repository in /home/runner/work/heliopause/heliopause/.git/
2026-10-07T01:22:46.7991550Z [command]/usr/bin/git remote add origin https://github.com/rahoney/heliopause
2026-10-07T01:22:46.8042985Z ##[endgroup]
2026-10-07T01:22:46.8044158Z ##[group]Disabling automatic garbage collection
2026-10-07T01:22:46.8046963Z [command]/usr/bin/git config --local gc.auto 0
2026-10-07T01:22:46.8081755Z ##[endgroup]
2026-10-07T01:22:46.8083221Z ##[group]Setting up auth
2026-10-07T01:22:46.8084006Z Removing SSH command configuration
2026-10-07T01:22:46.8087483Z [command]/usr/bin/git config --local --name-only --get-regexp core\.sshCommand
2026-10-07T01:22:46.8130116Z [command]/usr/bin/git submodule foreach --recursive sh -c "git config --local --name-only --get-regexp 'core\.sshCommand' && git config --local --unset-all 'core.sshCommand' || :"
2026-10-07T01:22:46.8515483Z Removing HTTP extra header
2026-10-07T01:22:46.8522131Z [command]/usr/bin/git config --local --name-only --get-regexp http\.https\:\/\/github\.com\/\.extraheader
2026-10-07T01:22:46.8577406Z [command]/usr/bin/git submodule foreach --recursive sh -c "git config --local --name-only --get-regexp 'http\.https\:\/\/github\.com\/\.extraheader' && git config --local --unset-all 'http.https://github.com/.extraheader' || :"
2026-10-07T01:22:46.8819277Z Removing includeIf entries pointing to credentials config files
2026-10-07T01:22:46.8825533Z [command]/usr/bin/git config --local --name-only --get-regexp ^includeIf\.gitdir:
2026-10-07T01:22:46.8863336Z [command]/usr/bin/git submodule foreach --recursive git config --local --show-origin --name-only --get-regexp remote.origin.url
2026-10-07T01:22:46.9106827Z [command]/usr/bin/git config --file /home/runner/work/_temp/git-credentials-0242cb9a-be49-4d1b-a34a-6cb5da751da4.config http.https://github.com/.extraheader AUTHORIZATION: basic ***
2026-10-07T01:22:46.9148862Z [command]/usr/bin/git config --local includeIf.gitdir:/home/runner/work/heliopause/heliopause/.git.path /home/runner/work/_temp/git-credentials-0242cb9a-be49-4d1b-a34a-6cb5da751da4.config
2026-10-07T01:22:46.9187012Z [command]/usr/bin/git config --local includeIf.gitdir:/home/runner/work/heliopause/heliopause/.git/worktrees/*.path /home/runner/work/_temp/git-credentials-0242cb9a-be49-4d1b-a34a-6cb5da751da4.config
2026-10-07T01:22:46.9226943Z [command]/usr/bin/git config --local includeIf.gitdir:/github/workspace/.git.path /github/runner_temp/git-credentials-0242cb9a-be49-4d1b-a34a-6cb5da751da4.config
2026-10-07T01:22:46.9265001Z [command]/usr/bin/git config --local includeIf.gitdir:/github/workspace/.git/worktrees/*.path /github/runner_temp/git-credentials-0242cb9a-be49-4d1b-a34a-6cb5da751da4.config
2026-10-07T01:22:46.9297180Z ##[endgroup]
2026-10-07T01:22:46.9297969Z ##[group]Fetching the repository
2026-10-07T01:22:46.9303378Z [command]/usr/bin/git -c protocol.version=2 fetch --no-tags --prune --no-recurse-submodules --depth=1 origin +6f0a519852c7ddcc1ac80d4e91f6bcd45214f885:refs/remotes/pull/29/merge
2026-10-07T01:22:47.6605155Z From https://github.com/rahoney/heliopause
2026-10-07T01:22:47.6607354Z  * [new ref]         6f0a519852c7ddcc1ac80d4e91f6bcd45214f885 -> pull/29/merge
2026-10-07T01:22:47.6614356Z ##[endgroup]
2026-10-07T01:22:47.6616080Z ##[group]Determining the checkout info
2026-10-07T01:22:47.6617392Z ##[endgroup]
2026-10-07T01:22:47.6618184Z [command]/usr/bin/git sparse-checkout disable
2026-10-07T01:22:47.6671802Z [command]/usr/bin/git config --local --unset-all extensions.worktreeConfig
2026-10-07T01:22:47.6708895Z ##[group]Checking out the ref
2026-10-07T01:22:47.6712500Z [command]/usr/bin/git checkout --progress --force refs/remotes/pull/29/merge
2026-10-07T01:22:47.7829604Z Note: switching to 'refs/remotes/pull/29/merge'.
2026-10-07T01:22:47.7830992Z 
2026-10-07T01:22:47.7831971Z You are in 'detached HEAD' state. You can look around, make experimental
2026-10-07T01:22:47.7834398Z changes and commit them, and you can discard any commits you make in this
2026-10-07T01:22:47.7837094Z state without impacting any branches by switching back to a branch.
2026-10-07T01:22:47.7838523Z 
2026-10-07T01:22:47.7839446Z If you want to create a new branch to retain commits you create, you may
2026-10-07T01:22:47.7841094Z do so (now or later) by using -c with the switch command. Example:
2026-10-07T01:22:47.7842026Z 
2026-10-07T01:22:47.7842421Z   git switch -c <new-branch-name>
2026-10-07T01:22:47.7843409Z 
2026-10-07T01:22:47.7844155Z Or undo this operation with:
2026-10-07T01:22:47.7845243Z 
2026-10-07T01:22:47.7845762Z   git switch -
2026-10-07T01:22:47.7846453Z 
2026-10-07T01:22:47.7847467Z Turn off this advice by setting config variable advice.detachedHead to false
2026-10-07T01:22:47.7848970Z 
2026-10-07T01:22:47.7850514Z HEAD is now at 6f0a519 Merge 8791fdcff573b1d85681ca74b65cf5a9e3ccf27a into 62c3b595e8e27a4a1d836849643c372692a39b8b
2026-10-07T01:22:47.7855857Z ##[endgroup]
2026-10-07T01:22:47.7897517Z [command]/usr/bin/git log -1 --format=%H
2026-10-07T01:22:47.7928677Z 6f0a519852c7ddcc1ac80d4e91f6bcd45214f885
2026-10-07T01:22:47.7939028Z ##[group]Removing auth
2026-10-07T01:22:47.7940523Z Removing SSH command configuration
2026-10-07T01:22:47.7942960Z [command]/usr/bin/git config --local --name-only --get-regexp core\.sshCommand
2026-10-07T01:22:47.7981511Z [command]/usr/bin/git submodule foreach --recursive sh -c "git config --local --name-only --get-regexp 'core\.sshCommand' && git config --local --unset-all 'core.sshCommand' || :"
2026-10-07T01:22:47.8224365Z Removing HTTP extra header
2026-10-07T01:22:47.8226973Z [command]/usr/bin/git config --local --name-only --get-regexp http\.https\:\/\/github\.com\/\.extraheader
2026-10-07T01:22:47.8266852Z [command]/usr/bin/git submodule foreach --recursive sh -c "git config --local --name-only --get-regexp 'http\.https\:\/\/github\.com\/\.extraheader' && git config --local --unset-all 'http.https://github.com/.extraheader' || :"
2026-10-07T01:22:47.8507798Z Removing includeIf entries pointing to credentials config files
2026-10-07T01:22:47.8510724Z [command]/usr/bin/git config --local --name-only --get-regexp ^includeIf\.gitdir:
2026-10-07T01:22:47.8542732Z includeif.gitdir:/home/runner/work/heliopause/heliopause/.git.path
2026-10-07T01:22:47.8545737Z includeif.gitdir:/home/runner/work/heliopause/heliopause/.git/worktrees/*.path
2026-10-07T01:22:47.8548061Z includeif.gitdir:/github/workspace/.git.path
2026-10-07T01:22:47.8549862Z includeif.gitdir:/github/workspace/.git/worktrees/*.path
2026-10-07T01:22:47.8554063Z [command]/usr/bin/git config --local --get-all includeif.gitdir:/home/runner/work/heliopause/heliopause/.git.path
2026-10-07T01:22:47.8582285Z /home/runner/work/_temp/git-credentials-0242cb9a-be49-4d1b-a34a-6cb5da751da4.config
2026-10-07T01:22:47.8596086Z [command]/usr/bin/git config --local --unset includeif.gitdir:/home/runner/work/heliopause/heliopause/.git.path \/home\/runner\/work\/_temp\/git\-credentials\-0242cb9a\-be49\-4d1b\-a34a\-6cb5da751da4\.config
2026-10-07T01:22:47.8638274Z [command]/usr/bin/git config --local --get-all includeif.gitdir:/home/runner/work/heliopause/heliopause/.git/worktrees/*.path
2026-10-07T01:22:47.8672576Z /home/runner/work/_temp/git-credentials-0242cb9a-be49-4d1b-a34a-6cb5da751da4.config
2026-10-07T01:22:47.8681961Z [command]/usr/bin/git config --local --unset includeif.gitdir:/home/runner/work/heliopause/heliopause/.git/worktrees/*.path \/home\/runner\/work\/_temp\/git\-credentials\-0242cb9a\-be49\-4d1b\-a34a\-6cb5da751da4\.config
2026-10-07T01:22:47.8724226Z [command]/usr/bin/git config --local --get-all includeif.gitdir:/github/workspace/.git.path
2026-10-07T01:22:47.8766905Z /github/runner_temp/git-credentials-0242cb9a-be49-4d1b-a34a-6cb5da751da4.config
2026-10-07T01:22:47.8785498Z [command]/usr/bin/git config --local --unset includeif.gitdir:/github/workspace/.git.path \/github\/runner_temp\/git\-credentials\-0242cb9a\-be49\-4d1b\-a34a\-6cb5da751da4\.config
2026-10-07T01:22:47.8814947Z [command]/usr/bin/git config --local --get-all includeif.gitdir:/github/workspace/.git/worktrees/*.path
2026-10-07T01:22:47.8856777Z /github/runner_temp/git-credentials-0242cb9a-be49-4d1b-a34a-6cb5da751da4.config
2026-10-07T01:22:47.8859465Z [command]/usr/bin/git config --local --unset includeif.gitdir:/github/workspace/.git/worktrees/*.path \/github\/runner_temp\/git\-credentials\-0242cb9a\-be49\-4d1b\-a34a\-6cb5da751da4\.config
2026-10-07T01:22:47.8905449Z [command]/usr/bin/git submodule foreach --recursive git config --local --show-origin --name-only --get-regexp remote.origin.url
2026-10-07T01:22:47.9163807Z Removing credentials config '/home/runner/work/_temp/git-credentials-0242cb9a-be49-4d1b-a34a-6cb5da751da4.config'
2026-10-07T01:22:47.9172167Z ##[endgroup]
2026-10-07T01:22:47.9418935Z ##[group]Run actions/setup-go@b7ad1dad31e06c5925ef5d2fc7ad053ef454303e
2026-10-07T01:22:47.9419413Z with:
2026-10-07T01:22:47.9419687Z   go-version: 1.26.8
2026-10-07T01:22:47.9419981Z   check-latest: false
2026-10-07T01:22:47.9420286Z   cache: false
2026-10-07T01:22:47.9422697Z   token: ***
2026-10-07T01:22:47.9422958Z env:
2026-10-07T01:22:47.9423213Z   GOTOOLCHAIN: local
2026-10-07T01:22:47.9423524Z ##[endgroup]
2026-10-07T01:22:48.0544218Z Setup go version spec 1.26.8
2026-10-07T01:22:48.0558409Z Found in cache @ /opt/hostedtoolcache/go/1.26.8/x64
2026-10-07T01:22:48.0559205Z Added go to the path
2026-10-07T01:22:48.0562930Z Successfully set up Go version 1.26.8
2026-10-07T01:22:48.1117518Z go version go1.26.8 linux/amd64
2026-10-07T01:22:48.1117989Z 
2026-10-07T01:22:48.1118518Z ##[group]go env
2026-10-07T01:22:48.2440215Z AR='ar'
2026-10-07T01:22:48.2440590Z CC='gcc'
2026-10-07T01:22:48.2440899Z CGO_CFLAGS='-O2 -g'
2026-10-07T01:22:48.2441398Z CGO_CPPFLAGS=''
2026-10-07T01:22:48.2442026Z CGO_CXXFLAGS='-O2 -g'
2026-10-07T01:22:48.2442510Z CGO_ENABLED='1'
2026-10-07T01:22:48.2442942Z CGO_FFLAGS='-O2 -g'
2026-10-07T01:22:48.2443373Z CGO_LDFLAGS='-O2 -g'
2026-10-07T01:22:48.2443793Z CXX='g++'
2026-10-07T01:22:48.2444182Z GCCGO='gccgo'
2026-10-07T01:22:48.2444765Z GO111MODULE=''
2026-10-07T01:22:48.2445160Z GOAMD64='v1'
2026-10-07T01:22:48.2445596Z GOARCH='amd64'
2026-10-07T01:22:48.2446027Z GOAUTH='netrc'
2026-10-07T01:22:48.2446407Z GOBIN=''
2026-10-07T01:22:48.2446834Z GOCACHE='/home/runner/.cache/go-build'
2026-10-07T01:22:48.2447347Z GOCACHEPROG=''
2026-10-07T01:22:48.2447740Z GODEBUG=''
2026-10-07T01:22:48.2448171Z GOENV='/home/runner/.config/go/env'
2026-10-07T01:22:48.2448530Z GOEXE=''
2026-10-07T01:22:48.2448807Z GOEXPERIMENT=''
2026-10-07T01:22:48.2449092Z GOFIPS140='off'
2026-10-07T01:22:48.2449368Z GOFLAGS=''
2026-10-07T01:22:48.2450231Z GOGCCFLAGS='-fPIC -m64 -pthread -Wl,--no-gc-sections -fmessage-length=0 -ffile-prefix-map=/tmp/go-build65267144=/tmp/go-build -gno-record-gcc-switches'
2026-10-07T01:22:48.2451055Z GOHOSTARCH='amd64'
2026-10-07T01:22:48.2451398Z GOHOSTOS='linux'
2026-10-07T01:22:48.2451690Z GOINSECURE=''
2026-10-07T01:22:48.2452061Z GOMOD='/home/runner/work/heliopause/heliopause/go.mod'
2026-10-07T01:22:48.2452569Z GOMODCACHE='/home/runner/go/pkg/mod'
2026-10-07T01:22:48.2452960Z GONOPROXY=''
2026-10-07T01:22:48.2453255Z GONOSUMDB=''
2026-10-07T01:22:48.2453822Z GOOS='linux'
2026-10-07T01:22:48.2454131Z GOPATH='/home/runner/go'
2026-10-07T01:22:48.2454669Z GOPRIVATE=''
2026-10-07T01:22:48.2455225Z GOPROXY='https://proxy.golang.org,direct'
2026-10-07T01:22:48.2455698Z GOROOT='/opt/hostedtoolcache/go/1.26.8/x64'
2026-10-07T01:22:48.2456130Z GOSUMDB='sum.golang.org'
2026-10-07T01:22:48.2456479Z GOTELEMETRY='local'
2026-10-07T01:22:48.2456885Z GOTELEMETRYDIR='/home/runner/.config/go/telemetry'
2026-10-07T01:22:48.2457308Z GOTMPDIR=''
2026-10-07T01:22:48.2457612Z GOTOOLCHAIN='local'
2026-10-07T01:22:48.2458102Z GOTOOLDIR='/opt/hostedtoolcache/go/1.26.8/x64/pkg/tool/linux_amd64'
2026-10-07T01:22:48.2458595Z GOVCS=''
2026-10-07T01:22:48.2458900Z GOVERSION='go1.26.8'
2026-10-07T01:22:48.2459217Z GOWORK=''
2026-10-07T01:22:48.2459533Z PKG_CONFIG='pkg-config'
2026-10-07T01:22:48.2459749Z 
2026-10-07T01:22:48.2460349Z ##[endgroup]
2026-10-07T01:22:48.2615796Z ##[group]Run go run ./scripts/check bootstrap
2026-10-07T01:22:48.2616338Z [36;1mgo run ./scripts/check bootstrap[0m
2026-10-07T01:22:48.2899752Z shell: /usr/bin/bash -e {0}
2026-10-07T01:22:48.2900117Z env:
2026-10-07T01:22:48.2900387Z   GOTOOLCHAIN: local
2026-10-07T01:22:48.2900796Z   HELOX_TOOL_CACHE: /home/runner/work/_temp/heliopause-quality-tools
2026-10-07T01:22:48.2901244Z ##[endgroup]
2026-10-07T01:22:48.3548465Z go: downloading go.yaml.in/yaml/v3 v3.0.4
2026-10-07T01:23:01.8658726Z [check] prepare module cache
2026-10-07T01:23:01.8659371Z [check] download product modules
2026-10-07T01:23:03.1854702Z [check] prepare quality tool cache
2026-10-07T01:23:03.1855255Z [check] install staticcheck
2026-10-07T01:23:24.3352494Z [check] verify staticcheck identity
2026-10-07T01:23:24.3415074Z [check] install gosec
2026-10-07T01:24:04.9406290Z [check] verify gosec identity
2026-10-07T01:24:04.9864797Z [check] install govulncheck
2026-10-07T01:24:08.6008585Z [check] verify govulncheck identity
2026-10-07T01:24:08.8042980Z [check] install gitleaks
2026-10-07T01:24:09.2074312Z [check] verify gitleaks identity
2026-10-07T01:24:09.2097908Z [check] install actionlint
2026-10-07T01:24:12.5593684Z [check] verify actionlint identity
2026-10-07T01:24:12.6410475Z ##[group]Run go run ./scripts/check security
2026-10-07T01:24:12.6410888Z [36;1mgo run ./scripts/check security[0m
2026-10-07T01:24:12.6483833Z shell: /usr/bin/bash -e {0}
2026-10-07T01:24:12.6484118Z env:
2026-10-07T01:24:12.6484343Z   GOTOOLCHAIN: local
2026-10-07T01:24:12.6484919Z   HELOX_TOOL_CACHE: /home/runner/work/_temp/heliopause-quality-tools
2026-10-07T01:24:12.6485305Z ##[endgroup]
2026-10-07T01:24:12.7373700Z [check] gosec
2026-10-07T01:24:32.9917335Z [check] Gitleaks current tree
2026-10-07T01:24:34.6730817Z Post job cleanup.
2026-10-07T01:24:34.8093165Z Post job cleanup.
2026-10-07T01:24:34.8976159Z [command]/usr/bin/git version
2026-10-07T01:24:34.9021541Z git version 2.55.0
2026-10-07T01:24:34.9056881Z Temporarily overriding HOME='/home/runner/work/_temp/45017114-ef55-45be-8692-39c892a74d4a' before making global git config changes
2026-10-07T01:24:34.9058412Z Adding repository directory to the temporary git global config as a safe directory
2026-10-07T01:24:34.9062168Z [command]/usr/bin/git config --global --add safe.directory /home/runner/work/heliopause/heliopause
2026-10-07T01:24:34.9095686Z Removing SSH command configuration
2026-10-07T01:24:34.9102772Z [command]/usr/bin/git config --local --name-only --get-regexp core\.sshCommand
2026-10-07T01:24:34.9139689Z [command]/usr/bin/git submodule foreach --recursive sh -c "git config --local --name-only --get-regexp 'core\.sshCommand' && git config --local --unset-all 'core.sshCommand' || :"
2026-10-07T01:24:34.9392937Z Removing HTTP extra header
2026-10-07T01:24:34.9400440Z [command]/usr/bin/git config --local --name-only --get-regexp http\.https\:\/\/github\.com\/\.extraheader
2026-10-07T01:24:34.9438783Z [command]/usr/bin/git submodule foreach --recursive sh -c "git config --local --name-only --get-regexp 'http\.https\:\/\/github\.com\/\.extraheader' && git config --local --unset-all 'http.https://github.com/.extraheader' || :"
2026-10-07T01:24:34.9708778Z Removing includeIf entries pointing to credentials config files
2026-10-07T01:24:34.9717673Z [command]/usr/bin/git config --local --name-only --get-regexp ^includeIf\.gitdir:
2026-10-07T01:24:34.9759755Z [command]/usr/bin/git submodule foreach --recursive git config --local --show-origin --name-only --get-regexp remote.origin.url
2026-10-07T01:24:35.0227777Z Cleaning up orphan processes
