2026-10-07T02:18:30.1306863Z Current runner version: '2.337.0'
2026-10-07T02:18:30.1326925Z ##[group]Runner Image Provisioner
2026-10-07T02:18:30.1327673Z Hosted Compute Agent
2026-10-07T02:18:30.1328066Z Version: 20260901.588
2026-10-07T02:18:30.1328495Z Commit: f88ec8081b781fac6c440065ac7ff9e710ce3d0b
2026-10-07T02:18:30.1329030Z Build Date: 2026-09-01T19:56:44Z
2026-10-07T02:18:30.1329535Z Worker ID: {b49a0357-b08b-4253-92ea-bc06b1c84fd9}
2026-10-07T02:18:30.1330037Z Azure Region: centralus
2026-10-07T02:18:30.1330420Z ##[endgroup]
2026-10-07T02:18:30.1331333Z ##[group]Operating System
2026-10-07T02:18:30.1331749Z Ubuntu
2026-10-07T02:18:30.1332114Z 24.04.5
2026-10-07T02:18:30.1332465Z LTS
2026-10-07T02:18:30.1332805Z ##[endgroup]
2026-10-07T02:18:30.1333409Z ##[group]Runner Image
2026-10-07T02:18:30.1333842Z Image: ubuntu-24.04
2026-10-07T02:18:30.1334262Z Version: 20260927.320.1
2026-10-07T02:18:30.1335104Z Included Software: https://github.com/actions/runner-images/blob/ubuntu24/20260927.320/images/ubuntu/Ubuntu2404-Readme.md
2026-10-07T02:18:30.1336109Z Image Release: https://github.com/actions/runner-images/releases/tag/ubuntu24%2F20260927.320
2026-10-07T02:18:30.1336795Z ##[endgroup]
2026-10-07T02:18:30.1337569Z ##[group]GITHUB_TOKEN Permissions
2026-10-07T02:18:30.1339375Z Contents: read
2026-10-07T02:18:30.1339766Z Metadata: read
2026-10-07T02:18:30.1340155Z ##[endgroup]
2026-10-07T02:18:30.1341601Z Secret source: Actions
2026-10-07T02:18:30.1342515Z Cache mode: write
2026-10-07T02:18:30.1343290Z Prepare workflow directory
2026-10-07T02:18:30.1805955Z Prepare all required actions
2026-10-07T02:18:30.1842028Z Getting action download info
2026-10-07T02:18:30.3962687Z Download action repository 'actions/checkout@3d3c42e5aac5ba805825da76410c181273ba90b1' (SHA:3d3c42e5aac5ba805825da76410c181273ba90b1)
2026-10-07T02:18:30.6669716Z Download action repository 'actions/setup-go@b7ad1dad31e06c5925ef5d2fc7ad053ef454303e' (SHA:b7ad1dad31e06c5925ef5d2fc7ad053ef454303e)
2026-10-07T02:18:31.4259558Z Complete job name: Vulnerability
2026-10-07T02:18:31.6230166Z ##[group]Run actions/checkout@3d3c42e5aac5ba805825da76410c181273ba90b1
2026-10-07T02:18:31.6231576Z with:
2026-10-07T02:18:31.6232324Z   persist-credentials: false
2026-10-07T02:18:31.6233461Z   repository: rahoney/heliopause
2026-10-07T02:18:31.6239326Z   token: ***
2026-10-07T02:18:31.6240039Z   ssh-strict: true
2026-10-07T02:18:31.6240774Z   ssh-user: git
2026-10-07T02:18:31.6241460Z   clean: true
2026-10-07T02:18:31.6242270Z   sparse-checkout-cone-mode: true
2026-10-07T02:18:31.6243448Z   fetch-depth: 1
2026-10-07T02:18:31.6244149Z   fetch-tags: false
2026-10-07T02:18:31.6244883Z   show-progress: true
2026-10-07T02:18:31.6245595Z   lfs: false
2026-10-07T02:18:31.6246249Z   submodules: false
2026-10-07T02:18:31.6246994Z   set-safe-directory: true
2026-10-07T02:18:31.6247812Z   allow-unsafe-pr-checkout: false
2026-10-07T02:18:31.6248843Z env:
2026-10-07T02:18:31.6249494Z   GOTOOLCHAIN: local
2026-10-07T02:18:31.6250207Z ##[endgroup]
2026-10-07T02:18:31.7051333Z Syncing repository: rahoney/heliopause
2026-10-07T02:18:31.7055137Z ##[group]Getting Git version info
2026-10-07T02:18:31.7056623Z Working directory is '/home/runner/work/heliopause/heliopause'
2026-10-07T02:18:31.7058856Z [command]/usr/bin/git version
2026-10-07T02:18:31.7290335Z git version 2.55.0
2026-10-07T02:18:31.7306947Z ##[endgroup]
2026-10-07T02:18:31.7320160Z Temporarily overriding HOME='/home/runner/work/_temp/556358fc-a94e-4590-8842-5d6dd6bd34c7' before making global git config changes
2026-10-07T02:18:31.7323847Z Adding repository directory to the temporary git global config as a safe directory
2026-10-07T02:18:31.7327194Z [command]/usr/bin/git config --global --add safe.directory /home/runner/work/heliopause/heliopause
2026-10-07T02:18:31.7552512Z Deleting the contents of '/home/runner/work/heliopause/heliopause'
2026-10-07T02:18:31.7558763Z ##[group]Determining repository object format
2026-10-07T02:18:31.7560813Z ##[endgroup]
2026-10-07T02:18:31.7562583Z ##[group]Initializing the repository
2026-10-07T02:18:31.7564390Z [command]/usr/bin/git init /home/runner/work/heliopause/heliopause
2026-10-07T02:18:31.7755556Z hint: Using 'master' as the name for the initial branch. This default branch name
2026-10-07T02:18:31.7758115Z hint: will change to "main" in Git 3.0. To configure the initial branch name
2026-10-07T02:18:31.7760312Z hint: to use in all of your new repositories, which will suppress this warning,
2026-10-07T02:18:31.7762195Z hint: call:
2026-10-07T02:18:31.7763353Z hint:
2026-10-07T02:18:31.7764336Z hint: 	git config --global init.defaultBranch <name>
2026-10-07T02:18:31.7765355Z hint:
2026-10-07T02:18:31.7766259Z hint: Names commonly chosen instead of 'master' are 'main', 'trunk' and
2026-10-07T02:18:31.7767679Z hint: 'development'. The just-created branch can be renamed via this command:
2026-10-07T02:18:31.7768808Z hint:
2026-10-07T02:18:31.7769493Z hint: 	git branch -m <name>
2026-10-07T02:18:31.7770280Z hint:
2026-10-07T02:18:31.7771254Z hint: Disable this message with "git config set advice.defaultBranchName false"
2026-10-07T02:18:31.7772770Z Initialized empty Git repository in /home/runner/work/heliopause/heliopause/.git/
2026-10-07T02:18:31.7775672Z [command]/usr/bin/git remote add origin https://github.com/rahoney/heliopause
2026-10-07T02:18:31.7850246Z ##[endgroup]
2026-10-07T02:18:31.7851931Z ##[group]Disabling automatic garbage collection
2026-10-07T02:18:31.7853719Z [command]/usr/bin/git config --local gc.auto 0
2026-10-07T02:18:31.7935435Z ##[endgroup]
2026-10-07T02:18:31.7937175Z ##[group]Setting up auth
2026-10-07T02:18:31.7938319Z Removing SSH command configuration
2026-10-07T02:18:31.7939517Z [command]/usr/bin/git config --local --name-only --get-regexp core\.sshCommand
2026-10-07T02:18:31.7962118Z [command]/usr/bin/git submodule foreach --recursive sh -c "git config --local --name-only --get-regexp 'core\.sshCommand' && git config --local --unset-all 'core.sshCommand' || :"
2026-10-07T02:18:31.8219516Z Removing HTTP extra header
2026-10-07T02:18:31.8222466Z [command]/usr/bin/git config --local --name-only --get-regexp http\.https\:\/\/github\.com\/\.extraheader
2026-10-07T02:18:31.8245127Z [command]/usr/bin/git submodule foreach --recursive sh -c "git config --local --name-only --get-regexp 'http\.https\:\/\/github\.com\/\.extraheader' && git config --local --unset-all 'http.https://github.com/.extraheader' || :"
2026-10-07T02:18:31.8387485Z Removing includeIf entries pointing to credentials config files
2026-10-07T02:18:31.8389993Z [command]/usr/bin/git config --local --name-only --get-regexp ^includeIf\.gitdir:
2026-10-07T02:18:31.8410385Z [command]/usr/bin/git submodule foreach --recursive git config --local --show-origin --name-only --get-regexp remote.origin.url
2026-10-07T02:18:31.8553439Z [command]/usr/bin/git config --file /home/runner/work/_temp/git-credentials-2ae48ad1-b65a-4aa5-b117-f9e6c949101b.config http.https://github.com/.extraheader AUTHORIZATION: basic ***
2026-10-07T02:18:31.8630481Z [command]/usr/bin/git config --local includeIf.gitdir:/home/runner/work/heliopause/heliopause/.git.path /home/runner/work/_temp/git-credentials-2ae48ad1-b65a-4aa5-b117-f9e6c949101b.config
2026-10-07T02:18:31.8735578Z [command]/usr/bin/git config --local includeIf.gitdir:/home/runner/work/heliopause/heliopause/.git/worktrees/*.path /home/runner/work/_temp/git-credentials-2ae48ad1-b65a-4aa5-b117-f9e6c949101b.config
2026-10-07T02:18:31.8835826Z [command]/usr/bin/git config --local includeIf.gitdir:/github/workspace/.git.path /github/runner_temp/git-credentials-2ae48ad1-b65a-4aa5-b117-f9e6c949101b.config
2026-10-07T02:18:31.8934268Z [command]/usr/bin/git config --local includeIf.gitdir:/github/workspace/.git/worktrees/*.path /github/runner_temp/git-credentials-2ae48ad1-b65a-4aa5-b117-f9e6c949101b.config
2026-10-07T02:18:31.9036227Z ##[endgroup]
2026-10-07T02:18:31.9037463Z ##[group]Fetching the repository
2026-10-07T02:18:31.9041498Z [command]/usr/bin/git -c protocol.version=2 fetch --no-tags --prune --no-recurse-submodules --depth=1 origin +d328756f0087624093808215d1fbedd47767ef58:refs/remotes/origin/milestone/m12-go-cargo-terraform
2026-10-07T02:18:33.2375113Z From https://github.com/rahoney/heliopause
2026-10-07T02:18:33.2376214Z  * [new ref]         d328756f0087624093808215d1fbedd47767ef58 -> origin/milestone/m12-go-cargo-terraform
2026-10-07T02:18:33.2383764Z [command]/usr/bin/git branch --list --remote origin/milestone/m12-go-cargo-terraform
2026-10-07T02:18:33.2402643Z   origin/milestone/m12-go-cargo-terraform
2026-10-07T02:18:33.2408338Z [command]/usr/bin/git rev-parse refs/remotes/origin/milestone/m12-go-cargo-terraform
2026-10-07T02:18:33.2425161Z d328756f0087624093808215d1fbedd47767ef58
2026-10-07T02:18:33.2427205Z ##[endgroup]
2026-10-07T02:18:33.2427953Z ##[group]Determining the checkout info
2026-10-07T02:18:33.2428647Z ##[endgroup]
2026-10-07T02:18:33.2431433Z [command]/usr/bin/git sparse-checkout disable
2026-10-07T02:18:33.2504894Z [command]/usr/bin/git config --local --unset-all extensions.worktreeConfig
2026-10-07T02:18:33.2530712Z ##[group]Checking out the ref
2026-10-07T02:18:33.2534820Z [command]/usr/bin/git checkout --progress --force -B milestone/m12-go-cargo-terraform refs/remotes/origin/milestone/m12-go-cargo-terraform
2026-10-07T02:18:33.3298389Z Switched to a new branch 'milestone/m12-go-cargo-terraform'
2026-10-07T02:18:33.3301560Z branch 'milestone/m12-go-cargo-terraform' set up to track 'origin/milestone/m12-go-cargo-terraform'.
2026-10-07T02:18:33.3307065Z ##[endgroup]
2026-10-07T02:18:33.3335944Z [command]/usr/bin/git log -1 --format=%H
2026-10-07T02:18:33.3354231Z d328756f0087624093808215d1fbedd47767ef58
2026-10-07T02:18:33.3359902Z ##[group]Removing auth
2026-10-07T02:18:33.3360351Z Removing SSH command configuration
2026-10-07T02:18:33.3363009Z [command]/usr/bin/git config --local --name-only --get-regexp core\.sshCommand
2026-10-07T02:18:33.3384943Z [command]/usr/bin/git submodule foreach --recursive sh -c "git config --local --name-only --get-regexp 'core\.sshCommand' && git config --local --unset-all 'core.sshCommand' || :"
2026-10-07T02:18:33.3527060Z Removing HTTP extra header
2026-10-07T02:18:33.3528347Z [command]/usr/bin/git config --local --name-only --get-regexp http\.https\:\/\/github\.com\/\.extraheader
2026-10-07T02:18:33.3548469Z [command]/usr/bin/git submodule foreach --recursive sh -c "git config --local --name-only --get-regexp 'http\.https\:\/\/github\.com\/\.extraheader' && git config --local --unset-all 'http.https://github.com/.extraheader' || :"
2026-10-07T02:18:33.3682150Z Removing includeIf entries pointing to credentials config files
2026-10-07T02:18:33.3684408Z [command]/usr/bin/git config --local --name-only --get-regexp ^includeIf\.gitdir:
2026-10-07T02:18:33.3702033Z includeif.gitdir:/home/runner/work/heliopause/heliopause/.git.path
2026-10-07T02:18:33.3702803Z includeif.gitdir:/home/runner/work/heliopause/heliopause/.git/worktrees/*.path
2026-10-07T02:18:33.3703633Z includeif.gitdir:/github/workspace/.git.path
2026-10-07T02:18:33.3704151Z includeif.gitdir:/github/workspace/.git/worktrees/*.path
2026-10-07T02:18:33.3707886Z [command]/usr/bin/git config --local --get-all includeif.gitdir:/home/runner/work/heliopause/heliopause/.git.path
2026-10-07T02:18:33.3723031Z /home/runner/work/_temp/git-credentials-2ae48ad1-b65a-4aa5-b117-f9e6c949101b.config
2026-10-07T02:18:33.3729293Z [command]/usr/bin/git config --local --unset includeif.gitdir:/home/runner/work/heliopause/heliopause/.git.path \/home\/runner\/work\/_temp\/git\-credentials\-2ae48ad1\-b65a\-4aa5\-b117\-f9e6c949101b\.config
2026-10-07T02:18:33.3756844Z [command]/usr/bin/git config --local --get-all includeif.gitdir:/home/runner/work/heliopause/heliopause/.git/worktrees/*.path
2026-10-07T02:18:33.3779353Z /home/runner/work/_temp/git-credentials-2ae48ad1-b65a-4aa5-b117-f9e6c949101b.config
2026-10-07T02:18:33.3785554Z [command]/usr/bin/git config --local --unset includeif.gitdir:/home/runner/work/heliopause/heliopause/.git/worktrees/*.path \/home\/runner\/work\/_temp\/git\-credentials\-2ae48ad1\-b65a\-4aa5\-b117\-f9e6c949101b\.config
2026-10-07T02:18:33.3810352Z [command]/usr/bin/git config --local --get-all includeif.gitdir:/github/workspace/.git.path
2026-10-07T02:18:33.3857198Z /github/runner_temp/git-credentials-2ae48ad1-b65a-4aa5-b117-f9e6c949101b.config
2026-10-07T02:18:33.3873320Z [command]/usr/bin/git config --local --unset includeif.gitdir:/github/workspace/.git.path \/github\/runner_temp\/git\-credentials\-2ae48ad1\-b65a\-4aa5\-b117\-f9e6c949101b\.config
2026-10-07T02:18:33.3893920Z [command]/usr/bin/git config --local --get-all includeif.gitdir:/github/workspace/.git/worktrees/*.path
2026-10-07T02:18:33.3909987Z /github/runner_temp/git-credentials-2ae48ad1-b65a-4aa5-b117-f9e6c949101b.config
2026-10-07T02:18:33.3915502Z [command]/usr/bin/git config --local --unset includeif.gitdir:/github/workspace/.git/worktrees/*.path \/github\/runner_temp\/git\-credentials\-2ae48ad1\-b65a\-4aa5\-b117\-f9e6c949101b\.config
2026-10-07T02:18:33.3940310Z [command]/usr/bin/git submodule foreach --recursive git config --local --show-origin --name-only --get-regexp remote.origin.url
2026-10-07T02:18:33.4078176Z Removing credentials config '/home/runner/work/_temp/git-credentials-2ae48ad1-b65a-4aa5-b117-f9e6c949101b.config'
2026-10-07T02:18:33.4090540Z ##[endgroup]
2026-10-07T02:18:33.4269829Z ##[group]Run actions/setup-go@b7ad1dad31e06c5925ef5d2fc7ad053ef454303e
2026-10-07T02:18:33.4270243Z with:
2026-10-07T02:18:33.4270504Z   go-version: 1.26.8
2026-10-07T02:18:33.4270757Z   check-latest: false
2026-10-07T02:18:33.4271016Z   cache: false
2026-10-07T02:18:33.4272739Z   token: ***
2026-10-07T02:18:33.4273350Z env:
2026-10-07T02:18:33.4273689Z   GOTOOLCHAIN: local
2026-10-07T02:18:33.4273970Z ##[endgroup]
2026-10-07T02:18:33.5095260Z Setup go version spec 1.26.8
2026-10-07T02:18:33.5105566Z Found in cache @ /opt/hostedtoolcache/go/1.26.8/x64
2026-10-07T02:18:33.5106202Z Added go to the path
2026-10-07T02:18:33.5108340Z Successfully set up Go version 1.26.8
2026-10-07T02:18:33.5572400Z go version go1.26.8 linux/amd64
2026-10-07T02:18:33.5572641Z 
2026-10-07T02:18:33.5573435Z ##[group]go env
2026-10-07T02:18:33.6621850Z AR='ar'
2026-10-07T02:18:33.6622517Z CC='gcc'
2026-10-07T02:18:33.6623137Z CGO_CFLAGS='-O2 -g'
2026-10-07T02:18:33.6623562Z CGO_CPPFLAGS=''
2026-10-07T02:18:33.6624115Z CGO_CXXFLAGS='-O2 -g'
2026-10-07T02:18:33.6624599Z CGO_ENABLED='1'
2026-10-07T02:18:33.6624948Z CGO_FFLAGS='-O2 -g'
2026-10-07T02:18:33.6625290Z CGO_LDFLAGS='-O2 -g'
2026-10-07T02:18:33.6625658Z CXX='g++'
2026-10-07T02:18:33.6625993Z GCCGO='gccgo'
2026-10-07T02:18:33.6626346Z GO111MODULE=''
2026-10-07T02:18:33.6626696Z GOAMD64='v1'
2026-10-07T02:18:33.6627134Z GOARCH='amd64'
2026-10-07T02:18:33.6627502Z GOAUTH='netrc'
2026-10-07T02:18:33.6627843Z GOBIN=''
2026-10-07T02:18:33.6628695Z GOCACHE='/home/runner/.cache/go-build'
2026-10-07T02:18:33.6629202Z GOCACHEPROG=''
2026-10-07T02:18:33.6629628Z GODEBUG=''
2026-10-07T02:18:33.6630107Z GOENV='/home/runner/.config/go/env'
2026-10-07T02:18:33.6630595Z GOEXE=''
2026-10-07T02:18:33.6631001Z GOEXPERIMENT=''
2026-10-07T02:18:33.6631481Z GOFIPS140='off'
2026-10-07T02:18:33.6631928Z GOFLAGS=''
2026-10-07T02:18:33.6633222Z GOGCCFLAGS='-fPIC -m64 -pthread -Wl,--no-gc-sections -fmessage-length=0 -ffile-prefix-map=/tmp/go-build841787799=/tmp/go-build -gno-record-gcc-switches'
2026-10-07T02:18:33.6634186Z GOHOSTARCH='amd64'
2026-10-07T02:18:33.6634620Z GOHOSTOS='linux'
2026-10-07T02:18:33.6635065Z GOINSECURE=''
2026-10-07T02:18:33.6635600Z GOMOD='/home/runner/work/heliopause/heliopause/go.mod'
2026-10-07T02:18:33.6636208Z GOMODCACHE='/home/runner/go/pkg/mod'
2026-10-07T02:18:33.6636766Z GONOPROXY=''
2026-10-07T02:18:33.6637217Z GONOSUMDB=''
2026-10-07T02:18:33.6637579Z GOOS='linux'
2026-10-07T02:18:33.6637892Z GOPATH='/home/runner/go'
2026-10-07T02:18:33.6638275Z GOPRIVATE=''
2026-10-07T02:18:33.6638800Z GOPROXY='https://proxy.golang.org,direct'
2026-10-07T02:18:33.6639255Z GOROOT='/opt/hostedtoolcache/go/1.26.8/x64'
2026-10-07T02:18:33.6639745Z GOSUMDB='sum.golang.org'
2026-10-07T02:18:33.6640107Z GOTELEMETRY='local'
2026-10-07T02:18:33.6640500Z GOTELEMETRYDIR='/home/runner/.config/go/telemetry'
2026-10-07T02:18:33.6640953Z GOTMPDIR=''
2026-10-07T02:18:33.6641571Z GOTOOLCHAIN='local'
2026-10-07T02:18:33.6642138Z GOTOOLDIR='/opt/hostedtoolcache/go/1.26.8/x64/pkg/tool/linux_amd64'
2026-10-07T02:18:33.6642541Z GOVCS=''
2026-10-07T02:18:33.6642770Z GOVERSION='go1.26.8'
2026-10-07T02:18:33.6643196Z GOWORK=''
2026-10-07T02:18:33.6643477Z PKG_CONFIG='pkg-config'
2026-10-07T02:18:33.6643621Z 
2026-10-07T02:18:33.6644023Z ##[endgroup]
2026-10-07T02:18:33.6727162Z ##[group]Run go run ./scripts/check bootstrap
2026-10-07T02:18:33.6727577Z [36;1mgo run ./scripts/check bootstrap[0m
2026-10-07T02:18:33.6879655Z shell: /usr/bin/bash -e {0}
2026-10-07T02:18:33.6879992Z env:
2026-10-07T02:18:33.6880301Z   GOTOOLCHAIN: local
2026-10-07T02:18:33.6880626Z   HELOX_TOOL_CACHE: /home/runner/work/_temp/heliopause-quality-tools
2026-10-07T02:18:33.6881001Z ##[endgroup]
2026-10-07T02:18:33.7245884Z go: downloading go.yaml.in/yaml/v3 v3.0.4
2026-10-07T02:18:42.2638671Z [check] prepare module cache
2026-10-07T02:18:42.2639180Z [check] download product modules
2026-10-07T02:18:43.9128292Z [check] prepare quality tool cache
2026-10-07T02:18:43.9129122Z [check] install staticcheck
2026-10-07T02:19:00.2735305Z [check] verify staticcheck identity
2026-10-07T02:19:00.2785148Z [check] install gosec
2026-10-07T02:19:32.7747525Z [check] verify gosec identity
2026-10-07T02:19:32.8085062Z [check] install govulncheck
2026-10-07T02:19:35.6059628Z [check] verify govulncheck identity
2026-10-07T02:19:35.7508740Z [check] install gitleaks
2026-10-07T02:19:36.0746280Z [check] verify gitleaks identity
2026-10-07T02:19:36.0768069Z [check] install actionlint
2026-10-07T02:19:38.8913793Z [check] verify actionlint identity
2026-10-07T02:19:39.0841758Z ##[group]Run go run ./scripts/check vulnerability
2026-10-07T02:19:39.0842089Z [36;1mgo run ./scripts/check vulnerability[0m
2026-10-07T02:19:39.0876457Z shell: /usr/bin/bash -e {0}
2026-10-07T02:19:39.0876720Z env:
2026-10-07T02:19:39.0876997Z   GOTOOLCHAIN: local
2026-10-07T02:19:39.0877290Z   HELOX_TOOL_CACHE: /home/runner/work/_temp/heliopause-quality-tools
2026-10-07T02:19:39.0877616Z ##[endgroup]
2026-10-07T02:19:41.6268952Z Post job cleanup.
2026-10-07T02:19:41.7232404Z Post job cleanup.
2026-10-07T02:19:41.7841551Z [command]/usr/bin/git version
2026-10-07T02:19:41.7869368Z git version 2.55.0
2026-10-07T02:19:41.7898324Z Temporarily overriding HOME='/home/runner/work/_temp/5a01586e-39f2-42b5-856b-f7b789527a1a' before making global git config changes
2026-10-07T02:19:41.7899435Z Adding repository directory to the temporary git global config as a safe directory
2026-10-07T02:19:41.7901461Z [command]/usr/bin/git config --global --add safe.directory /home/runner/work/heliopause/heliopause
2026-10-07T02:19:41.7923611Z Removing SSH command configuration
2026-10-07T02:19:41.7927519Z [command]/usr/bin/git config --local --name-only --get-regexp core\.sshCommand
2026-10-07T02:19:41.7950501Z [command]/usr/bin/git submodule foreach --recursive sh -c "git config --local --name-only --get-regexp 'core\.sshCommand' && git config --local --unset-all 'core.sshCommand' || :"
2026-10-07T02:19:41.8099427Z Removing HTTP extra header
2026-10-07T02:19:41.8104558Z [command]/usr/bin/git config --local --name-only --get-regexp http\.https\:\/\/github\.com\/\.extraheader
2026-10-07T02:19:41.8126142Z [command]/usr/bin/git submodule foreach --recursive sh -c "git config --local --name-only --get-regexp 'http\.https\:\/\/github\.com\/\.extraheader' && git config --local --unset-all 'http.https://github.com/.extraheader' || :"
2026-10-07T02:19:41.8296458Z Removing includeIf entries pointing to credentials config files
2026-10-07T02:19:41.8300590Z [command]/usr/bin/git config --local --name-only --get-regexp ^includeIf\.gitdir:
2026-10-07T02:19:41.8322277Z [command]/usr/bin/git submodule foreach --recursive git config --local --show-origin --name-only --get-regexp remote.origin.url
2026-10-07T02:19:41.8596885Z Cleaning up orphan processes
