2026-10-07T01:22:46.2859477Z Current runner version: '2.337.0'
2026-10-07T01:22:46.2884678Z ##[group]Runner Image Provisioner
2026-10-07T01:22:46.2885643Z Hosted Compute Agent
2026-10-07T01:22:46.2886237Z Version: 20260901.588
2026-10-07T01:22:46.2886856Z Commit: f88ec8081b781fac6c440065ac7ff9e710ce3d0b
2026-10-07T01:22:46.2887700Z Build Date: 2026-09-01T19:56:44Z
2026-10-07T01:22:46.2888864Z Worker ID: {c6d8c8bb-8871-40cd-964e-0469306a9131}
2026-10-07T01:22:46.2889667Z Azure Region: westus
2026-10-07T01:22:46.2890250Z ##[endgroup]
2026-10-07T01:22:46.2891793Z ##[group]Operating System
2026-10-07T01:22:46.2892618Z Ubuntu
2026-10-07T01:22:46.2893203Z 24.04.5
2026-10-07T01:22:46.2893804Z LTS
2026-10-07T01:22:46.2894383Z ##[endgroup]
2026-10-07T01:22:46.2894930Z ##[group]Runner Image
2026-10-07T01:22:46.2895663Z Image: ubuntu-24.04
2026-10-07T01:22:46.2896262Z Version: 20260927.320.1
2026-10-07T01:22:46.2897574Z Included Software: https://github.com/actions/runner-images/blob/ubuntu24/20260927.320/images/ubuntu/Ubuntu2404-Readme.md
2026-10-07T01:22:46.2899406Z Image Release: https://github.com/actions/runner-images/releases/tag/ubuntu24%2F20260927.320
2026-10-07T01:22:46.2900476Z ##[endgroup]
2026-10-07T01:22:46.2901565Z ##[group]GITHUB_TOKEN Permissions
2026-10-07T01:22:46.2903590Z Contents: read
2026-10-07T01:22:46.2904214Z Metadata: read
2026-10-07T01:22:46.2904889Z ##[endgroup]
2026-10-07T01:22:46.2907044Z Secret source: Actions
2026-10-07T01:22:46.2908591Z Cache mode: write
2026-10-07T01:22:46.2909533Z Prepare workflow directory
2026-10-07T01:22:46.3342410Z Prepare all required actions
2026-10-07T01:22:46.3394320Z Getting action download info
2026-10-07T01:22:46.7146595Z Download action repository 'actions/checkout@3d3c42e5aac5ba805825da76410c181273ba90b1' (SHA:3d3c42e5aac5ba805825da76410c181273ba90b1)
2026-10-07T01:22:46.8253785Z Download action repository 'actions/setup-go@b7ad1dad31e06c5925ef5d2fc7ad053ef454303e' (SHA:b7ad1dad31e06c5925ef5d2fc7ad053ef454303e)
2026-10-07T01:22:47.4684215Z Complete job name: Minimum Go
2026-10-07T01:22:47.5778861Z ##[group]Run actions/checkout@3d3c42e5aac5ba805825da76410c181273ba90b1
2026-10-07T01:22:47.5780894Z with:
2026-10-07T01:22:47.5781812Z   persist-credentials: false
2026-10-07T01:22:47.5782936Z   repository: rahoney/heliopause
2026-10-07T01:22:47.5792307Z   token: ***
2026-10-07T01:22:47.5793227Z   ssh-strict: true
2026-10-07T01:22:47.5794154Z   ssh-user: git
2026-10-07T01:22:47.5795052Z   clean: true
2026-10-07T01:22:47.5795998Z   sparse-checkout-cone-mode: true
2026-10-07T01:22:47.5797126Z   fetch-depth: 1
2026-10-07T01:22:47.5798218Z   fetch-tags: false
2026-10-07T01:22:47.5799183Z   show-progress: true
2026-10-07T01:22:47.5800148Z   lfs: false
2026-10-07T01:22:47.5801031Z   submodules: false
2026-10-07T01:22:47.5802011Z   set-safe-directory: true
2026-10-07T01:22:47.5803101Z   allow-unsafe-pr-checkout: false
2026-10-07T01:22:47.5804502Z env:
2026-10-07T01:22:47.5805359Z   GOTOOLCHAIN: local
2026-10-07T01:22:47.5806305Z ##[endgroup]
2026-10-07T01:22:47.6922910Z Syncing repository: rahoney/heliopause
2026-10-07T01:22:47.6927582Z ##[group]Getting Git version info
2026-10-07T01:22:47.6930205Z Working directory is '/home/runner/work/heliopause/heliopause'
2026-10-07T01:22:47.6933814Z [command]/usr/bin/git version
2026-10-07T01:22:47.6993575Z git version 2.55.0
2026-10-07T01:22:47.7019741Z ##[endgroup]
2026-10-07T01:22:47.7034872Z Temporarily overriding HOME='/home/runner/work/_temp/237cedf6-b5c4-43ca-8a81-45dc523018e7' before making global git config changes
2026-10-07T01:22:47.7040670Z Adding repository directory to the temporary git global config as a safe directory
2026-10-07T01:22:47.7045064Z [command]/usr/bin/git config --global --add safe.directory /home/runner/work/heliopause/heliopause
2026-10-07T01:22:47.7090737Z Deleting the contents of '/home/runner/work/heliopause/heliopause'
2026-10-07T01:22:47.7095024Z ##[group]Determining repository object format
2026-10-07T01:22:47.7098772Z ##[endgroup]
2026-10-07T01:22:47.7101720Z ##[group]Initializing the repository
2026-10-07T01:22:47.7104628Z [command]/usr/bin/git init /home/runner/work/heliopause/heliopause
2026-10-07T01:22:47.7225032Z hint: Using 'master' as the name for the initial branch. This default branch name
2026-10-07T01:22:47.7229272Z hint: will change to "main" in Git 3.0. To configure the initial branch name
2026-10-07T01:22:47.7233517Z hint: to use in all of your new repositories, which will suppress this warning,
2026-10-07T01:22:47.7236533Z hint: call:
2026-10-07T01:22:47.7238496Z hint:
2026-10-07T01:22:47.7240494Z hint: 	git config --global init.defaultBranch <name>
2026-10-07T01:22:47.7242936Z hint:
2026-10-07T01:22:47.7244589Z hint: Names commonly chosen instead of 'master' are 'main', 'trunk' and
2026-10-07T01:22:47.7248337Z hint: 'development'. The just-created branch can be renamed via this command:
2026-10-07T01:22:47.7251025Z hint:
2026-10-07T01:22:47.7252527Z hint: 	git branch -m <name>
2026-10-07T01:22:47.7254147Z hint:
2026-10-07T01:22:47.7256386Z hint: Disable this message with "git config set advice.defaultBranchName false"
2026-10-07T01:22:47.7260307Z Initialized empty Git repository in /home/runner/work/heliopause/heliopause/.git/
2026-10-07T01:22:47.7266170Z [command]/usr/bin/git remote add origin https://github.com/rahoney/heliopause
2026-10-07T01:22:47.7301209Z ##[endgroup]
2026-10-07T01:22:47.7304248Z ##[group]Disabling automatic garbage collection
2026-10-07T01:22:47.7307066Z [command]/usr/bin/git config --local gc.auto 0
2026-10-07T01:22:47.7346451Z ##[endgroup]
2026-10-07T01:22:47.7348991Z ##[group]Setting up auth
2026-10-07T01:22:47.7350676Z Removing SSH command configuration
2026-10-07T01:22:47.7357492Z [command]/usr/bin/git config --local --name-only --get-regexp core\.sshCommand
2026-10-07T01:22:47.7397092Z [command]/usr/bin/git submodule foreach --recursive sh -c "git config --local --name-only --get-regexp 'core\.sshCommand' && git config --local --unset-all 'core.sshCommand' || :"
2026-10-07T01:22:47.7787376Z Removing HTTP extra header
2026-10-07T01:22:47.7793126Z [command]/usr/bin/git config --local --name-only --get-regexp http\.https\:\/\/github\.com\/\.extraheader
2026-10-07T01:22:47.7835298Z [command]/usr/bin/git submodule foreach --recursive sh -c "git config --local --name-only --get-regexp 'http\.https\:\/\/github\.com\/\.extraheader' && git config --local --unset-all 'http.https://github.com/.extraheader' || :"
2026-10-07T01:22:47.8071195Z Removing includeIf entries pointing to credentials config files
2026-10-07T01:22:47.8075535Z [command]/usr/bin/git config --local --name-only --get-regexp ^includeIf\.gitdir:
2026-10-07T01:22:47.8116591Z [command]/usr/bin/git submodule foreach --recursive git config --local --show-origin --name-only --get-regexp remote.origin.url
2026-10-07T01:22:47.8351316Z [command]/usr/bin/git config --file /home/runner/work/_temp/git-credentials-8b4c1e00-c77d-4f71-b458-3ac391506408.config http.https://github.com/.extraheader AUTHORIZATION: basic ***
2026-10-07T01:22:47.8394578Z [command]/usr/bin/git config --local includeIf.gitdir:/home/runner/work/heliopause/heliopause/.git.path /home/runner/work/_temp/git-credentials-8b4c1e00-c77d-4f71-b458-3ac391506408.config
2026-10-07T01:22:47.8431735Z [command]/usr/bin/git config --local includeIf.gitdir:/home/runner/work/heliopause/heliopause/.git/worktrees/*.path /home/runner/work/_temp/git-credentials-8b4c1e00-c77d-4f71-b458-3ac391506408.config
2026-10-07T01:22:47.8470453Z [command]/usr/bin/git config --local includeIf.gitdir:/github/workspace/.git.path /github/runner_temp/git-credentials-8b4c1e00-c77d-4f71-b458-3ac391506408.config
2026-10-07T01:22:47.8509236Z [command]/usr/bin/git config --local includeIf.gitdir:/github/workspace/.git/worktrees/*.path /github/runner_temp/git-credentials-8b4c1e00-c77d-4f71-b458-3ac391506408.config
2026-10-07T01:22:47.8591303Z ##[endgroup]
2026-10-07T01:22:47.8592947Z ##[group]Fetching the repository
2026-10-07T01:22:47.8595910Z [command]/usr/bin/git -c protocol.version=2 fetch --no-tags --prune --no-recurse-submodules --depth=1 origin +6f0a519852c7ddcc1ac80d4e91f6bcd45214f885:refs/remotes/pull/29/merge
2026-10-07T01:22:48.6417052Z From https://github.com/rahoney/heliopause
2026-10-07T01:22:48.6419168Z  * [new ref]         6f0a519852c7ddcc1ac80d4e91f6bcd45214f885 -> pull/29/merge
2026-10-07T01:22:48.6423780Z ##[endgroup]
2026-10-07T01:22:48.6425318Z ##[group]Determining the checkout info
2026-10-07T01:22:48.6427022Z ##[endgroup]
2026-10-07T01:22:48.6430720Z [command]/usr/bin/git sparse-checkout disable
2026-10-07T01:22:48.6491854Z [command]/usr/bin/git config --local --unset-all extensions.worktreeConfig
2026-10-07T01:22:48.6528998Z ##[group]Checking out the ref
2026-10-07T01:22:48.6533281Z [command]/usr/bin/git checkout --progress --force refs/remotes/pull/29/merge
2026-10-07T01:22:48.7738731Z Note: switching to 'refs/remotes/pull/29/merge'.
2026-10-07T01:22:48.7739785Z 
2026-10-07T01:22:48.7740637Z You are in 'detached HEAD' state. You can look around, make experimental
2026-10-07T01:22:48.7742530Z changes and commit them, and you can discard any commits you make in this
2026-10-07T01:22:48.7744415Z state without impacting any branches by switching back to a branch.
2026-10-07T01:22:48.7745510Z 
2026-10-07T01:22:48.7746233Z If you want to create a new branch to retain commits you create, you may
2026-10-07T01:22:48.7748121Z do so (now or later) by using -c with the switch command. Example:
2026-10-07T01:22:48.7749841Z 
2026-10-07T01:22:48.7750584Z   git switch -c <new-branch-name>
2026-10-07T01:22:48.7751749Z 
2026-10-07T01:22:48.7752371Z Or undo this operation with:
2026-10-07T01:22:48.7753363Z 
2026-10-07T01:22:48.7753921Z   git switch -
2026-10-07T01:22:48.7754634Z 
2026-10-07T01:22:48.7755863Z Turn off this advice by setting config variable advice.detachedHead to false
2026-10-07T01:22:48.7757725Z 
2026-10-07T01:22:48.7760174Z HEAD is now at 6f0a519 Merge 8791fdcff573b1d85681ca74b65cf5a9e3ccf27a into 62c3b595e8e27a4a1d836849643c372692a39b8b
2026-10-07T01:22:48.7769687Z ##[endgroup]
2026-10-07T01:22:48.7819786Z [command]/usr/bin/git log -1 --format=%H
2026-10-07T01:22:48.7852370Z 6f0a519852c7ddcc1ac80d4e91f6bcd45214f885
2026-10-07T01:22:48.7862913Z ##[group]Removing auth
2026-10-07T01:22:48.7863927Z Removing SSH command configuration
2026-10-07T01:22:48.7867062Z [command]/usr/bin/git config --local --name-only --get-regexp core\.sshCommand
2026-10-07T01:22:48.7906773Z [command]/usr/bin/git submodule foreach --recursive sh -c "git config --local --name-only --get-regexp 'core\.sshCommand' && git config --local --unset-all 'core.sshCommand' || :"
2026-10-07T01:22:48.8140957Z Removing HTTP extra header
2026-10-07T01:22:48.8144089Z [command]/usr/bin/git config --local --name-only --get-regexp http\.https\:\/\/github\.com\/\.extraheader
2026-10-07T01:22:48.8184831Z [command]/usr/bin/git submodule foreach --recursive sh -c "git config --local --name-only --get-regexp 'http\.https\:\/\/github\.com\/\.extraheader' && git config --local --unset-all 'http.https://github.com/.extraheader' || :"
2026-10-07T01:22:48.8420603Z Removing includeIf entries pointing to credentials config files
2026-10-07T01:22:48.8423109Z [command]/usr/bin/git config --local --name-only --get-regexp ^includeIf\.gitdir:
2026-10-07T01:22:48.8480505Z includeif.gitdir:/home/runner/work/heliopause/heliopause/.git.path
2026-10-07T01:22:48.8482561Z includeif.gitdir:/home/runner/work/heliopause/heliopause/.git/worktrees/*.path
2026-10-07T01:22:48.8484300Z includeif.gitdir:/github/workspace/.git.path
2026-10-07T01:22:48.8485716Z includeif.gitdir:/github/workspace/.git/worktrees/*.path
2026-10-07T01:22:48.8491582Z [command]/usr/bin/git config --local --get-all includeif.gitdir:/home/runner/work/heliopause/heliopause/.git.path
2026-10-07T01:22:48.8520322Z /home/runner/work/_temp/git-credentials-8b4c1e00-c77d-4f71-b458-3ac391506408.config
2026-10-07T01:22:48.8533278Z [command]/usr/bin/git config --local --unset includeif.gitdir:/home/runner/work/heliopause/heliopause/.git.path \/home\/runner\/work\/_temp\/git\-credentials\-8b4c1e00\-c77d\-4f71\-b458\-3ac391506408\.config
2026-10-07T01:22:48.8609497Z [command]/usr/bin/git config --local --get-all includeif.gitdir:/home/runner/work/heliopause/heliopause/.git/worktrees/*.path
2026-10-07T01:22:48.8639847Z /home/runner/work/_temp/git-credentials-8b4c1e00-c77d-4f71-b458-3ac391506408.config
2026-10-07T01:22:48.8649237Z [command]/usr/bin/git config --local --unset includeif.gitdir:/home/runner/work/heliopause/heliopause/.git/worktrees/*.path \/home\/runner\/work\/_temp\/git\-credentials\-8b4c1e00\-c77d\-4f71\-b458\-3ac391506408\.config
2026-10-07T01:22:48.8687714Z [command]/usr/bin/git config --local --get-all includeif.gitdir:/github/workspace/.git.path
2026-10-07T01:22:48.8721194Z /github/runner_temp/git-credentials-8b4c1e00-c77d-4f71-b458-3ac391506408.config
2026-10-07T01:22:48.8731785Z [command]/usr/bin/git config --local --unset includeif.gitdir:/github/workspace/.git.path \/github\/runner_temp\/git\-credentials\-8b4c1e00\-c77d\-4f71\-b458\-3ac391506408\.config
2026-10-07T01:22:48.8770561Z [command]/usr/bin/git config --local --get-all includeif.gitdir:/github/workspace/.git/worktrees/*.path
2026-10-07T01:22:48.8797784Z /github/runner_temp/git-credentials-8b4c1e00-c77d-4f71-b458-3ac391506408.config
2026-10-07T01:22:48.8851445Z [command]/usr/bin/git config --local --unset includeif.gitdir:/github/workspace/.git/worktrees/*.path \/github\/runner_temp\/git\-credentials\-8b4c1e00\-c77d\-4f71\-b458\-3ac391506408\.config
2026-10-07T01:22:48.8907521Z [command]/usr/bin/git submodule foreach --recursive git config --local --show-origin --name-only --get-regexp remote.origin.url
2026-10-07T01:22:48.9139132Z Removing credentials config '/home/runner/work/_temp/git-credentials-8b4c1e00-c77d-4f71-b458-3ac391506408.config'
2026-10-07T01:22:48.9148640Z ##[endgroup]
2026-10-07T01:22:48.9474545Z ##[group]Run actions/setup-go@b7ad1dad31e06c5925ef5d2fc7ad053ef454303e
2026-10-07T01:22:48.9476003Z with:
2026-10-07T01:22:48.9476804Z   go-version: 1.26.8
2026-10-07T01:22:48.9477692Z   check-latest: false
2026-10-07T01:22:48.9478756Z   cache: false
2026-10-07T01:22:48.9486769Z   token: ***
2026-10-07T01:22:48.9487588Z env:
2026-10-07T01:22:48.9488500Z   GOTOOLCHAIN: local
2026-10-07T01:22:48.9489399Z ##[endgroup]
2026-10-07T01:22:49.0705949Z Setup go version spec 1.26.8
2026-10-07T01:22:49.1446092Z Found in cache @ /opt/hostedtoolcache/go/1.26.8/x64
2026-10-07T01:22:49.1447144Z Added go to the path
2026-10-07T01:22:49.1451978Z Successfully set up Go version 1.26.8
2026-10-07T01:22:50.0802178Z go version go1.26.8 linux/amd64
2026-10-07T01:22:50.0802545Z 
2026-10-07T01:22:50.0803112Z ##[group]go env
2026-10-07T01:22:50.9599847Z AR='ar'
2026-10-07T01:22:50.9600424Z CC='gcc'
2026-10-07T01:22:50.9601005Z CGO_CFLAGS='-O2 -g'
2026-10-07T01:22:50.9601617Z CGO_CPPFLAGS=''
2026-10-07T01:22:50.9602570Z CGO_CXXFLAGS='-O2 -g'
2026-10-07T01:22:50.9603414Z CGO_ENABLED='1'
2026-10-07T01:22:50.9604072Z CGO_FFLAGS='-O2 -g'
2026-10-07T01:22:50.9604675Z CGO_LDFLAGS='-O2 -g'
2026-10-07T01:22:50.9605247Z CXX='g++'
2026-10-07T01:22:50.9605828Z GCCGO='gccgo'
2026-10-07T01:22:50.9606431Z GO111MODULE=''
2026-10-07T01:22:50.9607013Z GOAMD64='v1'
2026-10-07T01:22:50.9607519Z GOARCH='amd64'
2026-10-07T01:22:50.9608614Z GOAUTH='netrc'
2026-10-07T01:22:50.9609365Z GOBIN=''
2026-10-07T01:22:50.9609994Z GOCACHE='/home/runner/.cache/go-build'
2026-10-07T01:22:50.9610817Z GOCACHEPROG=''
2026-10-07T01:22:50.9611528Z GODEBUG=''
2026-10-07T01:22:50.9612272Z GOENV='/home/runner/.config/go/env'
2026-10-07T01:22:50.9612929Z GOEXE=''
2026-10-07T01:22:50.9613391Z GOEXPERIMENT=''
2026-10-07T01:22:50.9613890Z GOFIPS140='off'
2026-10-07T01:22:50.9614417Z GOFLAGS=''
2026-10-07T01:22:50.9615838Z GOGCCFLAGS='-fPIC -m64 -pthread -Wl,--no-gc-sections -fmessage-length=0 -ffile-prefix-map=/tmp/go-build2394522699=/tmp/go-build -gno-record-gcc-switches'
2026-10-07T01:22:50.9617281Z GOHOSTARCH='amd64'
2026-10-07T01:22:50.9617780Z GOHOSTOS='linux'
2026-10-07T01:22:50.9618634Z GOINSECURE=''
2026-10-07T01:22:50.9619271Z GOMOD='/home/runner/work/heliopause/heliopause/go.mod'
2026-10-07T01:22:50.9620041Z GOMODCACHE='/home/runner/go/pkg/mod'
2026-10-07T01:22:50.9620871Z GONOPROXY=''
2026-10-07T01:22:50.9621466Z GONOSUMDB=''
2026-10-07T01:22:50.9622478Z GOOS='linux'
2026-10-07T01:22:50.9623012Z GOPATH='/home/runner/go'
2026-10-07T01:22:50.9623555Z GOPRIVATE=''
2026-10-07T01:22:50.9624168Z GOPROXY='https://proxy.golang.org,direct'
2026-10-07T01:22:50.9624942Z GOROOT='/opt/hostedtoolcache/go/1.26.8/x64'
2026-10-07T01:22:50.9625634Z GOSUMDB='sum.golang.org'
2026-10-07T01:22:50.9626210Z GOTELEMETRY='local'
2026-10-07T01:22:50.9626811Z GOTELEMETRYDIR='/home/runner/.config/go/telemetry'
2026-10-07T01:22:50.9627496Z GOTMPDIR=''
2026-10-07T01:22:50.9628381Z GOTOOLCHAIN='local'
2026-10-07T01:22:50.9629211Z GOTOOLDIR='/opt/hostedtoolcache/go/1.26.8/x64/pkg/tool/linux_amd64'
2026-10-07T01:22:50.9630002Z GOVCS=''
2026-10-07T01:22:50.9630468Z GOVERSION='go1.26.8'
2026-10-07T01:22:50.9630959Z GOWORK=''
2026-10-07T01:22:50.9631474Z PKG_CONFIG='pkg-config'
2026-10-07T01:22:50.9631840Z 
2026-10-07T01:22:50.9632847Z ##[endgroup]
2026-10-07T01:22:50.9779571Z ##[group]Run go run ./scripts/check bootstrap-modules
2026-10-07T01:22:50.9780110Z [36;1mgo run ./scripts/check bootstrap-modules[0m
2026-10-07T01:22:51.0043726Z shell: /usr/bin/bash -e {0}
2026-10-07T01:22:51.0044204Z env:
2026-10-07T01:22:51.0044547Z   GOTOOLCHAIN: local
2026-10-07T01:22:51.0045081Z   HELOX_TOOL_CACHE: /home/runner/work/_temp/heliopause-platform-tools
2026-10-07T01:22:51.0045683Z ##[endgroup]
2026-10-07T01:22:51.2318205Z go: downloading go.yaml.in/yaml/v3 v3.0.4
2026-10-07T01:23:10.1273741Z [check] prepare module cache
2026-10-07T01:23:10.1274274Z [check] download product modules
2026-10-07T01:23:11.3946712Z ##[group]Run go run ./scripts/check platform
2026-10-07T01:23:11.3947087Z [36;1mgo run ./scripts/check platform[0m
2026-10-07T01:23:11.3950914Z shell: /bin/bash --noprofile --norc -e -u -o pipefail {0}
2026-10-07T01:23:11.3951256Z env:
2026-10-07T01:23:11.3951451Z   GOTOOLCHAIN: local
2026-10-07T01:23:11.3951784Z   HELOX_TOOL_CACHE: /home/runner/work/_temp/heliopause-platform-tools
2026-10-07T01:23:11.3952166Z ##[endgroup]
2026-10-07T01:23:11.4792727Z [check] production build
2026-10-07T01:23:34.8601880Z [check] default test
2026-10-07T01:24:33.7875219Z Post job cleanup.
2026-10-07T01:24:33.9286394Z Post job cleanup.
2026-10-07T01:24:34.0219602Z [command]/usr/bin/git version
2026-10-07T01:24:34.0269539Z git version 2.55.0
2026-10-07T01:24:34.0309801Z Temporarily overriding HOME='/home/runner/work/_temp/e60f67e5-3c4f-4b6d-8230-3714f09e04c7' before making global git config changes
2026-10-07T01:24:34.0311416Z Adding repository directory to the temporary git global config as a safe directory
2026-10-07T01:24:34.0316589Z [command]/usr/bin/git config --global --add safe.directory /home/runner/work/heliopause/heliopause
2026-10-07T01:24:34.0355943Z Removing SSH command configuration
2026-10-07T01:24:34.0364104Z [command]/usr/bin/git config --local --name-only --get-regexp core\.sshCommand
2026-10-07T01:24:34.0416689Z [command]/usr/bin/git submodule foreach --recursive sh -c "git config --local --name-only --get-regexp 'core\.sshCommand' && git config --local --unset-all 'core.sshCommand' || :"
2026-10-07T01:24:34.0677807Z Removing HTTP extra header
2026-10-07T01:24:34.0684677Z [command]/usr/bin/git config --local --name-only --get-regexp http\.https\:\/\/github\.com\/\.extraheader
2026-10-07T01:24:34.0741540Z [command]/usr/bin/git submodule foreach --recursive sh -c "git config --local --name-only --get-regexp 'http\.https\:\/\/github\.com\/\.extraheader' && git config --local --unset-all 'http.https://github.com/.extraheader' || :"
2026-10-07T01:24:34.1022392Z Removing includeIf entries pointing to credentials config files
2026-10-07T01:24:34.1031054Z [command]/usr/bin/git config --local --name-only --get-regexp ^includeIf\.gitdir:
2026-10-07T01:24:34.1076564Z [command]/usr/bin/git submodule foreach --recursive git config --local --show-origin --name-only --get-regexp remote.origin.url
2026-10-07T01:24:34.1482213Z Cleaning up orphan processes
