2026-10-07T02:18:30.4268514Z Current runner version: '2.337.0'
2026-10-07T02:18:30.4289714Z ##[group]Runner Image Provisioner
2026-10-07T02:18:30.4290410Z Hosted Compute Agent
2026-10-07T02:18:30.4290997Z Version: 20261002.596
2026-10-07T02:18:30.4291510Z Commit: c3d12f3313a95f25162a1503be624f3b0617f8c0
2026-10-07T02:18:30.4292174Z Build Date: 2026-10-02T22:28:27Z
2026-10-07T02:18:30.4292789Z Worker ID: {a39de7ba-2ecf-463a-8dcf-3e33f2219b3e}
2026-10-07T02:18:30.4293362Z Region: westus3
2026-10-07T02:18:30.4293837Z Cloud: Azure
2026-10-07T02:18:30.4294302Z ##[endgroup]
2026-10-07T02:18:30.4295498Z ##[group]Operating System
2026-10-07T02:18:30.4296061Z Ubuntu
2026-10-07T02:18:30.4296500Z 24.04.5
2026-10-07T02:18:30.4296980Z LTS
2026-10-07T02:18:30.4297418Z ##[endgroup]
2026-10-07T02:18:30.4298128Z ##[group]Runner Image
2026-10-07T02:18:30.4298686Z Image: ubuntu-24.04
2026-10-07T02:18:30.4299157Z Version: 20261004.327.1
2026-10-07T02:18:30.4300243Z Included Software: https://github.com/actions/runner-images/blob/ubuntu24/20261004.327/images/ubuntu/Ubuntu2404-Readme.md
2026-10-07T02:18:30.4301538Z Image Release: https://github.com/actions/runner-images/releases/tag/ubuntu24%2F20261004.327
2026-10-07T02:18:30.4302352Z ##[endgroup]
2026-10-07T02:18:30.4303232Z ##[group]GITHUB_TOKEN Permissions
2026-10-07T02:18:30.4305151Z Contents: read
2026-10-07T02:18:30.4305797Z Metadata: read
2026-10-07T02:18:30.4306568Z ##[endgroup]
2026-10-07T02:18:30.4308483Z Secret source: Actions
2026-10-07T02:18:30.4309338Z Cache mode: write
2026-10-07T02:18:30.4310085Z Prepare workflow directory
2026-10-07T02:18:30.4634070Z Prepare all required actions
2026-10-07T02:18:30.4675780Z Getting action download info
2026-10-07T02:18:30.7715726Z Download action repository 'actions/checkout@3d3c42e5aac5ba805825da76410c181273ba90b1' (SHA:3d3c42e5aac5ba805825da76410c181273ba90b1)
2026-10-07T02:18:30.8763686Z Download action repository 'actions/setup-go@b7ad1dad31e06c5925ef5d2fc7ad053ef454303e' (SHA:b7ad1dad31e06c5925ef5d2fc7ad053ef454303e)
2026-10-07T02:18:31.7084839Z Complete job name: Representative Wheel Corpus
2026-10-07T02:18:31.7707287Z ##[group]Run actions/checkout@3d3c42e5aac5ba805825da76410c181273ba90b1
2026-10-07T02:18:31.7708486Z with:
2026-10-07T02:18:31.7708927Z   persist-credentials: false
2026-10-07T02:18:31.7709437Z   repository: rahoney/heliopause
2026-10-07T02:18:31.7712685Z   token: ***
2026-10-07T02:18:31.7713117Z   ssh-strict: true
2026-10-07T02:18:31.7713556Z   ssh-user: git
2026-10-07T02:18:31.7713963Z   clean: true
2026-10-07T02:18:31.7714401Z   sparse-checkout-cone-mode: true
2026-10-07T02:18:31.7714912Z   fetch-depth: 1
2026-10-07T02:18:31.7715337Z   fetch-tags: false
2026-10-07T02:18:31.7715769Z   show-progress: true
2026-10-07T02:18:31.7716203Z   lfs: false
2026-10-07T02:18:31.7716626Z   submodules: false
2026-10-07T02:18:31.7717067Z   set-safe-directory: true
2026-10-07T02:18:31.7717567Z   allow-unsafe-pr-checkout: false
2026-10-07T02:18:31.7718355Z env:
2026-10-07T02:18:31.7718776Z   GOTOOLCHAIN: local
2026-10-07T02:18:31.7719223Z ##[endgroup]
2026-10-07T02:18:31.8526728Z Syncing repository: rahoney/heliopause
2026-10-07T02:18:31.8528806Z ##[group]Getting Git version info
2026-10-07T02:18:31.8529840Z Working directory is '/home/runner/work/heliopause/heliopause'
2026-10-07T02:18:31.8531050Z [command]/usr/bin/git version
2026-10-07T02:18:31.8568974Z git version 2.55.0
2026-10-07T02:18:31.8607123Z ##[endgroup]
2026-10-07T02:18:31.8618305Z Temporarily overriding HOME='/home/runner/work/_temp/f438b861-5dd8-4c63-9a1d-4efbbc29c80d' before making global git config changes
2026-10-07T02:18:31.8620264Z Adding repository directory to the temporary git global config as a safe directory
2026-10-07T02:18:31.8621985Z [command]/usr/bin/git config --global --add safe.directory /home/runner/work/heliopause/heliopause
2026-10-07T02:18:31.8645346Z Deleting the contents of '/home/runner/work/heliopause/heliopause'
2026-10-07T02:18:31.8652516Z ##[group]Determining repository object format
2026-10-07T02:18:31.8654268Z ##[endgroup]
2026-10-07T02:18:31.8655597Z ##[group]Initializing the repository
2026-10-07T02:18:31.8657446Z [command]/usr/bin/git init /home/runner/work/heliopause/heliopause
2026-10-07T02:18:31.8742829Z hint: Using 'master' as the name for the initial branch. This default branch name
2026-10-07T02:18:31.8744949Z hint: will change to "main" in Git 3.0. To configure the initial branch name
2026-10-07T02:18:31.8747104Z hint: to use in all of your new repositories, which will suppress this warning,
2026-10-07T02:18:31.8749478Z hint: call:
2026-10-07T02:18:31.8750392Z hint:
2026-10-07T02:18:31.8751587Z hint: 	git config --global init.defaultBranch <name>
2026-10-07T02:18:31.8752495Z hint:
2026-10-07T02:18:31.8753301Z hint: Names commonly chosen instead of 'master' are 'main', 'trunk' and
2026-10-07T02:18:31.8754632Z hint: 'development'. The just-created branch can be renamed via this command:
2026-10-07T02:18:31.8755734Z hint:
2026-10-07T02:18:31.8756300Z hint: 	git branch -m <name>
2026-10-07T02:18:31.8756951Z hint:
2026-10-07T02:18:31.8758289Z hint: Disable this message with "git config set advice.defaultBranchName false"
2026-10-07T02:18:31.8759789Z Initialized empty Git repository in /home/runner/work/heliopause/heliopause/.git/
2026-10-07T02:18:31.8763906Z [command]/usr/bin/git remote add origin https://github.com/rahoney/heliopause
2026-10-07T02:18:31.8809932Z ##[endgroup]
2026-10-07T02:18:31.8810961Z ##[group]Disabling automatic garbage collection
2026-10-07T02:18:31.8813333Z [command]/usr/bin/git config --local gc.auto 0
2026-10-07T02:18:31.8843246Z ##[endgroup]
2026-10-07T02:18:31.8844229Z ##[group]Setting up auth
2026-10-07T02:18:31.8845032Z Removing SSH command configuration
2026-10-07T02:18:31.8849933Z [command]/usr/bin/git config --local --name-only --get-regexp core\.sshCommand
2026-10-07T02:18:31.8879517Z [command]/usr/bin/git submodule foreach --recursive sh -c "git config --local --name-only --get-regexp 'core\.sshCommand' && git config --local --unset-all 'core.sshCommand' || :"
2026-10-07T02:18:31.9168052Z Removing HTTP extra header
2026-10-07T02:18:31.9180931Z [command]/usr/bin/git config --local --name-only --get-regexp http\.https\:\/\/github\.com\/\.extraheader
2026-10-07T02:18:31.9213181Z [command]/usr/bin/git submodule foreach --recursive sh -c "git config --local --name-only --get-regexp 'http\.https\:\/\/github\.com\/\.extraheader' && git config --local --unset-all 'http.https://github.com/.extraheader' || :"
2026-10-07T02:18:31.9401190Z Removing includeIf entries pointing to credentials config files
2026-10-07T02:18:31.9405302Z [command]/usr/bin/git config --local --name-only --get-regexp ^includeIf\.gitdir:
2026-10-07T02:18:31.9441799Z [command]/usr/bin/git submodule foreach --recursive git config --local --show-origin --name-only --get-regexp remote.origin.url
2026-10-07T02:18:31.9635834Z [command]/usr/bin/git config --file /home/runner/work/_temp/git-credentials-b5f66e26-5028-4f93-88b2-d5b1ffb3b358.config http.https://github.com/.extraheader AUTHORIZATION: basic ***
2026-10-07T02:18:31.9670547Z [command]/usr/bin/git config --local includeIf.gitdir:/home/runner/work/heliopause/heliopause/.git.path /home/runner/work/_temp/git-credentials-b5f66e26-5028-4f93-88b2-d5b1ffb3b358.config
2026-10-07T02:18:31.9700372Z [command]/usr/bin/git config --local includeIf.gitdir:/home/runner/work/heliopause/heliopause/.git/worktrees/*.path /home/runner/work/_temp/git-credentials-b5f66e26-5028-4f93-88b2-d5b1ffb3b358.config
2026-10-07T02:18:31.9733714Z [command]/usr/bin/git config --local includeIf.gitdir:/github/workspace/.git.path /github/runner_temp/git-credentials-b5f66e26-5028-4f93-88b2-d5b1ffb3b358.config
2026-10-07T02:18:31.9765770Z [command]/usr/bin/git config --local includeIf.gitdir:/github/workspace/.git/worktrees/*.path /github/runner_temp/git-credentials-b5f66e26-5028-4f93-88b2-d5b1ffb3b358.config
2026-10-07T02:18:31.9794143Z ##[endgroup]
2026-10-07T02:18:31.9795241Z ##[group]Fetching the repository
2026-10-07T02:18:31.9800982Z [command]/usr/bin/git -c protocol.version=2 fetch --no-tags --prune --no-recurse-submodules --depth=1 origin +d328756f0087624093808215d1fbedd47767ef58:refs/remotes/origin/milestone/m12-go-cargo-terraform
2026-10-07T02:18:33.2490236Z From https://github.com/rahoney/heliopause
2026-10-07T02:18:33.2492336Z  * [new ref]         d328756f0087624093808215d1fbedd47767ef58 -> origin/milestone/m12-go-cargo-terraform
2026-10-07T02:18:33.2499396Z [command]/usr/bin/git branch --list --remote origin/milestone/m12-go-cargo-terraform
2026-10-07T02:18:33.2527293Z   origin/milestone/m12-go-cargo-terraform
2026-10-07T02:18:33.2534667Z [command]/usr/bin/git rev-parse refs/remotes/origin/milestone/m12-go-cargo-terraform
2026-10-07T02:18:33.2558040Z d328756f0087624093808215d1fbedd47767ef58
2026-10-07T02:18:33.2562171Z ##[endgroup]
2026-10-07T02:18:33.2563347Z ##[group]Determining the checkout info
2026-10-07T02:18:33.2564582Z ##[endgroup]
2026-10-07T02:18:33.2565493Z [command]/usr/bin/git sparse-checkout disable
2026-10-07T02:18:33.2610561Z [command]/usr/bin/git config --local --unset-all extensions.worktreeConfig
2026-10-07T02:18:33.2641166Z ##[group]Checking out the ref
2026-10-07T02:18:33.2644587Z [command]/usr/bin/git checkout --progress --force -B milestone/m12-go-cargo-terraform refs/remotes/origin/milestone/m12-go-cargo-terraform
2026-10-07T02:18:33.3586634Z Switched to a new branch 'milestone/m12-go-cargo-terraform'
2026-10-07T02:18:33.3589679Z branch 'milestone/m12-go-cargo-terraform' set up to track 'origin/milestone/m12-go-cargo-terraform'.
2026-10-07T02:18:33.3601084Z ##[endgroup]
2026-10-07T02:18:33.3643230Z [command]/usr/bin/git log -1 --format=%H
2026-10-07T02:18:33.3669694Z d328756f0087624093808215d1fbedd47767ef58
2026-10-07T02:18:33.3676817Z ##[group]Removing auth
2026-10-07T02:18:33.3678085Z Removing SSH command configuration
2026-10-07T02:18:33.3679909Z [command]/usr/bin/git config --local --name-only --get-regexp core\.sshCommand
2026-10-07T02:18:33.3714714Z [command]/usr/bin/git submodule foreach --recursive sh -c "git config --local --name-only --get-regexp 'core\.sshCommand' && git config --local --unset-all 'core.sshCommand' || :"
2026-10-07T02:18:33.3907403Z Removing HTTP extra header
2026-10-07T02:18:33.3910228Z [command]/usr/bin/git config --local --name-only --get-regexp http\.https\:\/\/github\.com\/\.extraheader
2026-10-07T02:18:33.3941728Z [command]/usr/bin/git submodule foreach --recursive sh -c "git config --local --name-only --get-regexp 'http\.https\:\/\/github\.com\/\.extraheader' && git config --local --unset-all 'http.https://github.com/.extraheader' || :"
2026-10-07T02:18:33.4131798Z Removing includeIf entries pointing to credentials config files
2026-10-07T02:18:33.4133573Z [command]/usr/bin/git config --local --name-only --get-regexp ^includeIf\.gitdir:
2026-10-07T02:18:33.4158115Z includeif.gitdir:/home/runner/work/heliopause/heliopause/.git.path
2026-10-07T02:18:33.4160292Z includeif.gitdir:/home/runner/work/heliopause/heliopause/.git/worktrees/*.path
2026-10-07T02:18:33.4162013Z includeif.gitdir:/github/workspace/.git.path
2026-10-07T02:18:33.4163475Z includeif.gitdir:/github/workspace/.git/worktrees/*.path
2026-10-07T02:18:33.4166836Z [command]/usr/bin/git config --local --get-all includeif.gitdir:/home/runner/work/heliopause/heliopause/.git.path
2026-10-07T02:18:33.4188132Z /home/runner/work/_temp/git-credentials-b5f66e26-5028-4f93-88b2-d5b1ffb3b358.config
2026-10-07T02:18:33.4196215Z [command]/usr/bin/git config --local --unset includeif.gitdir:/home/runner/work/heliopause/heliopause/.git.path \/home\/runner\/work\/_temp\/git\-credentials\-b5f66e26\-5028\-4f93\-88b2\-d5b1ffb3b358\.config
2026-10-07T02:18:33.4262466Z [command]/usr/bin/git config --local --get-all includeif.gitdir:/home/runner/work/heliopause/heliopause/.git/worktrees/*.path
2026-10-07T02:18:33.4286765Z /home/runner/work/_temp/git-credentials-b5f66e26-5028-4f93-88b2-d5b1ffb3b358.config
2026-10-07T02:18:33.4294214Z [command]/usr/bin/git config --local --unset includeif.gitdir:/home/runner/work/heliopause/heliopause/.git/worktrees/*.path \/home\/runner\/work\/_temp\/git\-credentials\-b5f66e26\-5028\-4f93\-88b2\-d5b1ffb3b358\.config
2026-10-07T02:18:33.4331118Z [command]/usr/bin/git config --local --get-all includeif.gitdir:/github/workspace/.git.path
2026-10-07T02:18:33.4383659Z /github/runner_temp/git-credentials-b5f66e26-5028-4f93-88b2-d5b1ffb3b358.config
2026-10-07T02:18:33.4389314Z [command]/usr/bin/git config --local --unset includeif.gitdir:/github/workspace/.git.path \/github\/runner_temp\/git\-credentials\-b5f66e26\-5028\-4f93\-88b2\-d5b1ffb3b358\.config
2026-10-07T02:18:33.4425034Z [command]/usr/bin/git config --local --get-all includeif.gitdir:/github/workspace/.git/worktrees/*.path
2026-10-07T02:18:33.4447490Z /github/runner_temp/git-credentials-b5f66e26-5028-4f93-88b2-d5b1ffb3b358.config
2026-10-07T02:18:33.4453972Z [command]/usr/bin/git config --local --unset includeif.gitdir:/github/workspace/.git/worktrees/*.path \/github\/runner_temp\/git\-credentials\-b5f66e26\-5028\-4f93\-88b2\-d5b1ffb3b358\.config
2026-10-07T02:18:33.4485195Z [command]/usr/bin/git submodule foreach --recursive git config --local --show-origin --name-only --get-regexp remote.origin.url
2026-10-07T02:18:33.4673990Z Removing credentials config '/home/runner/work/_temp/git-credentials-b5f66e26-5028-4f93-88b2-d5b1ffb3b358.config'
2026-10-07T02:18:33.4682025Z ##[endgroup]
2026-10-07T02:18:33.4951461Z ##[group]Run actions/setup-go@b7ad1dad31e06c5925ef5d2fc7ad053ef454303e
2026-10-07T02:18:33.4952691Z with:
2026-10-07T02:18:33.4953349Z   go-version: 1.26.8
2026-10-07T02:18:33.4954130Z   check-latest: false
2026-10-07T02:18:33.4954864Z   cache: false
2026-10-07T02:18:33.4961592Z   token: ***
2026-10-07T02:18:33.4962265Z env:
2026-10-07T02:18:33.4962919Z   GOTOOLCHAIN: local
2026-10-07T02:18:33.4963637Z ##[endgroup]
2026-10-07T02:18:33.5875815Z Setup go version spec 1.26.8
2026-10-07T02:18:33.5887305Z Found in cache @ /opt/hostedtoolcache/go/1.26.8/x64
2026-10-07T02:18:33.5888687Z Added go to the path
2026-10-07T02:18:33.5890282Z Successfully set up Go version 1.26.8
2026-10-07T02:18:33.6305493Z go version go1.26.8 linux/amd64
2026-10-07T02:18:33.6306167Z 
2026-10-07T02:18:33.6307014Z ##[group]go env
2026-10-07T02:18:33.7387920Z AR='ar'
2026-10-07T02:18:33.7388801Z CC='gcc'
2026-10-07T02:18:33.7389514Z CGO_CFLAGS='-O2 -g'
2026-10-07T02:18:33.7390307Z CGO_CPPFLAGS=''
2026-10-07T02:18:33.7391188Z CGO_CXXFLAGS='-O2 -g'
2026-10-07T02:18:33.7392000Z CGO_ENABLED='1'
2026-10-07T02:18:33.7392765Z CGO_FFLAGS='-O2 -g'
2026-10-07T02:18:33.7458497Z CGO_LDFLAGS='-O2 -g'
2026-10-07T02:18:33.7460037Z CXX='g++'
2026-10-07T02:18:33.7461038Z GCCGO='gccgo'
2026-10-07T02:18:33.7462043Z GO111MODULE=''
2026-10-07T02:18:33.7463060Z GOAMD64='v1'
2026-10-07T02:18:33.7464051Z GOARCH='amd64'
2026-10-07T02:18:33.7465020Z GOAUTH='netrc'
2026-10-07T02:18:33.7465921Z GOBIN=''
2026-10-07T02:18:33.7467585Z GOCACHE='/home/runner/.cache/go-build'
2026-10-07T02:18:33.7469086Z GOCACHEPROG=''
2026-10-07T02:18:33.7469858Z GODEBUG=''
2026-10-07T02:18:33.7470597Z GOENV='/home/runner/.config/go/env'
2026-10-07T02:18:33.7471554Z GOEXE=''
2026-10-07T02:18:33.7472235Z GOEXPERIMENT=''
2026-10-07T02:18:33.7472975Z GOFIPS140='off'
2026-10-07T02:18:33.7473706Z GOFLAGS=''
2026-10-07T02:18:33.7475705Z GOGCCFLAGS='-fPIC -m64 -pthread -Wl,--no-gc-sections -fmessage-length=0 -ffile-prefix-map=/tmp/go-build4231799226=/tmp/go-build -gno-record-gcc-switches'
2026-10-07T02:18:33.7478615Z GOHOSTARCH='amd64'
2026-10-07T02:18:33.7479386Z GOHOSTOS='linux'
2026-10-07T02:18:33.7480123Z GOINSECURE=''
2026-10-07T02:18:33.7481022Z GOMOD='/home/runner/work/heliopause/heliopause/go.mod'
2026-10-07T02:18:33.7482227Z GOMODCACHE='/home/runner/go/pkg/mod'
2026-10-07T02:18:33.7483155Z GONOPROXY=''
2026-10-07T02:18:33.7483855Z GONOSUMDB=''
2026-10-07T02:18:33.7484557Z GOOS='linux'
2026-10-07T02:18:33.7485383Z GOPATH='/home/runner/go'
2026-10-07T02:18:33.7486181Z GOPRIVATE=''
2026-10-07T02:18:33.7487005Z GOPROXY='https://proxy.golang.org,direct'
2026-10-07T02:18:33.7488351Z GOROOT='/opt/hostedtoolcache/go/1.26.8/x64'
2026-10-07T02:18:33.7489386Z GOSUMDB='sum.golang.org'
2026-10-07T02:18:33.7490210Z GOTELEMETRY='local'
2026-10-07T02:18:33.7491099Z GOTELEMETRYDIR='/home/runner/.config/go/telemetry'
2026-10-07T02:18:33.7492394Z GOTMPDIR=''
2026-10-07T02:18:33.7493098Z GOTOOLCHAIN='local'
2026-10-07T02:18:33.7494267Z GOTOOLDIR='/opt/hostedtoolcache/go/1.26.8/x64/pkg/tool/linux_amd64'
2026-10-07T02:18:33.7495513Z GOVCS=''
2026-10-07T02:18:33.7496192Z GOVERSION='go1.26.8'
2026-10-07T02:18:33.7497024Z GOWORK=''
2026-10-07T02:18:33.7498094Z PKG_CONFIG='pkg-config'
2026-10-07T02:18:33.7498697Z 
2026-10-07T02:18:33.7499694Z ##[endgroup]
2026-10-07T02:18:33.7574055Z ##[group]Run go run ./scripts/check bootstrap-modules
2026-10-07T02:18:33.7575255Z [36;1mgo run ./scripts/check bootstrap-modules[0m
2026-10-07T02:18:33.7779469Z shell: /usr/bin/bash -e {0}
2026-10-07T02:18:33.7780334Z env:
2026-10-07T02:18:33.7780990Z   GOTOOLCHAIN: local
2026-10-07T02:18:33.7781718Z ##[endgroup]
2026-10-07T02:18:34.0672226Z go: downloading go.yaml.in/yaml/v3 v3.0.4
2026-10-07T02:18:48.3800134Z [check] prepare module cache
2026-10-07T02:18:48.3800783Z [check] download product modules
2026-10-07T02:18:49.7200396Z ##[group]Run python3 scripts/prepare-wheel-corpus.py --root "$HELOX_CORPUS_ROOT"
2026-10-07T02:18:49.7200936Z [36;1mpython3 scripts/prepare-wheel-corpus.py --root "$HELOX_CORPUS_ROOT"[0m
2026-10-07T02:18:49.7257897Z shell: /usr/bin/bash -e {0}
2026-10-07T02:18:49.7258190Z env:
2026-10-07T02:18:49.7258371Z   GOTOOLCHAIN: local
2026-10-07T02:18:49.7258614Z   HELOX_CORPUS_ROOT: /home/runner/work/_temp/wheel-corpus
2026-10-07T02:18:49.7258886Z ##[endgroup]
2026-10-07T02:18:49.8844483Z setuptools-84.0.0-py3-none-any.whl 51a52592b3b99e102b609654876bd65f19f999935166d1352678931132b0c670 https://files.pythonhosted.org/packages/95/9c/c510029fc6ef33a6275cd2c5d3cecd6613dfd6aa401d57c54f1c18852ccf/setuptools-84.0.0-py3-none-any.whl
2026-10-07T02:18:49.9396442Z filelock-4.0.3-py3-none-any.whl 30cd166e2aee2c7534ce2c33c6367c4cd051b8368e20e2c4eb0c34f699bacfab https://files.pythonhosted.org/packages/7a/6d/db8b86e168fef0cf904737e275bccb683558088ef971e92d3b41ce980699/filelock-4.0.3-py3-none-any.whl
2026-10-07T02:18:50.0530206Z filelock-4.0.4-py3-none-any.whl 0df72be195ca7892216d16f2edce8d9b93a571f02402972020a8cff84c594c7b https://files.pythonhosted.org/packages/bc/ac/8b9c6dc2aa7e9cf5582e20a337006c3428c3d752c2255dbaca2c78a8be45/filelock-4.0.4-py3-none-any.whl
2026-10-07T02:18:50.1086637Z sympy-1.14.0-py3-none-any.whl e091cc3e99d2141a0ba2847328f5479b05d94a6635cb96148ccb3f34671bd8f5 https://files.pythonhosted.org/packages/a2/09/77d55d46fd61b4a135c444fc97158ef34a095e5681d0a6c10b75bf356191/sympy-1.14.0-py3-none-any.whl
2026-10-07T02:18:50.1677992Z markupsafe-3.0.3-cp314-cp314-manylinux2014_x86_64.manylinux_2_17_x86_64.manylinux_2_28_x86_64.whl 457a69a9577064c05a97c41f4e65148652db078a3a509039e64d3467b9e7ef97 https://files.pythonhosted.org/packages/41/3c/a36c2450754618e62008bf7435ccb0f88053e07592e6028a34776213d877/markupsafe-3.0.3-cp314-cp314-manylinux2014_x86_64.manylinux_2_17_x86_64.manylinux_2_28_x86_64.whl
2026-10-07T02:18:50.2138693Z haa-cu126-toolkit-audit.whl 79d8605baeb6c2f695761e0efb54bc62dbc3c9e32eb0742df7669c07befaa8f7 https://files.pythonhosted.org/packages/ad/88/2dbc37975fffb874418b14380418a1b99cb36f2101fd1d08c54e06ee8c95/cuda_toolkit-12.6.3-py2.py3-none-any.whl
2026-10-07T02:18:50.9922005Z haa-cu126-first-nccl.whl 35ad42e7d5d722a83c36a3a478e281c20a5646383deaf1b9ed1a9ab7d61bed53 https://files.pythonhosted.org/packages/31/5a/cac7d231f322b66caa16fd4b136ebc8e4b18b2805811c2d58dc47210cdea/nvidia_nccl_cu12-2.29.3-py3-none-manylinux_2_18_x86_64.whl
2026-10-07T02:18:52.2933150Z haa-cu126-first-cufft.whl ccba62eb9cef5559abd5e0d54ceed2d9934030f51163df018532142a8ec533e5 https://files.pythonhosted.org/packages/8f/16/73727675941ab8e6ffd86ca3a4b7b47065edcca7a997920b831f8147c99d/nvidia_cufft_cu12-11.3.0.4-py3-none-manylinux2014_x86_64.manylinux_2_17_x86_64.whl
2026-10-07T02:18:52.3643877Z cuda_pathfinder-1.8.2-py3-none-any.whl 4e65059febdb4d19d5cbc4798677e19db2b582f2f702f457b609e571690d357e https://files.pythonhosted.org/packages/98/59/239c7259e669c46ddbcac0aa60e3a0ef00bfeaaa687f905b24dd6a7a10fe/cuda_pathfinder-1.8.2-py3-none-any.whl
2026-10-07T02:18:52.5024159Z cuda_bindings-12.9.9-cp314-cp314-manylinux_2_24_x86_64.manylinux_2_28_x86_64.whl 94e4f9bd6b9b21aad545e0d441707094e4ff88ab420d62b85fcdc8b6da1e039f https://files.pythonhosted.org/packages/e3/95/182a020efbe1bade0de1f5ec0d3e4101cb6deba7216b219f07ce08fa6146/cuda_bindings-12.9.9-cp314-cp314-manylinux_2_24_x86_64.manylinux_2_28_x86_64.whl
2026-10-07T02:18:52.5461997Z haa-cu130-toolkit-audit.whl d693caaa261214ddd7dbb60d68e71cbed884e68c2be7509778f3051da0b91c3f https://files.pythonhosted.org/packages/d1/c7/a79086a62c98befcdb8349656c6f114e2db3b8b2422f6e25c97a7f2a9a3c/cuda_toolkit-13.0.3.0-py2.py3-none-any.whl
2026-10-07T02:18:52.7023240Z haa-cu130-cupti-audit.whl 4eb01c08e859bf924d222250d2e8f8b8ff6d3db4721288cf35d14252a4d933c8 https://files.pythonhosted.org/packages/33/6d/737d164b4837a9bbd202f5ae3078975f0525a55730fe871d8ed4e3b952b0/nvidia_cuda_cupti-13.0.85-py3-none-manylinux_2_25_x86_64.whl
2026-10-07T02:18:52.9028399Z cuda_bindings-13.4.3-cp314-cp314-manylinux_2_24_x86_64.manylinux_2_28_x86_64.whl bbacde6f75665b197016b986164cfdaa33b17515e5e635a63ddb75926aaa71c3 https://files.pythonhosted.org/packages/a3/49/7a3769c43e432b0434dd46424058b47af4347167f0dfca1ecb27e2de92a1/cuda_bindings-13.4.3-cp314-cp314-manylinux_2_24_x86_64.manylinux_2_28_x86_64.whl
2026-10-07T02:18:52.9683172Z haa-cu132-toolkit-audit.whl 646d0e3668ce6f78f2312bb9cc0f668b9cbfcbef187eaa6a39eb2ea6dbec2a31 https://files.pythonhosted.org/packages/bd/6a/f79c134fa8e6d5fe028584933be063ce7961b1a85ce217f261cdda176e48/cuda_toolkit-13.2.1-py2.py3-none-any.whl
2026-10-07T02:18:53.5975542Z haa-cu132-cupti-audit.whl f75aca6bef89c625a4076a820302bb06764daa1d21595286f6bee5e237d3a187 https://files.pythonhosted.org/packages/b7/2d/cbf8f6288259c502165282fdaa2b733daae98434e3f2aee2b7952ba87c6f/nvidia_cuda_cupti-13.2.75-py3-none-manylinux_2_25_x86_64.whl
2026-10-07T02:18:53.6338427Z networkx-3.6.1-py3-none-any.whl d47fbf302e7d9cbbb9e2555a0d267983d2aa476bac30e90dfbe5669bd57f3762 https://files.pythonhosted.org/packages/9e/c9/b2622292ea83fbb4ec318f5b9ab867d0a28ab43c5717bb85b0a5f6b3b0a4/networkx-3.6.1-py3-none-any.whl
2026-10-07T02:18:53.6381369Z cuda_bindings-13.4.3-cp314-cp314-manylinux_2_24_x86_64.manylinux_2_28_x86_64.whl bbacde6f75665b197016b986164cfdaa33b17515e5e635a63ddb75926aaa71c3 verified existing
2026-10-07T02:18:53.7700251Z networkx-3.7-py3-none-any.whl e3fd2c13a7814cee3746340d8d7f8598a67f16a58bf47fb7f8793fab6efca1b0 https://files.pythonhosted.org/packages/7e/cd/fe58041e9011f307c490e3e17dd48cc516448f7c698a3f2d9d9d65d7e6a8/networkx-3.7-py3-none-any.whl
2026-10-07T02:18:53.8321015Z jinja2-3.1.6-py3-none-any.whl 85ece4451f492d0c13c5dd7c13a64681a86afae63a5f347908daf103ce6d2f67 https://files.pythonhosted.org/packages/62/a1/3d680cbfd5f4b8f15abc1d571870c5fc3e594bb582bc3b64ea099db13e56/jinja2-3.1.6-py3-none-any.whl
2026-10-07T02:18:53.8619991Z ##[group]Run go run ./scripts/check corpus
2026-10-07T02:18:53.8620337Z [36;1mgo run ./scripts/check corpus[0m
2026-10-07T02:18:53.8681449Z shell: /usr/bin/bash -e {0}
2026-10-07T02:18:53.8681674Z env:
2026-10-07T02:18:53.8681840Z   GOTOOLCHAIN: local
2026-10-07T02:18:53.8682094Z   HELOX_CORPUS_ROOT: /home/runner/work/_temp/wheel-corpus
2026-10-07T02:18:53.8682353Z ##[endgroup]
2026-10-07T02:19:13.6836525Z === RUN   TestModelC_MissingCorpusDirectoryFails
2026-10-07T02:19:13.6839093Z --- PASS: TestModelC_MissingCorpusDirectoryFails (0.00s)
2026-10-07T02:19:13.6839492Z === RUN   TestModelC_CorpusHashMismatchFails
2026-10-07T02:19:13.6839782Z --- PASS: TestModelC_CorpusHashMismatchFails (0.00s)
2026-10-07T02:19:13.6840116Z === RUN   TestModelC_RealCorpusQualification
2026-10-07T02:19:13.6840839Z === RUN   TestModelC_RealCorpusQualification/setuptools-84.0.0-py3-none-any.whl
2026-10-07T02:19:13.6842132Z     real_corpus_integration_test.go:77: setuptools-84.0.0-py3-none-any.whl profile=pytorch:cpu direct=24 units=26
2026-10-07T02:19:13.6842910Z === RUN   TestModelC_RealCorpusQualification/filelock-4.0.3-py3-none-any.whl
2026-10-07T02:19:13.6843562Z     real_corpus_integration_test.go:77: filelock-4.0.3-py3-none-any.whl profile=pytorch:cpu direct=1 units=1
2026-10-07T02:19:13.6844318Z === RUN   TestModelC_RealCorpusQualification/filelock-4.0.4-py3-none-any.whl
2026-10-07T02:19:13.6844880Z     real_corpus_integration_test.go:77: filelock-4.0.4-py3-none-any.whl profile=pytorch:cpu direct=1 units=1
2026-10-07T02:19:13.6845357Z === RUN   TestModelC_RealCorpusQualification/sympy-1.14.0-py3-none-any.whl
2026-10-07T02:19:13.6845892Z     real_corpus_integration_test.go:77: sympy-1.14.0-py3-none-any.whl profile=pytorch:cpu direct=2 units=2
2026-10-07T02:19:13.6846557Z === RUN   TestModelC_RealCorpusQualification/markupsafe-3.0.3-cp314-cp314-manylinux2014_x86_64.manylinux_2_17_x86_64.manylinux_2_28_x86_64.whl
2026-10-07T02:19:13.6847495Z     real_corpus_integration_test.go:77: markupsafe-3.0.3-cp314-cp314-manylinux2014_x86_64.manylinux_2_17_x86_64.manylinux_2_28_x86_64.whl profile=pytorch:cpu direct=2 units=2
2026-10-07T02:19:13.6848475Z === RUN   TestModelC_RealCorpusQualification/haa-cu126-toolkit-audit.whl
2026-10-07T02:19:13.6849503Z     real_corpus_integration_test.go:77: cuda_toolkit-12.6.3-py2.py3-none-any.whl profile=pytorch:cu126 direct=0 units=0
2026-10-07T02:19:13.6850332Z === RUN   TestModelC_RealCorpusQualification/haa-cu126-first-nccl.whl
2026-10-07T02:19:13.6851419Z     real_corpus_integration_test.go:77: nvidia_nccl_cu12-2.29.3-py3-none-manylinux_2_18_x86_64.whl profile=pytorch:cu126 direct=0 units=0
2026-10-07T02:19:13.6852259Z === RUN   TestModelC_RealCorpusQualification/haa-cu126-first-cufft.whl
2026-10-07T02:19:13.6853355Z     real_corpus_integration_test.go:77: nvidia_cufft_cu12-11.3.0.4-py3-none-manylinux2014_x86_64.manylinux_2_17_x86_64.whl profile=pytorch:cu126 direct=1 units=1
2026-10-07T02:19:13.6854325Z === RUN   TestModelC_RealCorpusQualification/cuda_pathfinder-1.8.2-py3-none-any.whl
2026-10-07T02:19:13.6855278Z     real_corpus_integration_test.go:77: cuda_pathfinder-1.8.2-py3-none-any.whl profile=pytorch:cu126 direct=1 units=1
2026-10-07T02:19:13.6856421Z === RUN   TestModelC_RealCorpusQualification/cuda_bindings-12.9.9-cp314-cp314-manylinux_2_24_x86_64.manylinux_2_28_x86_64.whl
2026-10-07T02:19:13.6858027Z     real_corpus_integration_test.go:77: cuda_bindings-12.9.9-cp314-cp314-manylinux_2_24_x86_64.manylinux_2_28_x86_64.whl profile=pytorch:cu126 direct=34 units=36
2026-10-07T02:19:13.6859026Z === RUN   TestModelC_RealCorpusQualification/haa-cu130-toolkit-audit.whl
2026-10-07T02:19:13.6859945Z     real_corpus_integration_test.go:77: cuda_toolkit-13.0.3.0-py2.py3-none-any.whl profile=pytorch:cu130 direct=0 units=0
2026-10-07T02:19:13.6860658Z === RUN   TestModelC_RealCorpusQualification/haa-cu130-cupti-audit.whl
2026-10-07T02:19:13.6861841Z     real_corpus_integration_test.go:77: nvidia_cuda_cupti-13.0.85-py3-none-manylinux_2_25_x86_64.whl profile=pytorch:cu130 direct=0 units=0
2026-10-07T02:19:13.6862571Z === RUN   TestModelC_RealCorpusQualification/cuda_bindings-13.4.3-cp314-cp314-manylinux_2_24_x86_64.manylinux_2_28_x86_64.whl
2026-10-07T02:19:13.6863434Z     real_corpus_integration_test.go:77: cuda_bindings-13.4.3-cp314-cp314-manylinux_2_24_x86_64.manylinux_2_28_x86_64.whl profile=pytorch:cu130 direct=31 units=31
2026-10-07T02:19:13.6864141Z === RUN   TestModelC_RealCorpusQualification/haa-cu132-toolkit-audit.whl
2026-10-07T02:19:13.6865110Z     real_corpus_integration_test.go:77: cuda_toolkit-13.2.1-py2.py3-none-any.whl profile=pytorch:cu132 direct=0 units=0
2026-10-07T02:19:13.6865870Z === RUN   TestModelC_RealCorpusQualification/haa-cu132-cupti-audit.whl
2026-10-07T02:19:13.6866643Z     real_corpus_integration_test.go:77: nvidia_cuda_cupti-13.2.75-py3-none-manylinux_2_25_x86_64.whl profile=pytorch:cu132 direct=0 units=0
2026-10-07T02:19:13.6867201Z === RUN   TestModelC_RealCorpusQualification/networkx-3.6.1-py3-none-any.whl
2026-10-07T02:19:13.6868974Z     real_corpus_integration_test.go:77: networkx-3.6.1-py3-none-any.whl profile=pytorch:cpu direct=2 units=2
2026-10-07T02:19:13.6869635Z === RUN   TestModelC_RealCorpusQualification/cuda_bindings-13.4.3-cp314-cp314-manylinux_2_24_x86_64.manylinux_2_28_x86_64.whl#01
2026-10-07T02:19:13.6870624Z     real_corpus_integration_test.go:77: cuda_bindings-13.4.3-cp314-cp314-manylinux_2_24_x86_64.manylinux_2_28_x86_64.whl profile=pytorch:cu132 direct=31 units=31
2026-10-07T02:19:13.6871215Z === RUN   TestModelC_RealCorpusQualification/networkx-3.7-py3-none-any.whl
2026-10-07T02:19:13.6871768Z     real_corpus_integration_test.go:77: networkx-3.7-py3-none-any.whl profile=pytorch:cpu direct=2 units=2
2026-10-07T02:19:13.6872227Z === RUN   TestModelC_RealCorpusQualification/jinja2-3.1.6-py3-none-any.whl
2026-10-07T02:19:13.6872746Z     real_corpus_integration_test.go:77: jinja2-3.1.6-py3-none-any.whl profile=pytorch:cpu direct=2 units=2
2026-10-07T02:19:13.6873138Z === NAME  TestModelC_RealCorpusQualification
2026-10-07T02:19:13.6873725Z     real_corpus_integration_test.go:83: REAL_CORPUS_CLASSIFICATION: REPRESENTATIVE_REAL_CORPUS (19 authenticated packages verified)
2026-10-07T02:19:13.6874205Z --- PASS: TestModelC_RealCorpusQualification (7.31s)
2026-10-07T02:19:13.6874665Z     --- PASS: TestModelC_RealCorpusQualification/setuptools-84.0.0-py3-none-any.whl (0.02s)
2026-10-07T02:19:13.6875205Z     --- PASS: TestModelC_RealCorpusQualification/filelock-4.0.3-py3-none-any.whl (0.00s)
2026-10-07T02:19:13.6875718Z     --- PASS: TestModelC_RealCorpusQualification/filelock-4.0.4-py3-none-any.whl (0.00s)
2026-10-07T02:19:13.6876224Z     --- PASS: TestModelC_RealCorpusQualification/sympy-1.14.0-py3-none-any.whl (0.13s)
2026-10-07T02:19:13.6876978Z     --- PASS: TestModelC_RealCorpusQualification/markupsafe-3.0.3-cp314-cp314-manylinux2014_x86_64.manylinux_2_17_x86_64.manylinux_2_28_x86_64.whl (0.00s)
2026-10-07T02:19:13.6877646Z     --- PASS: TestModelC_RealCorpusQualification/haa-cu126-toolkit-audit.whl (0.00s)
2026-10-07T02:19:13.6878286Z     --- PASS: TestModelC_RealCorpusQualification/haa-cu126-first-nccl.whl (3.83s)
2026-10-07T02:19:13.6878789Z     --- PASS: TestModelC_RealCorpusQualification/haa-cu126-first-cufft.whl (2.21s)
2026-10-07T02:19:13.6879314Z     --- PASS: TestModelC_RealCorpusQualification/cuda_pathfinder-1.8.2-py3-none-any.whl (0.00s)
2026-10-07T02:19:13.6880023Z     --- PASS: TestModelC_RealCorpusQualification/cuda_bindings-12.9.9-cp314-cp314-manylinux_2_24_x86_64.manylinux_2_28_x86_64.whl (0.13s)
2026-10-07T02:19:13.6880640Z     --- PASS: TestModelC_RealCorpusQualification/haa-cu130-toolkit-audit.whl (0.00s)
2026-10-07T02:19:13.6881122Z     --- PASS: TestModelC_RealCorpusQualification/haa-cu130-cupti-audit.whl (0.31s)
2026-10-07T02:19:13.6881765Z     --- PASS: TestModelC_RealCorpusQualification/cuda_bindings-13.4.3-cp314-cp314-manylinux_2_24_x86_64.manylinux_2_28_x86_64.whl (0.12s)
2026-10-07T02:19:13.6882375Z     --- PASS: TestModelC_RealCorpusQualification/haa-cu132-toolkit-audit.whl (0.00s)
2026-10-07T02:19:13.6882981Z     --- PASS: TestModelC_RealCorpusQualification/haa-cu132-cupti-audit.whl (0.34s)
2026-10-07T02:19:13.6883483Z     --- PASS: TestModelC_RealCorpusQualification/networkx-3.6.1-py3-none-any.whl (0.04s)
2026-10-07T02:19:13.6884168Z     --- PASS: TestModelC_RealCorpusQualification/cuda_bindings-13.4.3-cp314-cp314-manylinux_2_24_x86_64.manylinux_2_28_x86_64.whl#01 (0.12s)
2026-10-07T02:19:13.6884808Z     --- PASS: TestModelC_RealCorpusQualification/networkx-3.7-py3-none-any.whl (0.04s)
2026-10-07T02:19:13.6885309Z     --- PASS: TestModelC_RealCorpusQualification/jinja2-3.1.6-py3-none-any.whl (0.00s)
2026-10-07T02:19:13.6885684Z PASS
2026-10-07T02:19:13.6885974Z ok  	github.com/rahoney/heliopause/internal/artifact/pypi	7.312s
2026-10-07T02:19:13.6956401Z Post job cleanup.
2026-10-07T02:19:13.8023986Z Post job cleanup.
2026-10-07T02:19:13.8707444Z [command]/usr/bin/git version
2026-10-07T02:19:13.8743634Z git version 2.55.0
2026-10-07T02:19:13.8776432Z Temporarily overriding HOME='/home/runner/work/_temp/bd706c41-9d0e-4966-a6db-76903d6e6323' before making global git config changes
2026-10-07T02:19:13.8777604Z Adding repository directory to the temporary git global config as a safe directory
2026-10-07T02:19:13.8780578Z [command]/usr/bin/git config --global --add safe.directory /home/runner/work/heliopause/heliopause
2026-10-07T02:19:13.8807823Z Removing SSH command configuration
2026-10-07T02:19:13.8812486Z [command]/usr/bin/git config --local --name-only --get-regexp core\.sshCommand
2026-10-07T02:19:13.8840648Z [command]/usr/bin/git submodule foreach --recursive sh -c "git config --local --name-only --get-regexp 'core\.sshCommand' && git config --local --unset-all 'core.sshCommand' || :"
2026-10-07T02:19:13.9043711Z Removing HTTP extra header
2026-10-07T02:19:13.9048586Z [command]/usr/bin/git config --local --name-only --get-regexp http\.https\:\/\/github\.com\/\.extraheader
2026-10-07T02:19:13.9094365Z [command]/usr/bin/git submodule foreach --recursive sh -c "git config --local --name-only --get-regexp 'http\.https\:\/\/github\.com\/\.extraheader' && git config --local --unset-all 'http.https://github.com/.extraheader' || :"
2026-10-07T02:19:13.9285486Z Removing includeIf entries pointing to credentials config files
2026-10-07T02:19:13.9290612Z [command]/usr/bin/git config --local --name-only --get-regexp ^includeIf\.gitdir:
2026-10-07T02:19:13.9322661Z [command]/usr/bin/git submodule foreach --recursive git config --local --show-origin --name-only --get-regexp remote.origin.url
2026-10-07T02:19:13.9678454Z Cleaning up orphan processes
