2026-10-07T04:15:02.3807024Z Current runner version: '2.337.0'
2026-10-07T04:15:02.3835561Z ##[group]Runner Image Provisioner
2026-10-07T04:15:02.3836474Z Hosted Compute Agent
2026-10-07T04:15:02.3837095Z Version: 20260901.588
2026-10-07T04:15:02.3837782Z Commit: f88ec8081b781fac6c440065ac7ff9e710ce3d0b
2026-10-07T04:15:02.3838558Z Build Date: 2026-09-01T19:56:44Z
2026-10-07T04:15:02.3839277Z Worker ID: {b32452d2-93c3-4951-aae6-a9f5bcb5a932}
2026-10-07T04:15:02.3840004Z Azure Region: eastus
2026-10-07T04:15:02.3840596Z ##[endgroup]
2026-10-07T04:15:02.3842503Z ##[group]Operating System
2026-10-07T04:15:02.3843207Z Ubuntu
2026-10-07T04:15:02.3843711Z 24.04.5
2026-10-07T04:15:02.3844293Z LTS
2026-10-07T04:15:02.3844875Z ##[endgroup]
2026-10-07T04:15:02.3845464Z ##[group]Runner Image
2026-10-07T04:15:02.3846120Z Image: ubuntu-24.04
2026-10-07T04:15:02.3846732Z Version: 20260927.320.1
2026-10-07T04:15:02.3848042Z Included Software: https://github.com/actions/runner-images/blob/ubuntu24/20260927.320/images/ubuntu/Ubuntu2404-Readme.md
2026-10-07T04:15:02.3849656Z Image Release: https://github.com/actions/runner-images/releases/tag/ubuntu24%2F20260927.320
2026-10-07T04:15:02.3850612Z ##[endgroup]
2026-10-07T04:15:02.3852125Z ##[group]GITHUB_TOKEN Permissions
2026-10-07T04:15:02.3854600Z Contents: read
2026-10-07T04:15:02.3855269Z Metadata: read
2026-10-07T04:15:02.3855843Z ##[endgroup]
2026-10-07T04:15:02.3857997Z Secret source: Actions
2026-10-07T04:15:02.3859099Z Cache mode: write
2026-10-07T04:15:02.3860134Z Prepare workflow directory
2026-10-07T04:15:02.4289188Z Prepare all required actions
2026-10-07T04:15:02.4338790Z Getting action download info
2026-10-07T04:15:02.6773893Z Download action repository 'actions/checkout@3d3c42e5aac5ba805825da76410c181273ba90b1' (SHA:3d3c42e5aac5ba805825da76410c181273ba90b1)
2026-10-07T04:15:02.7981046Z Download action repository 'actions/setup-go@b7ad1dad31e06c5925ef5d2fc7ad053ef454303e' (SHA:b7ad1dad31e06c5925ef5d2fc7ad053ef454303e)
2026-10-07T04:15:03.0723486Z Complete job name: Representative Wheel Corpus
2026-10-07T04:15:03.1520398Z ##[group]Run actions/checkout@3d3c42e5aac5ba805825da76410c181273ba90b1
2026-10-07T04:15:03.1521483Z with:
2026-10-07T04:15:03.1521933Z   persist-credentials: false
2026-10-07T04:15:03.1522799Z   repository: rahoney/heliopause
2026-10-07T04:15:03.1526529Z   token: ***
2026-10-07T04:15:03.1526969Z   ssh-strict: true
2026-10-07T04:15:03.1527413Z   ssh-user: git
2026-10-07T04:15:03.1527845Z   clean: true
2026-10-07T04:15:03.1528301Z   sparse-checkout-cone-mode: true
2026-10-07T04:15:03.1528822Z   fetch-depth: 1
2026-10-07T04:15:03.1529254Z   fetch-tags: false
2026-10-07T04:15:03.1529697Z   show-progress: true
2026-10-07T04:15:03.1530139Z   lfs: false
2026-10-07T04:15:03.1530549Z   submodules: false
2026-10-07T04:15:03.1530991Z   set-safe-directory: true
2026-10-07T04:15:03.1531491Z   allow-unsafe-pr-checkout: false
2026-10-07T04:15:03.1532454Z env:
2026-10-07T04:15:03.1532883Z   GOTOOLCHAIN: local
2026-10-07T04:15:03.1533331Z ##[endgroup]
2026-10-07T04:15:03.2595871Z Syncing repository: rahoney/heliopause
2026-10-07T04:15:03.2598754Z ##[group]Getting Git version info
2026-10-07T04:15:03.2600193Z Working directory is '/home/runner/work/heliopause/heliopause'
2026-10-07T04:15:03.2601897Z [command]/usr/bin/git version
2026-10-07T04:15:03.2690591Z git version 2.55.0
2026-10-07T04:15:03.2720709Z ##[endgroup]
2026-10-07T04:15:03.2733840Z Temporarily overriding HOME='/home/runner/work/_temp/e7887b00-5c02-4821-9d1b-1daaf46eb4a6' before making global git config changes
2026-10-07T04:15:03.2736094Z Adding repository directory to the temporary git global config as a safe directory
2026-10-07T04:15:03.2740706Z [command]/usr/bin/git config --global --add safe.directory /home/runner/work/heliopause/heliopause
2026-10-07T04:15:03.2797565Z Deleting the contents of '/home/runner/work/heliopause/heliopause'
2026-10-07T04:15:03.2801017Z ##[group]Determining repository object format
2026-10-07T04:15:03.2803059Z ##[endgroup]
2026-10-07T04:15:03.2804169Z ##[group]Initializing the repository
2026-10-07T04:15:03.2808775Z [command]/usr/bin/git init /home/runner/work/heliopause/heliopause
2026-10-07T04:15:03.2947312Z hint: Using 'master' as the name for the initial branch. This default branch name
2026-10-07T04:15:03.2949334Z hint: will change to "main" in Git 3.0. To configure the initial branch name
2026-10-07T04:15:03.2951255Z hint: to use in all of your new repositories, which will suppress this warning,
2026-10-07T04:15:03.2952752Z hint: call:
2026-10-07T04:15:03.2953498Z hint:
2026-10-07T04:15:03.2954414Z hint: 	git config --global init.defaultBranch <name>
2026-10-07T04:15:03.2955420Z hint:
2026-10-07T04:15:03.2956557Z hint: Names commonly chosen instead of 'master' are 'main', 'trunk' and
2026-10-07T04:15:03.2957689Z hint: 'development'. The just-created branch can be renamed via this command:
2026-10-07T04:15:03.2958550Z hint:
2026-10-07T04:15:03.2959014Z hint: 	git branch -m <name>
2026-10-07T04:15:03.2959553Z hint:
2026-10-07T04:15:03.2960311Z hint: Disable this message with "git config set advice.defaultBranchName false"
2026-10-07T04:15:03.2962430Z Initialized empty Git repository in /home/runner/work/heliopause/heliopause/.git/
2026-10-07T04:15:03.2965724Z [command]/usr/bin/git remote add origin https://github.com/rahoney/heliopause
2026-10-07T04:15:03.3035920Z ##[endgroup]
2026-10-07T04:15:03.3037101Z ##[group]Disabling automatic garbage collection
2026-10-07T04:15:03.3065595Z [command]/usr/bin/git config --local gc.auto 0
2026-10-07T04:15:03.3085646Z ##[endgroup]
2026-10-07T04:15:03.3086439Z ##[group]Setting up auth
2026-10-07T04:15:03.3086973Z Removing SSH command configuration
2026-10-07T04:15:03.3087756Z [command]/usr/bin/git config --local --name-only --get-regexp core\.sshCommand
2026-10-07T04:15:03.3123296Z [command]/usr/bin/git submodule foreach --recursive sh -c "git config --local --name-only --get-regexp 'core\.sshCommand' && git config --local --unset-all 'core.sshCommand' || :"
2026-10-07T04:15:03.3532892Z Removing HTTP extra header
2026-10-07T04:15:03.3540647Z [command]/usr/bin/git config --local --name-only --get-regexp http\.https\:\/\/github\.com\/\.extraheader
2026-10-07T04:15:03.3580888Z [command]/usr/bin/git submodule foreach --recursive sh -c "git config --local --name-only --get-regexp 'http\.https\:\/\/github\.com\/\.extraheader' && git config --local --unset-all 'http.https://github.com/.extraheader' || :"
2026-10-07T04:15:03.3817999Z Removing includeIf entries pointing to credentials config files
2026-10-07T04:15:03.3823495Z [command]/usr/bin/git config --local --name-only --get-regexp ^includeIf\.gitdir:
2026-10-07T04:15:03.3873041Z [command]/usr/bin/git submodule foreach --recursive git config --local --show-origin --name-only --get-regexp remote.origin.url
2026-10-07T04:15:03.4133598Z [command]/usr/bin/git config --file /home/runner/work/_temp/git-credentials-d94b13f1-e383-4a73-808b-932d917979c5.config http.https://github.com/.extraheader AUTHORIZATION: basic ***
2026-10-07T04:15:03.4179700Z [command]/usr/bin/git config --local includeIf.gitdir:/home/runner/work/heliopause/heliopause/.git.path /home/runner/work/_temp/git-credentials-d94b13f1-e383-4a73-808b-932d917979c5.config
2026-10-07T04:15:03.4218396Z [command]/usr/bin/git config --local includeIf.gitdir:/home/runner/work/heliopause/heliopause/.git/worktrees/*.path /home/runner/work/_temp/git-credentials-d94b13f1-e383-4a73-808b-932d917979c5.config
2026-10-07T04:15:03.4263291Z [command]/usr/bin/git config --local includeIf.gitdir:/github/workspace/.git.path /github/runner_temp/git-credentials-d94b13f1-e383-4a73-808b-932d917979c5.config
2026-10-07T04:15:03.4307728Z [command]/usr/bin/git config --local includeIf.gitdir:/github/workspace/.git/worktrees/*.path /github/runner_temp/git-credentials-d94b13f1-e383-4a73-808b-932d917979c5.config
2026-10-07T04:15:03.4354854Z ##[endgroup]
2026-10-07T04:15:03.4356051Z ##[group]Fetching the repository
2026-10-07T04:15:03.4366974Z [command]/usr/bin/git -c protocol.version=2 fetch --no-tags --prune --no-recurse-submodules --depth=1 origin +d328756f0087624093808215d1fbedd47767ef58:refs/remotes/origin/milestone/m12-go-cargo-terraform
2026-10-07T04:15:03.9649706Z From https://github.com/rahoney/heliopause
2026-10-07T04:15:03.9653293Z  * [new ref]         d328756f0087624093808215d1fbedd47767ef58 -> origin/milestone/m12-go-cargo-terraform
2026-10-07T04:15:03.9676337Z [command]/usr/bin/git branch --list --remote origin/milestone/m12-go-cargo-terraform
2026-10-07T04:15:03.9709333Z   origin/milestone/m12-go-cargo-terraform
2026-10-07T04:15:03.9721632Z [command]/usr/bin/git rev-parse refs/remotes/origin/milestone/m12-go-cargo-terraform
2026-10-07T04:15:03.9753396Z d328756f0087624093808215d1fbedd47767ef58
2026-10-07T04:15:03.9765002Z ##[endgroup]
2026-10-07T04:15:03.9766380Z ##[group]Determining the checkout info
2026-10-07T04:15:03.9767641Z ##[endgroup]
2026-10-07T04:15:03.9768284Z [command]/usr/bin/git sparse-checkout disable
2026-10-07T04:15:03.9833005Z [command]/usr/bin/git config --local --unset-all extensions.worktreeConfig
2026-10-07T04:15:03.9879234Z ##[group]Checking out the ref
2026-10-07T04:15:03.9886727Z [command]/usr/bin/git checkout --progress --force -B milestone/m12-go-cargo-terraform refs/remotes/origin/milestone/m12-go-cargo-terraform
2026-10-07T04:15:04.1084728Z Switched to a new branch 'milestone/m12-go-cargo-terraform'
2026-10-07T04:15:04.1090453Z branch 'milestone/m12-go-cargo-terraform' set up to track 'origin/milestone/m12-go-cargo-terraform'.
2026-10-07T04:15:04.1103747Z ##[endgroup]
2026-10-07T04:15:04.1157261Z [command]/usr/bin/git log -1 --format=%H
2026-10-07T04:15:04.1188559Z d328756f0087624093808215d1fbedd47767ef58
2026-10-07T04:15:04.1197684Z ##[group]Removing auth
2026-10-07T04:15:04.1198617Z Removing SSH command configuration
2026-10-07T04:15:04.1202611Z [command]/usr/bin/git config --local --name-only --get-regexp core\.sshCommand
2026-10-07T04:15:04.1243958Z [command]/usr/bin/git submodule foreach --recursive sh -c "git config --local --name-only --get-regexp 'core\.sshCommand' && git config --local --unset-all 'core.sshCommand' || :"
2026-10-07T04:15:04.1484853Z Removing HTTP extra header
2026-10-07T04:15:04.1488208Z [command]/usr/bin/git config --local --name-only --get-regexp http\.https\:\/\/github\.com\/\.extraheader
2026-10-07T04:15:04.1528346Z [command]/usr/bin/git submodule foreach --recursive sh -c "git config --local --name-only --get-regexp 'http\.https\:\/\/github\.com\/\.extraheader' && git config --local --unset-all 'http.https://github.com/.extraheader' || :"
2026-10-07T04:15:04.1768050Z Removing includeIf entries pointing to credentials config files
2026-10-07T04:15:04.1769970Z [command]/usr/bin/git config --local --name-only --get-regexp ^includeIf\.gitdir:
2026-10-07T04:15:04.1801117Z includeif.gitdir:/home/runner/work/heliopause/heliopause/.git.path
2026-10-07T04:15:04.1804631Z includeif.gitdir:/home/runner/work/heliopause/heliopause/.git/worktrees/*.path
2026-10-07T04:15:04.1806640Z includeif.gitdir:/github/workspace/.git.path
2026-10-07T04:15:04.1807896Z includeif.gitdir:/github/workspace/.git/worktrees/*.path
2026-10-07T04:15:04.1813032Z [command]/usr/bin/git config --local --get-all includeif.gitdir:/home/runner/work/heliopause/heliopause/.git.path
2026-10-07T04:15:04.1842329Z /home/runner/work/_temp/git-credentials-d94b13f1-e383-4a73-808b-932d917979c5.config
2026-10-07T04:15:04.1853444Z [command]/usr/bin/git config --local --unset includeif.gitdir:/home/runner/work/heliopause/heliopause/.git.path \/home\/runner\/work\/_temp\/git\-credentials\-d94b13f1\-e383\-4a73\-808b\-932d917979c5\.config
2026-10-07T04:15:04.1893410Z [command]/usr/bin/git config --local --get-all includeif.gitdir:/home/runner/work/heliopause/heliopause/.git/worktrees/*.path
2026-10-07T04:15:04.1930808Z /home/runner/work/_temp/git-credentials-d94b13f1-e383-4a73-808b-932d917979c5.config
2026-10-07T04:15:04.1941032Z [command]/usr/bin/git config --local --unset includeif.gitdir:/home/runner/work/heliopause/heliopause/.git/worktrees/*.path \/home\/runner\/work\/_temp\/git\-credentials\-d94b13f1\-e383\-4a73\-808b\-932d917979c5\.config
2026-10-07T04:15:04.1977926Z [command]/usr/bin/git config --local --get-all includeif.gitdir:/github/workspace/.git.path
2026-10-07T04:15:04.2016028Z /github/runner_temp/git-credentials-d94b13f1-e383-4a73-808b-932d917979c5.config
2026-10-07T04:15:04.2041934Z [command]/usr/bin/git config --local --unset includeif.gitdir:/github/workspace/.git.path \/github\/runner_temp\/git\-credentials\-d94b13f1\-e383\-4a73\-808b\-932d917979c5\.config
2026-10-07T04:15:04.2101888Z [command]/usr/bin/git config --local --get-all includeif.gitdir:/github/workspace/.git/worktrees/*.path
2026-10-07T04:15:04.2129107Z /github/runner_temp/git-credentials-d94b13f1-e383-4a73-808b-932d917979c5.config
2026-10-07T04:15:04.2137299Z [command]/usr/bin/git config --local --unset includeif.gitdir:/github/workspace/.git/worktrees/*.path \/github\/runner_temp\/git\-credentials\-d94b13f1\-e383\-4a73\-808b\-932d917979c5\.config
2026-10-07T04:15:04.2175364Z [command]/usr/bin/git submodule foreach --recursive git config --local --show-origin --name-only --get-regexp remote.origin.url
2026-10-07T04:15:04.2406232Z Removing credentials config '/home/runner/work/_temp/git-credentials-d94b13f1-e383-4a73-808b-932d917979c5.config'
2026-10-07T04:15:04.2414952Z ##[endgroup]
2026-10-07T04:15:04.2730429Z ##[group]Run actions/setup-go@b7ad1dad31e06c5925ef5d2fc7ad053ef454303e
2026-10-07T04:15:04.2731651Z with:
2026-10-07T04:15:04.2732129Z   go-version: 1.26.8
2026-10-07T04:15:04.2732902Z   check-latest: false
2026-10-07T04:15:04.2733481Z   cache: false
2026-10-07T04:15:04.2741710Z   token: ***
2026-10-07T04:15:04.2742507Z env:
2026-10-07T04:15:04.2743059Z   GOTOOLCHAIN: local
2026-10-07T04:15:04.2743620Z ##[endgroup]
2026-10-07T04:15:04.3975709Z Setup go version spec 1.26.8
2026-10-07T04:15:04.4101538Z Found in cache @ /opt/hostedtoolcache/go/1.26.8/x64
2026-10-07T04:15:04.4103508Z Added go to the path
2026-10-07T04:15:04.4106667Z Successfully set up Go version 1.26.8
2026-10-07T04:15:04.9527242Z go version go1.26.8 linux/amd64
2026-10-07T04:15:04.9527737Z 
2026-10-07T04:15:04.9528419Z ##[group]go env
2026-10-07T04:15:05.6329185Z AR='ar'
2026-10-07T04:15:05.6329747Z CC='gcc'
2026-10-07T04:15:05.6330173Z CGO_CFLAGS='-O2 -g'
2026-10-07T04:15:05.6330906Z CGO_CPPFLAGS=''
2026-10-07T04:15:05.6331430Z CGO_CXXFLAGS='-O2 -g'
2026-10-07T04:15:05.6331877Z CGO_ENABLED='1'
2026-10-07T04:15:05.6332675Z CGO_FFLAGS='-O2 -g'
2026-10-07T04:15:05.6333194Z CGO_LDFLAGS='-O2 -g'
2026-10-07T04:15:05.6333656Z CXX='g++'
2026-10-07T04:15:05.6334079Z GCCGO='gccgo'
2026-10-07T04:15:05.6334547Z GO111MODULE=''
2026-10-07T04:15:05.6334995Z GOAMD64='v1'
2026-10-07T04:15:05.6335432Z GOARCH='amd64'
2026-10-07T04:15:05.6335888Z GOAUTH='netrc'
2026-10-07T04:15:05.6336284Z GOBIN=''
2026-10-07T04:15:05.6336805Z GOCACHE='/home/runner/.cache/go-build'
2026-10-07T04:15:05.6337396Z GOCACHEPROG=''
2026-10-07T04:15:05.6337909Z GODEBUG=''
2026-10-07T04:15:05.6338337Z GOENV='/home/runner/.config/go/env'
2026-10-07T04:15:05.6338908Z GOEXE=''
2026-10-07T04:15:05.6339397Z GOEXPERIMENT=''
2026-10-07T04:15:05.6339940Z GOFIPS140='off'
2026-10-07T04:15:05.6340438Z GOFLAGS=''
2026-10-07T04:15:05.6341866Z GOGCCFLAGS='-fPIC -m64 -pthread -Wl,--no-gc-sections -fmessage-length=0 -ffile-prefix-map=/tmp/go-build3778527479=/tmp/go-build -gno-record-gcc-switches'
2026-10-07T04:15:05.6343553Z GOHOSTARCH='amd64'
2026-10-07T04:15:05.6344097Z GOHOSTOS='linux'
2026-10-07T04:15:05.6344653Z GOINSECURE=''
2026-10-07T04:15:05.6345355Z GOMOD='/home/runner/work/heliopause/heliopause/go.mod'
2026-10-07T04:15:05.6346192Z GOMODCACHE='/home/runner/go/pkg/mod'
2026-10-07T04:15:05.6346811Z GONOPROXY=''
2026-10-07T04:15:05.6347273Z GONOSUMDB=''
2026-10-07T04:15:05.6347763Z GOOS='linux'
2026-10-07T04:15:05.6348244Z GOPATH='/home/runner/go'
2026-10-07T04:15:05.6348819Z GOPRIVATE=''
2026-10-07T04:15:05.6349610Z GOPROXY='https://proxy.golang.org,direct'
2026-10-07T04:15:05.6350353Z GOROOT='/opt/hostedtoolcache/go/1.26.8/x64'
2026-10-07T04:15:05.6351046Z GOSUMDB='sum.golang.org'
2026-10-07T04:15:05.6351612Z GOTELEMETRY='local'
2026-10-07T04:15:05.6352442Z GOTELEMETRYDIR='/home/runner/.config/go/telemetry'
2026-10-07T04:15:05.6353575Z GOTMPDIR=''
2026-10-07T04:15:05.6354085Z GOTOOLCHAIN='local'
2026-10-07T04:15:05.6354818Z GOTOOLDIR='/opt/hostedtoolcache/go/1.26.8/x64/pkg/tool/linux_amd64'
2026-10-07T04:15:05.6355602Z GOVCS=''
2026-10-07T04:15:05.6356060Z GOVERSION='go1.26.8'
2026-10-07T04:15:05.6356580Z GOWORK=''
2026-10-07T04:15:05.6357083Z PKG_CONFIG='pkg-config'
2026-10-07T04:15:05.6357431Z 
2026-10-07T04:15:05.6358165Z ##[endgroup]
2026-10-07T04:15:05.6475980Z ##[group]Run go run ./scripts/check bootstrap-modules
2026-10-07T04:15:05.6476526Z [36;1mgo run ./scripts/check bootstrap-modules[0m
2026-10-07T04:15:05.6738091Z shell: /usr/bin/bash -e {0}
2026-10-07T04:15:05.6738483Z env:
2026-10-07T04:15:05.6738757Z   GOTOOLCHAIN: local
2026-10-07T04:15:05.6739055Z ##[endgroup]
2026-10-07T04:15:05.8312851Z go: downloading go.yaml.in/yaml/v3 v3.0.4
2026-10-07T04:15:22.5494645Z [check] prepare module cache
2026-10-07T04:15:24.1184973Z [check] download product modules
2026-10-07T04:15:24.1245077Z ##[group]Run python3 scripts/prepare-wheel-corpus.py --root "$HELOX_CORPUS_ROOT"
2026-10-07T04:15:24.1245725Z [36;1mpython3 scripts/prepare-wheel-corpus.py --root "$HELOX_CORPUS_ROOT"[0m
2026-10-07T04:15:24.1311954Z shell: /usr/bin/bash -e {0}
2026-10-07T04:15:24.1312541Z env:
2026-10-07T04:15:24.1312789Z   GOTOOLCHAIN: local
2026-10-07T04:15:24.1313091Z   HELOX_CORPUS_ROOT: /home/runner/work/_temp/wheel-corpus
2026-10-07T04:15:24.1313414Z ##[endgroup]
2026-10-07T04:15:24.2497796Z setuptools-84.0.0-py3-none-any.whl 51a52592b3b99e102b609654876bd65f19f999935166d1352678931132b0c670 https://files.pythonhosted.org/packages/95/9c/c510029fc6ef33a6275cd2c5d3cecd6613dfd6aa401d57c54f1c18852ccf/setuptools-84.0.0-py3-none-any.whl
2026-10-07T04:15:24.2717695Z filelock-4.0.3-py3-none-any.whl 30cd166e2aee2c7534ce2c33c6367c4cd051b8368e20e2c4eb0c34f699bacfab https://files.pythonhosted.org/packages/7a/6d/db8b86e168fef0cf904737e275bccb683558088ef971e92d3b41ce980699/filelock-4.0.3-py3-none-any.whl
2026-10-07T04:15:24.3509264Z filelock-4.0.4-py3-none-any.whl 0df72be195ca7892216d16f2edce8d9b93a571f02402972020a8cff84c594c7b https://files.pythonhosted.org/packages/bc/ac/8b9c6dc2aa7e9cf5582e20a337006c3428c3d752c2255dbaca2c78a8be45/filelock-4.0.4-py3-none-any.whl
2026-10-07T04:15:24.4701807Z sympy-1.14.0-py3-none-any.whl e091cc3e99d2141a0ba2847328f5479b05d94a6635cb96148ccb3f34671bd8f5 https://files.pythonhosted.org/packages/a2/09/77d55d46fd61b4a135c444fc97158ef34a095e5681d0a6c10b75bf356191/sympy-1.14.0-py3-none-any.whl
2026-10-07T04:15:24.4907196Z markupsafe-3.0.3-cp314-cp314-manylinux2014_x86_64.manylinux_2_17_x86_64.manylinux_2_28_x86_64.whl 457a69a9577064c05a97c41f4e65148652db078a3a509039e64d3467b9e7ef97 https://files.pythonhosted.org/packages/41/3c/a36c2450754618e62008bf7435ccb0f88053e07592e6028a34776213d877/markupsafe-3.0.3-cp314-cp314-manylinux2014_x86_64.manylinux_2_17_x86_64.manylinux_2_28_x86_64.whl
2026-10-07T04:15:24.7575692Z haa-cu126-toolkit-audit.whl 79d8605baeb6c2f695761e0efb54bc62dbc3c9e32eb0742df7669c07befaa8f7 https://files.pythonhosted.org/packages/ad/88/2dbc37975fffb874418b14380418a1b99cb36f2101fd1d08c54e06ee8c95/cuda_toolkit-12.6.3-py2.py3-none-any.whl
2026-10-07T04:15:26.1938884Z haa-cu126-first-nccl.whl 35ad42e7d5d722a83c36a3a478e281c20a5646383deaf1b9ed1a9ab7d61bed53 https://files.pythonhosted.org/packages/31/5a/cac7d231f322b66caa16fd4b136ebc8e4b18b2805811c2d58dc47210cdea/nvidia_nccl_cu12-2.29.3-py3-none-manylinux_2_18_x86_64.whl
2026-10-07T04:15:26.7116886Z haa-cu126-first-cufft.whl ccba62eb9cef5559abd5e0d54ceed2d9934030f51163df018532142a8ec533e5 https://files.pythonhosted.org/packages/8f/16/73727675941ab8e6ffd86ca3a4b7b47065edcca7a997920b831f8147c99d/nvidia_cufft_cu12-11.3.0.4-py3-none-manylinux2014_x86_64.manylinux_2_17_x86_64.whl
2026-10-07T04:15:26.7362869Z cuda_pathfinder-1.8.2-py3-none-any.whl 4e65059febdb4d19d5cbc4798677e19db2b582f2f702f457b609e571690d357e https://files.pythonhosted.org/packages/98/59/239c7259e669c46ddbcac0aa60e3a0ef00bfeaaa687f905b24dd6a7a10fe/cuda_pathfinder-1.8.2-py3-none-any.whl
2026-10-07T04:15:26.8111310Z cuda_bindings-12.9.9-cp314-cp314-manylinux_2_24_x86_64.manylinux_2_28_x86_64.whl 94e4f9bd6b9b21aad545e0d441707094e4ff88ab420d62b85fcdc8b6da1e039f https://files.pythonhosted.org/packages/e3/95/182a020efbe1bade0de1f5ec0d3e4101cb6deba7216b219f07ce08fa6146/cuda_bindings-12.9.9-cp314-cp314-manylinux_2_24_x86_64.manylinux_2_28_x86_64.whl
2026-10-07T04:15:26.8303170Z haa-cu130-toolkit-audit.whl d693caaa261214ddd7dbb60d68e71cbed884e68c2be7509778f3051da0b91c3f https://files.pythonhosted.org/packages/d1/c7/a79086a62c98befcdb8349656c6f114e2db3b8b2422f6e25c97a7f2a9a3c/cuda_toolkit-13.0.3.0-py2.py3-none-any.whl
2026-10-07T04:15:27.5195042Z haa-cu130-cupti-audit.whl 4eb01c08e859bf924d222250d2e8f8b8ff6d3db4721288cf35d14252a4d933c8 https://files.pythonhosted.org/packages/33/6d/737d164b4837a9bbd202f5ae3078975f0525a55730fe871d8ed4e3b952b0/nvidia_cuda_cupti-13.0.85-py3-none-manylinux_2_25_x86_64.whl
2026-10-07T04:15:28.1873006Z cuda_bindings-13.4.3-cp314-cp314-manylinux_2_24_x86_64.manylinux_2_28_x86_64.whl bbacde6f75665b197016b986164cfdaa33b17515e5e635a63ddb75926aaa71c3 https://files.pythonhosted.org/packages/a3/49/7a3769c43e432b0434dd46424058b47af4347167f0dfca1ecb27e2de92a1/cuda_bindings-13.4.3-cp314-cp314-manylinux_2_24_x86_64.manylinux_2_28_x86_64.whl
2026-10-07T04:15:28.2096829Z haa-cu132-toolkit-audit.whl 646d0e3668ce6f78f2312bb9cc0f668b9cbfcbef187eaa6a39eb2ea6dbec2a31 https://files.pythonhosted.org/packages/bd/6a/f79c134fa8e6d5fe028584933be063ce7961b1a85ce217f261cdda176e48/cuda_toolkit-13.2.1-py2.py3-none-any.whl
2026-10-07T04:15:28.8487486Z haa-cu132-cupti-audit.whl f75aca6bef89c625a4076a820302bb06764daa1d21595286f6bee5e237d3a187 https://files.pythonhosted.org/packages/b7/2d/cbf8f6288259c502165282fdaa2b733daae98434e3f2aee2b7952ba87c6f/nvidia_cuda_cupti-13.2.75-py3-none-manylinux_2_25_x86_64.whl
2026-10-07T04:15:29.2164680Z networkx-3.6.1-py3-none-any.whl d47fbf302e7d9cbbb9e2555a0d267983d2aa476bac30e90dfbe5669bd57f3762 https://files.pythonhosted.org/packages/9e/c9/b2622292ea83fbb4ec318f5b9ab867d0a28ab43c5717bb85b0a5f6b3b0a4/networkx-3.6.1-py3-none-any.whl
2026-10-07T04:15:29.2213207Z cuda_bindings-13.4.3-cp314-cp314-manylinux_2_24_x86_64.manylinux_2_28_x86_64.whl bbacde6f75665b197016b986164cfdaa33b17515e5e635a63ddb75926aaa71c3 verified existing
2026-10-07T04:15:30.0458422Z networkx-3.7-py3-none-any.whl e3fd2c13a7814cee3746340d8d7f8598a67f16a58bf47fb7f8793fab6efca1b0 https://files.pythonhosted.org/packages/7e/cd/fe58041e9011f307c490e3e17dd48cc516448f7c698a3f2d9d9d65d7e6a8/networkx-3.7-py3-none-any.whl
2026-10-07T04:15:30.0699987Z jinja2-3.1.6-py3-none-any.whl 85ece4451f492d0c13c5dd7c13a64681a86afae63a5f347908daf103ce6d2f67 https://files.pythonhosted.org/packages/62/a1/3d680cbfd5f4b8f15abc1d571870c5fc3e594bb582bc3b64ea099db13e56/jinja2-3.1.6-py3-none-any.whl
2026-10-07T04:15:30.0831319Z ##[group]Run go run ./scripts/check corpus
2026-10-07T04:15:30.0831675Z [36;1mgo run ./scripts/check corpus[0m
2026-10-07T04:15:30.0895406Z shell: /usr/bin/bash -e {0}
2026-10-07T04:15:30.0895667Z env:
2026-10-07T04:15:30.0895862Z   GOTOOLCHAIN: local
2026-10-07T04:15:30.0896180Z   HELOX_CORPUS_ROOT: /home/runner/work/_temp/wheel-corpus
2026-10-07T04:15:30.0896500Z ##[endgroup]
2026-10-07T04:15:55.4006572Z === RUN   TestModelC_MissingCorpusDirectoryFails
2026-10-07T04:15:55.4007747Z --- PASS: TestModelC_MissingCorpusDirectoryFails (0.00s)
2026-10-07T04:15:55.4008802Z === RUN   TestModelC_CorpusHashMismatchFails
2026-10-07T04:15:55.4009475Z --- PASS: TestModelC_CorpusHashMismatchFails (0.00s)
2026-10-07T04:15:55.4010167Z === RUN   TestModelC_RealCorpusQualification
2026-10-07T04:15:55.4011033Z === RUN   TestModelC_RealCorpusQualification/setuptools-84.0.0-py3-none-any.whl
2026-10-07T04:15:55.4013118Z     real_corpus_integration_test.go:77: setuptools-84.0.0-py3-none-any.whl profile=pytorch:cpu direct=24 units=26
2026-10-07T04:15:55.4023562Z === RUN   TestModelC_RealCorpusQualification/filelock-4.0.3-py3-none-any.whl
2026-10-07T04:15:55.4024615Z     real_corpus_integration_test.go:77: filelock-4.0.3-py3-none-any.whl profile=pytorch:cpu direct=1 units=1
2026-10-07T04:15:55.4025794Z === RUN   TestModelC_RealCorpusQualification/filelock-4.0.4-py3-none-any.whl
2026-10-07T04:15:55.4026923Z     real_corpus_integration_test.go:77: filelock-4.0.4-py3-none-any.whl profile=pytorch:cpu direct=1 units=1
2026-10-07T04:15:55.4028132Z === RUN   TestModelC_RealCorpusQualification/sympy-1.14.0-py3-none-any.whl
2026-10-07T04:15:55.4029515Z     real_corpus_integration_test.go:77: sympy-1.14.0-py3-none-any.whl profile=pytorch:cpu direct=2 units=2
2026-10-07T04:15:55.4031231Z === RUN   TestModelC_RealCorpusQualification/markupsafe-3.0.3-cp314-cp314-manylinux2014_x86_64.manylinux_2_17_x86_64.manylinux_2_28_x86_64.whl
2026-10-07T04:15:55.4033272Z     real_corpus_integration_test.go:77: markupsafe-3.0.3-cp314-cp314-manylinux2014_x86_64.manylinux_2_17_x86_64.manylinux_2_28_x86_64.whl profile=pytorch:cpu direct=2 units=2
2026-10-07T04:15:55.4034448Z === RUN   TestModelC_RealCorpusQualification/haa-cu126-toolkit-audit.whl
2026-10-07T04:15:55.4035472Z     real_corpus_integration_test.go:77: cuda_toolkit-12.6.3-py2.py3-none-any.whl profile=pytorch:cu126 direct=0 units=0
2026-10-07T04:15:55.4036337Z === RUN   TestModelC_RealCorpusQualification/haa-cu126-first-nccl.whl
2026-10-07T04:15:55.4037423Z     real_corpus_integration_test.go:77: nvidia_nccl_cu12-2.29.3-py3-none-manylinux_2_18_x86_64.whl profile=pytorch:cu126 direct=0 units=0
2026-10-07T04:15:55.4038378Z === RUN   TestModelC_RealCorpusQualification/haa-cu126-first-cufft.whl
2026-10-07T04:15:55.4039625Z     real_corpus_integration_test.go:77: nvidia_cufft_cu12-11.3.0.4-py3-none-manylinux2014_x86_64.manylinux_2_17_x86_64.whl profile=pytorch:cu126 direct=1 units=1
2026-10-07T04:15:55.4040781Z === RUN   TestModelC_RealCorpusQualification/cuda_pathfinder-1.8.2-py3-none-any.whl
2026-10-07T04:15:55.4041823Z     real_corpus_integration_test.go:77: cuda_pathfinder-1.8.2-py3-none-any.whl profile=pytorch:cu126 direct=1 units=1
2026-10-07T04:15:55.4043671Z === RUN   TestModelC_RealCorpusQualification/cuda_bindings-12.9.9-cp314-cp314-manylinux_2_24_x86_64.manylinux_2_28_x86_64.whl
2026-10-07T04:15:55.4045248Z     real_corpus_integration_test.go:77: cuda_bindings-12.9.9-cp314-cp314-manylinux_2_24_x86_64.manylinux_2_28_x86_64.whl profile=pytorch:cu126 direct=34 units=36
2026-10-07T04:15:55.4046339Z === RUN   TestModelC_RealCorpusQualification/haa-cu130-toolkit-audit.whl
2026-10-07T04:15:55.4047407Z     real_corpus_integration_test.go:77: cuda_toolkit-13.0.3.0-py2.py3-none-any.whl profile=pytorch:cu130 direct=0 units=0
2026-10-07T04:15:55.4048288Z === RUN   TestModelC_RealCorpusQualification/haa-cu130-cupti-audit.whl
2026-10-07T04:15:55.4049660Z     real_corpus_integration_test.go:77: nvidia_cuda_cupti-13.0.85-py3-none-manylinux_2_25_x86_64.whl profile=pytorch:cu130 direct=0 units=0
2026-10-07T04:15:55.4050928Z === RUN   TestModelC_RealCorpusQualification/cuda_bindings-13.4.3-cp314-cp314-manylinux_2_24_x86_64.manylinux_2_28_x86_64.whl
2026-10-07T04:15:55.4052928Z     real_corpus_integration_test.go:77: cuda_bindings-13.4.3-cp314-cp314-manylinux_2_24_x86_64.manylinux_2_28_x86_64.whl profile=pytorch:cu130 direct=31 units=31
2026-10-07T04:15:55.4054030Z === RUN   TestModelC_RealCorpusQualification/haa-cu132-toolkit-audit.whl
2026-10-07T04:15:55.4055038Z     real_corpus_integration_test.go:77: cuda_toolkit-13.2.1-py2.py3-none-any.whl profile=pytorch:cu132 direct=0 units=0
2026-10-07T04:15:55.4055911Z === RUN   TestModelC_RealCorpusQualification/haa-cu132-cupti-audit.whl
2026-10-07T04:15:55.4057011Z     real_corpus_integration_test.go:77: nvidia_cuda_cupti-13.2.75-py3-none-manylinux_2_25_x86_64.whl profile=pytorch:cu132 direct=0 units=0
2026-10-07T04:15:55.4057999Z === RUN   TestModelC_RealCorpusQualification/networkx-3.6.1-py3-none-any.whl
2026-10-07T04:15:55.4058976Z     real_corpus_integration_test.go:77: networkx-3.6.1-py3-none-any.whl profile=pytorch:cpu direct=2 units=2
2026-10-07T04:15:55.4060113Z === RUN   TestModelC_RealCorpusQualification/cuda_bindings-13.4.3-cp314-cp314-manylinux_2_24_x86_64.manylinux_2_28_x86_64.whl#01
2026-10-07T04:15:55.4061637Z     real_corpus_integration_test.go:77: cuda_bindings-13.4.3-cp314-cp314-manylinux_2_24_x86_64.manylinux_2_28_x86_64.whl profile=pytorch:cu132 direct=31 units=31
2026-10-07T04:15:55.4063355Z === RUN   TestModelC_RealCorpusQualification/networkx-3.7-py3-none-any.whl
2026-10-07T04:15:55.4064304Z     real_corpus_integration_test.go:77: networkx-3.7-py3-none-any.whl profile=pytorch:cpu direct=2 units=2
2026-10-07T04:15:55.4065124Z === RUN   TestModelC_RealCorpusQualification/jinja2-3.1.6-py3-none-any.whl
2026-10-07T04:15:55.4066044Z     real_corpus_integration_test.go:77: jinja2-3.1.6-py3-none-any.whl profile=pytorch:cpu direct=2 units=2
2026-10-07T04:15:55.4066726Z === NAME  TestModelC_RealCorpusQualification
2026-10-07T04:15:55.4067682Z     real_corpus_integration_test.go:83: REAL_CORPUS_CLASSIFICATION: REPRESENTATIVE_REAL_CORPUS (19 authenticated packages verified)
2026-10-07T04:15:55.4068540Z --- PASS: TestModelC_RealCorpusQualification (8.80s)
2026-10-07T04:15:55.4069294Z     --- PASS: TestModelC_RealCorpusQualification/setuptools-84.0.0-py3-none-any.whl (0.02s)
2026-10-07T04:15:55.4070213Z     --- PASS: TestModelC_RealCorpusQualification/filelock-4.0.3-py3-none-any.whl (0.00s)
2026-10-07T04:15:55.4071086Z     --- PASS: TestModelC_RealCorpusQualification/filelock-4.0.4-py3-none-any.whl (0.00s)
2026-10-07T04:15:55.4071934Z     --- PASS: TestModelC_RealCorpusQualification/sympy-1.14.0-py3-none-any.whl (0.16s)
2026-10-07T04:15:55.4073433Z     --- PASS: TestModelC_RealCorpusQualification/markupsafe-3.0.3-cp314-cp314-manylinux2014_x86_64.manylinux_2_17_x86_64.manylinux_2_28_x86_64.whl (0.00s)
2026-10-07T04:15:55.4074637Z     --- PASS: TestModelC_RealCorpusQualification/haa-cu126-toolkit-audit.whl (0.00s)
2026-10-07T04:15:55.4075462Z     --- PASS: TestModelC_RealCorpusQualification/haa-cu126-first-nccl.whl (4.59s)
2026-10-07T04:15:55.4076279Z     --- PASS: TestModelC_RealCorpusQualification/haa-cu126-first-cufft.whl (2.70s)
2026-10-07T04:15:55.4077164Z     --- PASS: TestModelC_RealCorpusQualification/cuda_pathfinder-1.8.2-py3-none-any.whl (0.00s)
2026-10-07T04:15:55.4078390Z     --- PASS: TestModelC_RealCorpusQualification/cuda_bindings-12.9.9-cp314-cp314-manylinux_2_24_x86_64.manylinux_2_28_x86_64.whl (0.15s)
2026-10-07T04:15:55.4079493Z     --- PASS: TestModelC_RealCorpusQualification/haa-cu130-toolkit-audit.whl (0.00s)
2026-10-07T04:15:55.4080297Z     --- PASS: TestModelC_RealCorpusQualification/haa-cu130-cupti-audit.whl (0.37s)
2026-10-07T04:15:55.4081429Z     --- PASS: TestModelC_RealCorpusQualification/cuda_bindings-13.4.3-cp314-cp314-manylinux_2_24_x86_64.manylinux_2_28_x86_64.whl (0.13s)
2026-10-07T04:15:55.4082776Z     --- PASS: TestModelC_RealCorpusQualification/haa-cu132-toolkit-audit.whl (0.00s)
2026-10-07T04:15:55.4083774Z     --- PASS: TestModelC_RealCorpusQualification/haa-cu132-cupti-audit.whl (0.42s)
2026-10-07T04:15:55.4084621Z     --- PASS: TestModelC_RealCorpusQualification/networkx-3.6.1-py3-none-any.whl (0.05s)
2026-10-07T04:15:55.4085838Z     --- PASS: TestModelC_RealCorpusQualification/cuda_bindings-13.4.3-cp314-cp314-manylinux_2_24_x86_64.manylinux_2_28_x86_64.whl#01 (0.14s)
2026-10-07T04:15:55.4086971Z     --- PASS: TestModelC_RealCorpusQualification/networkx-3.7-py3-none-any.whl (0.05s)
2026-10-07T04:15:55.4087820Z     --- PASS: TestModelC_RealCorpusQualification/jinja2-3.1.6-py3-none-any.whl (0.00s)
2026-10-07T04:15:55.4088368Z PASS
2026-10-07T04:15:55.4088770Z ok  	github.com/rahoney/heliopause/internal/artifact/pypi	8.800s
2026-10-07T04:15:55.4182677Z Post job cleanup.
2026-10-07T04:15:55.5520637Z Post job cleanup.
2026-10-07T04:15:55.6397693Z [command]/usr/bin/git version
2026-10-07T04:15:55.6445726Z git version 2.55.0
2026-10-07T04:15:55.6498738Z Temporarily overriding HOME='/home/runner/work/_temp/f114868a-9edd-4196-b02c-e7cefc7e4cd6' before making global git config changes
2026-10-07T04:15:55.6500327Z Adding repository directory to the temporary git global config as a safe directory
2026-10-07T04:15:55.6504966Z [command]/usr/bin/git config --global --add safe.directory /home/runner/work/heliopause/heliopause
2026-10-07T04:15:55.6540791Z Removing SSH command configuration
2026-10-07T04:15:55.6567845Z [command]/usr/bin/git config --local --name-only --get-regexp core\.sshCommand
2026-10-07T04:15:55.6589823Z [command]/usr/bin/git submodule foreach --recursive sh -c "git config --local --name-only --get-regexp 'core\.sshCommand' && git config --local --unset-all 'core.sshCommand' || :"
2026-10-07T04:15:55.6843746Z Removing HTTP extra header
2026-10-07T04:15:55.6850292Z [command]/usr/bin/git config --local --name-only --get-regexp http\.https\:\/\/github\.com\/\.extraheader
2026-10-07T04:15:55.6890529Z [command]/usr/bin/git submodule foreach --recursive sh -c "git config --local --name-only --get-regexp 'http\.https\:\/\/github\.com\/\.extraheader' && git config --local --unset-all 'http.https://github.com/.extraheader' || :"
2026-10-07T04:15:55.7151513Z Removing includeIf entries pointing to credentials config files
2026-10-07T04:15:55.7161599Z [command]/usr/bin/git config --local --name-only --get-regexp ^includeIf\.gitdir:
2026-10-07T04:15:55.7205620Z [command]/usr/bin/git submodule foreach --recursive git config --local --show-origin --name-only --get-regexp remote.origin.url
2026-10-07T04:15:55.7626091Z Cleaning up orphan processes
