2026-10-07T02:17:39.1890698Z Current runner version: '2.337.0'
2026-10-07T02:17:39.1911393Z ##[group]Runner Image Provisioner
2026-10-07T02:17:39.1912171Z Hosted Compute Agent
2026-10-07T02:17:39.1912652Z Version: 20260901.588
2026-10-07T02:17:39.1913253Z Commit: f88ec8081b781fac6c440065ac7ff9e710ce3d0b
2026-10-07T02:17:39.1913889Z Build Date: 2026-09-01T19:56:44Z
2026-10-07T02:17:39.1914435Z Worker ID: {955df3e2-593b-49c5-a007-f324b4e6aebb}
2026-10-07T02:17:39.1915064Z Azure Region: westus3
2026-10-07T02:17:39.1915671Z ##[endgroup]
2026-10-07T02:17:39.1916794Z ##[group]Operating System
2026-10-07T02:17:39.1917344Z Ubuntu
2026-10-07T02:17:39.1917774Z 24.04.5
2026-10-07T02:17:39.1918233Z LTS
2026-10-07T02:17:39.1918654Z ##[endgroup]
2026-10-07T02:17:39.1919164Z ##[group]Runner Image
2026-10-07T02:17:39.1919702Z Image: ubuntu-24.04
2026-10-07T02:17:39.1920166Z Version: 20260927.320.1
2026-10-07T02:17:39.1921225Z Included Software: https://github.com/actions/runner-images/blob/ubuntu24/20260927.320/images/ubuntu/Ubuntu2404-Readme.md
2026-10-07T02:17:39.1922491Z Image Release: https://github.com/actions/runner-images/releases/tag/ubuntu24%2F20260927.320
2026-10-07T02:17:39.1923340Z ##[endgroup]
2026-10-07T02:17:39.1924207Z ##[group]GITHUB_TOKEN Permissions
2026-10-07T02:17:39.1926061Z Contents: read
2026-10-07T02:17:39.1926561Z Metadata: read
2026-10-07T02:17:39.1927140Z ##[endgroup]
2026-10-07T02:17:39.1928860Z Secret source: Actions
2026-10-07T02:17:39.1929688Z Cache mode: write
2026-10-07T02:17:39.1930259Z Prepare workflow directory
2026-10-07T02:17:39.2290430Z Prepare all required actions
2026-10-07T02:17:39.2329224Z Getting action download info
2026-10-07T02:17:39.5108993Z Download action repository 'actions/checkout@3d3c42e5aac5ba805825da76410c181273ba90b1' (SHA:3d3c42e5aac5ba805825da76410c181273ba90b1)
2026-10-07T02:17:39.6055732Z Download action repository 'actions/setup-go@b7ad1dad31e06c5925ef5d2fc7ad053ef454303e' (SHA:b7ad1dad31e06c5925ef5d2fc7ad053ef454303e)
2026-10-07T02:17:40.5042078Z Complete job name: Representative Wheel Corpus
2026-10-07T02:17:40.5667186Z ##[group]Run actions/checkout@3d3c42e5aac5ba805825da76410c181273ba90b1
2026-10-07T02:17:40.5668088Z with:
2026-10-07T02:17:40.5668489Z   persist-credentials: false
2026-10-07T02:17:40.5668958Z   repository: rahoney/heliopause
2026-10-07T02:17:40.5672273Z   token: ***
2026-10-07T02:17:40.5672741Z   ssh-strict: true
2026-10-07T02:17:40.5673122Z   ssh-user: git
2026-10-07T02:17:40.5673498Z   clean: true
2026-10-07T02:17:40.5673892Z   sparse-checkout-cone-mode: true
2026-10-07T02:17:40.5674357Z   fetch-depth: 1
2026-10-07T02:17:40.5674725Z   fetch-tags: false
2026-10-07T02:17:40.5675126Z   show-progress: true
2026-10-07T02:17:40.5675628Z   lfs: false
2026-10-07T02:17:40.5675994Z   submodules: false
2026-10-07T02:17:40.5676399Z   set-safe-directory: true
2026-10-07T02:17:40.5676831Z   allow-unsafe-pr-checkout: false
2026-10-07T02:17:40.5677437Z env:
2026-10-07T02:17:40.5677808Z   GOTOOLCHAIN: local
2026-10-07T02:17:40.5678200Z ##[endgroup]
2026-10-07T02:17:40.6520565Z Syncing repository: rahoney/heliopause
2026-10-07T02:17:40.6522864Z ##[group]Getting Git version info
2026-10-07T02:17:40.6523888Z Working directory is '/home/runner/work/heliopause/heliopause'
2026-10-07T02:17:40.6525587Z [command]/usr/bin/git version
2026-10-07T02:17:40.6581561Z git version 2.55.0
2026-10-07T02:17:40.6598296Z ##[endgroup]
2026-10-07T02:17:40.6607515Z Temporarily overriding HOME='/home/runner/work/_temp/4ab8cb68-fef6-4769-b561-8cda1a7c0813' before making global git config changes
2026-10-07T02:17:40.6609697Z Adding repository directory to the temporary git global config as a safe directory
2026-10-07T02:17:40.6612922Z [command]/usr/bin/git config --global --add safe.directory /home/runner/work/heliopause/heliopause
2026-10-07T02:17:40.6658480Z Deleting the contents of '/home/runner/work/heliopause/heliopause'
2026-10-07T02:17:40.6661418Z ##[group]Determining repository object format
2026-10-07T02:17:40.6662870Z ##[endgroup]
2026-10-07T02:17:40.6663933Z ##[group]Initializing the repository
2026-10-07T02:17:40.6666641Z [command]/usr/bin/git init /home/runner/work/heliopause/heliopause
2026-10-07T02:17:40.6776928Z hint: Using 'master' as the name for the initial branch. This default branch name
2026-10-07T02:17:40.6778705Z hint: will change to "main" in Git 3.0. To configure the initial branch name
2026-10-07T02:17:40.6780713Z hint: to use in all of your new repositories, which will suppress this warning,
2026-10-07T02:17:40.6781850Z hint: call:
2026-10-07T02:17:40.6782452Z hint:
2026-10-07T02:17:40.6783174Z hint: 	git config --global init.defaultBranch <name>
2026-10-07T02:17:40.6784018Z hint:
2026-10-07T02:17:40.6784812Z hint: Names commonly chosen instead of 'master' are 'main', 'trunk' and
2026-10-07T02:17:40.6786325Z hint: 'development'. The just-created branch can be renamed via this command:
2026-10-07T02:17:40.6787376Z hint:
2026-10-07T02:17:40.6787937Z hint: 	git branch -m <name>
2026-10-07T02:17:40.6788586Z hint:
2026-10-07T02:17:40.6789477Z hint: Disable this message with "git config set advice.defaultBranchName false"
2026-10-07T02:17:40.6791209Z Initialized empty Git repository in /home/runner/work/heliopause/heliopause/.git/
2026-10-07T02:17:40.6793694Z [command]/usr/bin/git remote add origin https://github.com/rahoney/heliopause
2026-10-07T02:17:40.6840418Z ##[endgroup]
2026-10-07T02:17:40.6841562Z ##[group]Disabling automatic garbage collection
2026-10-07T02:17:40.6842396Z [command]/usr/bin/git config --local gc.auto 0
2026-10-07T02:17:40.6872118Z ##[endgroup]
2026-10-07T02:17:40.6873100Z ##[group]Setting up auth
2026-10-07T02:17:40.6873850Z Removing SSH command configuration
2026-10-07T02:17:40.6878396Z [command]/usr/bin/git config --local --name-only --get-regexp core\.sshCommand
2026-10-07T02:17:40.6910283Z [command]/usr/bin/git submodule foreach --recursive sh -c "git config --local --name-only --get-regexp 'core\.sshCommand' && git config --local --unset-all 'core.sshCommand' || :"
2026-10-07T02:17:40.7229819Z Removing HTTP extra header
2026-10-07T02:17:40.7234237Z [command]/usr/bin/git config --local --name-only --get-regexp http\.https\:\/\/github\.com\/\.extraheader
2026-10-07T02:17:40.7264497Z [command]/usr/bin/git submodule foreach --recursive sh -c "git config --local --name-only --get-regexp 'http\.https\:\/\/github\.com\/\.extraheader' && git config --local --unset-all 'http.https://github.com/.extraheader' || :"
2026-10-07T02:17:40.7452746Z Removing includeIf entries pointing to credentials config files
2026-10-07T02:17:40.7457979Z [command]/usr/bin/git config --local --name-only --get-regexp ^includeIf\.gitdir:
2026-10-07T02:17:40.7490698Z [command]/usr/bin/git submodule foreach --recursive git config --local --show-origin --name-only --get-regexp remote.origin.url
2026-10-07T02:17:40.7686553Z [command]/usr/bin/git config --file /home/runner/work/_temp/git-credentials-a0e109c7-f484-4a20-81f2-a412d32593a4.config http.https://github.com/.extraheader AUTHORIZATION: basic ***
2026-10-07T02:17:40.7721092Z [command]/usr/bin/git config --local includeIf.gitdir:/home/runner/work/heliopause/heliopause/.git.path /home/runner/work/_temp/git-credentials-a0e109c7-f484-4a20-81f2-a412d32593a4.config
2026-10-07T02:17:40.7751041Z [command]/usr/bin/git config --local includeIf.gitdir:/home/runner/work/heliopause/heliopause/.git/worktrees/*.path /home/runner/work/_temp/git-credentials-a0e109c7-f484-4a20-81f2-a412d32593a4.config
2026-10-07T02:17:40.7784212Z [command]/usr/bin/git config --local includeIf.gitdir:/github/workspace/.git.path /github/runner_temp/git-credentials-a0e109c7-f484-4a20-81f2-a412d32593a4.config
2026-10-07T02:17:40.7815049Z [command]/usr/bin/git config --local includeIf.gitdir:/github/workspace/.git/worktrees/*.path /github/runner_temp/git-credentials-a0e109c7-f484-4a20-81f2-a412d32593a4.config
2026-10-07T02:17:40.7844616Z ##[endgroup]
2026-10-07T02:17:40.7846345Z ##[group]Fetching the repository
2026-10-07T02:17:40.7850515Z [command]/usr/bin/git -c protocol.version=2 fetch --no-tags --prune --no-recurse-submodules --depth=1 origin +1a8d0dbd526a68e9a68f5dd10519f7937ed08a84:refs/remotes/pull/29/merge
2026-10-07T02:17:41.8498732Z From https://github.com/rahoney/heliopause
2026-10-07T02:17:41.8500350Z  * [new ref]         1a8d0dbd526a68e9a68f5dd10519f7937ed08a84 -> pull/29/merge
2026-10-07T02:17:41.8503839Z ##[endgroup]
2026-10-07T02:17:41.8505108Z ##[group]Determining the checkout info
2026-10-07T02:17:41.8506671Z ##[endgroup]
2026-10-07T02:17:41.8507838Z [command]/usr/bin/git sparse-checkout disable
2026-10-07T02:17:41.8557378Z [command]/usr/bin/git config --local --unset-all extensions.worktreeConfig
2026-10-07T02:17:41.8587130Z ##[group]Checking out the ref
2026-10-07T02:17:41.8590039Z [command]/usr/bin/git checkout --progress --force refs/remotes/pull/29/merge
2026-10-07T02:17:41.9576810Z Note: switching to 'refs/remotes/pull/29/merge'.
2026-10-07T02:17:41.9577890Z 
2026-10-07T02:17:41.9578692Z You are in 'detached HEAD' state. You can look around, make experimental
2026-10-07T02:17:41.9580410Z changes and commit them, and you can discard any commits you make in this
2026-10-07T02:17:41.9582426Z state without impacting any branches by switching back to a branch.
2026-10-07T02:17:41.9583596Z 
2026-10-07T02:17:41.9584354Z If you want to create a new branch to retain commits you create, you may
2026-10-07T02:17:41.9586362Z do so (now or later) by using -c with the switch command. Example:
2026-10-07T02:17:41.9587435Z 
2026-10-07T02:17:41.9587941Z   git switch -c <new-branch-name>
2026-10-07T02:17:41.9588952Z 
2026-10-07T02:17:41.9589519Z Or undo this operation with:
2026-10-07T02:17:41.9590516Z 
2026-10-07T02:17:41.9591086Z   git switch -
2026-10-07T02:17:41.9591856Z 
2026-10-07T02:17:41.9592831Z Turn off this advice by setting config variable advice.detachedHead to false
2026-10-07T02:17:41.9594264Z 
2026-10-07T02:17:41.9595855Z HEAD is now at 1a8d0db Merge d328756f0087624093808215d1fbedd47767ef58 into 62c3b595e8e27a4a1d836849643c372692a39b8b
2026-10-07T02:17:41.9600583Z ##[endgroup]
2026-10-07T02:17:41.9634159Z [command]/usr/bin/git log -1 --format=%H
2026-10-07T02:17:41.9660569Z 1a8d0dbd526a68e9a68f5dd10519f7937ed08a84
2026-10-07T02:17:41.9668701Z ##[group]Removing auth
2026-10-07T02:17:41.9670032Z Removing SSH command configuration
2026-10-07T02:17:41.9672023Z [command]/usr/bin/git config --local --name-only --get-regexp core\.sshCommand
2026-10-07T02:17:41.9705774Z [command]/usr/bin/git submodule foreach --recursive sh -c "git config --local --name-only --get-regexp 'core\.sshCommand' && git config --local --unset-all 'core.sshCommand' || :"
2026-10-07T02:17:41.9897545Z Removing HTTP extra header
2026-10-07T02:17:41.9900015Z [command]/usr/bin/git config --local --name-only --get-regexp http\.https\:\/\/github\.com\/\.extraheader
2026-10-07T02:17:41.9932328Z [command]/usr/bin/git submodule foreach --recursive sh -c "git config --local --name-only --get-regexp 'http\.https\:\/\/github\.com\/\.extraheader' && git config --local --unset-all 'http.https://github.com/.extraheader' || :"
2026-10-07T02:17:42.0125028Z Removing includeIf entries pointing to credentials config files
2026-10-07T02:17:42.0127418Z [command]/usr/bin/git config --local --name-only --get-regexp ^includeIf\.gitdir:
2026-10-07T02:17:42.0156354Z includeif.gitdir:/home/runner/work/heliopause/heliopause/.git.path
2026-10-07T02:17:42.0158415Z includeif.gitdir:/home/runner/work/heliopause/heliopause/.git/worktrees/*.path
2026-10-07T02:17:42.0160126Z includeif.gitdir:/github/workspace/.git.path
2026-10-07T02:17:42.0161396Z includeif.gitdir:/github/workspace/.git/worktrees/*.path
2026-10-07T02:17:42.0165423Z [command]/usr/bin/git config --local --get-all includeif.gitdir:/home/runner/work/heliopause/heliopause/.git.path
2026-10-07T02:17:42.0186804Z /home/runner/work/_temp/git-credentials-a0e109c7-f484-4a20-81f2-a412d32593a4.config
2026-10-07T02:17:42.0195688Z [command]/usr/bin/git config --local --unset includeif.gitdir:/home/runner/work/heliopause/heliopause/.git.path \/home\/runner\/work\/_temp\/git\-credentials\-a0e109c7\-f484\-4a20\-81f2\-a412d32593a4\.config
2026-10-07T02:17:42.0227598Z [command]/usr/bin/git config --local --get-all includeif.gitdir:/home/runner/work/heliopause/heliopause/.git/worktrees/*.path
2026-10-07T02:17:42.0255525Z /home/runner/work/_temp/git-credentials-a0e109c7-f484-4a20-81f2-a412d32593a4.config
2026-10-07T02:17:42.0263574Z [command]/usr/bin/git config --local --unset includeif.gitdir:/home/runner/work/heliopause/heliopause/.git/worktrees/*.path \/home\/runner\/work\/_temp\/git\-credentials\-a0e109c7\-f484\-4a20\-81f2\-a412d32593a4\.config
2026-10-07T02:17:42.0295828Z [command]/usr/bin/git config --local --get-all includeif.gitdir:/github/workspace/.git.path
2026-10-07T02:17:42.0318867Z /github/runner_temp/git-credentials-a0e109c7-f484-4a20-81f2-a412d32593a4.config
2026-10-07T02:17:42.0326000Z [command]/usr/bin/git config --local --unset includeif.gitdir:/github/workspace/.git.path \/github\/runner_temp\/git\-credentials\-a0e109c7\-f484\-4a20\-81f2\-a412d32593a4\.config
2026-10-07T02:17:42.0357249Z [command]/usr/bin/git config --local --get-all includeif.gitdir:/github/workspace/.git/worktrees/*.path
2026-10-07T02:17:42.0379760Z /github/runner_temp/git-credentials-a0e109c7-f484-4a20-81f2-a412d32593a4.config
2026-10-07T02:17:42.0432872Z [command]/usr/bin/git config --local --unset includeif.gitdir:/github/workspace/.git/worktrees/*.path \/github\/runner_temp\/git\-credentials\-a0e109c7\-f484\-4a20\-81f2\-a412d32593a4\.config
2026-10-07T02:17:42.0471695Z [command]/usr/bin/git submodule foreach --recursive git config --local --show-origin --name-only --get-regexp remote.origin.url
2026-10-07T02:17:42.0663589Z Removing credentials config '/home/runner/work/_temp/git-credentials-a0e109c7-f484-4a20-81f2-a412d32593a4.config'
2026-10-07T02:17:42.0671534Z ##[endgroup]
2026-10-07T02:17:42.0941219Z ##[group]Run actions/setup-go@b7ad1dad31e06c5925ef5d2fc7ad053ef454303e
2026-10-07T02:17:42.0942470Z with:
2026-10-07T02:17:42.0943182Z   go-version: 1.26.8
2026-10-07T02:17:42.0943982Z   check-latest: false
2026-10-07T02:17:42.0944777Z   cache: false
2026-10-07T02:17:42.0951598Z   token: ***
2026-10-07T02:17:42.0952318Z env:
2026-10-07T02:17:42.0953033Z   GOTOOLCHAIN: local
2026-10-07T02:17:42.0953802Z ##[endgroup]
2026-10-07T02:17:42.1909707Z Setup go version spec 1.26.8
2026-10-07T02:17:42.1922728Z Found in cache @ /opt/hostedtoolcache/go/1.26.8/x64
2026-10-07T02:17:42.1924127Z Added go to the path
2026-10-07T02:17:42.1925522Z Successfully set up Go version 1.26.8
2026-10-07T02:17:42.2703556Z go version go1.26.8 linux/amd64
2026-10-07T02:17:42.2704532Z 
2026-10-07T02:17:42.2706232Z ##[group]go env
2026-10-07T02:17:42.5209617Z AR='ar'
2026-10-07T02:17:42.5210569Z CC='gcc'
2026-10-07T02:17:42.5211498Z CGO_CFLAGS='-O2 -g'
2026-10-07T02:17:42.5212491Z CGO_CPPFLAGS=''
2026-10-07T02:17:42.5213682Z CGO_CXXFLAGS='-O2 -g'
2026-10-07T02:17:42.5214796Z CGO_ENABLED='1'
2026-10-07T02:17:42.5215910Z CGO_FFLAGS='-O2 -g'
2026-10-07T02:17:42.5216963Z CGO_LDFLAGS='-O2 -g'
2026-10-07T02:17:42.5217970Z CXX='g++'
2026-10-07T02:17:42.5218954Z GCCGO='gccgo'
2026-10-07T02:17:42.5219934Z GO111MODULE=''
2026-10-07T02:17:42.5220993Z GOAMD64='v1'
2026-10-07T02:17:42.5222010Z GOARCH='amd64'
2026-10-07T02:17:42.5223057Z GOAUTH='netrc'
2026-10-07T02:17:42.5224075Z GOBIN=''
2026-10-07T02:17:42.5225285Z GOCACHE='/home/runner/.cache/go-build'
2026-10-07T02:17:42.5226731Z GOCACHEPROG=''
2026-10-07T02:17:42.5227802Z GODEBUG=''
2026-10-07T02:17:42.5228870Z GOENV='/home/runner/.config/go/env'
2026-10-07T02:17:42.5230180Z GOEXE=''
2026-10-07T02:17:42.5231188Z GOEXPERIMENT=''
2026-10-07T02:17:42.5232252Z GOFIPS140='off'
2026-10-07T02:17:42.5233304Z GOFLAGS=''
2026-10-07T02:17:42.5236410Z GOGCCFLAGS='-fPIC -m64 -pthread -Wl,--no-gc-sections -fmessage-length=0 -ffile-prefix-map=/tmp/go-build3004796596=/tmp/go-build -gno-record-gcc-switches'
2026-10-07T02:17:42.5239604Z GOHOSTARCH='amd64'
2026-10-07T02:17:42.5240669Z GOHOSTOS='linux'
2026-10-07T02:17:42.5241663Z GOINSECURE=''
2026-10-07T02:17:42.5242917Z GOMOD='/home/runner/work/heliopause/heliopause/go.mod'
2026-10-07T02:17:42.5244491Z GOMODCACHE='/home/runner/go/pkg/mod'
2026-10-07T02:17:42.5245809Z GONOPROXY=''
2026-10-07T02:17:42.5247008Z GONOSUMDB=''
2026-10-07T02:17:42.5247895Z GOOS='linux'
2026-10-07T02:17:42.5248813Z GOPATH='/home/runner/go'
2026-10-07T02:17:42.5249858Z GOPRIVATE=''
2026-10-07T02:17:42.5250937Z GOPROXY='https://proxy.golang.org,direct'
2026-10-07T02:17:42.5252406Z GOROOT='/opt/hostedtoolcache/go/1.26.8/x64'
2026-10-07T02:17:42.5253694Z GOSUMDB='sum.golang.org'
2026-10-07T02:17:42.5254773Z GOTELEMETRY='local'
2026-10-07T02:17:42.5256014Z GOTELEMETRYDIR='/home/runner/.config/go/telemetry'
2026-10-07T02:17:42.5257390Z GOTMPDIR=''
2026-10-07T02:17:42.5258288Z GOTOOLCHAIN='local'
2026-10-07T02:17:42.5259686Z GOTOOLDIR='/opt/hostedtoolcache/go/1.26.8/x64/pkg/tool/linux_amd64'
2026-10-07T02:17:42.5261257Z GOVCS=''
2026-10-07T02:17:42.5262132Z GOVERSION='go1.26.8'
2026-10-07T02:17:42.5263056Z GOWORK=''
2026-10-07T02:17:42.5264074Z PKG_CONFIG='pkg-config'
2026-10-07T02:17:42.5264815Z 
2026-10-07T02:17:42.5266305Z ##[endgroup]
2026-10-07T02:17:42.5373318Z ##[group]Run go run ./scripts/check bootstrap-modules
2026-10-07T02:17:42.5374528Z [36;1mgo run ./scripts/check bootstrap-modules[0m
2026-10-07T02:17:42.5596880Z shell: /usr/bin/bash -e {0}
2026-10-07T02:17:42.5597748Z env:
2026-10-07T02:17:42.5598409Z   GOTOOLCHAIN: local
2026-10-07T02:17:42.5599128Z ##[endgroup]
2026-10-07T02:17:42.5907370Z go: downloading go.yaml.in/yaml/v3 v3.0.4
2026-10-07T02:17:53.2341025Z [check] prepare module cache
2026-10-07T02:17:53.2342138Z [check] download product modules
2026-10-07T02:17:54.5679875Z ##[group]Run python3 scripts/prepare-wheel-corpus.py --root "$HELOX_CORPUS_ROOT"
2026-10-07T02:17:54.5680387Z [36;1mpython3 scripts/prepare-wheel-corpus.py --root "$HELOX_CORPUS_ROOT"[0m
2026-10-07T02:17:54.5736175Z shell: /usr/bin/bash -e {0}
2026-10-07T02:17:54.5736395Z env:
2026-10-07T02:17:54.5736587Z   GOTOOLCHAIN: local
2026-10-07T02:17:54.5736831Z   HELOX_CORPUS_ROOT: /home/runner/work/_temp/wheel-corpus
2026-10-07T02:17:54.5737105Z ##[endgroup]
2026-10-07T02:17:54.7888438Z setuptools-84.0.0-py3-none-any.whl 51a52592b3b99e102b609654876bd65f19f999935166d1352678931132b0c670 https://files.pythonhosted.org/packages/95/9c/c510029fc6ef33a6275cd2c5d3cecd6613dfd6aa401d57c54f1c18852ccf/setuptools-84.0.0-py3-none-any.whl
2026-10-07T02:17:54.8702118Z filelock-4.0.3-py3-none-any.whl 30cd166e2aee2c7534ce2c33c6367c4cd051b8368e20e2c4eb0c34f699bacfab https://files.pythonhosted.org/packages/7a/6d/db8b86e168fef0cf904737e275bccb683558088ef971e92d3b41ce980699/filelock-4.0.3-py3-none-any.whl
2026-10-07T02:17:54.9799497Z filelock-4.0.4-py3-none-any.whl 0df72be195ca7892216d16f2edce8d9b93a571f02402972020a8cff84c594c7b https://files.pythonhosted.org/packages/bc/ac/8b9c6dc2aa7e9cf5582e20a337006c3428c3d752c2255dbaca2c78a8be45/filelock-4.0.4-py3-none-any.whl
2026-10-07T02:17:55.0868167Z sympy-1.14.0-py3-none-any.whl e091cc3e99d2141a0ba2847328f5479b05d94a6635cb96148ccb3f34671bd8f5 https://files.pythonhosted.org/packages/a2/09/77d55d46fd61b4a135c444fc97158ef34a095e5681d0a6c10b75bf356191/sympy-1.14.0-py3-none-any.whl
2026-10-07T02:17:55.1090563Z markupsafe-3.0.3-cp314-cp314-manylinux2014_x86_64.manylinux_2_17_x86_64.manylinux_2_28_x86_64.whl 457a69a9577064c05a97c41f4e65148652db078a3a509039e64d3467b9e7ef97 https://files.pythonhosted.org/packages/41/3c/a36c2450754618e62008bf7435ccb0f88053e07592e6028a34776213d877/markupsafe-3.0.3-cp314-cp314-manylinux2014_x86_64.manylinux_2_17_x86_64.manylinux_2_28_x86_64.whl
2026-10-07T02:17:55.1972684Z haa-cu126-toolkit-audit.whl 79d8605baeb6c2f695761e0efb54bc62dbc3c9e32eb0742df7669c07befaa8f7 https://files.pythonhosted.org/packages/ad/88/2dbc37975fffb874418b14380418a1b99cb36f2101fd1d08c54e06ee8c95/cuda_toolkit-12.6.3-py2.py3-none-any.whl
2026-10-07T02:17:56.9478236Z haa-cu126-first-nccl.whl 35ad42e7d5d722a83c36a3a478e281c20a5646383deaf1b9ed1a9ab7d61bed53 https://files.pythonhosted.org/packages/31/5a/cac7d231f322b66caa16fd4b136ebc8e4b18b2805811c2d58dc47210cdea/nvidia_nccl_cu12-2.29.3-py3-none-manylinux_2_18_x86_64.whl
2026-10-07T02:17:58.0906459Z haa-cu126-first-cufft.whl ccba62eb9cef5559abd5e0d54ceed2d9934030f51163df018532142a8ec533e5 https://files.pythonhosted.org/packages/8f/16/73727675941ab8e6ffd86ca3a4b7b47065edcca7a997920b831f8147c99d/nvidia_cufft_cu12-11.3.0.4-py3-none-manylinux2014_x86_64.manylinux_2_17_x86_64.whl
2026-10-07T02:17:58.1922287Z cuda_pathfinder-1.8.2-py3-none-any.whl 4e65059febdb4d19d5cbc4798677e19db2b582f2f702f457b609e571690d357e https://files.pythonhosted.org/packages/98/59/239c7259e669c46ddbcac0aa60e3a0ef00bfeaaa687f905b24dd6a7a10fe/cuda_pathfinder-1.8.2-py3-none-any.whl
2026-10-07T02:17:58.4420318Z cuda_bindings-12.9.9-cp314-cp314-manylinux_2_24_x86_64.manylinux_2_28_x86_64.whl 94e4f9bd6b9b21aad545e0d441707094e4ff88ab420d62b85fcdc8b6da1e039f https://files.pythonhosted.org/packages/e3/95/182a020efbe1bade0de1f5ec0d3e4101cb6deba7216b219f07ce08fa6146/cuda_bindings-12.9.9-cp314-cp314-manylinux_2_24_x86_64.manylinux_2_28_x86_64.whl
2026-10-07T02:17:58.4612588Z haa-cu130-toolkit-audit.whl d693caaa261214ddd7dbb60d68e71cbed884e68c2be7509778f3051da0b91c3f https://files.pythonhosted.org/packages/d1/c7/a79086a62c98befcdb8349656c6f114e2db3b8b2422f6e25c97a7f2a9a3c/cuda_toolkit-13.0.3.0-py2.py3-none-any.whl
2026-10-07T02:17:58.6376601Z haa-cu130-cupti-audit.whl 4eb01c08e859bf924d222250d2e8f8b8ff6d3db4721288cf35d14252a4d933c8 https://files.pythonhosted.org/packages/33/6d/737d164b4837a9bbd202f5ae3078975f0525a55730fe871d8ed4e3b952b0/nvidia_cuda_cupti-13.0.85-py3-none-manylinux_2_25_x86_64.whl
2026-10-07T02:17:58.7166019Z cuda_bindings-13.4.3-cp314-cp314-manylinux_2_24_x86_64.manylinux_2_28_x86_64.whl bbacde6f75665b197016b986164cfdaa33b17515e5e635a63ddb75926aaa71c3 https://files.pythonhosted.org/packages/a3/49/7a3769c43e432b0434dd46424058b47af4347167f0dfca1ecb27e2de92a1/cuda_bindings-13.4.3-cp314-cp314-manylinux_2_24_x86_64.manylinux_2_28_x86_64.whl
2026-10-07T02:17:58.7781825Z haa-cu132-toolkit-audit.whl 646d0e3668ce6f78f2312bb9cc0f668b9cbfcbef187eaa6a39eb2ea6dbec2a31 https://files.pythonhosted.org/packages/bd/6a/f79c134fa8e6d5fe028584933be063ce7961b1a85ce217f261cdda176e48/cuda_toolkit-13.2.1-py2.py3-none-any.whl
2026-10-07T02:17:59.0388734Z haa-cu132-cupti-audit.whl f75aca6bef89c625a4076a820302bb06764daa1d21595286f6bee5e237d3a187 https://files.pythonhosted.org/packages/b7/2d/cbf8f6288259c502165282fdaa2b733daae98434e3f2aee2b7952ba87c6f/nvidia_cuda_cupti-13.2.75-py3-none-manylinux_2_25_x86_64.whl
2026-10-07T02:17:59.0778465Z networkx-3.6.1-py3-none-any.whl d47fbf302e7d9cbbb9e2555a0d267983d2aa476bac30e90dfbe5669bd57f3762 https://files.pythonhosted.org/packages/9e/c9/b2622292ea83fbb4ec318f5b9ab867d0a28ab43c5717bb85b0a5f6b3b0a4/networkx-3.6.1-py3-none-any.whl
2026-10-07T02:17:59.0820814Z cuda_bindings-13.4.3-cp314-cp314-manylinux_2_24_x86_64.manylinux_2_28_x86_64.whl bbacde6f75665b197016b986164cfdaa33b17515e5e635a63ddb75926aaa71c3 verified existing
2026-10-07T02:17:59.1754326Z networkx-3.7-py3-none-any.whl e3fd2c13a7814cee3746340d8d7f8598a67f16a58bf47fb7f8793fab6efca1b0 https://files.pythonhosted.org/packages/7e/cd/fe58041e9011f307c490e3e17dd48cc516448f7c698a3f2d9d9d65d7e6a8/networkx-3.7-py3-none-any.whl
2026-10-07T02:17:59.2319705Z jinja2-3.1.6-py3-none-any.whl 85ece4451f492d0c13c5dd7c13a64681a86afae63a5f347908daf103ce6d2f67 https://files.pythonhosted.org/packages/62/a1/3d680cbfd5f4b8f15abc1d571870c5fc3e594bb582bc3b64ea099db13e56/jinja2-3.1.6-py3-none-any.whl
2026-10-07T02:17:59.3207512Z ##[group]Run go run ./scripts/check corpus
2026-10-07T02:17:59.3207884Z [36;1mgo run ./scripts/check corpus[0m
2026-10-07T02:17:59.3262608Z shell: /usr/bin/bash -e {0}
2026-10-07T02:17:59.3262825Z env:
2026-10-07T02:17:59.3262984Z   GOTOOLCHAIN: local
2026-10-07T02:17:59.3263215Z   HELOX_CORPUS_ROOT: /home/runner/work/_temp/wheel-corpus
2026-10-07T02:17:59.3263472Z ##[endgroup]
2026-10-07T02:18:20.0077081Z === RUN   TestModelC_MissingCorpusDirectoryFails
2026-10-07T02:18:20.0077556Z --- PASS: TestModelC_MissingCorpusDirectoryFails (0.00s)
2026-10-07T02:18:20.0078010Z === RUN   TestModelC_CorpusHashMismatchFails
2026-10-07T02:18:20.0078405Z --- PASS: TestModelC_CorpusHashMismatchFails (0.00s)
2026-10-07T02:18:20.0078811Z === RUN   TestModelC_RealCorpusQualification
2026-10-07T02:18:20.0079709Z === RUN   TestModelC_RealCorpusQualification/setuptools-84.0.0-py3-none-any.whl
2026-10-07T02:18:20.0080637Z     real_corpus_integration_test.go:77: setuptools-84.0.0-py3-none-any.whl profile=pytorch:cpu direct=24 units=26
2026-10-07T02:18:20.0081171Z === RUN   TestModelC_RealCorpusQualification/filelock-4.0.3-py3-none-any.whl
2026-10-07T02:18:20.0081845Z     real_corpus_integration_test.go:77: filelock-4.0.3-py3-none-any.whl profile=pytorch:cpu direct=1 units=1
2026-10-07T02:18:20.0082327Z === RUN   TestModelC_RealCorpusQualification/filelock-4.0.4-py3-none-any.whl
2026-10-07T02:18:20.0082868Z     real_corpus_integration_test.go:77: filelock-4.0.4-py3-none-any.whl profile=pytorch:cpu direct=1 units=1
2026-10-07T02:18:20.0083328Z === RUN   TestModelC_RealCorpusQualification/sympy-1.14.0-py3-none-any.whl
2026-10-07T02:18:20.0083871Z     real_corpus_integration_test.go:77: sympy-1.14.0-py3-none-any.whl profile=pytorch:cpu direct=2 units=2
2026-10-07T02:18:20.0084523Z === RUN   TestModelC_RealCorpusQualification/markupsafe-3.0.3-cp314-cp314-manylinux2014_x86_64.manylinux_2_17_x86_64.manylinux_2_28_x86_64.whl
2026-10-07T02:18:20.0085654Z     real_corpus_integration_test.go:77: markupsafe-3.0.3-cp314-cp314-manylinux2014_x86_64.manylinux_2_17_x86_64.manylinux_2_28_x86_64.whl profile=pytorch:cpu direct=2 units=2
2026-10-07T02:18:20.0086293Z === RUN   TestModelC_RealCorpusQualification/haa-cu126-toolkit-audit.whl
2026-10-07T02:18:20.0086913Z     real_corpus_integration_test.go:77: cuda_toolkit-12.6.3-py2.py3-none-any.whl profile=pytorch:cu126 direct=0 units=0
2026-10-07T02:18:20.0087389Z === RUN   TestModelC_RealCorpusQualification/haa-cu126-first-nccl.whl
2026-10-07T02:18:20.0088019Z     real_corpus_integration_test.go:77: nvidia_nccl_cu12-2.29.3-py3-none-manylinux_2_18_x86_64.whl profile=pytorch:cu126 direct=0 units=0
2026-10-07T02:18:20.0088541Z === RUN   TestModelC_RealCorpusQualification/haa-cu126-first-cufft.whl
2026-10-07T02:18:20.0089234Z     real_corpus_integration_test.go:77: nvidia_cufft_cu12-11.3.0.4-py3-none-manylinux2014_x86_64.manylinux_2_17_x86_64.whl profile=pytorch:cu126 direct=1 units=1
2026-10-07T02:18:20.0089852Z === RUN   TestModelC_RealCorpusQualification/cuda_pathfinder-1.8.2-py3-none-any.whl
2026-10-07T02:18:20.0090452Z     real_corpus_integration_test.go:77: cuda_pathfinder-1.8.2-py3-none-any.whl profile=pytorch:cu126 direct=1 units=1
2026-10-07T02:18:20.0091072Z === RUN   TestModelC_RealCorpusQualification/cuda_bindings-12.9.9-cp314-cp314-manylinux_2_24_x86_64.manylinux_2_28_x86_64.whl
2026-10-07T02:18:20.0091921Z     real_corpus_integration_test.go:77: cuda_bindings-12.9.9-cp314-cp314-manylinux_2_24_x86_64.manylinux_2_28_x86_64.whl profile=pytorch:cu126 direct=34 units=36
2026-10-07T02:18:20.0092526Z === RUN   TestModelC_RealCorpusQualification/haa-cu130-toolkit-audit.whl
2026-10-07T02:18:20.0093121Z     real_corpus_integration_test.go:77: cuda_toolkit-13.0.3.0-py2.py3-none-any.whl profile=pytorch:cu130 direct=0 units=0
2026-10-07T02:18:20.0093606Z === RUN   TestModelC_RealCorpusQualification/haa-cu130-cupti-audit.whl
2026-10-07T02:18:20.0094534Z     real_corpus_integration_test.go:77: nvidia_cuda_cupti-13.0.85-py3-none-manylinux_2_25_x86_64.whl profile=pytorch:cu130 direct=0 units=0
2026-10-07T02:18:20.0095425Z === RUN   TestModelC_RealCorpusQualification/cuda_bindings-13.4.3-cp314-cp314-manylinux_2_24_x86_64.manylinux_2_28_x86_64.whl
2026-10-07T02:18:20.0096281Z     real_corpus_integration_test.go:77: cuda_bindings-13.4.3-cp314-cp314-manylinux_2_24_x86_64.manylinux_2_28_x86_64.whl profile=pytorch:cu130 direct=31 units=31
2026-10-07T02:18:20.0096873Z === RUN   TestModelC_RealCorpusQualification/haa-cu132-toolkit-audit.whl
2026-10-07T02:18:20.0097468Z     real_corpus_integration_test.go:77: cuda_toolkit-13.2.1-py2.py3-none-any.whl profile=pytorch:cu132 direct=0 units=0
2026-10-07T02:18:20.0097940Z === RUN   TestModelC_RealCorpusQualification/haa-cu132-cupti-audit.whl
2026-10-07T02:18:20.0098589Z     real_corpus_integration_test.go:77: nvidia_cuda_cupti-13.2.75-py3-none-manylinux_2_25_x86_64.whl profile=pytorch:cu132 direct=0 units=0
2026-10-07T02:18:20.0099280Z === RUN   TestModelC_RealCorpusQualification/networkx-3.6.1-py3-none-any.whl
2026-10-07T02:18:20.0099858Z     real_corpus_integration_test.go:77: networkx-3.6.1-py3-none-any.whl profile=pytorch:cpu direct=2 units=2
2026-10-07T02:18:20.0100510Z === RUN   TestModelC_RealCorpusQualification/cuda_bindings-13.4.3-cp314-cp314-manylinux_2_24_x86_64.manylinux_2_28_x86_64.whl#01
2026-10-07T02:18:20.0101375Z     real_corpus_integration_test.go:77: cuda_bindings-13.4.3-cp314-cp314-manylinux_2_24_x86_64.manylinux_2_28_x86_64.whl profile=pytorch:cu132 direct=31 units=31
2026-10-07T02:18:20.0101979Z === RUN   TestModelC_RealCorpusQualification/networkx-3.7-py3-none-any.whl
2026-10-07T02:18:20.0102539Z     real_corpus_integration_test.go:77: networkx-3.7-py3-none-any.whl profile=pytorch:cpu direct=2 units=2
2026-10-07T02:18:20.0102991Z === RUN   TestModelC_RealCorpusQualification/jinja2-3.1.6-py3-none-any.whl
2026-10-07T02:18:20.0103507Z     real_corpus_integration_test.go:77: jinja2-3.1.6-py3-none-any.whl profile=pytorch:cpu direct=2 units=2
2026-10-07T02:18:20.0103915Z === NAME  TestModelC_RealCorpusQualification
2026-10-07T02:18:20.0104503Z     real_corpus_integration_test.go:83: REAL_CORPUS_CLASSIFICATION: REPRESENTATIVE_REAL_CORPUS (19 authenticated packages verified)
2026-10-07T02:18:20.0104991Z --- PASS: TestModelC_RealCorpusQualification (7.40s)
2026-10-07T02:18:20.0106020Z     --- PASS: TestModelC_RealCorpusQualification/setuptools-84.0.0-py3-none-any.whl (0.02s)
2026-10-07T02:18:20.0106948Z     --- PASS: TestModelC_RealCorpusQualification/filelock-4.0.3-py3-none-any.whl (0.00s)
2026-10-07T02:18:20.0107825Z     --- PASS: TestModelC_RealCorpusQualification/filelock-4.0.4-py3-none-any.whl (0.00s)
2026-10-07T02:18:20.0108689Z     --- PASS: TestModelC_RealCorpusQualification/sympy-1.14.0-py3-none-any.whl (0.13s)
2026-10-07T02:18:20.0109938Z     --- PASS: TestModelC_RealCorpusQualification/markupsafe-3.0.3-cp314-cp314-manylinux2014_x86_64.manylinux_2_17_x86_64.manylinux_2_28_x86_64.whl (0.00s)
2026-10-07T02:18:20.0111000Z     --- PASS: TestModelC_RealCorpusQualification/haa-cu126-toolkit-audit.whl (0.00s)
2026-10-07T02:18:20.0111772Z     --- PASS: TestModelC_RealCorpusQualification/haa-cu126-first-nccl.whl (3.87s)
2026-10-07T02:18:20.0112508Z     --- PASS: TestModelC_RealCorpusQualification/haa-cu126-first-cufft.whl (2.24s)
2026-10-07T02:18:20.0113481Z     --- PASS: TestModelC_RealCorpusQualification/cuda_pathfinder-1.8.2-py3-none-any.whl (0.00s)
2026-10-07T02:18:20.0114724Z     --- PASS: TestModelC_RealCorpusQualification/cuda_bindings-12.9.9-cp314-cp314-manylinux_2_24_x86_64.manylinux_2_28_x86_64.whl (0.13s)
2026-10-07T02:18:20.0115910Z     --- PASS: TestModelC_RealCorpusQualification/haa-cu130-toolkit-audit.whl (0.00s)
2026-10-07T02:18:20.0116634Z     --- PASS: TestModelC_RealCorpusQualification/haa-cu130-cupti-audit.whl (0.35s)
2026-10-07T02:18:20.0117646Z     --- PASS: TestModelC_RealCorpusQualification/cuda_bindings-13.4.3-cp314-cp314-manylinux_2_24_x86_64.manylinux_2_28_x86_64.whl (0.11s)
2026-10-07T02:18:20.0136284Z     --- PASS: TestModelC_RealCorpusQualification/haa-cu132-toolkit-audit.whl (0.00s)
2026-10-07T02:18:20.0137294Z     --- PASS: TestModelC_RealCorpusQualification/haa-cu132-cupti-audit.whl (0.34s)
2026-10-07T02:18:20.0138060Z     --- PASS: TestModelC_RealCorpusQualification/networkx-3.6.1-py3-none-any.whl (0.04s)
2026-10-07T02:18:20.0139184Z     --- PASS: TestModelC_RealCorpusQualification/cuda_bindings-13.4.3-cp314-cp314-manylinux_2_24_x86_64.manylinux_2_28_x86_64.whl#01 (0.11s)
2026-10-07T02:18:20.0140223Z     --- PASS: TestModelC_RealCorpusQualification/networkx-3.7-py3-none-any.whl (0.04s)
2026-10-07T02:18:20.0141080Z     --- PASS: TestModelC_RealCorpusQualification/jinja2-3.1.6-py3-none-any.whl (0.00s)
2026-10-07T02:18:20.0141605Z PASS
2026-10-07T02:18:20.0141998Z ok  	github.com/rahoney/heliopause/internal/artifact/pypi	7.402s
2026-10-07T02:18:20.0218540Z Post job cleanup.
2026-10-07T02:18:20.1282897Z Post job cleanup.
2026-10-07T02:18:20.1974110Z [command]/usr/bin/git version
2026-10-07T02:18:20.2008790Z git version 2.55.0
2026-10-07T02:18:20.2034866Z Temporarily overriding HOME='/home/runner/work/_temp/b57c1135-01b2-4429-8967-e2889081456a' before making global git config changes
2026-10-07T02:18:20.2036027Z Adding repository directory to the temporary git global config as a safe directory
2026-10-07T02:18:20.2040430Z [command]/usr/bin/git config --global --add safe.directory /home/runner/work/heliopause/heliopause
2026-10-07T02:18:20.2065383Z Removing SSH command configuration
2026-10-07T02:18:20.2070614Z [command]/usr/bin/git config --local --name-only --get-regexp core\.sshCommand
2026-10-07T02:18:20.2098667Z [command]/usr/bin/git submodule foreach --recursive sh -c "git config --local --name-only --get-regexp 'core\.sshCommand' && git config --local --unset-all 'core.sshCommand' || :"
2026-10-07T02:18:20.2306762Z Removing HTTP extra header
2026-10-07T02:18:20.2311475Z [command]/usr/bin/git config --local --name-only --get-regexp http\.https\:\/\/github\.com\/\.extraheader
2026-10-07T02:18:20.2339972Z [command]/usr/bin/git submodule foreach --recursive sh -c "git config --local --name-only --get-regexp 'http\.https\:\/\/github\.com\/\.extraheader' && git config --local --unset-all 'http.https://github.com/.extraheader' || :"
2026-10-07T02:18:20.2542504Z Removing includeIf entries pointing to credentials config files
2026-10-07T02:18:20.2547838Z [command]/usr/bin/git config --local --name-only --get-regexp ^includeIf\.gitdir:
2026-10-07T02:18:20.2577544Z [command]/usr/bin/git submodule foreach --recursive git config --local --show-origin --name-only --get-regexp remote.origin.url
2026-10-07T02:18:20.2921347Z Cleaning up orphan processes
