2026-10-07T01:05:07.7026471Z Current runner version: '2.337.0'
2026-10-07T01:05:07.7054417Z ##[group]Runner Image Provisioner
2026-10-07T01:05:07.7055271Z Hosted Compute Agent
2026-10-07T01:05:07.7055851Z Version: 20261002.596
2026-10-07T01:05:07.7056535Z Commit: c3d12f3313a95f25162a1503be624f3b0617f8c0
2026-10-07T01:05:07.7057299Z Build Date: 2026-10-02T22:28:27Z
2026-10-07T01:05:07.7057973Z Worker ID: {a6821278-fee8-40ad-a27f-d47a901384a1}
2026-10-07T01:05:07.7058808Z Region: eastus
2026-10-07T01:05:07.7059358Z Cloud: Azure
2026-10-07T01:05:07.7059980Z ##[endgroup]
2026-10-07T01:05:07.7061483Z ##[group]Operating System
2026-10-07T01:05:07.7062178Z Ubuntu
2026-10-07T01:05:07.7062725Z 24.04.5
2026-10-07T01:05:07.7063707Z LTS
2026-10-07T01:05:07.7064328Z ##[endgroup]
2026-10-07T01:05:07.7064945Z ##[group]Runner Image
2026-10-07T01:05:07.7065522Z Image: ubuntu-24.04
2026-10-07T01:05:07.7066165Z Version: 20261004.327.1
2026-10-07T01:05:07.7067415Z Included Software: https://github.com/actions/runner-images/blob/ubuntu24/20261004.327/images/ubuntu/Ubuntu2404-Readme.md
2026-10-07T01:05:07.7069586Z Image Release: https://github.com/actions/runner-images/releases/tag/ubuntu24%2F20261004.327
2026-10-07T01:05:07.7070596Z ##[endgroup]
2026-10-07T01:05:07.7071769Z ##[group]GITHUB_TOKEN Permissions
2026-10-07T01:05:07.7074267Z Contents: read
2026-10-07T01:05:07.7075027Z Metadata: read
2026-10-07T01:05:07.7075615Z ##[endgroup]
2026-10-07T01:05:07.7078149Z Secret source: Actions
2026-10-07T01:05:07.7079171Z Cache mode: write
2026-10-07T01:05:07.7079886Z Prepare workflow directory
2026-10-07T01:05:07.7485118Z Prepare all required actions
2026-10-07T01:05:07.7532516Z Getting action download info
2026-10-07T01:05:07.9901838Z Download action repository 'actions/checkout@3d3c42e5aac5ba805825da76410c181273ba90b1' (SHA:3d3c42e5aac5ba805825da76410c181273ba90b1)
2026-10-07T01:05:08.0947394Z Download action repository 'actions/setup-go@b7ad1dad31e06c5925ef5d2fc7ad053ef454303e' (SHA:b7ad1dad31e06c5925ef5d2fc7ad053ef454303e)
2026-10-07T01:05:08.3625784Z Complete job name: Docs
2026-10-07T01:05:08.4382642Z ##[group]Run actions/checkout@3d3c42e5aac5ba805825da76410c181273ba90b1
2026-10-07T01:05:08.4383965Z with:
2026-10-07T01:05:08.4384413Z   persist-credentials: false
2026-10-07T01:05:08.4384950Z   repository: rahoney/heliopause
2026-10-07T01:05:08.4388661Z   token: ***
2026-10-07T01:05:08.4389089Z   ssh-strict: true
2026-10-07T01:05:08.4389523Z   ssh-user: git
2026-10-07T01:05:08.4389951Z   clean: true
2026-10-07T01:05:08.4390394Z   sparse-checkout-cone-mode: true
2026-10-07T01:05:08.4390925Z   fetch-depth: 1
2026-10-07T01:05:08.4391369Z   fetch-tags: false
2026-10-07T01:05:08.4391830Z   show-progress: true
2026-10-07T01:05:08.4392288Z   lfs: false
2026-10-07T01:05:08.4392703Z   submodules: false
2026-10-07T01:05:08.4393321Z   set-safe-directory: true
2026-10-07T01:05:08.4393837Z   allow-unsafe-pr-checkout: false
2026-10-07T01:05:08.4394596Z env:
2026-10-07T01:05:08.4395008Z   GOTOOLCHAIN: local
2026-10-07T01:05:08.4395461Z ##[endgroup]
2026-10-07T01:05:08.5416209Z Syncing repository: rahoney/heliopause
2026-10-07T01:05:08.5418378Z ##[group]Getting Git version info
2026-10-07T01:05:08.5419423Z Working directory is '/home/runner/work/heliopause/heliopause'
2026-10-07T01:05:08.5420468Z [command]/usr/bin/git version
2026-10-07T01:05:08.5492555Z git version 2.55.0
2026-10-07T01:05:08.5522183Z ##[endgroup]
2026-10-07T01:05:08.5534842Z Temporarily overriding HOME='/home/runner/work/_temp/8f6bacdb-c86c-427d-8beb-22d31bc9856b' before making global git config changes
2026-10-07T01:05:08.5537336Z Adding repository directory to the temporary git global config as a safe directory
2026-10-07T01:05:08.5541166Z [command]/usr/bin/git config --global --add safe.directory /home/runner/work/heliopause/heliopause
2026-10-07T01:05:08.5613168Z Deleting the contents of '/home/runner/work/heliopause/heliopause'
2026-10-07T01:05:08.5616351Z ##[group]Determining repository object format
2026-10-07T01:05:08.5618273Z ##[endgroup]
2026-10-07T01:05:08.5619194Z ##[group]Initializing the repository
2026-10-07T01:05:08.5632391Z [command]/usr/bin/git init /home/runner/work/heliopause/heliopause
2026-10-07T01:05:08.5767209Z hint: Using 'master' as the name for the initial branch. This default branch name
2026-10-07T01:05:08.5768996Z hint: will change to "main" in Git 3.0. To configure the initial branch name
2026-10-07T01:05:08.5770592Z hint: to use in all of your new repositories, which will suppress this warning,
2026-10-07T01:05:08.5771546Z hint: call:
2026-10-07T01:05:08.5771955Z hint:
2026-10-07T01:05:08.5772480Z hint: 	git config --global init.defaultBranch <name>
2026-10-07T01:05:08.5773386Z hint:
2026-10-07T01:05:08.5774255Z hint: Names commonly chosen instead of 'master' are 'main', 'trunk' and
2026-10-07T01:05:08.5775742Z hint: 'development'. The just-created branch can be renamed via this command:
2026-10-07T01:05:08.5776515Z hint:
2026-10-07T01:05:08.5776956Z hint: 	git branch -m <name>
2026-10-07T01:05:08.5777451Z hint:
2026-10-07T01:05:08.5778119Z hint: Disable this message with "git config set advice.defaultBranchName false"
2026-10-07T01:05:08.5779737Z Initialized empty Git repository in /home/runner/work/heliopause/heliopause/.git/
2026-10-07T01:05:08.5782602Z [command]/usr/bin/git remote add origin https://github.com/rahoney/heliopause
2026-10-07T01:05:08.5844255Z ##[endgroup]
2026-10-07T01:05:08.5845555Z ##[group]Disabling automatic garbage collection
2026-10-07T01:05:08.5848436Z [command]/usr/bin/git config --local gc.auto 0
2026-10-07T01:05:08.5883609Z ##[endgroup]
2026-10-07T01:05:08.5884372Z ##[group]Setting up auth
2026-10-07T01:05:08.5885115Z Removing SSH command configuration
2026-10-07T01:05:08.5914621Z [command]/usr/bin/git config --local --name-only --get-regexp core\.sshCommand
2026-10-07T01:05:08.5935032Z [command]/usr/bin/git submodule foreach --recursive sh -c "git config --local --name-only --get-regexp 'core\.sshCommand' && git config --local --unset-all 'core.sshCommand' || :"
2026-10-07T01:05:08.6378131Z Removing HTTP extra header
2026-10-07T01:05:08.6384354Z [command]/usr/bin/git config --local --name-only --get-regexp http\.https\:\/\/github\.com\/\.extraheader
2026-10-07T01:05:08.6419827Z [command]/usr/bin/git submodule foreach --recursive sh -c "git config --local --name-only --get-regexp 'http\.https\:\/\/github\.com\/\.extraheader' && git config --local --unset-all 'http.https://github.com/.extraheader' || :"
2026-10-07T01:05:08.6634746Z Removing includeIf entries pointing to credentials config files
2026-10-07T01:05:08.6639862Z [command]/usr/bin/git config --local --name-only --get-regexp ^includeIf\.gitdir:
2026-10-07T01:05:08.6695258Z [command]/usr/bin/git submodule foreach --recursive git config --local --show-origin --name-only --get-regexp remote.origin.url
2026-10-07T01:05:08.6925350Z [command]/usr/bin/git config --file /home/runner/work/_temp/git-credentials-621604e3-34e5-4c5a-871c-9275ec2f0f0c.config http.https://github.com/.extraheader AUTHORIZATION: basic ***
2026-10-07T01:05:08.6971930Z [command]/usr/bin/git config --local includeIf.gitdir:/home/runner/work/heliopause/heliopause/.git.path /home/runner/work/_temp/git-credentials-621604e3-34e5-4c5a-871c-9275ec2f0f0c.config
2026-10-07T01:05:08.7012080Z [command]/usr/bin/git config --local includeIf.gitdir:/home/runner/work/heliopause/heliopause/.git/worktrees/*.path /home/runner/work/_temp/git-credentials-621604e3-34e5-4c5a-871c-9275ec2f0f0c.config
2026-10-07T01:05:08.7054756Z [command]/usr/bin/git config --local includeIf.gitdir:/github/workspace/.git.path /github/runner_temp/git-credentials-621604e3-34e5-4c5a-871c-9275ec2f0f0c.config
2026-10-07T01:05:08.7097302Z [command]/usr/bin/git config --local includeIf.gitdir:/github/workspace/.git/worktrees/*.path /github/runner_temp/git-credentials-621604e3-34e5-4c5a-871c-9275ec2f0f0c.config
2026-10-07T01:05:08.7136754Z ##[endgroup]
2026-10-07T01:05:08.7138137Z ##[group]Fetching the repository
2026-10-07T01:05:08.7145384Z [command]/usr/bin/git -c protocol.version=2 fetch --no-tags --prune --no-recurse-submodules --depth=1 origin +bb28b4744d6d124169c26e8dba77f4ef8c832db2:refs/remotes/origin/milestone/m12-go-cargo-terraform
2026-10-07T01:05:09.2798907Z From https://github.com/rahoney/heliopause
2026-10-07T01:05:09.2801309Z  * [new ref]         bb28b4744d6d124169c26e8dba77f4ef8c832db2 -> origin/milestone/m12-go-cargo-terraform
2026-10-07T01:05:09.2808628Z [command]/usr/bin/git branch --list --remote origin/milestone/m12-go-cargo-terraform
2026-10-07T01:05:09.2839830Z   origin/milestone/m12-go-cargo-terraform
2026-10-07T01:05:09.2849800Z [command]/usr/bin/git rev-parse refs/remotes/origin/milestone/m12-go-cargo-terraform
2026-10-07T01:05:09.2877788Z bb28b4744d6d124169c26e8dba77f4ef8c832db2
2026-10-07T01:05:09.2885877Z ##[endgroup]
2026-10-07T01:05:09.2887387Z ##[group]Determining the checkout info
2026-10-07T01:05:09.2889058Z ##[endgroup]
2026-10-07T01:05:09.2890276Z [command]/usr/bin/git sparse-checkout disable
2026-10-07T01:05:09.2946590Z [command]/usr/bin/git config --local --unset-all extensions.worktreeConfig
2026-10-07T01:05:09.2984875Z ##[group]Checking out the ref
2026-10-07T01:05:09.2989965Z [command]/usr/bin/git checkout --progress --force -B milestone/m12-go-cargo-terraform refs/remotes/origin/milestone/m12-go-cargo-terraform
2026-10-07T01:05:09.4095254Z Switched to a new branch 'milestone/m12-go-cargo-terraform'
2026-10-07T01:05:09.4098990Z branch 'milestone/m12-go-cargo-terraform' set up to track 'origin/milestone/m12-go-cargo-terraform'.
2026-10-07T01:05:09.4110458Z ##[endgroup]
2026-10-07T01:05:09.4159053Z [command]/usr/bin/git log -1 --format=%H
2026-10-07T01:05:09.4188805Z bb28b4744d6d124169c26e8dba77f4ef8c832db2
2026-10-07T01:05:09.4198133Z ##[group]Removing auth
2026-10-07T01:05:09.4199014Z Removing SSH command configuration
2026-10-07T01:05:09.4202081Z [command]/usr/bin/git config --local --name-only --get-regexp core\.sshCommand
2026-10-07T01:05:09.4242087Z [command]/usr/bin/git submodule foreach --recursive sh -c "git config --local --name-only --get-regexp 'core\.sshCommand' && git config --local --unset-all 'core.sshCommand' || :"
2026-10-07T01:05:09.4471501Z Removing HTTP extra header
2026-10-07T01:05:09.4475718Z [command]/usr/bin/git config --local --name-only --get-regexp http\.https\:\/\/github\.com\/\.extraheader
2026-10-07T01:05:09.4512833Z [command]/usr/bin/git submodule foreach --recursive sh -c "git config --local --name-only --get-regexp 'http\.https\:\/\/github\.com\/\.extraheader' && git config --local --unset-all 'http.https://github.com/.extraheader' || :"
2026-10-07T01:05:09.4737277Z Removing includeIf entries pointing to credentials config files
2026-10-07T01:05:09.4740591Z [command]/usr/bin/git config --local --name-only --get-regexp ^includeIf\.gitdir:
2026-10-07T01:05:09.4772717Z includeif.gitdir:/home/runner/work/heliopause/heliopause/.git.path
2026-10-07T01:05:09.4775777Z includeif.gitdir:/home/runner/work/heliopause/heliopause/.git/worktrees/*.path
2026-10-07T01:05:09.4778100Z includeif.gitdir:/github/workspace/.git.path
2026-10-07T01:05:09.4780116Z includeif.gitdir:/github/workspace/.git/worktrees/*.path
2026-10-07T01:05:09.4785811Z [command]/usr/bin/git config --local --get-all includeif.gitdir:/home/runner/work/heliopause/heliopause/.git.path
2026-10-07T01:05:09.4810446Z /home/runner/work/_temp/git-credentials-621604e3-34e5-4c5a-871c-9275ec2f0f0c.config
2026-10-07T01:05:09.4822718Z [command]/usr/bin/git config --local --unset includeif.gitdir:/home/runner/work/heliopause/heliopause/.git.path \/home\/runner\/work\/_temp\/git\-credentials\-621604e3\-34e5\-4c5a\-871c\-9275ec2f0f0c\.config
2026-10-07T01:05:09.4897688Z [command]/usr/bin/git config --local --get-all includeif.gitdir:/home/runner/work/heliopause/heliopause/.git/worktrees/*.path
2026-10-07T01:05:09.4928244Z /home/runner/work/_temp/git-credentials-621604e3-34e5-4c5a-871c-9275ec2f0f0c.config
2026-10-07T01:05:09.4937347Z [command]/usr/bin/git config --local --unset includeif.gitdir:/home/runner/work/heliopause/heliopause/.git/worktrees/*.path \/home\/runner\/work\/_temp\/git\-credentials\-621604e3\-34e5\-4c5a\-871c\-9275ec2f0f0c\.config
2026-10-07T01:05:09.4975248Z [command]/usr/bin/git config --local --get-all includeif.gitdir:/github/workspace/.git.path
2026-10-07T01:05:09.5024012Z /github/runner_temp/git-credentials-621604e3-34e5-4c5a-871c-9275ec2f0f0c.config
2026-10-07T01:05:09.5034545Z [command]/usr/bin/git config --local --unset includeif.gitdir:/github/workspace/.git.path \/github\/runner_temp\/git\-credentials\-621604e3\-34e5\-4c5a\-871c\-9275ec2f0f0c\.config
2026-10-07T01:05:09.5094655Z [command]/usr/bin/git config --local --get-all includeif.gitdir:/github/workspace/.git/worktrees/*.path
2026-10-07T01:05:09.5119229Z /github/runner_temp/git-credentials-621604e3-34e5-4c5a-871c-9275ec2f0f0c.config
2026-10-07T01:05:09.5127013Z [command]/usr/bin/git config --local --unset includeif.gitdir:/github/workspace/.git/worktrees/*.path \/github\/runner_temp\/git\-credentials\-621604e3\-34e5\-4c5a\-871c\-9275ec2f0f0c\.config
2026-10-07T01:05:09.5168850Z [command]/usr/bin/git submodule foreach --recursive git config --local --show-origin --name-only --get-regexp remote.origin.url
2026-10-07T01:05:09.5393537Z Removing credentials config '/home/runner/work/_temp/git-credentials-621604e3-34e5-4c5a-871c-9275ec2f0f0c.config'
2026-10-07T01:05:09.5402156Z ##[endgroup]
2026-10-07T01:05:09.5719772Z ##[group]Run actions/setup-go@b7ad1dad31e06c5925ef5d2fc7ad053ef454303e
2026-10-07T01:05:09.5721288Z with:
2026-10-07T01:05:09.5722120Z   go-version: 1.26.8
2026-10-07T01:05:09.5723261Z   check-latest: false
2026-10-07T01:05:09.5724213Z   cache: false
2026-10-07T01:05:09.5732306Z   token: ***
2026-10-07T01:05:09.5733284Z env:
2026-10-07T01:05:09.5734113Z   GOTOOLCHAIN: local
2026-10-07T01:05:09.5735044Z ##[endgroup]
2026-10-07T01:05:09.6927573Z Setup go version spec 1.26.8
2026-10-07T01:05:09.6946387Z Found in cache @ /opt/hostedtoolcache/go/1.26.8/x64
2026-10-07T01:05:09.6954605Z Added go to the path
2026-10-07T01:05:09.6955883Z Successfully set up Go version 1.26.8
2026-10-07T01:05:10.2242265Z go version go1.26.8 linux/amd64
2026-10-07T01:05:10.2242593Z 
2026-10-07T01:05:10.2242910Z ##[group]go env
2026-10-07T01:05:10.3813628Z AR='ar'
2026-10-07T01:05:10.3814033Z CC='gcc'
2026-10-07T01:05:10.3814381Z CGO_CFLAGS='-O2 -g'
2026-10-07T01:05:10.3814752Z CGO_CPPFLAGS=''
2026-10-07T01:05:10.3815247Z CGO_CXXFLAGS='-O2 -g'
2026-10-07T01:05:10.3815675Z CGO_ENABLED='1'
2026-10-07T01:05:10.3816059Z CGO_FFLAGS='-O2 -g'
2026-10-07T01:05:10.3816509Z CGO_LDFLAGS='-O2 -g'
2026-10-07T01:05:10.3816927Z CXX='g++'
2026-10-07T01:05:10.3817299Z GCCGO='gccgo'
2026-10-07T01:05:10.3817651Z GO111MODULE=''
2026-10-07T01:05:10.3818055Z GOAMD64='v1'
2026-10-07T01:05:10.3902498Z GOARCH='amd64'
2026-10-07T01:05:10.3903193Z GOAUTH='netrc'
2026-10-07T01:05:10.3903571Z GOBIN=''
2026-10-07T01:05:10.3903984Z GOCACHE='/home/runner/.cache/go-build'
2026-10-07T01:05:10.3904458Z GOCACHEPROG=''
2026-10-07T01:05:10.3904809Z GODEBUG=''
2026-10-07T01:05:10.3905195Z GOENV='/home/runner/.config/go/env'
2026-10-07T01:05:10.3905638Z GOEXE=''
2026-10-07T01:05:10.3905951Z GOEXPERIMENT=''
2026-10-07T01:05:10.3906218Z GOFIPS140='off'
2026-10-07T01:05:10.3906442Z GOFLAGS=''
2026-10-07T01:05:10.3907212Z GOGCCFLAGS='-fPIC -m64 -pthread -Wl,--no-gc-sections -fmessage-length=0 -ffile-prefix-map=/tmp/go-build2581250172=/tmp/go-build -gno-record-gcc-switches'
2026-10-07T01:05:10.3907914Z GOHOSTARCH='amd64'
2026-10-07T01:05:10.3908142Z GOHOSTOS='linux'
2026-10-07T01:05:10.3908430Z GOINSECURE=''
2026-10-07T01:05:10.3908828Z GOMOD='/home/runner/work/heliopause/heliopause/go.mod'
2026-10-07T01:05:10.3909234Z GOMODCACHE='/home/runner/go/pkg/mod'
2026-10-07T01:05:10.3909512Z GONOPROXY=''
2026-10-07T01:05:10.3909721Z GONOSUMDB=''
2026-10-07T01:05:10.3909921Z GOOS='linux'
2026-10-07T01:05:10.3910146Z GOPATH='/home/runner/go'
2026-10-07T01:05:10.3910384Z GOPRIVATE=''
2026-10-07T01:05:10.3910665Z GOPROXY='https://proxy.golang.org,direct'
2026-10-07T01:05:10.3911022Z GOROOT='/opt/hostedtoolcache/go/1.26.8/x64'
2026-10-07T01:05:10.3911338Z GOSUMDB='sum.golang.org'
2026-10-07T01:05:10.3911590Z GOTELEMETRY='local'
2026-10-07T01:05:10.3911873Z GOTELEMETRYDIR='/home/runner/.config/go/telemetry'
2026-10-07T01:05:10.3912485Z GOTMPDIR=''
2026-10-07T01:05:10.3912702Z GOTOOLCHAIN='local'
2026-10-07T01:05:10.3913420Z GOTOOLDIR='/opt/hostedtoolcache/go/1.26.8/x64/pkg/tool/linux_amd64'
2026-10-07T01:05:10.3914114Z GOVCS=''
2026-10-07T01:05:10.3914458Z GOVERSION='go1.26.8'
2026-10-07T01:05:10.3914903Z GOWORK=''
2026-10-07T01:05:10.3915358Z PKG_CONFIG='pkg-config'
2026-10-07T01:05:10.3915671Z 
2026-10-07T01:05:10.3916345Z ##[endgroup]
2026-10-07T01:05:10.3995379Z ##[group]Run go run ./scripts/check docs
2026-10-07T01:05:10.3995811Z [36;1mgo run ./scripts/check docs[0m
2026-10-07T01:05:10.4276025Z shell: /usr/bin/bash -e {0}
2026-10-07T01:05:10.4276367Z env:
2026-10-07T01:05:10.4276607Z   GOTOOLCHAIN: local
2026-10-07T01:05:10.4277002Z   HELOX_TOOL_CACHE: /home/runner/work/_temp/heliopause-quality-tools
2026-10-07T01:05:10.4277443Z ##[endgroup]
2026-10-07T01:05:10.5566848Z go: downloading go.yaml.in/yaml/v3 v3.0.4
2026-10-07T01:05:26.6919644Z [check] documentation
2026-10-07T01:05:26.7957978Z Post job cleanup.
2026-10-07T01:05:26.9249381Z Post job cleanup.
2026-10-07T01:05:27.0103890Z [command]/usr/bin/git version
2026-10-07T01:05:27.0148443Z git version 2.55.0
2026-10-07T01:05:27.0194077Z Temporarily overriding HOME='/home/runner/work/_temp/dcc7a4ba-2261-4323-84f9-477d93e0f06b' before making global git config changes
2026-10-07T01:05:27.0195520Z Adding repository directory to the temporary git global config as a safe directory
2026-10-07T01:05:27.0199937Z [command]/usr/bin/git config --global --add safe.directory /home/runner/work/heliopause/heliopause
2026-10-07T01:05:27.0232840Z Removing SSH command configuration
2026-10-07T01:05:27.0239957Z [command]/usr/bin/git config --local --name-only --get-regexp core\.sshCommand
2026-10-07T01:05:27.0278625Z [command]/usr/bin/git submodule foreach --recursive sh -c "git config --local --name-only --get-regexp 'core\.sshCommand' && git config --local --unset-all 'core.sshCommand' || :"
2026-10-07T01:05:27.0532754Z Removing HTTP extra header
2026-10-07T01:05:27.0538484Z [command]/usr/bin/git config --local --name-only --get-regexp http\.https\:\/\/github\.com\/\.extraheader
2026-10-07T01:05:27.0575415Z [command]/usr/bin/git submodule foreach --recursive sh -c "git config --local --name-only --get-regexp 'http\.https\:\/\/github\.com\/\.extraheader' && git config --local --unset-all 'http.https://github.com/.extraheader' || :"
2026-10-07T01:05:27.0820327Z Removing includeIf entries pointing to credentials config files
2026-10-07T01:05:27.0829495Z [command]/usr/bin/git config --local --name-only --get-regexp ^includeIf\.gitdir:
2026-10-07T01:05:27.0866501Z [command]/usr/bin/git submodule foreach --recursive git config --local --show-origin --name-only --get-regexp remote.origin.url
2026-10-07T01:05:27.1261383Z Cleaning up orphan processes
