2026-10-07T01:05:07.7258108Z Current runner version: '2.337.0'
2026-10-07T01:05:07.7292596Z ##[group]Runner Image Provisioner
2026-10-07T01:05:07.7294095Z Hosted Compute Agent
2026-10-07T01:05:07.7294900Z Version: 20260901.588
2026-10-07T01:05:07.7295859Z Commit: f88ec8081b781fac6c440065ac7ff9e710ce3d0b
2026-10-07T01:05:07.7296943Z Build Date: 2026-09-01T19:56:44Z
2026-10-07T01:05:07.7297938Z Worker ID: {65114159-e131-435e-b683-f168b7946a1e}
2026-10-07T01:05:07.7299134Z Azure Region: westcentralus
2026-10-07T01:05:07.7300066Z ##[endgroup]
2026-10-07T01:05:07.7302539Z ##[group]Operating System
2026-10-07T01:05:07.7303650Z Ubuntu
2026-10-07T01:05:07.7304451Z 24.04.5
2026-10-07T01:05:07.7305338Z LTS
2026-10-07T01:05:07.7306088Z ##[endgroup]
2026-10-07T01:05:07.7306942Z ##[group]Runner Image
2026-10-07T01:05:07.7307843Z Image: ubuntu-24.04
2026-10-07T01:05:07.7308677Z Version: 20260927.320.1
2026-10-07T01:05:07.7310731Z Included Software: https://github.com/actions/runner-images/blob/ubuntu24/20260927.320/images/ubuntu/Ubuntu2404-Readme.md
2026-10-07T01:05:07.7313327Z Image Release: https://github.com/actions/runner-images/releases/tag/ubuntu24%2F20260927.320
2026-10-07T01:05:07.7314865Z ##[endgroup]
2026-10-07T01:05:07.7316921Z ##[group]GITHUB_TOKEN Permissions
2026-10-07T01:05:07.7330094Z Contents: read
2026-10-07T01:05:07.7330986Z Metadata: read
2026-10-07T01:05:07.7332335Z ##[endgroup]
2026-10-07T01:05:07.7335436Z Secret source: Actions
2026-10-07T01:05:07.7336966Z Cache mode: write
2026-10-07T01:05:07.7338221Z Prepare workflow directory
2026-10-07T01:05:07.8154746Z Prepare all required actions
2026-10-07T01:05:07.8223781Z Getting action download info
2026-10-07T01:05:08.1229742Z Download action repository 'actions/checkout@3d3c42e5aac5ba805825da76410c181273ba90b1' (SHA:3d3c42e5aac5ba805825da76410c181273ba90b1)
2026-10-07T01:05:08.4387078Z Download action repository 'actions/setup-go@b7ad1dad31e06c5925ef5d2fc7ad053ef454303e' (SHA:b7ad1dad31e06c5925ef5d2fc7ad053ef454303e)
2026-10-07T01:05:09.3627379Z Complete job name: Representative Wheel Corpus
2026-10-07T01:05:09.4423338Z ##[group]Run actions/checkout@3d3c42e5aac5ba805825da76410c181273ba90b1
2026-10-07T01:05:09.4424710Z with:
2026-10-07T01:05:09.4425210Z   persist-credentials: false
2026-10-07T01:05:09.4425807Z   repository: rahoney/heliopause
2026-10-07T01:05:09.4429984Z   token: ***
2026-10-07T01:05:09.4430472Z   ssh-strict: true
2026-10-07T01:05:09.4430971Z   ssh-user: git
2026-10-07T01:05:09.4431437Z   clean: true
2026-10-07T01:05:09.4431933Z   sparse-checkout-cone-mode: true
2026-10-07T01:05:09.4432506Z   fetch-depth: 1
2026-10-07T01:05:09.4432981Z   fetch-tags: false
2026-10-07T01:05:09.4433632Z   show-progress: true
2026-10-07T01:05:09.4434133Z   lfs: false
2026-10-07T01:05:09.4434610Z   submodules: false
2026-10-07T01:05:09.4435120Z   set-safe-directory: true
2026-10-07T01:05:09.4435681Z   allow-unsafe-pr-checkout: false
2026-10-07T01:05:09.4436463Z env:
2026-10-07T01:05:09.4436917Z   GOTOOLCHAIN: local
2026-10-07T01:05:09.4437419Z ##[endgroup]
2026-10-07T01:05:09.5475520Z Syncing repository: rahoney/heliopause
2026-10-07T01:05:09.5478535Z ##[group]Getting Git version info
2026-10-07T01:05:09.5479972Z Working directory is '/home/runner/work/heliopause/heliopause'
2026-10-07T01:05:09.5482055Z [command]/usr/bin/git version
2026-10-07T01:05:09.5509144Z git version 2.55.0
2026-10-07T01:05:09.5562227Z ##[endgroup]
2026-10-07T01:05:09.5575715Z Temporarily overriding HOME='/home/runner/work/_temp/c51f3171-e548-4479-a73b-f5b5a40e343f' before making global git config changes
2026-10-07T01:05:09.5578519Z Adding repository directory to the temporary git global config as a safe directory
2026-10-07T01:05:09.5585697Z [command]/usr/bin/git config --global --add safe.directory /home/runner/work/heliopause/heliopause
2026-10-07T01:05:09.5654681Z Deleting the contents of '/home/runner/work/heliopause/heliopause'
2026-10-07T01:05:09.5657284Z ##[group]Determining repository object format
2026-10-07T01:05:09.5664723Z ##[endgroup]
2026-10-07T01:05:09.5666044Z ##[group]Initializing the repository
2026-10-07T01:05:09.5667824Z [command]/usr/bin/git init /home/runner/work/heliopause/heliopause
2026-10-07T01:05:09.5749364Z hint: Using 'master' as the name for the initial branch. This default branch name
2026-10-07T01:05:09.5751532Z hint: will change to "main" in Git 3.0. To configure the initial branch name
2026-10-07T01:05:09.5753431Z hint: to use in all of your new repositories, which will suppress this warning,
2026-10-07T01:05:09.5754790Z hint: call:
2026-10-07T01:05:09.5755556Z hint:
2026-10-07T01:05:09.5756544Z hint: 	git config --global init.defaultBranch <name>
2026-10-07T01:05:09.5757654Z hint:
2026-10-07T01:05:09.5758678Z hint: Names commonly chosen instead of 'master' are 'main', 'trunk' and
2026-10-07T01:05:09.5760385Z hint: 'development'. The just-created branch can be renamed via this command:
2026-10-07T01:05:09.5761783Z hint:
2026-10-07T01:05:09.5762548Z hint: 	git branch -m <name>
2026-10-07T01:05:09.5763636Z hint:
2026-10-07T01:05:09.5764911Z hint: Disable this message with "git config set advice.defaultBranchName false"
2026-10-07T01:05:09.5766844Z Initialized empty Git repository in /home/runner/work/heliopause/heliopause/.git/
2026-10-07T01:05:09.5785287Z [command]/usr/bin/git remote add origin https://github.com/rahoney/heliopause
2026-10-07T01:05:09.5834518Z ##[endgroup]
2026-10-07T01:05:09.5835958Z ##[group]Disabling automatic garbage collection
2026-10-07T01:05:09.5839155Z [command]/usr/bin/git config --local gc.auto 0
2026-10-07T01:05:09.5877697Z ##[endgroup]
2026-10-07T01:05:09.5879534Z ##[group]Setting up auth
2026-10-07T01:05:09.5880615Z Removing SSH command configuration
2026-10-07T01:05:09.5885503Z [command]/usr/bin/git config --local --name-only --get-regexp core\.sshCommand
2026-10-07T01:05:09.5928451Z [command]/usr/bin/git submodule foreach --recursive sh -c "git config --local --name-only --get-regexp 'core\.sshCommand' && git config --local --unset-all 'core.sshCommand' || :"
2026-10-07T01:05:09.6266069Z Removing HTTP extra header
2026-10-07T01:05:09.6275921Z [command]/usr/bin/git config --local --name-only --get-regexp http\.https\:\/\/github\.com\/\.extraheader
2026-10-07T01:05:09.6319782Z [command]/usr/bin/git submodule foreach --recursive sh -c "git config --local --name-only --get-regexp 'http\.https\:\/\/github\.com\/\.extraheader' && git config --local --unset-all 'http.https://github.com/.extraheader' || :"
2026-10-07T01:05:09.6569206Z Removing includeIf entries pointing to credentials config files
2026-10-07T01:05:09.6574785Z [command]/usr/bin/git config --local --name-only --get-regexp ^includeIf\.gitdir:
2026-10-07T01:05:09.6614740Z [command]/usr/bin/git submodule foreach --recursive git config --local --show-origin --name-only --get-regexp remote.origin.url
2026-10-07T01:05:09.6874484Z [command]/usr/bin/git config --file /home/runner/work/_temp/git-credentials-afab7c7d-1300-4f83-b459-191278bb342f.config http.https://github.com/.extraheader AUTHORIZATION: basic ***
2026-10-07T01:05:09.6924714Z [command]/usr/bin/git config --local includeIf.gitdir:/home/runner/work/heliopause/heliopause/.git.path /home/runner/work/_temp/git-credentials-afab7c7d-1300-4f83-b459-191278bb342f.config
2026-10-07T01:05:09.6965888Z [command]/usr/bin/git config --local includeIf.gitdir:/home/runner/work/heliopause/heliopause/.git/worktrees/*.path /home/runner/work/_temp/git-credentials-afab7c7d-1300-4f83-b459-191278bb342f.config
2026-10-07T01:05:09.7007623Z [command]/usr/bin/git config --local includeIf.gitdir:/github/workspace/.git.path /github/runner_temp/git-credentials-afab7c7d-1300-4f83-b459-191278bb342f.config
2026-10-07T01:05:09.7047358Z [command]/usr/bin/git config --local includeIf.gitdir:/github/workspace/.git/worktrees/*.path /github/runner_temp/git-credentials-afab7c7d-1300-4f83-b459-191278bb342f.config
2026-10-07T01:05:09.7081450Z ##[endgroup]
2026-10-07T01:05:09.7082809Z ##[group]Fetching the repository
2026-10-07T01:05:09.7089998Z [command]/usr/bin/git -c protocol.version=2 fetch --no-tags --prune --no-recurse-submodules --depth=1 origin +bb28b4744d6d124169c26e8dba77f4ef8c832db2:refs/remotes/origin/milestone/m12-go-cargo-terraform
2026-10-07T01:05:10.9236492Z From https://github.com/rahoney/heliopause
2026-10-07T01:05:10.9238914Z  * [new ref]         bb28b4744d6d124169c26e8dba77f4ef8c832db2 -> origin/milestone/m12-go-cargo-terraform
2026-10-07T01:05:10.9246015Z [command]/usr/bin/git branch --list --remote origin/milestone/m12-go-cargo-terraform
2026-10-07T01:05:10.9278802Z   origin/milestone/m12-go-cargo-terraform
2026-10-07T01:05:10.9287425Z [command]/usr/bin/git rev-parse refs/remotes/origin/milestone/m12-go-cargo-terraform
2026-10-07T01:05:10.9316532Z bb28b4744d6d124169c26e8dba77f4ef8c832db2
2026-10-07T01:05:10.9320952Z ##[endgroup]
2026-10-07T01:05:10.9322187Z ##[group]Determining the checkout info
2026-10-07T01:05:10.9323898Z ##[endgroup]
2026-10-07T01:05:10.9325877Z [command]/usr/bin/git sparse-checkout disable
2026-10-07T01:05:10.9379651Z [command]/usr/bin/git config --local --unset-all extensions.worktreeConfig
2026-10-07T01:05:10.9416919Z ##[group]Checking out the ref
2026-10-07T01:05:10.9421163Z [command]/usr/bin/git checkout --progress --force -B milestone/m12-go-cargo-terraform refs/remotes/origin/milestone/m12-go-cargo-terraform
2026-10-07T01:05:11.0551746Z Switched to a new branch 'milestone/m12-go-cargo-terraform'
2026-10-07T01:05:11.0555108Z branch 'milestone/m12-go-cargo-terraform' set up to track 'origin/milestone/m12-go-cargo-terraform'.
2026-10-07T01:05:11.0568968Z ##[endgroup]
2026-10-07T01:05:11.0621383Z [command]/usr/bin/git log -1 --format=%H
2026-10-07T01:05:11.0654953Z bb28b4744d6d124169c26e8dba77f4ef8c832db2
2026-10-07T01:05:11.0664569Z ##[group]Removing auth
2026-10-07T01:05:11.0666236Z Removing SSH command configuration
2026-10-07T01:05:11.0668694Z [command]/usr/bin/git config --local --name-only --get-regexp core\.sshCommand
2026-10-07T01:05:11.0709538Z [command]/usr/bin/git submodule foreach --recursive sh -c "git config --local --name-only --get-regexp 'core\.sshCommand' && git config --local --unset-all 'core.sshCommand' || :"
2026-10-07T01:05:11.0957935Z Removing HTTP extra header
2026-10-07T01:05:11.0960751Z [command]/usr/bin/git config --local --name-only --get-regexp http\.https\:\/\/github\.com\/\.extraheader
2026-10-07T01:05:11.1000436Z [command]/usr/bin/git submodule foreach --recursive sh -c "git config --local --name-only --get-regexp 'http\.https\:\/\/github\.com\/\.extraheader' && git config --local --unset-all 'http.https://github.com/.extraheader' || :"
2026-10-07T01:05:11.1242161Z Removing includeIf entries pointing to credentials config files
2026-10-07T01:05:11.1245000Z [command]/usr/bin/git config --local --name-only --get-regexp ^includeIf\.gitdir:
2026-10-07T01:05:11.1278700Z includeif.gitdir:/home/runner/work/heliopause/heliopause/.git.path
2026-10-07T01:05:11.1281610Z includeif.gitdir:/home/runner/work/heliopause/heliopause/.git/worktrees/*.path
2026-10-07T01:05:11.1284688Z includeif.gitdir:/github/workspace/.git.path
2026-10-07T01:05:11.1286862Z includeif.gitdir:/github/workspace/.git/worktrees/*.path
2026-10-07T01:05:11.1291209Z [command]/usr/bin/git config --local --get-all includeif.gitdir:/home/runner/work/heliopause/heliopause/.git.path
2026-10-07T01:05:11.1324950Z /home/runner/work/_temp/git-credentials-afab7c7d-1300-4f83-b459-191278bb342f.config
2026-10-07T01:05:11.1336008Z [command]/usr/bin/git config --local --unset includeif.gitdir:/home/runner/work/heliopause/heliopause/.git.path \/home\/runner\/work\/_temp\/git\-credentials\-afab7c7d\-1300\-4f83\-b459\-191278bb342f\.config
2026-10-07T01:05:11.1376529Z [command]/usr/bin/git config --local --get-all includeif.gitdir:/home/runner/work/heliopause/heliopause/.git/worktrees/*.path
2026-10-07T01:05:11.1415349Z /home/runner/work/_temp/git-credentials-afab7c7d-1300-4f83-b459-191278bb342f.config
2026-10-07T01:05:11.1428015Z [command]/usr/bin/git config --local --unset includeif.gitdir:/home/runner/work/heliopause/heliopause/.git/worktrees/*.path \/home\/runner\/work\/_temp\/git\-credentials\-afab7c7d\-1300\-4f83\-b459\-191278bb342f\.config
2026-10-07T01:05:11.1466124Z [command]/usr/bin/git config --local --get-all includeif.gitdir:/github/workspace/.git.path
2026-10-07T01:05:11.1517278Z /github/runner_temp/git-credentials-afab7c7d-1300-4f83-b459-191278bb342f.config
2026-10-07T01:05:11.1566332Z [command]/usr/bin/git config --local --unset includeif.gitdir:/github/workspace/.git.path \/github\/runner_temp\/git\-credentials\-afab7c7d\-1300\-4f83\-b459\-191278bb342f\.config
2026-10-07T01:05:11.1574553Z [command]/usr/bin/git config --local --get-all includeif.gitdir:/github/workspace/.git/worktrees/*.path
2026-10-07T01:05:11.1620189Z /github/runner_temp/git-credentials-afab7c7d-1300-4f83-b459-191278bb342f.config
2026-10-07T01:05:11.1632755Z [command]/usr/bin/git config --local --unset includeif.gitdir:/github/workspace/.git/worktrees/*.path \/github\/runner_temp\/git\-credentials\-afab7c7d\-1300\-4f83\-b459\-191278bb342f\.config
2026-10-07T01:05:11.1668618Z [command]/usr/bin/git submodule foreach --recursive git config --local --show-origin --name-only --get-regexp remote.origin.url
2026-10-07T01:05:11.1917260Z Removing credentials config '/home/runner/work/_temp/git-credentials-afab7c7d-1300-4f83-b459-191278bb342f.config'
2026-10-07T01:05:11.1926122Z ##[endgroup]
2026-10-07T01:05:11.2271615Z ##[group]Run actions/setup-go@b7ad1dad31e06c5925ef5d2fc7ad053ef454303e
2026-10-07T01:05:11.2273433Z with:
2026-10-07T01:05:11.2274356Z   go-version: 1.26.8
2026-10-07T01:05:11.2275385Z   check-latest: false
2026-10-07T01:05:11.2276409Z   cache: false
2026-10-07T01:05:11.2285594Z   token: ***
2026-10-07T01:05:11.2286535Z env:
2026-10-07T01:05:11.2287432Z   GOTOOLCHAIN: local
2026-10-07T01:05:11.2288443Z ##[endgroup]
2026-10-07T01:05:11.3522746Z Setup go version spec 1.26.8
2026-10-07T01:05:11.3542929Z Found in cache @ /opt/hostedtoolcache/go/1.26.8/x64
2026-10-07T01:05:11.3545277Z Added go to the path
2026-10-07T01:05:11.3547120Z Successfully set up Go version 1.26.8
2026-10-07T01:05:11.9604010Z go version go1.26.8 linux/amd64
2026-10-07T01:05:11.9604260Z 
2026-10-07T01:05:11.9604574Z ##[group]go env
2026-10-07T01:05:12.0952601Z AR='ar'
2026-10-07T01:05:12.0953008Z CC='gcc'
2026-10-07T01:05:12.0953641Z CGO_CFLAGS='-O2 -g'
2026-10-07T01:05:12.0954020Z CGO_CPPFLAGS=''
2026-10-07T01:05:12.0954510Z CGO_CXXFLAGS='-O2 -g'
2026-10-07T01:05:12.1031459Z CGO_ENABLED='1'
2026-10-07T01:05:12.1031956Z CGO_FFLAGS='-O2 -g'
2026-10-07T01:05:12.1032295Z CGO_LDFLAGS='-O2 -g'
2026-10-07T01:05:12.1032567Z CXX='g++'
2026-10-07T01:05:12.1032825Z GCCGO='gccgo'
2026-10-07T01:05:12.1033226Z GO111MODULE=''
2026-10-07T01:05:12.1033602Z GOAMD64='v1'
2026-10-07T01:05:12.1033913Z GOARCH='amd64'
2026-10-07T01:05:12.1034206Z GOAUTH='netrc'
2026-10-07T01:05:12.1034522Z GOBIN=''
2026-10-07T01:05:12.1034916Z GOCACHE='/home/runner/.cache/go-build'
2026-10-07T01:05:12.1035357Z GOCACHEPROG=''
2026-10-07T01:05:12.1035695Z GODEBUG=''
2026-10-07T01:05:12.1036031Z GOENV='/home/runner/.config/go/env'
2026-10-07T01:05:12.1036434Z GOEXE=''
2026-10-07T01:05:12.1036751Z GOEXPERIMENT=''
2026-10-07T01:05:12.1037104Z GOFIPS140='off'
2026-10-07T01:05:12.1037404Z GOFLAGS=''
2026-10-07T01:05:12.1038495Z GOGCCFLAGS='-fPIC -m64 -pthread -Wl,--no-gc-sections -fmessage-length=0 -ffile-prefix-map=/tmp/go-build136677586=/tmp/go-build -gno-record-gcc-switches'
2026-10-07T01:05:12.1039564Z GOHOSTARCH='amd64'
2026-10-07T01:05:12.1039912Z GOHOSTOS='linux'
2026-10-07T01:05:12.1040227Z GOINSECURE=''
2026-10-07T01:05:12.1040714Z GOMOD='/home/runner/work/heliopause/heliopause/go.mod'
2026-10-07T01:05:12.1041260Z GOMODCACHE='/home/runner/go/pkg/mod'
2026-10-07T01:05:12.1041680Z GONOPROXY=''
2026-10-07T01:05:12.1041987Z GONOSUMDB=''
2026-10-07T01:05:12.1042282Z GOOS='linux'
2026-10-07T01:05:12.1042530Z GOPATH='/home/runner/go'
2026-10-07T01:05:12.1042764Z GOPRIVATE=''
2026-10-07T01:05:12.1043497Z GOPROXY='https://proxy.golang.org,direct'
2026-10-07T01:05:12.1043988Z GOROOT='/opt/hostedtoolcache/go/1.26.8/x64'
2026-10-07T01:05:12.1044414Z GOSUMDB='sum.golang.org'
2026-10-07T01:05:12.1044754Z GOTELEMETRY='local'
2026-10-07T01:05:12.1045175Z GOTELEMETRYDIR='/home/runner/.config/go/telemetry'
2026-10-07T01:05:12.1045944Z GOTMPDIR=''
2026-10-07T01:05:12.1046245Z GOTOOLCHAIN='local'
2026-10-07T01:05:12.1046793Z GOTOOLDIR='/opt/hostedtoolcache/go/1.26.8/x64/pkg/tool/linux_amd64'
2026-10-07T01:05:12.1047351Z GOVCS=''
2026-10-07T01:05:12.1047668Z GOVERSION='go1.26.8'
2026-10-07T01:05:12.1048015Z GOWORK=''
2026-10-07T01:05:12.1048386Z PKG_CONFIG='pkg-config'
2026-10-07T01:05:12.1048619Z 
2026-10-07T01:05:12.1049110Z ##[endgroup]
2026-10-07T01:05:12.1101933Z ##[group]Run go run ./scripts/check bootstrap-modules
2026-10-07T01:05:12.1102377Z [36;1mgo run ./scripts/check bootstrap-modules[0m
2026-10-07T01:05:12.1335300Z shell: /usr/bin/bash -e {0}
2026-10-07T01:05:12.1335598Z env:
2026-10-07T01:05:12.1335809Z   GOTOOLCHAIN: local
2026-10-07T01:05:12.1336040Z ##[endgroup]
2026-10-07T01:05:12.3241888Z go: downloading go.yaml.in/yaml/v3 v3.0.4
2026-10-07T01:05:28.7777331Z [check] prepare module cache
2026-10-07T01:05:28.7778142Z [check] download product modules
2026-10-07T01:05:30.6590994Z ##[group]Run python3 scripts/prepare-wheel-corpus.py --root "$HELOX_CORPUS_ROOT"
2026-10-07T01:05:30.6591623Z [36;1mpython3 scripts/prepare-wheel-corpus.py --root "$HELOX_CORPUS_ROOT"[0m
2026-10-07T01:05:30.6661021Z shell: /usr/bin/bash -e {0}
2026-10-07T01:05:30.6661284Z env:
2026-10-07T01:05:30.6661507Z   GOTOOLCHAIN: local
2026-10-07T01:05:30.6661811Z   HELOX_CORPUS_ROOT: /home/runner/work/_temp/wheel-corpus
2026-10-07T01:05:30.6662141Z ##[endgroup]
2026-10-07T01:05:30.9584931Z setuptools-84.0.0-py3-none-any.whl 51a52592b3b99e102b609654876bd65f19f999935166d1352678931132b0c670 https://files.pythonhosted.org/packages/95/9c/c510029fc6ef33a6275cd2c5d3cecd6613dfd6aa401d57c54f1c18852ccf/setuptools-84.0.0-py3-none-any.whl
2026-10-07T01:05:31.1859869Z filelock-4.0.3-py3-none-any.whl 30cd166e2aee2c7534ce2c33c6367c4cd051b8368e20e2c4eb0c34f699bacfab https://files.pythonhosted.org/packages/7a/6d/db8b86e168fef0cf904737e275bccb683558088ef971e92d3b41ce980699/filelock-4.0.3-py3-none-any.whl
2026-10-07T01:05:31.3708393Z filelock-4.0.4-py3-none-any.whl 0df72be195ca7892216d16f2edce8d9b93a571f02402972020a8cff84c594c7b https://files.pythonhosted.org/packages/bc/ac/8b9c6dc2aa7e9cf5582e20a337006c3428c3d752c2255dbaca2c78a8be45/filelock-4.0.4-py3-none-any.whl
2026-10-07T01:05:31.6911261Z sympy-1.14.0-py3-none-any.whl e091cc3e99d2141a0ba2847328f5479b05d94a6635cb96148ccb3f34671bd8f5 https://files.pythonhosted.org/packages/a2/09/77d55d46fd61b4a135c444fc97158ef34a095e5681d0a6c10b75bf356191/sympy-1.14.0-py3-none-any.whl
2026-10-07T01:05:31.8474977Z markupsafe-3.0.3-cp314-cp314-manylinux2014_x86_64.manylinux_2_17_x86_64.manylinux_2_28_x86_64.whl 457a69a9577064c05a97c41f4e65148652db078a3a509039e64d3467b9e7ef97 https://files.pythonhosted.org/packages/41/3c/a36c2450754618e62008bf7435ccb0f88053e07592e6028a34776213d877/markupsafe-3.0.3-cp314-cp314-manylinux2014_x86_64.manylinux_2_17_x86_64.manylinux_2_28_x86_64.whl
2026-10-07T01:05:32.0282462Z haa-cu126-toolkit-audit.whl 79d8605baeb6c2f695761e0efb54bc62dbc3c9e32eb0742df7669c07befaa8f7 https://files.pythonhosted.org/packages/ad/88/2dbc37975fffb874418b14380418a1b99cb36f2101fd1d08c54e06ee8c95/cuda_toolkit-12.6.3-py2.py3-none-any.whl
2026-10-07T01:05:35.7098978Z haa-cu126-first-nccl.whl 35ad42e7d5d722a83c36a3a478e281c20a5646383deaf1b9ed1a9ab7d61bed53 https://files.pythonhosted.org/packages/31/5a/cac7d231f322b66caa16fd4b136ebc8e4b18b2805811c2d58dc47210cdea/nvidia_nccl_cu12-2.29.3-py3-none-manylinux_2_18_x86_64.whl
2026-10-07T01:05:38.3206843Z haa-cu126-first-cufft.whl ccba62eb9cef5559abd5e0d54ceed2d9934030f51163df018532142a8ec533e5 https://files.pythonhosted.org/packages/8f/16/73727675941ab8e6ffd86ca3a4b7b47065edcca7a997920b831f8147c99d/nvidia_cufft_cu12-11.3.0.4-py3-none-manylinux2014_x86_64.manylinux_2_17_x86_64.whl
2026-10-07T01:05:38.5023718Z cuda_pathfinder-1.8.2-py3-none-any.whl 4e65059febdb4d19d5cbc4798677e19db2b582f2f702f457b609e571690d357e https://files.pythonhosted.org/packages/98/59/239c7259e669c46ddbcac0aa60e3a0ef00bfeaaa687f905b24dd6a7a10fe/cuda_pathfinder-1.8.2-py3-none-any.whl
2026-10-07T01:05:39.8727005Z cuda_bindings-12.9.9-cp314-cp314-manylinux_2_24_x86_64.manylinux_2_28_x86_64.whl 94e4f9bd6b9b21aad545e0d441707094e4ff88ab420d62b85fcdc8b6da1e039f https://files.pythonhosted.org/packages/e3/95/182a020efbe1bade0de1f5ec0d3e4101cb6deba7216b219f07ce08fa6146/cuda_bindings-12.9.9-cp314-cp314-manylinux_2_24_x86_64.manylinux_2_28_x86_64.whl
2026-10-07T01:05:40.0391684Z haa-cu130-toolkit-audit.whl d693caaa261214ddd7dbb60d68e71cbed884e68c2be7509778f3051da0b91c3f https://files.pythonhosted.org/packages/d1/c7/a79086a62c98befcdb8349656c6f114e2db3b8b2422f6e25c97a7f2a9a3c/cuda_toolkit-13.0.3.0-py2.py3-none-any.whl
2026-10-07T01:05:40.4210622Z haa-cu130-cupti-audit.whl 4eb01c08e859bf924d222250d2e8f8b8ff6d3db4721288cf35d14252a4d933c8 https://files.pythonhosted.org/packages/33/6d/737d164b4837a9bbd202f5ae3078975f0525a55730fe871d8ed4e3b952b0/nvidia_cuda_cupti-13.0.85-py3-none-manylinux_2_25_x86_64.whl
2026-10-07T01:05:40.8180804Z cuda_bindings-13.4.3-cp314-cp314-manylinux_2_24_x86_64.manylinux_2_28_x86_64.whl bbacde6f75665b197016b986164cfdaa33b17515e5e635a63ddb75926aaa71c3 https://files.pythonhosted.org/packages/a3/49/7a3769c43e432b0434dd46424058b47af4347167f0dfca1ecb27e2de92a1/cuda_bindings-13.4.3-cp314-cp314-manylinux_2_24_x86_64.manylinux_2_28_x86_64.whl
2026-10-07T01:05:40.9520772Z haa-cu132-toolkit-audit.whl 646d0e3668ce6f78f2312bb9cc0f668b9cbfcbef187eaa6a39eb2ea6dbec2a31 https://files.pythonhosted.org/packages/bd/6a/f79c134fa8e6d5fe028584933be063ce7961b1a85ce217f261cdda176e48/cuda_toolkit-13.2.1-py2.py3-none-any.whl
2026-10-07T01:05:41.3539897Z haa-cu132-cupti-audit.whl f75aca6bef89c625a4076a820302bb06764daa1d21595286f6bee5e237d3a187 https://files.pythonhosted.org/packages/b7/2d/cbf8f6288259c502165282fdaa2b733daae98434e3f2aee2b7952ba87c6f/nvidia_cuda_cupti-13.2.75-py3-none-manylinux_2_25_x86_64.whl
2026-10-07T01:05:41.6197741Z networkx-3.6.1-py3-none-any.whl d47fbf302e7d9cbbb9e2555a0d267983d2aa476bac30e90dfbe5669bd57f3762 https://files.pythonhosted.org/packages/9e/c9/b2622292ea83fbb4ec318f5b9ab867d0a28ab43c5717bb85b0a5f6b3b0a4/networkx-3.6.1-py3-none-any.whl
2026-10-07T01:05:41.6252485Z cuda_bindings-13.4.3-cp314-cp314-manylinux_2_24_x86_64.manylinux_2_28_x86_64.whl bbacde6f75665b197016b986164cfdaa33b17515e5e635a63ddb75926aaa71c3 verified existing
2026-10-07T01:05:41.8922561Z networkx-3.7-py3-none-any.whl e3fd2c13a7814cee3746340d8d7f8598a67f16a58bf47fb7f8793fab6efca1b0 https://files.pythonhosted.org/packages/7e/cd/fe58041e9011f307c490e3e17dd48cc516448f7c698a3f2d9d9d65d7e6a8/networkx-3.7-py3-none-any.whl
2026-10-07T01:05:42.0535495Z jinja2-3.1.6-py3-none-any.whl 85ece4451f492d0c13c5dd7c13a64681a86afae63a5f347908daf103ce6d2f67 https://files.pythonhosted.org/packages/62/a1/3d680cbfd5f4b8f15abc1d571870c5fc3e594bb582bc3b64ea099db13e56/jinja2-3.1.6-py3-none-any.whl
2026-10-07T01:05:42.0682148Z ##[group]Run go run ./scripts/check corpus
2026-10-07T01:05:42.0682508Z [36;1mgo run ./scripts/check corpus[0m
2026-10-07T01:05:42.0750935Z shell: /usr/bin/bash -e {0}
2026-10-07T01:05:42.0751190Z env:
2026-10-07T01:05:42.0751405Z   GOTOOLCHAIN: local
2026-10-07T01:05:42.0751738Z   HELOX_CORPUS_ROOT: /home/runner/work/_temp/wheel-corpus
2026-10-07T01:05:42.0752067Z ##[endgroup]
2026-10-07T01:06:07.8366519Z === RUN   TestModelC_MissingCorpusDirectoryFails
2026-10-07T01:06:07.8367225Z --- PASS: TestModelC_MissingCorpusDirectoryFails (0.00s)
2026-10-07T01:06:07.8367836Z === RUN   TestModelC_CorpusHashMismatchFails
2026-10-07T01:06:07.8368420Z --- PASS: TestModelC_CorpusHashMismatchFails (0.00s)
2026-10-07T01:06:07.8368939Z === RUN   TestModelC_RealCorpusQualification
2026-10-07T01:06:07.8369623Z === RUN   TestModelC_RealCorpusQualification/setuptools-84.0.0-py3-none-any.whl
2026-10-07T01:06:07.8371161Z     real_corpus_integration_test.go:77: setuptools-84.0.0-py3-none-any.whl profile=pytorch:cpu direct=24 units=26
2026-10-07T01:06:07.8376443Z === RUN   TestModelC_RealCorpusQualification/filelock-4.0.3-py3-none-any.whl
2026-10-07T01:06:07.8377728Z     real_corpus_integration_test.go:77: filelock-4.0.3-py3-none-any.whl profile=pytorch:cpu direct=1 units=1
2026-10-07T01:06:07.8379064Z === RUN   TestModelC_RealCorpusQualification/filelock-4.0.4-py3-none-any.whl
2026-10-07T01:06:07.8380208Z     real_corpus_integration_test.go:77: filelock-4.0.4-py3-none-any.whl profile=pytorch:cpu direct=1 units=1
2026-10-07T01:06:07.8381339Z === RUN   TestModelC_RealCorpusQualification/sympy-1.14.0-py3-none-any.whl
2026-10-07T01:06:07.8382567Z     real_corpus_integration_test.go:77: sympy-1.14.0-py3-none-any.whl profile=pytorch:cpu direct=2 units=2
2026-10-07T01:06:07.8384097Z === RUN   TestModelC_RealCorpusQualification/markupsafe-3.0.3-cp314-cp314-manylinux2014_x86_64.manylinux_2_17_x86_64.manylinux_2_28_x86_64.whl
2026-10-07T01:06:07.8386272Z     real_corpus_integration_test.go:77: markupsafe-3.0.3-cp314-cp314-manylinux2014_x86_64.manylinux_2_17_x86_64.manylinux_2_28_x86_64.whl profile=pytorch:cpu direct=2 units=2
2026-10-07T01:06:07.8387564Z === RUN   TestModelC_RealCorpusQualification/haa-cu126-toolkit-audit.whl
2026-10-07T01:06:07.8388564Z     real_corpus_integration_test.go:77: cuda_toolkit-12.6.3-py2.py3-none-any.whl profile=pytorch:cu126 direct=0 units=0
2026-10-07T01:06:07.8389194Z === RUN   TestModelC_RealCorpusQualification/haa-cu126-first-nccl.whl
2026-10-07T01:06:07.8390038Z     real_corpus_integration_test.go:77: nvidia_nccl_cu12-2.29.3-py3-none-manylinux_2_18_x86_64.whl profile=pytorch:cu126 direct=0 units=0
2026-10-07T01:06:07.8390821Z === RUN   TestModelC_RealCorpusQualification/haa-cu126-first-cufft.whl
2026-10-07T01:06:07.8392540Z     real_corpus_integration_test.go:77: nvidia_cufft_cu12-11.3.0.4-py3-none-manylinux2014_x86_64.manylinux_2_17_x86_64.whl profile=pytorch:cu126 direct=1 units=1
2026-10-07T01:06:07.8393947Z === RUN   TestModelC_RealCorpusQualification/cuda_pathfinder-1.8.2-py3-none-any.whl
2026-10-07T01:06:07.8394787Z     real_corpus_integration_test.go:77: cuda_pathfinder-1.8.2-py3-none-any.whl profile=pytorch:cu126 direct=1 units=1
2026-10-07T01:06:07.8395613Z === RUN   TestModelC_RealCorpusQualification/cuda_bindings-12.9.9-cp314-cp314-manylinux_2_24_x86_64.manylinux_2_28_x86_64.whl
2026-10-07T01:06:07.8396709Z     real_corpus_integration_test.go:77: cuda_bindings-12.9.9-cp314-cp314-manylinux_2_24_x86_64.manylinux_2_28_x86_64.whl profile=pytorch:cu126 direct=34 units=36
2026-10-07T01:06:07.8397449Z === RUN   TestModelC_RealCorpusQualification/haa-cu130-toolkit-audit.whl
2026-10-07T01:06:07.8398235Z     real_corpus_integration_test.go:77: cuda_toolkit-13.0.3.0-py2.py3-none-any.whl profile=pytorch:cu130 direct=0 units=0
2026-10-07T01:06:07.8398846Z === RUN   TestModelC_RealCorpusQualification/haa-cu130-cupti-audit.whl
2026-10-07T01:06:07.8399949Z     real_corpus_integration_test.go:77: nvidia_cuda_cupti-13.0.85-py3-none-manylinux_2_25_x86_64.whl profile=pytorch:cu130 direct=0 units=0
2026-10-07T01:06:07.8400827Z === RUN   TestModelC_RealCorpusQualification/cuda_bindings-13.4.3-cp314-cp314-manylinux_2_24_x86_64.manylinux_2_28_x86_64.whl
2026-10-07T01:06:07.8401895Z     real_corpus_integration_test.go:77: cuda_bindings-13.4.3-cp314-cp314-manylinux_2_24_x86_64.manylinux_2_28_x86_64.whl profile=pytorch:cu130 direct=31 units=31
2026-10-07T01:06:07.8402629Z === RUN   TestModelC_RealCorpusQualification/haa-cu132-toolkit-audit.whl
2026-10-07T01:06:07.8403603Z     real_corpus_integration_test.go:77: cuda_toolkit-13.2.1-py2.py3-none-any.whl profile=pytorch:cu132 direct=0 units=0
2026-10-07T01:06:07.8404215Z === RUN   TestModelC_RealCorpusQualification/haa-cu132-cupti-audit.whl
2026-10-07T01:06:07.8405018Z     real_corpus_integration_test.go:77: nvidia_cuda_cupti-13.2.75-py3-none-manylinux_2_25_x86_64.whl profile=pytorch:cu132 direct=0 units=0
2026-10-07T01:06:07.8405700Z === RUN   TestModelC_RealCorpusQualification/networkx-3.6.1-py3-none-any.whl
2026-10-07T01:06:07.8406426Z     real_corpus_integration_test.go:77: networkx-3.6.1-py3-none-any.whl profile=pytorch:cpu direct=2 units=2
2026-10-07T01:06:07.8407216Z === RUN   TestModelC_RealCorpusQualification/cuda_bindings-13.4.3-cp314-cp314-manylinux_2_24_x86_64.manylinux_2_28_x86_64.whl#01
2026-10-07T01:06:07.8408283Z     real_corpus_integration_test.go:77: cuda_bindings-13.4.3-cp314-cp314-manylinux_2_24_x86_64.manylinux_2_28_x86_64.whl profile=pytorch:cu132 direct=31 units=31
2026-10-07T01:06:07.8409178Z === RUN   TestModelC_RealCorpusQualification/networkx-3.7-py3-none-any.whl
2026-10-07T01:06:07.8409883Z     real_corpus_integration_test.go:77: networkx-3.7-py3-none-any.whl profile=pytorch:cpu direct=2 units=2
2026-10-07T01:06:07.8410465Z === RUN   TestModelC_RealCorpusQualification/jinja2-3.1.6-py3-none-any.whl
2026-10-07T01:06:07.8411144Z     real_corpus_integration_test.go:77: jinja2-3.1.6-py3-none-any.whl profile=pytorch:cpu direct=2 units=2
2026-10-07T01:06:07.8411639Z === NAME  TestModelC_RealCorpusQualification
2026-10-07T01:06:07.8412389Z     real_corpus_integration_test.go:83: REAL_CORPUS_CLASSIFICATION: REPRESENTATIVE_REAL_CORPUS (19 authenticated packages verified)
2026-10-07T01:06:07.8413027Z --- PASS: TestModelC_RealCorpusQualification (9.84s)
2026-10-07T01:06:07.8413951Z     --- PASS: TestModelC_RealCorpusQualification/setuptools-84.0.0-py3-none-any.whl (0.02s)
2026-10-07T01:06:07.8414648Z     --- PASS: TestModelC_RealCorpusQualification/filelock-4.0.3-py3-none-any.whl (0.00s)
2026-10-07T01:06:07.8415299Z     --- PASS: TestModelC_RealCorpusQualification/filelock-4.0.4-py3-none-any.whl (0.00s)
2026-10-07T01:06:07.8415931Z     --- PASS: TestModelC_RealCorpusQualification/sympy-1.14.0-py3-none-any.whl (0.18s)
2026-10-07T01:06:07.8416880Z     --- PASS: TestModelC_RealCorpusQualification/markupsafe-3.0.3-cp314-cp314-manylinux2014_x86_64.manylinux_2_17_x86_64.manylinux_2_28_x86_64.whl (0.00s)
2026-10-07T01:06:07.8417730Z     --- PASS: TestModelC_RealCorpusQualification/haa-cu126-toolkit-audit.whl (0.00s)
2026-10-07T01:06:07.8418351Z     --- PASS: TestModelC_RealCorpusQualification/haa-cu126-first-nccl.whl (5.12s)
2026-10-07T01:06:07.8418959Z     --- PASS: TestModelC_RealCorpusQualification/haa-cu126-first-cufft.whl (2.95s)
2026-10-07T01:06:07.8419633Z     --- PASS: TestModelC_RealCorpusQualification/cuda_pathfinder-1.8.2-py3-none-any.whl (0.00s)
2026-10-07T01:06:07.8420540Z     --- PASS: TestModelC_RealCorpusQualification/cuda_bindings-12.9.9-cp314-cp314-manylinux_2_24_x86_64.manylinux_2_28_x86_64.whl (0.17s)
2026-10-07T01:06:07.8421340Z     --- PASS: TestModelC_RealCorpusQualification/haa-cu130-toolkit-audit.whl (0.00s)
2026-10-07T01:06:07.8421948Z     --- PASS: TestModelC_RealCorpusQualification/haa-cu130-cupti-audit.whl (0.42s)
2026-10-07T01:06:07.8422769Z     --- PASS: TestModelC_RealCorpusQualification/cuda_bindings-13.4.3-cp314-cp314-manylinux_2_24_x86_64.manylinux_2_28_x86_64.whl (0.26s)
2026-10-07T01:06:07.8423723Z     --- PASS: TestModelC_RealCorpusQualification/haa-cu132-toolkit-audit.whl (0.00s)
2026-10-07T01:06:07.8424484Z     --- PASS: TestModelC_RealCorpusQualification/haa-cu132-cupti-audit.whl (0.45s)
2026-10-07T01:06:07.8425118Z     --- PASS: TestModelC_RealCorpusQualification/networkx-3.6.1-py3-none-any.whl (0.05s)
2026-10-07T01:06:07.8425991Z     --- PASS: TestModelC_RealCorpusQualification/cuda_bindings-13.4.3-cp314-cp314-manylinux_2_24_x86_64.manylinux_2_28_x86_64.whl#01 (0.15s)
2026-10-07T01:06:07.8426808Z     --- PASS: TestModelC_RealCorpusQualification/networkx-3.7-py3-none-any.whl (0.05s)
2026-10-07T01:06:07.8427433Z     --- PASS: TestModelC_RealCorpusQualification/jinja2-3.1.6-py3-none-any.whl (0.00s)
2026-10-07T01:06:07.8427921Z PASS
2026-10-07T01:06:07.8428282Z ok  	github.com/rahoney/heliopause/internal/artifact/pypi	9.845s
2026-10-07T01:06:07.8515242Z Post job cleanup.
2026-10-07T01:06:07.9865052Z Post job cleanup.
2026-10-07T01:06:08.0738999Z [command]/usr/bin/git version
2026-10-07T01:06:08.0783223Z git version 2.55.0
2026-10-07T01:06:08.0827658Z Temporarily overriding HOME='/home/runner/work/_temp/97bdbdb6-088d-49a5-90b3-e637983d772a' before making global git config changes
2026-10-07T01:06:08.0855447Z Adding repository directory to the temporary git global config as a safe directory
2026-10-07T01:06:08.0856662Z [command]/usr/bin/git config --global --add safe.directory /home/runner/work/heliopause/heliopause
2026-10-07T01:06:08.0873975Z Removing SSH command configuration
2026-10-07T01:06:08.0876843Z [command]/usr/bin/git config --local --name-only --get-regexp core\.sshCommand
2026-10-07T01:06:08.0915653Z [command]/usr/bin/git submodule foreach --recursive sh -c "git config --local --name-only --get-regexp 'core\.sshCommand' && git config --local --unset-all 'core.sshCommand' || :"
2026-10-07T01:06:08.1185176Z Removing HTTP extra header
2026-10-07T01:06:08.1192036Z [command]/usr/bin/git config --local --name-only --get-regexp http\.https\:\/\/github\.com\/\.extraheader
2026-10-07T01:06:08.1234939Z [command]/usr/bin/git submodule foreach --recursive sh -c "git config --local --name-only --get-regexp 'http\.https\:\/\/github\.com\/\.extraheader' && git config --local --unset-all 'http.https://github.com/.extraheader' || :"
2026-10-07T01:06:08.1495568Z Removing includeIf entries pointing to credentials config files
2026-10-07T01:06:08.1503918Z [command]/usr/bin/git config --local --name-only --get-regexp ^includeIf\.gitdir:
2026-10-07T01:06:08.1544554Z [command]/usr/bin/git submodule foreach --recursive git config --local --show-origin --name-only --get-regexp remote.origin.url
2026-10-07T01:06:08.1976914Z Cleaning up orphan processes
