2026-10-07T03:16:51.1086301Z Current runner version: '2.337.0'
2026-10-07T03:16:51.1110252Z ##[group]Runner Image Provisioner
2026-10-07T03:16:51.1111162Z Hosted Compute Agent
2026-10-07T03:16:51.1111967Z Version: 20261002.596
2026-10-07T03:16:51.1112574Z Commit: c3d12f3313a95f25162a1503be624f3b0617f8c0
2026-10-07T03:16:51.1113262Z Build Date: 2026-10-02T22:28:27Z
2026-10-07T03:16:51.1113981Z Worker ID: {17869f47-eb86-4a5c-a0bc-1ed26f6a02aa}
2026-10-07T03:16:51.1114656Z Region: westus3
2026-10-07T03:16:51.1115184Z Cloud: Azure
2026-10-07T03:16:51.1115707Z ##[endgroup]
2026-10-07T03:16:51.1117109Z ##[group]Operating System
2026-10-07T03:16:51.1117723Z Ubuntu
2026-10-07T03:16:51.1118255Z 24.04.5
2026-10-07T03:16:51.1118751Z LTS
2026-10-07T03:16:51.1119265Z ##[endgroup]
2026-10-07T03:16:51.1119824Z ##[group]Runner Image
2026-10-07T03:16:51.1120399Z Image: ubuntu-24.04
2026-10-07T03:16:51.1120934Z Version: 20261004.327.1
2026-10-07T03:16:51.1122281Z Included Software: https://github.com/actions/runner-images/blob/ubuntu24/20261004.327/images/ubuntu/Ubuntu2404-Readme.md
2026-10-07T03:16:51.1123760Z Image Release: https://github.com/actions/runner-images/releases/tag/ubuntu24%2F20261004.327
2026-10-07T03:16:51.1124671Z ##[endgroup]
2026-10-07T03:16:51.1125727Z ##[group]GITHUB_TOKEN Permissions
2026-10-07T03:16:51.1127940Z Contents: read
2026-10-07T03:16:51.1128501Z Metadata: read
2026-10-07T03:16:51.1129330Z ##[endgroup]
2026-10-07T03:16:51.1131677Z Secret source: Actions
2026-10-07T03:16:51.1132733Z Cache mode: write
2026-10-07T03:16:51.1133695Z Prepare workflow directory
2026-10-07T03:16:51.1516084Z Prepare all required actions
2026-10-07T03:16:51.1564046Z Getting action download info
2026-10-07T03:16:51.4556649Z Download action repository 'actions/checkout@3d3c42e5aac5ba805825da76410c181273ba90b1' (SHA:3d3c42e5aac5ba805825da76410c181273ba90b1)
2026-10-07T03:16:51.5695989Z Download action repository 'actions/setup-go@b7ad1dad31e06c5925ef5d2fc7ad053ef454303e' (SHA:b7ad1dad31e06c5925ef5d2fc7ad053ef454303e)
2026-10-07T03:16:52.5078273Z Complete job name: Minimum Go
2026-10-07T03:16:52.5784747Z ##[group]Run actions/checkout@3d3c42e5aac5ba805825da76410c181273ba90b1
2026-10-07T03:16:52.5785864Z with:
2026-10-07T03:16:52.5786508Z   persist-credentials: false
2026-10-07T03:16:52.5787165Z   repository: rahoney/heliopause
2026-10-07T03:16:52.5791713Z   token: ***
2026-10-07T03:16:52.5792346Z   ssh-strict: true
2026-10-07T03:16:52.5792953Z   ssh-user: git
2026-10-07T03:16:52.5793510Z   clean: true
2026-10-07T03:16:52.5794072Z   sparse-checkout-cone-mode: true
2026-10-07T03:16:52.5794693Z   fetch-depth: 1
2026-10-07T03:16:52.5795276Z   fetch-tags: false
2026-10-07T03:16:52.5795865Z   show-progress: true
2026-10-07T03:16:52.5796440Z   lfs: false
2026-10-07T03:16:52.5796993Z   submodules: false
2026-10-07T03:16:52.5797568Z   set-safe-directory: true
2026-10-07T03:16:52.5798200Z   allow-unsafe-pr-checkout: false
2026-10-07T03:16:52.5799047Z env:
2026-10-07T03:16:52.5799568Z   GOTOOLCHAIN: local
2026-10-07T03:16:52.5800134Z ##[endgroup]
2026-10-07T03:16:52.6776765Z Syncing repository: rahoney/heliopause
2026-10-07T03:16:52.6780210Z ##[group]Getting Git version info
2026-10-07T03:16:52.6781716Z Working directory is '/home/runner/work/heliopause/heliopause'
2026-10-07T03:16:52.6783709Z [command]/usr/bin/git version
2026-10-07T03:16:52.6784630Z git version 2.55.0
2026-10-07T03:16:52.6797442Z ##[endgroup]
2026-10-07T03:16:52.6804812Z Temporarily overriding HOME='/home/runner/work/_temp/f7c6e959-2b99-466b-83ee-39e00d91b27a' before making global git config changes
2026-10-07T03:16:52.6807097Z Adding repository directory to the temporary git global config as a safe directory
2026-10-07T03:16:52.6808955Z [command]/usr/bin/git config --global --add safe.directory /home/runner/work/heliopause/heliopause
2026-10-07T03:16:52.6852131Z Deleting the contents of '/home/runner/work/heliopause/heliopause'
2026-10-07T03:16:52.6855223Z ##[group]Determining repository object format
2026-10-07T03:16:52.6857387Z ##[endgroup]
2026-10-07T03:16:52.6863269Z ##[group]Initializing the repository
2026-10-07T03:16:52.6873389Z [command]/usr/bin/git init /home/runner/work/heliopause/heliopause
2026-10-07T03:16:52.6949337Z hint: Using 'master' as the name for the initial branch. This default branch name
2026-10-07T03:16:52.6950729Z hint: will change to "main" in Git 3.0. To configure the initial branch name
2026-10-07T03:16:52.6952035Z hint: to use in all of your new repositories, which will suppress this warning,
2026-10-07T03:16:52.6952987Z hint: call:
2026-10-07T03:16:52.6953510Z hint:
2026-10-07T03:16:52.6954174Z hint: 	git config --global init.defaultBranch <name>
2026-10-07T03:16:52.6954976Z hint:
2026-10-07T03:16:52.6955690Z hint: Names commonly chosen instead of 'master' are 'main', 'trunk' and
2026-10-07T03:16:52.6956767Z hint: 'development'. The just-created branch can be renamed via this command:
2026-10-07T03:16:52.6957659Z hint:
2026-10-07T03:16:52.6958221Z hint: 	git branch -m <name>
2026-10-07T03:16:52.6958868Z hint:
2026-10-07T03:16:52.6959657Z hint: Disable this message with "git config set advice.defaultBranchName false"
2026-10-07T03:16:52.6965917Z Initialized empty Git repository in /home/runner/work/heliopause/heliopause/.git/
2026-10-07T03:16:52.6975783Z [command]/usr/bin/git remote add origin https://github.com/rahoney/heliopause
2026-10-07T03:16:52.7016921Z ##[endgroup]
2026-10-07T03:16:52.7018345Z ##[group]Disabling automatic garbage collection
2026-10-07T03:16:52.7020540Z [command]/usr/bin/git config --local gc.auto 0
2026-10-07T03:16:52.7048911Z ##[endgroup]
2026-10-07T03:16:52.7050715Z ##[group]Setting up auth
2026-10-07T03:16:52.7051954Z Removing SSH command configuration
2026-10-07T03:16:52.7055353Z [command]/usr/bin/git config --local --name-only --get-regexp core\.sshCommand
2026-10-07T03:16:52.7086691Z [command]/usr/bin/git submodule foreach --recursive sh -c "git config --local --name-only --get-regexp 'core\.sshCommand' && git config --local --unset-all 'core.sshCommand' || :"
2026-10-07T03:16:52.7380601Z Removing HTTP extra header
2026-10-07T03:16:52.7387350Z [command]/usr/bin/git config --local --name-only --get-regexp http\.https\:\/\/github\.com\/\.extraheader
2026-10-07T03:16:52.7417146Z [command]/usr/bin/git submodule foreach --recursive sh -c "git config --local --name-only --get-regexp 'http\.https\:\/\/github\.com\/\.extraheader' && git config --local --unset-all 'http.https://github.com/.extraheader' || :"
2026-10-07T03:16:52.7609321Z Removing includeIf entries pointing to credentials config files
2026-10-07T03:16:52.7617489Z [command]/usr/bin/git config --local --name-only --get-regexp ^includeIf\.gitdir:
2026-10-07T03:16:52.7650313Z [command]/usr/bin/git submodule foreach --recursive git config --local --show-origin --name-only --get-regexp remote.origin.url
2026-10-07T03:16:52.7884389Z [command]/usr/bin/git config --file /home/runner/work/_temp/git-credentials-580b41ae-0558-4ebd-ac2c-f9c0e6219a6b.config http.https://github.com/.extraheader AUTHORIZATION: basic ***
2026-10-07T03:16:52.7924182Z [command]/usr/bin/git config --local includeIf.gitdir:/home/runner/work/heliopause/heliopause/.git.path /home/runner/work/_temp/git-credentials-580b41ae-0558-4ebd-ac2c-f9c0e6219a6b.config
2026-10-07T03:16:52.7951880Z [command]/usr/bin/git config --local includeIf.gitdir:/home/runner/work/heliopause/heliopause/.git/worktrees/*.path /home/runner/work/_temp/git-credentials-580b41ae-0558-4ebd-ac2c-f9c0e6219a6b.config
2026-10-07T03:16:52.7982358Z [command]/usr/bin/git config --local includeIf.gitdir:/github/workspace/.git.path /github/runner_temp/git-credentials-580b41ae-0558-4ebd-ac2c-f9c0e6219a6b.config
2026-10-07T03:16:52.8010250Z [command]/usr/bin/git config --local includeIf.gitdir:/github/workspace/.git/worktrees/*.path /github/runner_temp/git-credentials-580b41ae-0558-4ebd-ac2c-f9c0e6219a6b.config
2026-10-07T03:16:52.8037145Z ##[endgroup]
2026-10-07T03:16:52.8038629Z ##[group]Fetching the repository
2026-10-07T03:16:52.8045067Z [command]/usr/bin/git -c protocol.version=2 fetch --no-tags --prune --no-recurse-submodules --depth=1 origin +d328756f0087624093808215d1fbedd47767ef58:refs/remotes/origin/milestone/m12-go-cargo-terraform
2026-10-07T03:16:54.4028709Z From https://github.com/rahoney/heliopause
2026-10-07T03:16:54.4031171Z  * [new ref]         d328756f0087624093808215d1fbedd47767ef58 -> origin/milestone/m12-go-cargo-terraform
2026-10-07T03:16:54.4038064Z [command]/usr/bin/git branch --list --remote origin/milestone/m12-go-cargo-terraform
2026-10-07T03:16:54.4062642Z   origin/milestone/m12-go-cargo-terraform
2026-10-07T03:16:54.4069868Z [command]/usr/bin/git rev-parse refs/remotes/origin/milestone/m12-go-cargo-terraform
2026-10-07T03:16:54.4091015Z d328756f0087624093808215d1fbedd47767ef58
2026-10-07T03:16:54.4093352Z ##[endgroup]
2026-10-07T03:16:54.4094214Z ##[group]Determining the checkout info
2026-10-07T03:16:54.4095022Z ##[endgroup]
2026-10-07T03:16:54.4098051Z [command]/usr/bin/git sparse-checkout disable
2026-10-07T03:16:54.4142739Z [command]/usr/bin/git config --local --unset-all extensions.worktreeConfig
2026-10-07T03:16:54.4170685Z ##[group]Checking out the ref
2026-10-07T03:16:54.4174558Z [command]/usr/bin/git checkout --progress --force -B milestone/m12-go-cargo-terraform refs/remotes/origin/milestone/m12-go-cargo-terraform
2026-10-07T03:16:54.5197532Z Switched to a new branch 'milestone/m12-go-cargo-terraform'
2026-10-07T03:16:54.5198828Z branch 'milestone/m12-go-cargo-terraform' set up to track 'origin/milestone/m12-go-cargo-terraform'.
2026-10-07T03:16:54.5208551Z ##[endgroup]
2026-10-07T03:16:54.5250359Z [command]/usr/bin/git log -1 --format=%H
2026-10-07T03:16:54.5276373Z d328756f0087624093808215d1fbedd47767ef58
2026-10-07T03:16:54.5288627Z ##[group]Removing auth
2026-10-07T03:16:54.5289143Z Removing SSH command configuration
2026-10-07T03:16:54.5289759Z [command]/usr/bin/git config --local --name-only --get-regexp core\.sshCommand
2026-10-07T03:16:54.5321059Z [command]/usr/bin/git submodule foreach --recursive sh -c "git config --local --name-only --get-regexp 'core\.sshCommand' && git config --local --unset-all 'core.sshCommand' || :"
2026-10-07T03:16:54.5510854Z Removing HTTP extra header
2026-10-07T03:16:54.5513919Z [command]/usr/bin/git config --local --name-only --get-regexp http\.https\:\/\/github\.com\/\.extraheader
2026-10-07T03:16:54.5539584Z [command]/usr/bin/git submodule foreach --recursive sh -c "git config --local --name-only --get-regexp 'http\.https\:\/\/github\.com\/\.extraheader' && git config --local --unset-all 'http.https://github.com/.extraheader' || :"
2026-10-07T03:16:54.5722147Z Removing includeIf entries pointing to credentials config files
2026-10-07T03:16:54.5724895Z [command]/usr/bin/git config --local --name-only --get-regexp ^includeIf\.gitdir:
2026-10-07T03:16:54.5748036Z includeif.gitdir:/home/runner/work/heliopause/heliopause/.git.path
2026-10-07T03:16:54.5749246Z includeif.gitdir:/home/runner/work/heliopause/heliopause/.git/worktrees/*.path
2026-10-07T03:16:54.5750041Z includeif.gitdir:/github/workspace/.git.path
2026-10-07T03:16:54.5750905Z includeif.gitdir:/github/workspace/.git/worktrees/*.path
2026-10-07T03:16:54.5756548Z [command]/usr/bin/git config --local --get-all includeif.gitdir:/home/runner/work/heliopause/heliopause/.git.path
2026-10-07T03:16:54.5776024Z /home/runner/work/_temp/git-credentials-580b41ae-0558-4ebd-ac2c-f9c0e6219a6b.config
2026-10-07T03:16:54.5784992Z [command]/usr/bin/git config --local --unset includeif.gitdir:/home/runner/work/heliopause/heliopause/.git.path \/home\/runner\/work\/_temp\/git\-credentials\-580b41ae\-0558\-4ebd\-ac2c\-f9c0e6219a6b\.config
2026-10-07T03:16:54.5820208Z [command]/usr/bin/git config --local --get-all includeif.gitdir:/home/runner/work/heliopause/heliopause/.git/worktrees/*.path
2026-10-07T03:16:54.5842445Z /home/runner/work/_temp/git-credentials-580b41ae-0558-4ebd-ac2c-f9c0e6219a6b.config
2026-10-07T03:16:54.5851010Z [command]/usr/bin/git config --local --unset includeif.gitdir:/home/runner/work/heliopause/heliopause/.git/worktrees/*.path \/home\/runner\/work\/_temp\/git\-credentials\-580b41ae\-0558\-4ebd\-ac2c\-f9c0e6219a6b\.config
2026-10-07T03:16:54.5879514Z [command]/usr/bin/git config --local --get-all includeif.gitdir:/github/workspace/.git.path
2026-10-07T03:16:54.5922933Z /github/runner_temp/git-credentials-580b41ae-0558-4ebd-ac2c-f9c0e6219a6b.config
2026-10-07T03:16:54.5938948Z [command]/usr/bin/git config --local --unset includeif.gitdir:/github/workspace/.git.path \/github\/runner_temp\/git\-credentials\-580b41ae\-0558\-4ebd\-ac2c\-f9c0e6219a6b\.config
2026-10-07T03:16:54.5981996Z [command]/usr/bin/git config --local --get-all includeif.gitdir:/github/workspace/.git/worktrees/*.path
2026-10-07T03:16:54.6001236Z /github/runner_temp/git-credentials-580b41ae-0558-4ebd-ac2c-f9c0e6219a6b.config
2026-10-07T03:16:54.6007623Z [command]/usr/bin/git config --local --unset includeif.gitdir:/github/workspace/.git/worktrees/*.path \/github\/runner_temp\/git\-credentials\-580b41ae\-0558\-4ebd\-ac2c\-f9c0e6219a6b\.config
2026-10-07T03:16:54.6092820Z [command]/usr/bin/git submodule foreach --recursive git config --local --show-origin --name-only --get-regexp remote.origin.url
2026-10-07T03:16:54.6270689Z Removing credentials config '/home/runner/work/_temp/git-credentials-580b41ae-0558-4ebd-ac2c-f9c0e6219a6b.config'
2026-10-07T03:16:54.6281772Z ##[endgroup]
2026-10-07T03:16:54.6522456Z ##[group]Run actions/setup-go@b7ad1dad31e06c5925ef5d2fc7ad053ef454303e
2026-10-07T03:16:54.6523069Z with:
2026-10-07T03:16:54.6523450Z   go-version: 1.26.8
2026-10-07T03:16:54.6523836Z   check-latest: false
2026-10-07T03:16:54.6524223Z   cache: false
2026-10-07T03:16:54.6526964Z   token: ***
2026-10-07T03:16:54.6527348Z env:
2026-10-07T03:16:54.6527725Z   GOTOOLCHAIN: local
2026-10-07T03:16:54.6528090Z ##[endgroup]
2026-10-07T03:16:54.7651841Z Setup go version spec 1.26.8
2026-10-07T03:16:54.7776626Z Found in cache @ /opt/hostedtoolcache/go/1.26.8/x64
2026-10-07T03:16:54.7777695Z Added go to the path
2026-10-07T03:16:54.7781553Z Successfully set up Go version 1.26.8
2026-10-07T03:16:55.2499730Z go version go1.26.8 linux/amd64
2026-10-07T03:16:55.2500148Z 
2026-10-07T03:16:55.2500842Z ##[group]go env
2026-10-07T03:16:55.8058451Z AR='ar'
2026-10-07T03:16:55.8058905Z CC='gcc'
2026-10-07T03:16:55.8059300Z CGO_CFLAGS='-O2 -g'
2026-10-07T03:16:55.8059753Z CGO_CPPFLAGS=''
2026-10-07T03:16:55.8060409Z CGO_CXXFLAGS='-O2 -g'
2026-10-07T03:16:55.8060806Z CGO_ENABLED='1'
2026-10-07T03:16:55.8061184Z CGO_FFLAGS='-O2 -g'
2026-10-07T03:16:55.8061897Z CGO_LDFLAGS='-O2 -g'
2026-10-07T03:16:55.8062308Z CXX='g++'
2026-10-07T03:16:55.8063266Z GCCGO='gccgo'
2026-10-07T03:16:55.8063756Z GO111MODULE=''
2026-10-07T03:16:55.8064107Z GOAMD64='v1'
2026-10-07T03:16:55.8064533Z GOARCH='amd64'
2026-10-07T03:16:55.8064932Z GOAUTH='netrc'
2026-10-07T03:16:55.8065335Z GOBIN=''
2026-10-07T03:16:55.8065793Z GOCACHE='/home/runner/.cache/go-build'
2026-10-07T03:16:55.8066365Z GOCACHEPROG=''
2026-10-07T03:16:55.8066809Z GODEBUG=''
2026-10-07T03:16:55.8067199Z GOENV='/home/runner/.config/go/env'
2026-10-07T03:16:55.8067799Z GOEXE=''
2026-10-07T03:16:55.8068481Z GOEXPERIMENT=''
2026-10-07T03:16:55.8069104Z GOFIPS140='off'
2026-10-07T03:16:55.8069634Z GOFLAGS=''
2026-10-07T03:16:55.8070948Z GOGCCFLAGS='-fPIC -m64 -pthread -Wl,--no-gc-sections -fmessage-length=0 -ffile-prefix-map=/tmp/go-build3924286186=/tmp/go-build -gno-record-gcc-switches'
2026-10-07T03:16:55.8072396Z GOHOSTARCH='amd64'
2026-10-07T03:16:55.8072995Z GOHOSTOS='linux'
2026-10-07T03:16:55.8073611Z GOINSECURE=''
2026-10-07T03:16:55.8074486Z GOMOD='/home/runner/work/heliopause/heliopause/go.mod'
2026-10-07T03:16:55.8075279Z GOMODCACHE='/home/runner/go/pkg/mod'
2026-10-07T03:16:55.8075826Z GONOPROXY=''
2026-10-07T03:16:55.8076361Z GONOSUMDB=''
2026-10-07T03:16:55.8076824Z GOOS='linux'
2026-10-07T03:16:55.8077332Z GOPATH='/home/runner/go'
2026-10-07T03:16:55.8077889Z GOPRIVATE=''
2026-10-07T03:16:55.8078529Z GOPROXY='https://proxy.golang.org,direct'
2026-10-07T03:16:55.8079252Z GOROOT='/opt/hostedtoolcache/go/1.26.8/x64'
2026-10-07T03:16:55.8079885Z GOSUMDB='sum.golang.org'
2026-10-07T03:16:55.8080435Z GOTELEMETRY='local'
2026-10-07T03:16:55.8081195Z GOTELEMETRYDIR='/home/runner/.config/go/telemetry'
2026-10-07T03:16:55.8082344Z GOTMPDIR=''
2026-10-07T03:16:55.8082742Z GOTOOLCHAIN='local'
2026-10-07T03:16:55.8083356Z GOTOOLDIR='/opt/hostedtoolcache/go/1.26.8/x64/pkg/tool/linux_amd64'
2026-10-07T03:16:55.8083968Z GOVCS=''
2026-10-07T03:16:55.8084451Z GOVERSION='go1.26.8'
2026-10-07T03:16:55.8084862Z GOWORK=''
2026-10-07T03:16:55.8085310Z PKG_CONFIG='pkg-config'
2026-10-07T03:16:55.8085651Z 
2026-10-07T03:16:55.8086299Z ##[endgroup]
2026-10-07T03:16:55.8193460Z ##[group]Run go run ./scripts/check bootstrap-modules
2026-10-07T03:16:55.8194071Z [36;1mgo run ./scripts/check bootstrap-modules[0m
2026-10-07T03:16:55.8365231Z shell: /usr/bin/bash -e {0}
2026-10-07T03:16:55.8365744Z env:
2026-10-07T03:16:55.8366065Z   GOTOOLCHAIN: local
2026-10-07T03:16:55.8366487Z   HELOX_TOOL_CACHE: /home/runner/work/_temp/heliopause-platform-tools
2026-10-07T03:16:55.8366938Z ##[endgroup]
2026-10-07T03:16:56.0044744Z go: downloading go.yaml.in/yaml/v3 v3.0.4
2026-10-07T03:17:11.7288976Z [check] prepare module cache
2026-10-07T03:17:11.7289848Z [check] download product modules
2026-10-07T03:17:13.0875543Z ##[group]Run go run ./scripts/check platform
2026-10-07T03:17:13.0875973Z [36;1mgo run ./scripts/check platform[0m
2026-10-07T03:17:13.0878891Z shell: /bin/bash --noprofile --norc -e -u -o pipefail {0}
2026-10-07T03:17:13.0879293Z env:
2026-10-07T03:17:13.0879615Z   GOTOOLCHAIN: local
2026-10-07T03:17:13.0880163Z   HELOX_TOOL_CACHE: /home/runner/work/_temp/heliopause-platform-tools
2026-10-07T03:17:13.0880649Z ##[endgroup]
2026-10-07T03:17:13.1610842Z [check] production build
2026-10-07T03:17:34.6613593Z [check] default test
2026-10-07T03:18:20.9588558Z Post job cleanup.
2026-10-07T03:18:21.0783485Z Post job cleanup.
2026-10-07T03:18:21.1613340Z [command]/usr/bin/git version
2026-10-07T03:18:21.1657054Z git version 2.55.0
2026-10-07T03:18:21.1703262Z Temporarily overriding HOME='/home/runner/work/_temp/4ebe9632-f813-492a-8f58-b40526aacf09' before making global git config changes
2026-10-07T03:18:21.1704345Z Adding repository directory to the temporary git global config as a safe directory
2026-10-07T03:18:21.1708491Z [command]/usr/bin/git config --global --add safe.directory /home/runner/work/heliopause/heliopause
2026-10-07T03:18:21.1739480Z Removing SSH command configuration
2026-10-07T03:18:21.1746516Z [command]/usr/bin/git config --local --name-only --get-regexp core\.sshCommand
2026-10-07T03:18:21.1777353Z [command]/usr/bin/git submodule foreach --recursive sh -c "git config --local --name-only --get-regexp 'core\.sshCommand' && git config --local --unset-all 'core.sshCommand' || :"
2026-10-07T03:18:21.1986922Z Removing HTTP extra header
2026-10-07T03:18:21.1992059Z [command]/usr/bin/git config --local --name-only --get-regexp http\.https\:\/\/github\.com\/\.extraheader
2026-10-07T03:18:21.2023211Z [command]/usr/bin/git submodule foreach --recursive sh -c "git config --local --name-only --get-regexp 'http\.https\:\/\/github\.com\/\.extraheader' && git config --local --unset-all 'http.https://github.com/.extraheader' || :"
2026-10-07T03:18:21.2218166Z Removing includeIf entries pointing to credentials config files
2026-10-07T03:18:21.2224337Z [command]/usr/bin/git config --local --name-only --get-regexp ^includeIf\.gitdir:
2026-10-07T03:18:21.2255193Z [command]/usr/bin/git submodule foreach --recursive git config --local --show-origin --name-only --get-regexp remote.origin.url
2026-10-07T03:18:21.2590874Z Cleaning up orphan processes
