2026-10-07T04:15:02.6687354Z Current runner version: '2.337.0'
2026-10-07T04:15:02.6724580Z ##[group]Runner Image Provisioner
2026-10-07T04:15:02.6725949Z Hosted Compute Agent
2026-10-07T04:15:02.6726909Z Version: 20260901.588
2026-10-07T04:15:02.6728087Z Commit: f88ec8081b781fac6c440065ac7ff9e710ce3d0b
2026-10-07T04:15:02.6729673Z Build Date: 2026-09-01T19:56:44Z
2026-10-07T04:15:02.6730836Z Worker ID: {f38f18e3-9383-4076-8107-dc74258c212e}
2026-10-07T04:15:02.6732041Z Azure Region: eastus
2026-10-07T04:15:02.6733058Z ##[endgroup]
2026-10-07T04:15:02.6735565Z ##[group]Operating System
2026-10-07T04:15:02.6736750Z Ubuntu
2026-10-07T04:15:02.6737600Z 24.04.5
2026-10-07T04:15:02.6738549Z LTS
2026-10-07T04:15:02.6739695Z ##[endgroup]
2026-10-07T04:15:02.6740613Z ##[group]Runner Image
2026-10-07T04:15:02.6741715Z Image: ubuntu-24.04
2026-10-07T04:15:02.6742676Z Version: 20260927.320.1
2026-10-07T04:15:02.6744733Z Included Software: https://github.com/actions/runner-images/blob/ubuntu24/20260927.320/images/ubuntu/Ubuntu2404-Readme.md
2026-10-07T04:15:02.6747455Z Image Release: https://github.com/actions/runner-images/releases/tag/ubuntu24%2F20260927.320
2026-10-07T04:15:02.6749551Z ##[endgroup]
2026-10-07T04:15:02.6751298Z ##[group]GITHUB_TOKEN Permissions
2026-10-07T04:15:02.6754744Z Contents: read
2026-10-07T04:15:02.6755815Z Metadata: read
2026-10-07T04:15:02.6756863Z ##[endgroup]
2026-10-07T04:15:02.6760266Z Secret source: Actions
2026-10-07T04:15:02.6761786Z Cache mode: write
2026-10-07T04:15:02.6763278Z Prepare workflow directory
2026-10-07T04:15:02.7351069Z Prepare all required actions
2026-10-07T04:15:02.7421345Z Getting action download info
2026-10-07T04:15:02.9573541Z Download action repository 'actions/checkout@3d3c42e5aac5ba805825da76410c181273ba90b1' (SHA:3d3c42e5aac5ba805825da76410c181273ba90b1)
2026-10-07T04:15:03.0425988Z Download action repository 'actions/setup-go@b7ad1dad31e06c5925ef5d2fc7ad053ef454303e' (SHA:b7ad1dad31e06c5925ef5d2fc7ad053ef454303e)
2026-10-07T04:15:03.3327353Z Complete job name: Minimum Go
2026-10-07T04:15:03.4119309Z ##[group]Run actions/checkout@3d3c42e5aac5ba805825da76410c181273ba90b1
2026-10-07T04:15:03.4120475Z with:
2026-10-07T04:15:03.4120932Z   persist-credentials: false
2026-10-07T04:15:03.4121472Z   repository: rahoney/heliopause
2026-10-07T04:15:03.4125335Z   token: ***
2026-10-07T04:15:03.4125773Z   ssh-strict: true
2026-10-07T04:15:03.4126243Z   ssh-user: git
2026-10-07T04:15:03.4126669Z   clean: true
2026-10-07T04:15:03.4127120Z   sparse-checkout-cone-mode: true
2026-10-07T04:15:03.4127653Z   fetch-depth: 1
2026-10-07T04:15:03.4128085Z   fetch-tags: false
2026-10-07T04:15:03.4128528Z   show-progress: true
2026-10-07T04:15:03.4129253Z   lfs: false
2026-10-07T04:15:03.4129681Z   submodules: false
2026-10-07T04:15:03.4130138Z   set-safe-directory: true
2026-10-07T04:15:03.4130649Z   allow-unsafe-pr-checkout: false
2026-10-07T04:15:03.4131418Z env:
2026-10-07T04:15:03.4131826Z   GOTOOLCHAIN: local
2026-10-07T04:15:03.4132279Z ##[endgroup]
2026-10-07T04:15:03.5176655Z Syncing repository: rahoney/heliopause
2026-10-07T04:15:03.5180548Z ##[group]Getting Git version info
2026-10-07T04:15:03.5181771Z Working directory is '/home/runner/work/heliopause/heliopause'
2026-10-07T04:15:03.5183716Z [command]/usr/bin/git version
2026-10-07T04:15:03.5235805Z git version 2.55.0
2026-10-07T04:15:03.5259214Z ##[endgroup]
2026-10-07T04:15:03.5277443Z Temporarily overriding HOME='/home/runner/work/_temp/4009b099-76ea-4215-a53b-f45674f5dcdf' before making global git config changes
2026-10-07T04:15:03.5280446Z Adding repository directory to the temporary git global config as a safe directory
2026-10-07T04:15:03.5282374Z [command]/usr/bin/git config --global --add safe.directory /home/runner/work/heliopause/heliopause
2026-10-07T04:15:03.5334527Z Deleting the contents of '/home/runner/work/heliopause/heliopause'
2026-10-07T04:15:03.5337692Z ##[group]Determining repository object format
2026-10-07T04:15:03.5339864Z ##[endgroup]
2026-10-07T04:15:03.5341021Z ##[group]Initializing the repository
2026-10-07T04:15:03.5345627Z [command]/usr/bin/git init /home/runner/work/heliopause/heliopause
2026-10-07T04:15:03.5467483Z hint: Using 'master' as the name for the initial branch. This default branch name
2026-10-07T04:15:03.5471583Z hint: will change to "main" in Git 3.0. To configure the initial branch name
2026-10-07T04:15:03.5473094Z hint: to use in all of your new repositories, which will suppress this warning,
2026-10-07T04:15:03.5473871Z hint: call:
2026-10-07T04:15:03.5474285Z hint:
2026-10-07T04:15:03.5474826Z hint: 	git config --global init.defaultBranch <name>
2026-10-07T04:15:03.5475644Z hint:
2026-10-07T04:15:03.5476255Z hint: Names commonly chosen instead of 'master' are 'main', 'trunk' and
2026-10-07T04:15:03.5477229Z hint: 'development'. The just-created branch can be renamed via this command:
2026-10-07T04:15:03.5478005Z hint:
2026-10-07T04:15:03.5478432Z hint: 	git branch -m <name>
2026-10-07T04:15:03.5479232Z hint:
2026-10-07T04:15:03.5480421Z hint: Disable this message with "git config set advice.defaultBranchName false"
2026-10-07T04:15:03.5482066Z Initialized empty Git repository in /home/runner/work/heliopause/heliopause/.git/
2026-10-07T04:15:03.5484302Z [command]/usr/bin/git remote add origin https://github.com/rahoney/heliopause
2026-10-07T04:15:03.5533823Z ##[endgroup]
2026-10-07T04:15:03.5534631Z ##[group]Disabling automatic garbage collection
2026-10-07T04:15:03.5539330Z [command]/usr/bin/git config --local gc.auto 0
2026-10-07T04:15:03.5583062Z ##[endgroup]
2026-10-07T04:15:03.5584295Z ##[group]Setting up auth
2026-10-07T04:15:03.5585273Z Removing SSH command configuration
2026-10-07T04:15:03.5590194Z [command]/usr/bin/git config --local --name-only --get-regexp core\.sshCommand
2026-10-07T04:15:03.5630938Z [command]/usr/bin/git submodule foreach --recursive sh -c "git config --local --name-only --get-regexp 'core\.sshCommand' && git config --local --unset-all 'core.sshCommand' || :"
2026-10-07T04:15:03.6000538Z Removing HTTP extra header
2026-10-07T04:15:03.6002395Z [command]/usr/bin/git config --local --name-only --get-regexp http\.https\:\/\/github\.com\/\.extraheader
2026-10-07T04:15:03.6043481Z [command]/usr/bin/git submodule foreach --recursive sh -c "git config --local --name-only --get-regexp 'http\.https\:\/\/github\.com\/\.extraheader' && git config --local --unset-all 'http.https://github.com/.extraheader' || :"
2026-10-07T04:15:03.6306330Z Removing includeIf entries pointing to credentials config files
2026-10-07T04:15:03.6308593Z [command]/usr/bin/git config --local --name-only --get-regexp ^includeIf\.gitdir:
2026-10-07T04:15:03.6328874Z [command]/usr/bin/git submodule foreach --recursive git config --local --show-origin --name-only --get-regexp remote.origin.url
2026-10-07T04:15:03.6580030Z [command]/usr/bin/git config --file /home/runner/work/_temp/git-credentials-9f084468-5a94-4b16-9f2c-75a0fe21be1a.config http.https://github.com/.extraheader AUTHORIZATION: basic ***
2026-10-07T04:15:03.6623832Z [command]/usr/bin/git config --local includeIf.gitdir:/home/runner/work/heliopause/heliopause/.git.path /home/runner/work/_temp/git-credentials-9f084468-5a94-4b16-9f2c-75a0fe21be1a.config
2026-10-07T04:15:03.6660960Z [command]/usr/bin/git config --local includeIf.gitdir:/home/runner/work/heliopause/heliopause/.git/worktrees/*.path /home/runner/work/_temp/git-credentials-9f084468-5a94-4b16-9f2c-75a0fe21be1a.config
2026-10-07T04:15:03.6702069Z [command]/usr/bin/git config --local includeIf.gitdir:/github/workspace/.git.path /github/runner_temp/git-credentials-9f084468-5a94-4b16-9f2c-75a0fe21be1a.config
2026-10-07T04:15:03.6741131Z [command]/usr/bin/git config --local includeIf.gitdir:/github/workspace/.git/worktrees/*.path /github/runner_temp/git-credentials-9f084468-5a94-4b16-9f2c-75a0fe21be1a.config
2026-10-07T04:15:03.6775297Z ##[endgroup]
2026-10-07T04:15:03.6776821Z ##[group]Fetching the repository
2026-10-07T04:15:03.6783309Z [command]/usr/bin/git -c protocol.version=2 fetch --no-tags --prune --no-recurse-submodules --depth=1 origin +d328756f0087624093808215d1fbedd47767ef58:refs/remotes/origin/milestone/m12-go-cargo-terraform
2026-10-07T04:15:04.1607284Z From https://github.com/rahoney/heliopause
2026-10-07T04:15:04.1609258Z  * [new ref]         d328756f0087624093808215d1fbedd47767ef58 -> origin/milestone/m12-go-cargo-terraform
2026-10-07T04:15:04.1640815Z [command]/usr/bin/git branch --list --remote origin/milestone/m12-go-cargo-terraform
2026-10-07T04:15:04.1647998Z   origin/milestone/m12-go-cargo-terraform
2026-10-07T04:15:04.1658759Z [command]/usr/bin/git rev-parse refs/remotes/origin/milestone/m12-go-cargo-terraform
2026-10-07T04:15:04.1688015Z d328756f0087624093808215d1fbedd47767ef58
2026-10-07T04:15:04.1697225Z ##[endgroup]
2026-10-07T04:15:04.1698045Z ##[group]Determining the checkout info
2026-10-07T04:15:04.1699195Z ##[endgroup]
2026-10-07T04:15:04.1710045Z [command]/usr/bin/git sparse-checkout disable
2026-10-07T04:15:04.1758135Z [command]/usr/bin/git config --local --unset-all extensions.worktreeConfig
2026-10-07T04:15:04.1798131Z ##[group]Checking out the ref
2026-10-07T04:15:04.1802736Z [command]/usr/bin/git checkout --progress --force -B milestone/m12-go-cargo-terraform refs/remotes/origin/milestone/m12-go-cargo-terraform
2026-10-07T04:15:04.2991635Z Switched to a new branch 'milestone/m12-go-cargo-terraform'
2026-10-07T04:15:04.2997109Z branch 'milestone/m12-go-cargo-terraform' set up to track 'origin/milestone/m12-go-cargo-terraform'.
2026-10-07T04:15:04.3013942Z ##[endgroup]
2026-10-07T04:15:04.3064491Z [command]/usr/bin/git log -1 --format=%H
2026-10-07T04:15:04.3095559Z d328756f0087624093808215d1fbedd47767ef58
2026-10-07T04:15:04.3105910Z ##[group]Removing auth
2026-10-07T04:15:04.3110815Z Removing SSH command configuration
2026-10-07T04:15:04.3112875Z [command]/usr/bin/git config --local --name-only --get-regexp core\.sshCommand
2026-10-07T04:15:04.3151871Z [command]/usr/bin/git submodule foreach --recursive sh -c "git config --local --name-only --get-regexp 'core\.sshCommand' && git config --local --unset-all 'core.sshCommand' || :"
2026-10-07T04:15:04.3393725Z Removing HTTP extra header
2026-10-07T04:15:04.3397166Z [command]/usr/bin/git config --local --name-only --get-regexp http\.https\:\/\/github\.com\/\.extraheader
2026-10-07T04:15:04.3437665Z [command]/usr/bin/git submodule foreach --recursive sh -c "git config --local --name-only --get-regexp 'http\.https\:\/\/github\.com\/\.extraheader' && git config --local --unset-all 'http.https://github.com/.extraheader' || :"
2026-10-07T04:15:04.3666732Z Removing includeIf entries pointing to credentials config files
2026-10-07T04:15:04.3671717Z [command]/usr/bin/git config --local --name-only --get-regexp ^includeIf\.gitdir:
2026-10-07T04:15:04.3703714Z includeif.gitdir:/home/runner/work/heliopause/heliopause/.git.path
2026-10-07T04:15:04.3706964Z includeif.gitdir:/home/runner/work/heliopause/heliopause/.git/worktrees/*.path
2026-10-07T04:15:04.3709526Z includeif.gitdir:/github/workspace/.git.path
2026-10-07T04:15:04.3711869Z includeif.gitdir:/github/workspace/.git/worktrees/*.path
2026-10-07T04:15:04.3716518Z [command]/usr/bin/git config --local --get-all includeif.gitdir:/home/runner/work/heliopause/heliopause/.git.path
2026-10-07T04:15:04.3741040Z /home/runner/work/_temp/git-credentials-9f084468-5a94-4b16-9f2c-75a0fe21be1a.config
2026-10-07T04:15:04.3751904Z [command]/usr/bin/git config --local --unset includeif.gitdir:/home/runner/work/heliopause/heliopause/.git.path \/home\/runner\/work\/_temp\/git\-credentials\-9f084468\-5a94\-4b16\-9f2c\-75a0fe21be1a\.config
2026-10-07T04:15:04.3791155Z [command]/usr/bin/git config --local --get-all includeif.gitdir:/home/runner/work/heliopause/heliopause/.git/worktrees/*.path
2026-10-07T04:15:04.3827668Z /home/runner/work/_temp/git-credentials-9f084468-5a94-4b16-9f2c-75a0fe21be1a.config
2026-10-07T04:15:04.3838427Z [command]/usr/bin/git config --local --unset includeif.gitdir:/home/runner/work/heliopause/heliopause/.git/worktrees/*.path \/home\/runner\/work\/_temp\/git\-credentials\-9f084468\-5a94\-4b16\-9f2c\-75a0fe21be1a\.config
2026-10-07T04:15:04.3875422Z [command]/usr/bin/git config --local --get-all includeif.gitdir:/github/workspace/.git.path
2026-10-07T04:15:04.3904837Z /github/runner_temp/git-credentials-9f084468-5a94-4b16-9f2c-75a0fe21be1a.config
2026-10-07T04:15:04.3924671Z [command]/usr/bin/git config --local --unset includeif.gitdir:/github/workspace/.git.path \/github\/runner_temp\/git\-credentials\-9f084468\-5a94\-4b16\-9f2c\-75a0fe21be1a\.config
2026-10-07T04:15:04.4005385Z [command]/usr/bin/git config --local --get-all includeif.gitdir:/github/workspace/.git/worktrees/*.path
2026-10-07T04:15:04.4032696Z /github/runner_temp/git-credentials-9f084468-5a94-4b16-9f2c-75a0fe21be1a.config
2026-10-07T04:15:04.4042110Z [command]/usr/bin/git config --local --unset includeif.gitdir:/github/workspace/.git/worktrees/*.path \/github\/runner_temp\/git\-credentials\-9f084468\-5a94\-4b16\-9f2c\-75a0fe21be1a\.config
2026-10-07T04:15:04.4081393Z [command]/usr/bin/git submodule foreach --recursive git config --local --show-origin --name-only --get-regexp remote.origin.url
2026-10-07T04:15:04.4309509Z Removing credentials config '/home/runner/work/_temp/git-credentials-9f084468-5a94-4b16-9f2c-75a0fe21be1a.config'
2026-10-07T04:15:04.4317802Z ##[endgroup]
2026-10-07T04:15:04.4644633Z ##[group]Run actions/setup-go@b7ad1dad31e06c5925ef5d2fc7ad053ef454303e
2026-10-07T04:15:04.4646173Z with:
2026-10-07T04:15:04.4647012Z   go-version: 1.26.8
2026-10-07T04:15:04.4647957Z   check-latest: false
2026-10-07T04:15:04.4649065Z   cache: false
2026-10-07T04:15:04.4657642Z   token: ***
2026-10-07T04:15:04.4658520Z env:
2026-10-07T04:15:04.4659485Z   GOTOOLCHAIN: local
2026-10-07T04:15:04.4660415Z ##[endgroup]
2026-10-07T04:15:04.5952789Z Setup go version spec 1.26.8
2026-10-07T04:15:04.5971054Z Found in cache @ /opt/hostedtoolcache/go/1.26.8/x64
2026-10-07T04:15:04.5972604Z Added go to the path
2026-10-07T04:15:04.5974258Z Successfully set up Go version 1.26.8
2026-10-07T04:15:04.6591434Z go version go1.26.8 linux/amd64
2026-10-07T04:15:04.6592263Z 
2026-10-07T04:15:04.6593390Z ##[group]go env
2026-10-07T04:15:04.8073317Z AR='ar'
2026-10-07T04:15:04.8074885Z CC='gcc'
2026-10-07T04:15:04.8076266Z CGO_CFLAGS='-O2 -g'
2026-10-07T04:15:04.8077873Z CGO_CPPFLAGS=''
2026-10-07T04:15:04.8079842Z CGO_CXXFLAGS='-O2 -g'
2026-10-07T04:15:04.8081539Z CGO_ENABLED='1'
2026-10-07T04:15:04.8083114Z CGO_FFLAGS='-O2 -g'
2026-10-07T04:15:04.8084733Z CGO_LDFLAGS='-O2 -g'
2026-10-07T04:15:04.8086394Z CXX='g++'
2026-10-07T04:15:04.8087962Z GCCGO='gccgo'
2026-10-07T04:15:04.8089824Z GO111MODULE=''
2026-10-07T04:15:04.8091456Z GOAMD64='v1'
2026-10-07T04:15:04.8093092Z GOARCH='amd64'
2026-10-07T04:15:04.8094687Z GOAUTH='netrc'
2026-10-07T04:15:04.8096295Z GOBIN=''
2026-10-07T04:15:04.8098034Z GOCACHE='/home/runner/.cache/go-build'
2026-10-07T04:15:04.8182474Z GOCACHEPROG=''
2026-10-07T04:15:04.8184044Z GODEBUG=''
2026-10-07T04:15:04.8185528Z GOENV='/home/runner/.config/go/env'
2026-10-07T04:15:04.8187055Z GOEXE=''
2026-10-07T04:15:04.8188397Z GOEXPERIMENT=''
2026-10-07T04:15:04.8189918Z GOFIPS140='off'
2026-10-07T04:15:04.8190758Z GOFLAGS=''
2026-10-07T04:15:04.8192293Z GOGCCFLAGS='-fPIC -m64 -pthread -Wl,--no-gc-sections -fmessage-length=0 -ffile-prefix-map=/tmp/go-build43418857=/tmp/go-build -gno-record-gcc-switches'
2026-10-07T04:15:04.8193814Z GOHOSTARCH='amd64'
2026-10-07T04:15:04.8194644Z GOHOSTOS='linux'
2026-10-07T04:15:04.8195461Z GOINSECURE=''
2026-10-07T04:15:04.8196398Z GOMOD='/home/runner/work/heliopause/heliopause/go.mod'
2026-10-07T04:15:04.8197513Z GOMODCACHE='/home/runner/go/pkg/mod'
2026-10-07T04:15:04.8198430Z GONOPROXY=''
2026-10-07T04:15:04.8199657Z GONOSUMDB=''
2026-10-07T04:15:04.8200856Z GOOS='linux'
2026-10-07T04:15:04.8201681Z GOPATH='/home/runner/go'
2026-10-07T04:15:04.8202515Z GOPRIVATE=''
2026-10-07T04:15:04.8203514Z GOPROXY='https://proxy.golang.org,direct'
2026-10-07T04:15:04.8204523Z GOROOT='/opt/hostedtoolcache/go/1.26.8/x64'
2026-10-07T04:15:04.8205457Z GOSUMDB='sum.golang.org'
2026-10-07T04:15:04.8206295Z GOTELEMETRY='local'
2026-10-07T04:15:04.8207207Z GOTELEMETRYDIR='/home/runner/.config/go/telemetry'
2026-10-07T04:15:04.8208141Z GOTMPDIR=''
2026-10-07T04:15:04.8209532Z GOTOOLCHAIN='local'
2026-10-07T04:15:04.8210560Z GOTOOLDIR='/opt/hostedtoolcache/go/1.26.8/x64/pkg/tool/linux_amd64'
2026-10-07T04:15:04.8211566Z GOVCS=''
2026-10-07T04:15:04.8212338Z GOVERSION='go1.26.8'
2026-10-07T04:15:04.8213138Z GOWORK=''
2026-10-07T04:15:04.8213938Z PKG_CONFIG='pkg-config'
2026-10-07T04:15:04.8214408Z 
2026-10-07T04:15:04.8215431Z ##[endgroup]
2026-10-07T04:15:04.8310330Z ##[group]Run go run ./scripts/check bootstrap-modules
2026-10-07T04:15:04.8311479Z [36;1mgo run ./scripts/check bootstrap-modules[0m
2026-10-07T04:15:04.8575756Z shell: /usr/bin/bash -e {0}
2026-10-07T04:15:04.8576941Z env:
2026-10-07T04:15:04.8577973Z   GOTOOLCHAIN: local
2026-10-07T04:15:04.8579509Z   HELOX_TOOL_CACHE: /home/runner/work/_temp/heliopause-platform-tools
2026-10-07T04:15:04.8580934Z ##[endgroup]
2026-10-07T04:15:04.8939331Z go: downloading go.yaml.in/yaml/v3 v3.0.4
2026-10-07T04:15:18.3678530Z [check] prepare module cache
2026-10-07T04:15:18.3679862Z [check] download product modules
2026-10-07T04:15:19.5202164Z ##[group]Run go run ./scripts/check platform
2026-10-07T04:15:19.5202567Z [36;1mgo run ./scripts/check platform[0m
2026-10-07T04:15:19.5204952Z shell: /bin/bash --noprofile --norc -e -u -o pipefail {0}
2026-10-07T04:15:19.5205298Z env:
2026-10-07T04:15:19.5205514Z   GOTOOLCHAIN: local
2026-10-07T04:15:19.5205841Z   HELOX_TOOL_CACHE: /home/runner/work/_temp/heliopause-platform-tools
2026-10-07T04:15:19.5206211Z ##[endgroup]
2026-10-07T04:15:19.6000160Z [check] production build
2026-10-07T04:15:42.4638669Z [check] default test
2026-10-07T04:16:39.3150848Z Post job cleanup.
2026-10-07T04:16:39.4528734Z Post job cleanup.
2026-10-07T04:16:39.5446927Z [command]/usr/bin/git version
2026-10-07T04:16:39.5494630Z git version 2.55.0
2026-10-07T04:16:39.5544570Z Temporarily overriding HOME='/home/runner/work/_temp/04e6fab9-5284-4f48-a25c-df759abd9542' before making global git config changes
2026-10-07T04:16:39.5546484Z Adding repository directory to the temporary git global config as a safe directory
2026-10-07T04:16:39.5551285Z [command]/usr/bin/git config --global --add safe.directory /home/runner/work/heliopause/heliopause
2026-10-07T04:16:39.5590266Z Removing SSH command configuration
2026-10-07T04:16:39.5598576Z [command]/usr/bin/git config --local --name-only --get-regexp core\.sshCommand
2026-10-07T04:16:39.5648144Z [command]/usr/bin/git submodule foreach --recursive sh -c "git config --local --name-only --get-regexp 'core\.sshCommand' && git config --local --unset-all 'core.sshCommand' || :"
2026-10-07T04:16:39.5917749Z Removing HTTP extra header
2026-10-07T04:16:39.5923971Z [command]/usr/bin/git config --local --name-only --get-regexp http\.https\:\/\/github\.com\/\.extraheader
2026-10-07T04:16:39.5970951Z [command]/usr/bin/git submodule foreach --recursive sh -c "git config --local --name-only --get-regexp 'http\.https\:\/\/github\.com\/\.extraheader' && git config --local --unset-all 'http.https://github.com/.extraheader' || :"
2026-10-07T04:16:39.6298182Z Removing includeIf entries pointing to credentials config files
2026-10-07T04:16:39.6300384Z [command]/usr/bin/git config --local --name-only --get-regexp ^includeIf\.gitdir:
2026-10-07T04:16:39.6372035Z [command]/usr/bin/git submodule foreach --recursive git config --local --show-origin --name-only --get-regexp remote.origin.url
2026-10-07T04:16:39.6825384Z Cleaning up orphan processes
