2026-10-07T04:14:17.2691402Z Current runner version: '2.337.0'
2026-10-07T04:14:17.2716604Z ##[group]Runner Image Provisioner
2026-10-07T04:14:17.2717632Z Hosted Compute Agent
2026-10-07T04:14:17.2718230Z Version: 20260901.588
2026-10-07T04:14:17.2718947Z Commit: f88ec8081b781fac6c440065ac7ff9e710ce3d0b
2026-10-07T04:14:17.2719781Z Build Date: 2026-09-01T19:56:44Z
2026-10-07T04:14:17.2720466Z Worker ID: {09b118d1-babd-4dc5-9dce-6a8e9d561ce0}
2026-10-07T04:14:17.2721298Z Azure Region: westus
2026-10-07T04:14:17.2721866Z ##[endgroup]
2026-10-07T04:14:17.2723744Z ##[group]Operating System
2026-10-07T04:14:17.2724557Z Ubuntu
2026-10-07T04:14:17.2725125Z 24.04.5
2026-10-07T04:14:17.2725692Z LTS
2026-10-07T04:14:17.2726213Z ##[endgroup]
2026-10-07T04:14:17.2726750Z ##[group]Runner Image
2026-10-07T04:14:17.2727452Z Image: ubuntu-24.04
2026-10-07T04:14:17.2728026Z Version: 20260927.320.1
2026-10-07T04:14:17.2729326Z Included Software: https://github.com/actions/runner-images/blob/ubuntu24/20260927.320/images/ubuntu/Ubuntu2404-Readme.md
2026-10-07T04:14:17.2730905Z Image Release: https://github.com/actions/runner-images/releases/tag/ubuntu24%2F20260927.320
2026-10-07T04:14:17.2732043Z ##[endgroup]
2026-10-07T04:14:17.2733125Z ##[group]GITHUB_TOKEN Permissions
2026-10-07T04:14:17.2735884Z Contents: read
2026-10-07T04:14:17.2736511Z Metadata: read
2026-10-07T04:14:17.2737176Z ##[endgroup]
2026-10-07T04:14:17.2739294Z Secret source: Actions
2026-10-07T04:14:17.2740404Z Cache mode: write
2026-10-07T04:14:17.2741406Z Prepare workflow directory
2026-10-07T04:14:17.3302618Z Prepare all required actions
2026-10-07T04:14:17.3354760Z Getting action download info
2026-10-07T04:14:17.6851869Z Download action repository 'actions/checkout@3d3c42e5aac5ba805825da76410c181273ba90b1' (SHA:3d3c42e5aac5ba805825da76410c181273ba90b1)
2026-10-07T04:14:17.7871373Z Download action repository 'actions/setup-go@b7ad1dad31e06c5925ef5d2fc7ad053ef454303e' (SHA:b7ad1dad31e06c5925ef5d2fc7ad053ef454303e)
2026-10-07T04:14:18.3712192Z Complete job name: Required
2026-10-07T04:14:18.4521674Z ##[group]Run actions/checkout@3d3c42e5aac5ba805825da76410c181273ba90b1
2026-10-07T04:14:18.4523952Z with:
2026-10-07T04:14:18.4524935Z   persist-credentials: false
2026-10-07T04:14:18.4525942Z   repository: rahoney/heliopause
2026-10-07T04:14:18.4534692Z   token: ***
2026-10-07T04:14:18.4535532Z   ssh-strict: true
2026-10-07T04:14:18.4536358Z   ssh-user: git
2026-10-07T04:14:18.4537142Z   clean: true
2026-10-07T04:14:18.4537973Z   sparse-checkout-cone-mode: true
2026-10-07T04:14:18.4538975Z   fetch-depth: 1
2026-10-07T04:14:18.4539853Z   fetch-tags: false
2026-10-07T04:14:18.4540684Z   show-progress: true
2026-10-07T04:14:18.4541520Z   lfs: false
2026-10-07T04:14:18.4542310Z   submodules: false
2026-10-07T04:14:18.4543168Z   set-safe-directory: true
2026-10-07T04:14:18.4544384Z   allow-unsafe-pr-checkout: false
2026-10-07T04:14:18.4545844Z env:
2026-10-07T04:14:18.4546614Z   GOTOOLCHAIN: local
2026-10-07T04:14:18.4547460Z   QUICK_RESULT: success
2026-10-07T04:14:18.4548367Z   DOCS_RESULT: success
2026-10-07T04:14:18.4549251Z   SECURITY_RESULT: success
2026-10-07T04:14:18.4550190Z   VULNERABILITY_RESULT: success
2026-10-07T04:14:18.4551140Z   MINIMUM_GO_RESULT: success
2026-10-07T04:14:18.4552048Z   MACOS_RESULT: success
2026-10-07T04:14:18.4552932Z   GVISOR_OBSERVER_RESULT: success
2026-10-07T04:14:18.4554174Z   GVISOR_INTEGRATION_RESULT: success
2026-10-07T04:14:18.4555186Z   CORPUS_RESULT: success
2026-10-07T04:14:18.4556071Z ##[endgroup]
2026-10-07T04:14:18.5602990Z Syncing repository: rahoney/heliopause
2026-10-07T04:14:18.5606301Z ##[group]Getting Git version info
2026-10-07T04:14:18.5607711Z Working directory is '/home/runner/work/heliopause/heliopause'
2026-10-07T04:14:18.5609688Z [command]/usr/bin/git version
2026-10-07T04:14:18.5675364Z git version 2.55.0
2026-10-07T04:14:18.5731166Z ##[endgroup]
2026-10-07T04:14:18.5740735Z Temporarily overriding HOME='/home/runner/work/_temp/10a56bb2-8a2a-4a07-b673-890bf1550935' before making global git config changes
2026-10-07T04:14:18.5749197Z Adding repository directory to the temporary git global config as a safe directory
2026-10-07T04:14:18.5752530Z [command]/usr/bin/git config --global --add safe.directory /home/runner/work/heliopause/heliopause
2026-10-07T04:14:18.5776047Z Deleting the contents of '/home/runner/work/heliopause/heliopause'
2026-10-07T04:14:18.5778949Z ##[group]Determining repository object format
2026-10-07T04:14:18.5780633Z ##[endgroup]
2026-10-07T04:14:18.5781461Z ##[group]Initializing the repository
2026-10-07T04:14:18.5786431Z [command]/usr/bin/git init /home/runner/work/heliopause/heliopause
2026-10-07T04:14:18.5931221Z hint: Using 'master' as the name for the initial branch. This default branch name
2026-10-07T04:14:18.5933908Z hint: will change to "main" in Git 3.0. To configure the initial branch name
2026-10-07T04:14:18.5936052Z hint: to use in all of your new repositories, which will suppress this warning,
2026-10-07T04:14:18.5937631Z hint: call:
2026-10-07T04:14:18.5938441Z hint:
2026-10-07T04:14:18.5939184Z hint: 	git config --global init.defaultBranch <name>
2026-10-07T04:14:18.5939994Z hint:
2026-10-07T04:14:18.5940732Z hint: Names commonly chosen instead of 'master' are 'main', 'trunk' and
2026-10-07T04:14:18.5942394Z hint: 'development'. The just-created branch can be renamed via this command:
2026-10-07T04:14:18.5943778Z hint:
2026-10-07T04:14:18.5944639Z hint: 	git branch -m <name>
2026-10-07T04:14:18.5945670Z hint:
2026-10-07T04:14:18.5946892Z hint: Disable this message with "git config set advice.defaultBranchName false"
2026-10-07T04:14:18.5948983Z Initialized empty Git repository in /home/runner/work/heliopause/heliopause/.git/
2026-10-07T04:14:18.5951466Z [command]/usr/bin/git remote add origin https://github.com/rahoney/heliopause
2026-10-07T04:14:18.6005927Z ##[endgroup]
2026-10-07T04:14:18.6006805Z ##[group]Disabling automatic garbage collection
2026-10-07T04:14:18.6010735Z [command]/usr/bin/git config --local gc.auto 0
2026-10-07T04:14:18.6045087Z ##[endgroup]
2026-10-07T04:14:18.6046609Z ##[group]Setting up auth
2026-10-07T04:14:18.6047606Z Removing SSH command configuration
2026-10-07T04:14:18.6051815Z [command]/usr/bin/git config --local --name-only --get-regexp core\.sshCommand
2026-10-07T04:14:18.6091648Z [command]/usr/bin/git submodule foreach --recursive sh -c "git config --local --name-only --get-regexp 'core\.sshCommand' && git config --local --unset-all 'core.sshCommand' || :"
2026-10-07T04:14:18.6517663Z Removing HTTP extra header
2026-10-07T04:14:18.6524906Z [command]/usr/bin/git config --local --name-only --get-regexp http\.https\:\/\/github\.com\/\.extraheader
2026-10-07T04:14:18.6569358Z [command]/usr/bin/git submodule foreach --recursive sh -c "git config --local --name-only --get-regexp 'http\.https\:\/\/github\.com\/\.extraheader' && git config --local --unset-all 'http.https://github.com/.extraheader' || :"
2026-10-07T04:14:18.6802799Z Removing includeIf entries pointing to credentials config files
2026-10-07T04:14:18.6808648Z [command]/usr/bin/git config --local --name-only --get-regexp ^includeIf\.gitdir:
2026-10-07T04:14:18.6882191Z [command]/usr/bin/git submodule foreach --recursive git config --local --show-origin --name-only --get-regexp remote.origin.url
2026-10-07T04:14:18.7110778Z [command]/usr/bin/git config --file /home/runner/work/_temp/git-credentials-8c26bf21-ac84-4e54-945d-99bbfb083cc1.config http.https://github.com/.extraheader AUTHORIZATION: basic ***
2026-10-07T04:14:18.7152518Z [command]/usr/bin/git config --local includeIf.gitdir:/home/runner/work/heliopause/heliopause/.git.path /home/runner/work/_temp/git-credentials-8c26bf21-ac84-4e54-945d-99bbfb083cc1.config
2026-10-07T04:14:18.7190253Z [command]/usr/bin/git config --local includeIf.gitdir:/home/runner/work/heliopause/heliopause/.git/worktrees/*.path /home/runner/work/_temp/git-credentials-8c26bf21-ac84-4e54-945d-99bbfb083cc1.config
2026-10-07T04:14:18.7231504Z [command]/usr/bin/git config --local includeIf.gitdir:/github/workspace/.git.path /github/runner_temp/git-credentials-8c26bf21-ac84-4e54-945d-99bbfb083cc1.config
2026-10-07T04:14:18.7269575Z [command]/usr/bin/git config --local includeIf.gitdir:/github/workspace/.git/worktrees/*.path /github/runner_temp/git-credentials-8c26bf21-ac84-4e54-945d-99bbfb083cc1.config
2026-10-07T04:14:18.7302122Z ##[endgroup]
2026-10-07T04:14:18.7302938Z ##[group]Fetching the repository
2026-10-07T04:14:18.7309941Z [command]/usr/bin/git -c protocol.version=2 fetch --no-tags --prune --no-recurse-submodules --depth=1 origin +d328756f0087624093808215d1fbedd47767ef58:refs/remotes/origin/milestone/m12-go-cargo-terraform
2026-10-07T04:14:19.5413173Z From https://github.com/rahoney/heliopause
2026-10-07T04:14:19.5415868Z  * [new ref]         d328756f0087624093808215d1fbedd47767ef58 -> origin/milestone/m12-go-cargo-terraform
2026-10-07T04:14:19.5423880Z [command]/usr/bin/git branch --list --remote origin/milestone/m12-go-cargo-terraform
2026-10-07T04:14:19.5454891Z   origin/milestone/m12-go-cargo-terraform
2026-10-07T04:14:19.5464359Z [command]/usr/bin/git rev-parse refs/remotes/origin/milestone/m12-go-cargo-terraform
2026-10-07T04:14:19.5491254Z d328756f0087624093808215d1fbedd47767ef58
2026-10-07T04:14:19.5496380Z ##[endgroup]
2026-10-07T04:14:19.5497768Z ##[group]Determining the checkout info
2026-10-07T04:14:19.5499772Z ##[endgroup]
2026-10-07T04:14:19.5500907Z [command]/usr/bin/git sparse-checkout disable
2026-10-07T04:14:19.5559681Z [command]/usr/bin/git config --local --unset-all extensions.worktreeConfig
2026-10-07T04:14:19.5596814Z ##[group]Checking out the ref
2026-10-07T04:14:19.5601467Z [command]/usr/bin/git checkout --progress --force -B milestone/m12-go-cargo-terraform refs/remotes/origin/milestone/m12-go-cargo-terraform
2026-10-07T04:14:19.6797394Z Switched to a new branch 'milestone/m12-go-cargo-terraform'
2026-10-07T04:14:19.6804048Z branch 'milestone/m12-go-cargo-terraform' set up to track 'origin/milestone/m12-go-cargo-terraform'.
2026-10-07T04:14:19.6819284Z ##[endgroup]
2026-10-07T04:14:19.6870891Z [command]/usr/bin/git log -1 --format=%H
2026-10-07T04:14:19.6904531Z d328756f0087624093808215d1fbedd47767ef58
2026-10-07T04:14:19.6914706Z ##[group]Removing auth
2026-10-07T04:14:19.6916107Z Removing SSH command configuration
2026-10-07T04:14:19.6919186Z [command]/usr/bin/git config --local --name-only --get-regexp core\.sshCommand
2026-10-07T04:14:19.6964591Z [command]/usr/bin/git submodule foreach --recursive sh -c "git config --local --name-only --get-regexp 'core\.sshCommand' && git config --local --unset-all 'core.sshCommand' || :"
2026-10-07T04:14:19.7206014Z Removing HTTP extra header
2026-10-07T04:14:19.7209884Z [command]/usr/bin/git config --local --name-only --get-regexp http\.https\:\/\/github\.com\/\.extraheader
2026-10-07T04:14:19.7253946Z [command]/usr/bin/git submodule foreach --recursive sh -c "git config --local --name-only --get-regexp 'http\.https\:\/\/github\.com\/\.extraheader' && git config --local --unset-all 'http.https://github.com/.extraheader' || :"
2026-10-07T04:14:19.7488805Z Removing includeIf entries pointing to credentials config files
2026-10-07T04:14:19.7492919Z [command]/usr/bin/git config --local --name-only --get-regexp ^includeIf\.gitdir:
2026-10-07T04:14:19.7527795Z includeif.gitdir:/home/runner/work/heliopause/heliopause/.git.path
2026-10-07T04:14:19.7530292Z includeif.gitdir:/home/runner/work/heliopause/heliopause/.git/worktrees/*.path
2026-10-07T04:14:19.7532421Z includeif.gitdir:/github/workspace/.git.path
2026-10-07T04:14:19.7535261Z includeif.gitdir:/github/workspace/.git/worktrees/*.path
2026-10-07T04:14:19.7539909Z [command]/usr/bin/git config --local --get-all includeif.gitdir:/home/runner/work/heliopause/heliopause/.git.path
2026-10-07T04:14:19.7572185Z /home/runner/work/_temp/git-credentials-8c26bf21-ac84-4e54-945d-99bbfb083cc1.config
2026-10-07T04:14:19.7584949Z [command]/usr/bin/git config --local --unset includeif.gitdir:/home/runner/work/heliopause/heliopause/.git.path \/home\/runner\/work\/_temp\/git\-credentials\-8c26bf21\-ac84\-4e54\-945d\-99bbfb083cc1\.config
2026-10-07T04:14:19.7626775Z [command]/usr/bin/git config --local --get-all includeif.gitdir:/home/runner/work/heliopause/heliopause/.git/worktrees/*.path
2026-10-07T04:14:19.7654414Z /home/runner/work/_temp/git-credentials-8c26bf21-ac84-4e54-945d-99bbfb083cc1.config
2026-10-07T04:14:19.7664665Z [command]/usr/bin/git config --local --unset includeif.gitdir:/home/runner/work/heliopause/heliopause/.git/worktrees/*.path \/home\/runner\/work\/_temp\/git\-credentials\-8c26bf21\-ac84\-4e54\-945d\-99bbfb083cc1\.config
2026-10-07T04:14:19.7702049Z [command]/usr/bin/git config --local --get-all includeif.gitdir:/github/workspace/.git.path
2026-10-07T04:14:19.7732072Z /github/runner_temp/git-credentials-8c26bf21-ac84-4e54-945d-99bbfb083cc1.config
2026-10-07T04:14:19.7749861Z [command]/usr/bin/git config --local --unset includeif.gitdir:/github/workspace/.git.path \/github\/runner_temp\/git\-credentials\-8c26bf21\-ac84\-4e54\-945d\-99bbfb083cc1\.config
2026-10-07T04:14:19.7827374Z [command]/usr/bin/git config --local --get-all includeif.gitdir:/github/workspace/.git/worktrees/*.path
2026-10-07T04:14:19.7859186Z /github/runner_temp/git-credentials-8c26bf21-ac84-4e54-945d-99bbfb083cc1.config
2026-10-07T04:14:19.7867516Z [command]/usr/bin/git config --local --unset includeif.gitdir:/github/workspace/.git/worktrees/*.path \/github\/runner_temp\/git\-credentials\-8c26bf21\-ac84\-4e54\-945d\-99bbfb083cc1\.config
2026-10-07T04:14:19.7908665Z [command]/usr/bin/git submodule foreach --recursive git config --local --show-origin --name-only --get-regexp remote.origin.url
2026-10-07T04:14:19.8144188Z Removing credentials config '/home/runner/work/_temp/git-credentials-8c26bf21-ac84-4e54-945d-99bbfb083cc1.config'
2026-10-07T04:14:19.8152737Z ##[endgroup]
2026-10-07T04:14:19.8501445Z ##[group]Run actions/setup-go@b7ad1dad31e06c5925ef5d2fc7ad053ef454303e
2026-10-07T04:14:19.8503117Z with:
2026-10-07T04:14:19.8504142Z   go-version: 1.26.8
2026-10-07T04:14:19.8505107Z   check-latest: false
2026-10-07T04:14:19.8506063Z   cache: false
2026-10-07T04:14:19.8516012Z   token: ***
2026-10-07T04:14:19.8516896Z env:
2026-10-07T04:14:19.8517754Z   GOTOOLCHAIN: local
2026-10-07T04:14:19.8518729Z   QUICK_RESULT: success
2026-10-07T04:14:19.8519715Z   DOCS_RESULT: success
2026-10-07T04:14:19.8520723Z   SECURITY_RESULT: success
2026-10-07T04:14:19.8521795Z   VULNERABILITY_RESULT: success
2026-10-07T04:14:19.8522918Z   MINIMUM_GO_RESULT: success
2026-10-07T04:14:19.8524393Z   MACOS_RESULT: success
2026-10-07T04:14:19.8525434Z   GVISOR_OBSERVER_RESULT: success
2026-10-07T04:14:19.8526620Z   GVISOR_INTEGRATION_RESULT: success
2026-10-07T04:14:19.8527786Z   CORPUS_RESULT: success
2026-10-07T04:14:19.8528771Z ##[endgroup]
2026-10-07T04:14:19.9710103Z Setup go version spec 1.26.8
2026-10-07T04:14:19.9727649Z Found in cache @ /opt/hostedtoolcache/go/1.26.8/x64
2026-10-07T04:14:19.9729279Z Added go to the path
2026-10-07T04:14:19.9731186Z Successfully set up Go version 1.26.8
2026-10-07T04:14:20.7580545Z go version go1.26.8 linux/amd64
2026-10-07T04:14:20.7581260Z 
2026-10-07T04:14:20.7581994Z ##[group]go env
2026-10-07T04:14:20.9399817Z AR='ar'
2026-10-07T04:14:20.9400235Z CC='gcc'
2026-10-07T04:14:20.9400594Z CGO_CFLAGS='-O2 -g'
2026-10-07T04:14:20.9400896Z CGO_CPPFLAGS=''
2026-10-07T04:14:20.9401131Z CGO_CXXFLAGS='-O2 -g'
2026-10-07T04:14:20.9401367Z CGO_ENABLED='1'
2026-10-07T04:14:20.9401588Z CGO_FFLAGS='-O2 -g'
2026-10-07T04:14:20.9401811Z CGO_LDFLAGS='-O2 -g'
2026-10-07T04:14:20.9402044Z CXX='g++'
2026-10-07T04:14:20.9402243Z GCCGO='gccgo'
2026-10-07T04:14:20.9402456Z GO111MODULE=''
2026-10-07T04:14:20.9402688Z GOAMD64='v1'
2026-10-07T04:14:20.9402916Z GOARCH='amd64'
2026-10-07T04:14:20.9403126Z GOAUTH='netrc'
2026-10-07T04:14:20.9403369Z GOBIN=''
2026-10-07T04:14:20.9403894Z GOCACHE='/home/runner/.cache/go-build'
2026-10-07T04:14:20.9404184Z GOCACHEPROG=''
2026-10-07T04:14:20.9404389Z GODEBUG=''
2026-10-07T04:14:20.9404623Z GOENV='/home/runner/.config/go/env'
2026-10-07T04:14:20.9405040Z GOEXE=''
2026-10-07T04:14:20.9405268Z GOEXPERIMENT=''
2026-10-07T04:14:20.9405535Z GOFIPS140='off'
2026-10-07T04:14:20.9405753Z GOFLAGS=''
2026-10-07T04:14:20.9406443Z GOGCCFLAGS='-fPIC -m64 -pthread -Wl,--no-gc-sections -fmessage-length=0 -ffile-prefix-map=/tmp/go-build335571591=/tmp/go-build -gno-record-gcc-switches'
2026-10-07T04:14:20.9407438Z GOHOSTARCH='amd64'
2026-10-07T04:14:20.9407699Z GOHOSTOS='linux'
2026-10-07T04:14:20.9407986Z GOINSECURE=''
2026-10-07T04:14:20.9408353Z GOMOD='/home/runner/work/heliopause/heliopause/go.mod'
2026-10-07T04:14:20.9408752Z GOMODCACHE='/home/runner/go/pkg/mod'
2026-10-07T04:14:20.9409064Z GONOPROXY=''
2026-10-07T04:14:20.9409313Z GONOSUMDB=''
2026-10-07T04:14:20.9409535Z GOOS='linux'
2026-10-07T04:14:20.9409774Z GOPATH='/home/runner/go'
2026-10-07T04:14:20.9410050Z GOPRIVATE=''
2026-10-07T04:14:20.9410366Z GOPROXY='https://proxy.golang.org,direct'
2026-10-07T04:14:20.9410751Z GOROOT='/opt/hostedtoolcache/go/1.26.8/x64'
2026-10-07T04:14:20.9411086Z GOSUMDB='sum.golang.org'
2026-10-07T04:14:20.9411357Z GOTELEMETRY='local'
2026-10-07T04:14:20.9411657Z GOTELEMETRYDIR='/home/runner/.config/go/telemetry'
2026-10-07T04:14:20.9412001Z GOTMPDIR=''
2026-10-07T04:14:20.9412237Z GOTOOLCHAIN='local'
2026-10-07T04:14:20.9412621Z GOTOOLDIR='/opt/hostedtoolcache/go/1.26.8/x64/pkg/tool/linux_amd64'
2026-10-07T04:14:20.9413031Z GOVCS=''
2026-10-07T04:14:20.9413261Z GOVERSION='go1.26.8'
2026-10-07T04:14:20.9413782Z GOWORK=''
2026-10-07T04:14:20.9414006Z PKG_CONFIG='pkg-config'
2026-10-07T04:14:20.9414194Z 
2026-10-07T04:14:20.9414659Z ##[endgroup]
2026-10-07T04:14:20.9529935Z ##[group]Run go run ./scripts/check required "$QUICK_RESULT" "$DOCS_RESULT" "$SECURITY_RESULT" "$VULNERABILITY_RESULT" "$MINIMUM_GO_RESULT" "$MACOS_RESULT" "$GVISOR_OBSERVER_RESULT" "$GVISOR_INTEGRATION_RESULT" "$CORPUS_RESULT"
2026-10-07T04:14:20.9531564Z [36;1mgo run ./scripts/check required "$QUICK_RESULT" "$DOCS_RESULT" "$SECURITY_RESULT" "$VULNERABILITY_RESULT" "$MINIMUM_GO_RESULT" "$MACOS_RESULT" "$GVISOR_OBSERVER_RESULT" "$GVISOR_INTEGRATION_RESULT" "$CORPUS_RESULT"[0m
2026-10-07T04:14:20.9824586Z shell: /usr/bin/bash -e {0}
2026-10-07T04:14:20.9824988Z env:
2026-10-07T04:14:20.9825281Z   GOTOOLCHAIN: local
2026-10-07T04:14:20.9825580Z   QUICK_RESULT: success
2026-10-07T04:14:20.9825881Z   DOCS_RESULT: success
2026-10-07T04:14:20.9826191Z   SECURITY_RESULT: success
2026-10-07T04:14:20.9826526Z   VULNERABILITY_RESULT: success
2026-10-07T04:14:20.9826877Z   MINIMUM_GO_RESULT: success
2026-10-07T04:14:20.9827202Z   MACOS_RESULT: success
2026-10-07T04:14:20.9827575Z   GVISOR_OBSERVER_RESULT: success
2026-10-07T04:14:20.9827949Z   GVISOR_INTEGRATION_RESULT: success
2026-10-07T04:14:20.9828270Z   CORPUS_RESULT: success
2026-10-07T04:14:20.9828523Z ##[endgroup]
2026-10-07T04:14:21.1341868Z go: downloading go.yaml.in/yaml/v3 v3.0.4
2026-10-07T04:14:39.1167749Z Post job cleanup.
2026-10-07T04:14:39.2495745Z Post job cleanup.
2026-10-07T04:14:39.3363838Z [command]/usr/bin/git version
2026-10-07T04:14:39.3419841Z git version 2.55.0
2026-10-07T04:14:39.3492563Z Temporarily overriding HOME='/home/runner/work/_temp/0ee340ef-331a-43be-bbdf-5d5389abc3fe' before making global git config changes
2026-10-07T04:14:39.3494402Z Adding repository directory to the temporary git global config as a safe directory
2026-10-07T04:14:39.3499096Z [command]/usr/bin/git config --global --add safe.directory /home/runner/work/heliopause/heliopause
2026-10-07T04:14:39.3537937Z Removing SSH command configuration
2026-10-07T04:14:39.3554440Z [command]/usr/bin/git config --local --name-only --get-regexp core\.sshCommand
2026-10-07T04:14:39.3602506Z [command]/usr/bin/git submodule foreach --recursive sh -c "git config --local --name-only --get-regexp 'core\.sshCommand' && git config --local --unset-all 'core.sshCommand' || :"
2026-10-07T04:14:39.3876855Z Removing HTTP extra header
2026-10-07T04:14:39.3884205Z [command]/usr/bin/git config --local --name-only --get-regexp http\.https\:\/\/github\.com\/\.extraheader
2026-10-07T04:14:39.3928917Z [command]/usr/bin/git submodule foreach --recursive sh -c "git config --local --name-only --get-regexp 'http\.https\:\/\/github\.com\/\.extraheader' && git config --local --unset-all 'http.https://github.com/.extraheader' || :"
2026-10-07T04:14:39.4198797Z Removing includeIf entries pointing to credentials config files
2026-10-07T04:14:39.4206700Z [command]/usr/bin/git config --local --name-only --get-regexp ^includeIf\.gitdir:
2026-10-07T04:14:39.4255696Z [command]/usr/bin/git submodule foreach --recursive git config --local --show-origin --name-only --get-regexp remote.origin.url
2026-10-07T04:14:39.4658736Z Cleaning up orphan processes
