2026-10-07T01:22:47.6345450Z Current runner version: '2.337.0'
2026-10-07T01:22:47.6374440Z ##[group]Runner Image Provisioner
2026-10-07T01:22:47.6375580Z Hosted Compute Agent
2026-10-07T01:22:47.6376350Z Version: 20260819.586
2026-10-07T01:22:47.6377930Z Commit: 3cc4a88dfa507ef76119ad1bb3eccc6378bb2b76
2026-10-07T01:22:47.6379260Z Build Date: 2026-08-18T23:20:18Z
2026-10-07T01:22:47.6380220Z Worker ID: {1f148620-8fc7-40b1-91c2-5de543b8bf8c}
2026-10-07T01:22:47.6381210Z Azure Region: westus
2026-10-07T01:22:47.6382020Z ##[endgroup]
2026-10-07T01:22:47.6384470Z ##[group]Operating System
2026-10-07T01:22:47.6385290Z macOS
2026-10-07T01:22:47.6385970Z 26.6.1
2026-10-07T01:22:47.6386760Z 25G76
2026-10-07T01:22:47.6387480Z ##[endgroup]
2026-10-07T01:22:47.6388240Z ##[group]Runner Image
2026-10-07T01:22:47.6389020Z Image: macos-26
2026-10-07T01:22:47.6389720Z Version: 20260824.0517.1
2026-10-07T01:22:47.6391540Z Included Software: https://github.com/actions/runner-images/blob/macos-26/20260824.0517/images/macos/macos-26-Readme.md
2026-10-07T01:22:47.6393990Z Image Release: https://github.com/actions/runner-images/releases/tag/macos-26%2F20260824.0517
2026-10-07T01:22:47.6395420Z ##[endgroup]
2026-10-07T01:22:47.6397040Z ##[group]GITHUB_TOKEN Permissions
2026-10-07T01:22:47.6399720Z Contents: read
2026-10-07T01:22:47.6400470Z Metadata: read
2026-10-07T01:22:47.6401310Z ##[endgroup]
2026-10-07T01:22:47.6404170Z Secret source: Actions
2026-10-07T01:22:47.6405390Z Cache mode: write
2026-10-07T01:22:47.6406370Z Prepare workflow directory
2026-10-07T01:22:47.6935500Z Prepare all required actions
2026-10-07T01:22:47.6991520Z Getting action download info
2026-10-07T01:22:48.1405860Z Download action repository 'actions/checkout@3d3c42e5aac5ba805825da76410c181273ba90b1' (SHA:3d3c42e5aac5ba805825da76410c181273ba90b1)
2026-10-07T01:22:48.5005020Z Download action repository 'actions/setup-go@b7ad1dad31e06c5925ef5d2fc7ad053ef454303e' (SHA:b7ad1dad31e06c5925ef5d2fc7ad053ef454303e)
2026-10-07T01:22:49.1735280Z Complete job name: macOS
2026-10-07T01:22:49.2689170Z ##[group]Run actions/checkout@3d3c42e5aac5ba805825da76410c181273ba90b1
2026-10-07T01:22:49.2690930Z with:
2026-10-07T01:22:49.2691640Z   persist-credentials: false
2026-10-07T01:22:49.2692460Z   repository: rahoney/heliopause
2026-10-07T01:22:49.2699330Z   token: ***
2026-10-07T01:22:49.2700050Z   ssh-strict: true
2026-10-07T01:22:49.2700730Z   ssh-user: git
2026-10-07T01:22:49.2701390Z   clean: true
2026-10-07T01:22:49.2702090Z   sparse-checkout-cone-mode: true
2026-10-07T01:22:49.2702910Z   fetch-depth: 1
2026-10-07T01:22:49.2703910Z   fetch-tags: false
2026-10-07T01:22:49.2704630Z   show-progress: true
2026-10-07T01:22:49.2705360Z   lfs: false
2026-10-07T01:22:49.2706030Z   submodules: false
2026-10-07T01:22:49.2706730Z   set-safe-directory: true
2026-10-07T01:22:49.2707530Z   allow-unsafe-pr-checkout: false
2026-10-07T01:22:49.2709010Z env:
2026-10-07T01:22:49.2709700Z   GOTOOLCHAIN: local
2026-10-07T01:22:49.2710410Z ##[endgroup]
2026-10-07T01:22:49.8224700Z Syncing repository: rahoney/heliopause
2026-10-07T01:22:49.8231200Z ##[group]Getting Git version info
2026-10-07T01:22:49.8233130Z Working directory is '/Users/runner/work/heliopause/heliopause'
2026-10-07T01:22:49.8236340Z [command]/usr/local/bin/git version
2026-10-07T01:22:49.8579310Z git version 2.55.0
2026-10-07T01:22:49.8608030Z ##[endgroup]
2026-10-07T01:22:49.8631440Z Copying '/Users/runner/.gitconfig' to '/Users/runner/work/_temp/0ccbd1c6-0c2a-4d10-9636-42741051b32b/.gitconfig'
2026-10-07T01:22:49.8640500Z Temporarily overriding HOME='/Users/runner/work/_temp/0ccbd1c6-0c2a-4d10-9636-42741051b32b' before making global git config changes
2026-10-07T01:22:49.8644090Z Adding repository directory to the temporary git global config as a safe directory
2026-10-07T01:22:49.8655580Z [command]/usr/local/bin/git config --global --add safe.directory /Users/runner/work/heliopause/heliopause
2026-10-07T01:22:49.8794880Z Deleting the contents of '/Users/runner/work/heliopause/heliopause'
2026-10-07T01:22:49.8802990Z ##[group]Determining repository object format
2026-10-07T01:22:49.8807990Z ##[endgroup]
2026-10-07T01:22:49.8811650Z ##[group]Initializing the repository
2026-10-07T01:22:49.8813030Z [command]/usr/local/bin/git init /Users/runner/work/heliopause/heliopause
2026-10-07T01:22:49.9154220Z hint: Using 'master' as the name for the initial branch. This default branch name
2026-10-07T01:22:49.9157020Z hint: will change to "main" in Git 3.0. To configure the initial branch name
2026-10-07T01:22:49.9161940Z hint: to use in all of your new repositories, which will suppress this warning,
2026-10-07T01:22:49.9163340Z hint: call:
2026-10-07T01:22:49.9164140Z hint:
2026-10-07T01:22:49.9167760Z hint: 	git config --global init.defaultBranch <name>
2026-10-07T01:22:49.9169040Z hint:
2026-10-07T01:22:49.9170710Z hint: Names commonly chosen instead of 'master' are 'main', 'trunk' and
2026-10-07T01:22:49.9172380Z hint: 'development'. The just-created branch can be renamed via this command:
2026-10-07T01:22:49.9173650Z hint:
2026-10-07T01:22:49.9174430Z hint: 	git branch -m <name>
2026-10-07T01:22:49.9175330Z hint:
2026-10-07T01:22:49.9176810Z hint: Disable this message with "git config set advice.defaultBranchName false"
2026-10-07T01:22:49.9178600Z Initialized empty Git repository in /Users/runner/work/heliopause/heliopause/.git/
2026-10-07T01:22:49.9181710Z [command]/usr/local/bin/git remote add origin https://github.com/rahoney/heliopause
2026-10-07T01:22:49.9301380Z ##[endgroup]
2026-10-07T01:22:49.9302790Z ##[group]Disabling automatic garbage collection
2026-10-07T01:22:49.9305830Z [command]/usr/local/bin/git config --local gc.auto 0
2026-10-07T01:22:49.9413020Z ##[endgroup]
2026-10-07T01:22:49.9414380Z ##[group]Setting up auth
2026-10-07T01:22:49.9415450Z Removing SSH command configuration
2026-10-07T01:22:49.9417800Z [command]/usr/local/bin/git config --local --name-only --get-regexp core\.sshCommand
2026-10-07T01:22:49.9525870Z [command]/usr/local/bin/git submodule foreach --recursive sh -c "git config --local --name-only --get-regexp 'core\.sshCommand' && git config --local --unset-all 'core.sshCommand' || :"
2026-10-07T01:22:50.1035470Z Removing HTTP extra header
2026-10-07T01:22:50.1039290Z [command]/usr/local/bin/git config --local --name-only --get-regexp http\.https\:\/\/github\.com\/\.extraheader
2026-10-07T01:22:50.1163130Z [command]/usr/local/bin/git submodule foreach --recursive sh -c "git config --local --name-only --get-regexp 'http\.https\:\/\/github\.com\/\.extraheader' && git config --local --unset-all 'http.https://github.com/.extraheader' || :"
2026-10-07T01:22:50.3063860Z Removing includeIf entries pointing to credentials config files
2026-10-07T01:22:50.3112120Z [command]/usr/local/bin/git config --local --name-only --get-regexp ^includeIf\.gitdir:
2026-10-07T01:22:50.3210110Z [command]/usr/local/bin/git submodule foreach --recursive git config --local --show-origin --name-only --get-regexp remote.origin.url
2026-10-07T01:22:50.5153460Z [command]/usr/local/bin/git config --file /Users/runner/work/_temp/git-credentials-432ffbfe-6f35-4da1-a980-7672683d8d6d.config http.https://github.com/.extraheader AUTHORIZATION: basic ***
2026-10-07T01:22:50.5173000Z [command]/usr/local/bin/git config --local includeIf.gitdir:/Users/runner/work/heliopause/heliopause/.git.path /Users/runner/work/_temp/git-credentials-432ffbfe-6f35-4da1-a980-7672683d8d6d.config
2026-10-07T01:22:50.5180510Z [command]/usr/local/bin/git config --local includeIf.gitdir:/Users/runner/work/heliopause/heliopause/.git/worktrees/*.path /Users/runner/work/_temp/git-credentials-432ffbfe-6f35-4da1-a980-7672683d8d6d.config
2026-10-07T01:22:50.5284340Z [command]/usr/local/bin/git config --local includeIf.gitdir:/github/workspace/.git.path /github/runner_temp/git-credentials-432ffbfe-6f35-4da1-a980-7672683d8d6d.config
2026-10-07T01:22:50.5389940Z [command]/usr/local/bin/git config --local includeIf.gitdir:/github/workspace/.git/worktrees/*.path /github/runner_temp/git-credentials-432ffbfe-6f35-4da1-a980-7672683d8d6d.config
2026-10-07T01:22:50.5487050Z ##[endgroup]
2026-10-07T01:22:50.5488440Z ##[group]Fetching the repository
2026-10-07T01:22:50.5496470Z [command]/usr/local/bin/git -c protocol.version=2 fetch --no-tags --prune --no-recurse-submodules --depth=1 origin +6f0a519852c7ddcc1ac80d4e91f6bcd45214f885:refs/remotes/pull/29/merge
2026-10-07T01:22:51.3882020Z From https://github.com/rahoney/heliopause
2026-10-07T01:22:51.3886230Z  * [new ref]         6f0a519852c7ddcc1ac80d4e91f6bcd45214f885 -> pull/29/merge
2026-10-07T01:22:51.3896860Z ##[endgroup]
2026-10-07T01:22:51.3898760Z ##[group]Determining the checkout info
2026-10-07T01:22:51.3901060Z ##[endgroup]
2026-10-07T01:22:51.3902260Z [command]/usr/local/bin/git sparse-checkout disable
2026-10-07T01:22:51.4050050Z [command]/usr/local/bin/git config --local --unset-all extensions.worktreeConfig
2026-10-07T01:22:51.4202940Z ##[group]Checking out the ref
2026-10-07T01:22:51.4208340Z [command]/usr/local/bin/git checkout --progress --force refs/remotes/pull/29/merge
2026-10-07T01:22:52.0189550Z HEAD is now at 6f0a519 Merge 8791fdcff573b1d85681ca74b65cf5a9e3ccf27a into 62c3b595e8e27a4a1d836849643c372692a39b8b
2026-10-07T01:22:52.0222750Z ##[endgroup]
2026-10-07T01:22:52.0394020Z [command]/usr/local/bin/git log -1 --format=%H
2026-10-07T01:22:52.0529120Z 6f0a519852c7ddcc1ac80d4e91f6bcd45214f885
2026-10-07T01:22:52.0546930Z ##[group]Removing auth
2026-10-07T01:22:52.0554710Z Removing SSH command configuration
2026-10-07T01:22:52.0559120Z [command]/usr/local/bin/git config --local --name-only --get-regexp core\.sshCommand
2026-10-07T01:22:52.0686660Z [command]/usr/local/bin/git submodule foreach --recursive sh -c "git config --local --name-only --get-regexp 'core\.sshCommand' && git config --local --unset-all 'core.sshCommand' || :"
2026-10-07T01:22:52.4162270Z Removing HTTP extra header
2026-10-07T01:22:52.5169090Z [command]/usr/local/bin/git config --local --name-only --get-regexp http\.https\:\/\/github\.com\/\.extraheader
2026-10-07T01:22:52.5707190Z [command]/usr/local/bin/git submodule foreach --recursive sh -c "git config --local --name-only --get-regexp 'http\.https\:\/\/github\.com\/\.extraheader' && git config --local --unset-all 'http.https://github.com/.extraheader' || :"
2026-10-07T01:22:52.5792770Z Removing includeIf entries pointing to credentials config files
2026-10-07T01:22:52.5826250Z [command]/usr/local/bin/git config --local --name-only --get-regexp ^includeIf\.gitdir:
2026-10-07T01:22:52.5864920Z includeif.gitdir:/Users/runner/work/heliopause/heliopause/.git.path
2026-10-07T01:22:52.6010640Z includeif.gitdir:/Users/runner/work/heliopause/heliopause/.git/worktrees/*.path
2026-10-07T01:22:52.6069820Z includeif.gitdir:/github/workspace/.git.path
2026-10-07T01:22:52.6087880Z includeif.gitdir:/github/workspace/.git/worktrees/*.path
2026-10-07T01:22:52.6175350Z [command]/usr/local/bin/git config --local --get-all includeif.gitdir:/Users/runner/work/heliopause/heliopause/.git.path
2026-10-07T01:22:52.6217360Z /Users/runner/work/_temp/git-credentials-432ffbfe-6f35-4da1-a980-7672683d8d6d.config
2026-10-07T01:22:52.6340910Z [command]/usr/local/bin/git config --local --unset includeif.gitdir:/Users/runner/work/heliopause/heliopause/.git.path \/Users\/runner\/work\/_temp\/git\-credentials\-432ffbfe\-6f35\-4da1\-a980\-7672683d8d6d\.config
2026-10-07T01:22:52.6451210Z [command]/usr/local/bin/git config --local --get-all includeif.gitdir:/Users/runner/work/heliopause/heliopause/.git/worktrees/*.path
2026-10-07T01:22:52.6466490Z /Users/runner/work/_temp/git-credentials-432ffbfe-6f35-4da1-a980-7672683d8d6d.config
2026-10-07T01:22:52.6582850Z [command]/usr/local/bin/git config --local --unset includeif.gitdir:/Users/runner/work/heliopause/heliopause/.git/worktrees/*.path \/Users\/runner\/work\/_temp\/git\-credentials\-432ffbfe\-6f35\-4da1\-a980\-7672683d8d6d\.config
2026-10-07T01:22:52.6675280Z [command]/usr/local/bin/git config --local --get-all includeif.gitdir:/github/workspace/.git.path
2026-10-07T01:22:52.6702030Z /github/runner_temp/git-credentials-432ffbfe-6f35-4da1-a980-7672683d8d6d.config
2026-10-07T01:22:52.7204480Z [command]/usr/local/bin/git config --local --unset includeif.gitdir:/github/workspace/.git.path \/github\/runner_temp\/git\-credentials\-432ffbfe\-6f35\-4da1\-a980\-7672683d8d6d\.config
2026-10-07T01:22:52.7496980Z [command]/usr/local/bin/git config --local --get-all includeif.gitdir:/github/workspace/.git/worktrees/*.path
2026-10-07T01:22:52.7557360Z /github/runner_temp/git-credentials-432ffbfe-6f35-4da1-a980-7672683d8d6d.config
2026-10-07T01:22:52.7679900Z [command]/usr/local/bin/git config --local --unset includeif.gitdir:/github/workspace/.git/worktrees/*.path \/github\/runner_temp\/git\-credentials\-432ffbfe\-6f35\-4da1\-a980\-7672683d8d6d\.config
2026-10-07T01:22:52.7795220Z [command]/usr/local/bin/git submodule foreach --recursive git config --local --show-origin --name-only --get-regexp remote.origin.url
2026-10-07T01:22:52.9843030Z Removing credentials config '/Users/runner/work/_temp/git-credentials-432ffbfe-6f35-4da1-a980-7672683d8d6d.config'
2026-10-07T01:22:52.9977990Z ##[endgroup]
2026-10-07T01:22:53.0495250Z ##[group]Run actions/setup-go@b7ad1dad31e06c5925ef5d2fc7ad053ef454303e
2026-10-07T01:22:53.0497050Z with:
2026-10-07T01:22:53.0498310Z   go-version: 1.26.8
2026-10-07T01:22:53.0499640Z   check-latest: false
2026-10-07T01:22:53.0500940Z   cache: false
2026-10-07T01:22:53.0509300Z   token: ***
2026-10-07T01:22:53.0510630Z env:
2026-10-07T01:22:53.0511880Z   GOTOOLCHAIN: local
2026-10-07T01:22:53.0513180Z ##[endgroup]
2026-10-07T01:22:53.2434930Z Setup go version spec 1.26.8
2026-10-07T01:22:53.2648870Z Attempting to download 1.26.8...
2026-10-07T01:22:53.8738090Z matching 1.26.8...
2026-10-07T01:22:53.8768280Z Acquiring 1.26.8 from https://github.com/actions/go-versions/releases/download/1.26.8-33583485350/go-1.26.8-darwin-x64.tar.gz
2026-10-07T01:22:54.8179860Z Extracting Go...
2026-10-07T01:22:54.8376540Z [command]/usr/bin/tar xz -C /Users/runner/work/_temp/50ae9b4b-df05-4356-aa35-f9e4f442ca7a -f /Users/runner/work/_temp/0ebfda3d-1a7c-425a-8385-f68be6c1a3f1
2026-10-07T01:23:01.0222520Z Successfully extracted go to /Users/runner/work/_temp/50ae9b4b-df05-4356-aa35-f9e4f442ca7a
2026-10-07T01:23:01.1224920Z Adding to the cache ...
2026-10-07T01:23:16.0618190Z Successfully cached go to /Users/runner/hostedtoolcache/go/1.26.8/x64
2026-10-07T01:23:16.0627520Z Added go to the path
2026-10-07T01:23:16.0631660Z Successfully set up Go version 1.26.8
2026-10-07T01:23:16.1826890Z go version go1.26.8 darwin/amd64
2026-10-07T01:23:16.1868410Z 
2026-10-07T01:23:16.2007200Z ##[group]go env
2026-10-07T01:23:19.3958560Z AR='ar'
2026-10-07T01:23:19.3959010Z CC='clang'
2026-10-07T01:23:19.3959640Z CGO_CFLAGS='-O2 -g'
2026-10-07T01:23:19.3960100Z CGO_CPPFLAGS=''
2026-10-07T01:23:19.3960590Z CGO_CXXFLAGS='-O2 -g'
2026-10-07T01:23:19.3961010Z CGO_ENABLED='1'
2026-10-07T01:23:19.3964980Z CGO_FFLAGS='-O2 -g'
2026-10-07T01:23:19.3966180Z CGO_LDFLAGS='-O2 -g'
2026-10-07T01:23:19.3969450Z CXX='clang++'
2026-10-07T01:23:19.3970650Z GCCGO='gccgo'
2026-10-07T01:23:19.3971630Z GO111MODULE=''
2026-10-07T01:23:19.3972700Z GOAMD64='v1'
2026-10-07T01:23:19.3973900Z GOARCH='amd64'
2026-10-07T01:23:19.3977740Z GOAUTH='netrc'
2026-10-07T01:23:19.3982180Z GOBIN=''
2026-10-07T01:23:19.3983630Z GOCACHE='/Users/runner/Library/Caches/go-build'
2026-10-07T01:23:19.3985380Z GOCACHEPROG=''
2026-10-07T01:23:19.3991300Z GODEBUG=''
2026-10-07T01:23:19.4005560Z GOENV='/Users/runner/Library/Application Support/go/env'
2026-10-07T01:23:19.4009250Z GOEXE=''
2026-10-07T01:23:19.4011040Z GOEXPERIMENT=''
2026-10-07T01:23:19.4012430Z GOFIPS140='off'
2026-10-07T01:23:19.4013860Z GOFLAGS=''
2026-10-07T01:23:19.4018770Z GOGCCFLAGS='-fPIC -arch x86_64 -m64 -pthread -fno-caret-diagnostics -Qunused-arguments -fmessage-length=0 -ffile-prefix-map=/var/folders/fq/bhsbs5bd52791c8x2z6s3dh40000gn/T/go-build3760360464=/tmp/go-build -gno-record-gcc-switches -fno-common'
2026-10-07T01:23:19.4023020Z GOHOSTARCH='amd64'
2026-10-07T01:23:19.4024070Z GOHOSTOS='darwin'
2026-10-07T01:23:19.4025400Z GOINSECURE=''
2026-10-07T01:23:19.4027120Z GOMOD='/Users/runner/work/heliopause/heliopause/go.mod'
2026-10-07T01:23:19.4030190Z GOMODCACHE='/Users/runner/go/pkg/mod'
2026-10-07T01:23:19.4041030Z GONOPROXY=''
2026-10-07T01:23:19.4041990Z GONOSUMDB=''
2026-10-07T01:23:19.4042940Z GOOS='darwin'
2026-10-07T01:23:19.4043800Z GOPATH='/Users/runner/go'
2026-10-07T01:23:19.4044710Z GOPRIVATE=''
2026-10-07T01:23:19.4045870Z GOPROXY='https://proxy.golang.org,direct'
2026-10-07T01:23:19.4046980Z GOROOT='/Users/runner/hostedtoolcache/go/1.26.8/x64'
2026-10-07T01:23:19.4048170Z GOSUMDB='sum.golang.org'
2026-10-07T01:23:19.4049210Z GOTELEMETRY='local'
2026-10-07T01:23:19.4050530Z GOTELEMETRYDIR='/Users/runner/Library/Application Support/go/telemetry'
2026-10-07T01:23:19.4052000Z GOTMPDIR=''
2026-10-07T01:23:19.4053050Z GOTOOLCHAIN='local'
2026-10-07T01:23:19.4055300Z GOTOOLDIR='/Users/runner/hostedtoolcache/go/1.26.8/x64/pkg/tool/darwin_amd64'
2026-10-07T01:23:19.4061820Z GOVCS=''
2026-10-07T01:23:19.4065350Z GOVERSION='go1.26.8'
2026-10-07T01:23:19.4066520Z GOWORK=''
2026-10-07T01:23:19.4073620Z PKG_CONFIG='pkg-config'
2026-10-07T01:23:19.4078470Z 
2026-10-07T01:23:19.4080690Z ##[endgroup]
2026-10-07T01:23:19.4275790Z ##[group]Run go run ./scripts/check bootstrap-modules
2026-10-07T01:23:19.4276660Z [36;1mgo run ./scripts/check bootstrap-modules[0m
2026-10-07T01:23:19.4386470Z shell: /bin/bash -e {0}
2026-10-07T01:23:19.4387270Z env:
2026-10-07T01:23:19.4387650Z   GOTOOLCHAIN: local
2026-10-07T01:23:19.4388630Z   HELOX_TOOL_CACHE: /Users/runner/work/_temp/heliopause-platform-tools
2026-10-07T01:23:19.4389350Z ##[endgroup]
2026-10-07T01:23:19.4942270Z go: downloading go.yaml.in/yaml/v3 v3.0.4
2026-10-07T01:23:35.7257450Z [check] prepare module cache
2026-10-07T01:23:35.7258510Z [check] download product modules
2026-10-07T01:23:39.6072400Z ##[group]Run go run ./scripts/check platform
2026-10-07T01:23:39.6073080Z [36;1mgo run ./scripts/check platform[0m
2026-10-07T01:23:39.6077310Z shell: /bin/bash --noprofile --norc -e -u -o pipefail {0}
2026-10-07T01:23:39.6077930Z env:
2026-10-07T01:23:39.6078340Z   GOTOOLCHAIN: local
2026-10-07T01:23:39.6078940Z   HELOX_TOOL_CACHE: /Users/runner/work/_temp/heliopause-platform-tools
2026-10-07T01:23:39.6079910Z ##[endgroup]
2026-10-07T01:23:39.9071310Z [check] production build
2026-10-07T01:24:11.1065830Z [check] default test
2026-10-07T01:26:27.8406560Z Post job cleanup.
2026-10-07T01:26:28.0724160Z Post job cleanup.
2026-10-07T01:26:28.2584880Z [command]/usr/local/bin/git version
2026-10-07T01:26:28.2611350Z git version 2.55.0
2026-10-07T01:26:28.2749830Z Copying '/Users/runner/.gitconfig' to '/Users/runner/work/_temp/5e84ee8a-10db-40cc-bb38-6b7242b0d673/.gitconfig'
2026-10-07T01:26:28.2769550Z Temporarily overriding HOME='/Users/runner/work/_temp/5e84ee8a-10db-40cc-bb38-6b7242b0d673' before making global git config changes
2026-10-07T01:26:28.2808190Z Adding repository directory to the temporary git global config as a safe directory
2026-10-07T01:26:28.2851330Z [command]/usr/local/bin/git config --global --add safe.directory /Users/runner/work/heliopause/heliopause
2026-10-07T01:26:28.2916590Z Removing SSH command configuration
2026-10-07T01:26:28.2985540Z [command]/usr/local/bin/git config --local --name-only --get-regexp core\.sshCommand
2026-10-07T01:26:28.3010330Z [command]/usr/local/bin/git submodule foreach --recursive sh -c "git config --local --name-only --get-regexp 'core\.sshCommand' && git config --local --unset-all 'core.sshCommand' || :"
2026-10-07T01:26:28.6092840Z Removing HTTP extra header
2026-10-07T01:26:28.7095560Z [command]/usr/local/bin/git config --local --name-only --get-regexp http\.https\:\/\/github\.com\/\.extraheader
2026-10-07T01:26:28.7568560Z [command]/usr/local/bin/git submodule foreach --recursive sh -c "git config --local --name-only --get-regexp 'http\.https\:\/\/github\.com\/\.extraheader' && git config --local --unset-all 'http.https://github.com/.extraheader' || :"
2026-10-07T01:26:28.7888930Z Removing includeIf entries pointing to credentials config files
2026-10-07T01:26:28.7965480Z [command]/usr/local/bin/git config --local --name-only --get-regexp ^includeIf\.gitdir:
2026-10-07T01:26:28.8114280Z [command]/usr/local/bin/git submodule foreach --recursive git config --local --show-origin --name-only --get-regexp remote.origin.url
2026-10-07T01:26:29.0222950Z Cleaning up orphan processes
