2026-10-07T02:17:39.6794180Z Current runner version: '2.337.0'
2026-10-07T02:17:39.6836280Z ##[group]Runner Image Provisioner
2026-10-07T02:17:39.6837790Z Hosted Compute Agent
2026-10-07T02:17:39.6838680Z Version: 20260819.586
2026-10-07T02:17:39.6839520Z Commit: 3cc4a88dfa507ef76119ad1bb3eccc6378bb2b76
2026-10-07T02:17:39.6840500Z Build Date: 2026-08-18T23:20:18Z
2026-10-07T02:17:39.6841410Z Worker ID: {8209b094-7f01-4c2e-bff0-329150fb1095}
2026-10-07T02:17:39.6843250Z Azure Region: westus
2026-10-07T02:17:39.6844070Z ##[endgroup]
2026-10-07T02:17:39.6846340Z ##[group]Operating System
2026-10-07T02:17:39.6847630Z macOS
2026-10-07T02:17:39.6848370Z 26.6.1
2026-10-07T02:17:39.6849280Z 25G76
2026-10-07T02:17:39.6850370Z ##[endgroup]
2026-10-07T02:17:39.6851070Z ##[group]Runner Image
2026-10-07T02:17:39.6854120Z Image: macos-26
2026-10-07T02:17:39.6855220Z Version: 20260824.0517.1
2026-10-07T02:17:39.6857210Z Included Software: https://github.com/actions/runner-images/blob/macos-26/20260824.0517/images/macos/macos-26-Readme.md
2026-10-07T02:17:39.6860690Z Image Release: https://github.com/actions/runner-images/releases/tag/macos-26%2F20260824.0517
2026-10-07T02:17:39.6863940Z ##[endgroup]
2026-10-07T02:17:39.6867040Z ##[group]GITHUB_TOKEN Permissions
2026-10-07T02:17:39.6870000Z Contents: read
2026-10-07T02:17:39.6872360Z Metadata: read
2026-10-07T02:17:39.6874760Z ##[endgroup]
2026-10-07T02:17:39.6877980Z Secret source: Actions
2026-10-07T02:17:39.6879710Z Cache mode: write
2026-10-07T02:17:39.6882750Z Prepare workflow directory
2026-10-07T02:17:39.7558660Z Prepare all required actions
2026-10-07T02:17:39.7630770Z Getting action download info
2026-10-07T02:17:39.9578740Z Download action repository 'actions/checkout@3d3c42e5aac5ba805825da76410c181273ba90b1' (SHA:3d3c42e5aac5ba805825da76410c181273ba90b1)
2026-10-07T02:17:40.4008880Z Download action repository 'actions/setup-go@b7ad1dad31e06c5925ef5d2fc7ad053ef454303e' (SHA:b7ad1dad31e06c5925ef5d2fc7ad053ef454303e)
2026-10-07T02:17:41.8267680Z Complete job name: macOS
2026-10-07T02:17:41.9382030Z ##[group]Run actions/checkout@3d3c42e5aac5ba805825da76410c181273ba90b1
2026-10-07T02:17:41.9383730Z with:
2026-10-07T02:17:41.9384430Z   persist-credentials: false
2026-10-07T02:17:41.9385230Z   repository: rahoney/heliopause
2026-10-07T02:17:41.9391420Z   token: ***
2026-10-07T02:17:41.9392070Z   ssh-strict: true
2026-10-07T02:17:41.9392740Z   ssh-user: git
2026-10-07T02:17:41.9393380Z   clean: true
2026-10-07T02:17:41.9394060Z   sparse-checkout-cone-mode: true
2026-10-07T02:17:41.9394860Z   fetch-depth: 1
2026-10-07T02:17:41.9395780Z   fetch-tags: false
2026-10-07T02:17:41.9396550Z   show-progress: true
2026-10-07T02:17:41.9397330Z   lfs: false
2026-10-07T02:17:41.9398050Z   submodules: false
2026-10-07T02:17:41.9398820Z   set-safe-directory: true
2026-10-07T02:17:41.9399660Z   allow-unsafe-pr-checkout: false
2026-10-07T02:17:41.9400980Z env:
2026-10-07T02:17:41.9401700Z   GOTOOLCHAIN: local
2026-10-07T02:17:41.9402450Z ##[endgroup]
2026-10-07T02:17:45.9099050Z Syncing repository: rahoney/heliopause
2026-10-07T02:17:45.9221470Z ##[group]Getting Git version info
2026-10-07T02:17:45.9322560Z Working directory is '/Users/runner/work/heliopause/heliopause'
2026-10-07T02:17:45.9540280Z [command]/usr/local/bin/git version
2026-10-07T02:17:45.9609310Z git version 2.55.0
2026-10-07T02:17:45.9725790Z ##[endgroup]
2026-10-07T02:17:45.9956350Z Copying '/Users/runner/.gitconfig' to '/Users/runner/work/_temp/2ef9a0f0-8413-4d2f-9439-8c03c07507b2/.gitconfig'
2026-10-07T02:17:46.0120640Z Temporarily overriding HOME='/Users/runner/work/_temp/2ef9a0f0-8413-4d2f-9439-8c03c07507b2' before making global git config changes
2026-10-07T02:17:46.0124840Z Adding repository directory to the temporary git global config as a safe directory
2026-10-07T02:17:46.0128350Z [command]/usr/local/bin/git config --global --add safe.directory /Users/runner/work/heliopause/heliopause
2026-10-07T02:17:46.0134060Z Deleting the contents of '/Users/runner/work/heliopause/heliopause'
2026-10-07T02:17:46.0137840Z ##[group]Determining repository object format
2026-10-07T02:17:46.0142210Z ##[endgroup]
2026-10-07T02:17:46.0144690Z ##[group]Initializing the repository
2026-10-07T02:17:46.0689010Z [command]/usr/local/bin/git init /Users/runner/work/heliopause/heliopause
2026-10-07T02:17:46.1011240Z hint: Using 'master' as the name for the initial branch. This default branch name
2026-10-07T02:17:46.1014990Z hint: will change to "main" in Git 3.0. To configure the initial branch name
2026-10-07T02:17:46.1018730Z hint: to use in all of your new repositories, which will suppress this warning,
2026-10-07T02:17:46.1026210Z hint: call:
2026-10-07T02:17:46.1029320Z hint:
2026-10-07T02:17:46.1034980Z hint: 	git config --global init.defaultBranch <name>
2026-10-07T02:17:46.1037890Z hint:
2026-10-07T02:17:46.1041480Z hint: Names commonly chosen instead of 'master' are 'main', 'trunk' and
2026-10-07T02:17:46.1061160Z hint: 'development'. The just-created branch can be renamed via this command:
2026-10-07T02:17:46.1066030Z hint:
2026-10-07T02:17:46.1069550Z hint: 	git branch -m <name>
2026-10-07T02:17:46.1072640Z hint:
2026-10-07T02:17:46.1082750Z hint: Disable this message with "git config set advice.defaultBranchName false"
2026-10-07T02:17:46.1089010Z Initialized empty Git repository in /Users/runner/work/heliopause/heliopause/.git/
2026-10-07T02:17:46.1103190Z [command]/usr/local/bin/git remote add origin https://github.com/rahoney/heliopause
2026-10-07T02:17:46.1220840Z ##[endgroup]
2026-10-07T02:17:46.1227210Z ##[group]Disabling automatic garbage collection
2026-10-07T02:17:46.1231230Z [command]/usr/local/bin/git config --local gc.auto 0
2026-10-07T02:17:46.1393510Z ##[endgroup]
2026-10-07T02:17:46.1399080Z ##[group]Setting up auth
2026-10-07T02:17:46.1402060Z Removing SSH command configuration
2026-10-07T02:17:46.1416550Z [command]/usr/local/bin/git config --local --name-only --get-regexp core\.sshCommand
2026-10-07T02:17:46.1747780Z [command]/usr/local/bin/git submodule foreach --recursive sh -c "git config --local --name-only --get-regexp 'core\.sshCommand' && git config --local --unset-all 'core.sshCommand' || :"
2026-10-07T02:17:46.6908600Z Removing HTTP extra header
2026-10-07T02:17:46.6914970Z [command]/usr/local/bin/git config --local --name-only --get-regexp http\.https\:\/\/github\.com\/\.extraheader
2026-10-07T02:17:46.7305340Z [command]/usr/local/bin/git submodule foreach --recursive sh -c "git config --local --name-only --get-regexp 'http\.https\:\/\/github\.com\/\.extraheader' && git config --local --unset-all 'http.https://github.com/.extraheader' || :"
2026-10-07T02:17:47.1301210Z Removing includeIf entries pointing to credentials config files
2026-10-07T02:17:47.1439250Z [command]/usr/local/bin/git config --local --name-only --get-regexp ^includeIf\.gitdir:
2026-10-07T02:17:47.1548630Z [command]/usr/local/bin/git submodule foreach --recursive git config --local --show-origin --name-only --get-regexp remote.origin.url
2026-10-07T02:17:47.6190210Z [command]/usr/local/bin/git config --file /Users/runner/work/_temp/git-credentials-c771d70b-9956-49b7-a9ce-970adb48367f.config http.https://github.com/.extraheader AUTHORIZATION: basic ***
2026-10-07T02:17:47.6371500Z [command]/usr/local/bin/git config --local includeIf.gitdir:/Users/runner/work/heliopause/heliopause/.git.path /Users/runner/work/_temp/git-credentials-c771d70b-9956-49b7-a9ce-970adb48367f.config
2026-10-07T02:17:47.6507620Z [command]/usr/local/bin/git config --local includeIf.gitdir:/Users/runner/work/heliopause/heliopause/.git/worktrees/*.path /Users/runner/work/_temp/git-credentials-c771d70b-9956-49b7-a9ce-970adb48367f.config
2026-10-07T02:17:47.6684300Z [command]/usr/local/bin/git config --local includeIf.gitdir:/github/workspace/.git.path /github/runner_temp/git-credentials-c771d70b-9956-49b7-a9ce-970adb48367f.config
2026-10-07T02:17:47.6915370Z [command]/usr/local/bin/git config --local includeIf.gitdir:/github/workspace/.git/worktrees/*.path /github/runner_temp/git-credentials-c771d70b-9956-49b7-a9ce-970adb48367f.config
2026-10-07T02:17:47.7089020Z ##[endgroup]
2026-10-07T02:17:47.7092020Z ##[group]Fetching the repository
2026-10-07T02:17:47.7098780Z [command]/usr/local/bin/git -c protocol.version=2 fetch --no-tags --prune --no-recurse-submodules --depth=1 origin +1a8d0dbd526a68e9a68f5dd10519f7937ed08a84:refs/remotes/pull/29/merge
2026-10-07T02:17:49.1594290Z From https://github.com/rahoney/heliopause
2026-10-07T02:17:49.1597910Z  * [new ref]         1a8d0dbd526a68e9a68f5dd10519f7937ed08a84 -> pull/29/merge
2026-10-07T02:17:49.1615950Z ##[endgroup]
2026-10-07T02:17:49.1617710Z ##[group]Determining the checkout info
2026-10-07T02:17:49.1619380Z ##[endgroup]
2026-10-07T02:17:49.1620280Z [command]/usr/local/bin/git sparse-checkout disable
2026-10-07T02:17:49.1885940Z [command]/usr/local/bin/git config --local --unset-all extensions.worktreeConfig
2026-10-07T02:17:49.2114540Z ##[group]Checking out the ref
2026-10-07T02:17:49.2123990Z [command]/usr/local/bin/git checkout --progress --force refs/remotes/pull/29/merge
2026-10-07T02:17:49.8169040Z HEAD is now at 1a8d0db Merge d328756f0087624093808215d1fbedd47767ef58 into 62c3b595e8e27a4a1d836849643c372692a39b8b
2026-10-07T02:17:49.8254870Z ##[endgroup]
2026-10-07T02:17:49.8353830Z [command]/usr/local/bin/git log -1 --format=%H
2026-10-07T02:17:49.8487840Z 1a8d0dbd526a68e9a68f5dd10519f7937ed08a84
2026-10-07T02:17:49.8498430Z ##[group]Removing auth
2026-10-07T02:17:49.8499690Z Removing SSH command configuration
2026-10-07T02:17:49.8505770Z [command]/usr/local/bin/git config --local --name-only --get-regexp core\.sshCommand
2026-10-07T02:17:49.8625760Z [command]/usr/local/bin/git submodule foreach --recursive sh -c "git config --local --name-only --get-regexp 'core\.sshCommand' && git config --local --unset-all 'core.sshCommand' || :"
2026-10-07T02:17:50.0088000Z Removing HTTP extra header
2026-10-07T02:17:50.0090970Z [command]/usr/local/bin/git config --local --name-only --get-regexp http\.https\:\/\/github\.com\/\.extraheader
2026-10-07T02:17:50.0203770Z [command]/usr/local/bin/git submodule foreach --recursive sh -c "git config --local --name-only --get-regexp 'http\.https\:\/\/github\.com\/\.extraheader' && git config --local --unset-all 'http.https://github.com/.extraheader' || :"
2026-10-07T02:17:50.4248740Z Removing includeIf entries pointing to credentials config files
2026-10-07T02:17:50.4303280Z [command]/usr/local/bin/git config --local --name-only --get-regexp ^includeIf\.gitdir:
2026-10-07T02:17:50.4541900Z includeif.gitdir:/Users/runner/work/heliopause/heliopause/.git.path
2026-10-07T02:17:50.4763720Z includeif.gitdir:/Users/runner/work/heliopause/heliopause/.git/worktrees/*.path
2026-10-07T02:17:50.4934490Z includeif.gitdir:/github/workspace/.git.path
2026-10-07T02:17:50.5056130Z includeif.gitdir:/github/workspace/.git/worktrees/*.path
2026-10-07T02:17:50.5298170Z [command]/usr/local/bin/git config --local --get-all includeif.gitdir:/Users/runner/work/heliopause/heliopause/.git.path
2026-10-07T02:17:50.5402030Z /Users/runner/work/_temp/git-credentials-c771d70b-9956-49b7-a9ce-970adb48367f.config
2026-10-07T02:17:50.5638460Z [command]/usr/local/bin/git config --local --unset includeif.gitdir:/Users/runner/work/heliopause/heliopause/.git.path \/Users\/runner\/work\/_temp\/git\-credentials\-c771d70b\-9956\-49b7\-a9ce\-970adb48367f\.config
2026-10-07T02:17:50.6036660Z [command]/usr/local/bin/git config --local --get-all includeif.gitdir:/Users/runner/work/heliopause/heliopause/.git/worktrees/*.path
2026-10-07T02:17:50.6233170Z /Users/runner/work/_temp/git-credentials-c771d70b-9956-49b7-a9ce-970adb48367f.config
2026-10-07T02:17:50.7811410Z [command]/usr/local/bin/git config --local --unset includeif.gitdir:/Users/runner/work/heliopause/heliopause/.git/worktrees/*.path \/Users\/runner\/work\/_temp\/git\-credentials\-c771d70b\-9956\-49b7\-a9ce\-970adb48367f\.config
2026-10-07T02:17:50.8155190Z [command]/usr/local/bin/git config --local --get-all includeif.gitdir:/github/workspace/.git.path
2026-10-07T02:17:50.8536600Z /github/runner_temp/git-credentials-c771d70b-9956-49b7-a9ce-970adb48367f.config
2026-10-07T02:17:50.8643900Z [command]/usr/local/bin/git config --local --unset includeif.gitdir:/github/workspace/.git.path \/github\/runner_temp\/git\-credentials\-c771d70b\-9956\-49b7\-a9ce\-970adb48367f\.config
2026-10-07T02:17:50.8863060Z [command]/usr/local/bin/git config --local --get-all includeif.gitdir:/github/workspace/.git/worktrees/*.path
2026-10-07T02:17:50.9018410Z /github/runner_temp/git-credentials-c771d70b-9956-49b7-a9ce-970adb48367f.config
2026-10-07T02:17:50.9415130Z [command]/usr/local/bin/git config --local --unset includeif.gitdir:/github/workspace/.git/worktrees/*.path \/github\/runner_temp\/git\-credentials\-c771d70b\-9956\-49b7\-a9ce\-970adb48367f\.config
2026-10-07T02:17:50.9922990Z [command]/usr/local/bin/git submodule foreach --recursive git config --local --show-origin --name-only --get-regexp remote.origin.url
2026-10-07T02:17:51.7488440Z Removing credentials config '/Users/runner/work/_temp/git-credentials-c771d70b-9956-49b7-a9ce-970adb48367f.config'
2026-10-07T02:17:51.7641260Z ##[endgroup]
2026-10-07T02:17:51.8158960Z ##[group]Run actions/setup-go@b7ad1dad31e06c5925ef5d2fc7ad053ef454303e
2026-10-07T02:17:51.8160050Z with:
2026-10-07T02:17:51.8160370Z   go-version: 1.26.8
2026-10-07T02:17:51.8160720Z   check-latest: false
2026-10-07T02:17:51.8161090Z   cache: false
2026-10-07T02:17:51.8166800Z   token: ***
2026-10-07T02:17:51.8167320Z env:
2026-10-07T02:17:51.8167610Z   GOTOOLCHAIN: local
2026-10-07T02:17:51.8167960Z ##[endgroup]
2026-10-07T02:17:52.1047590Z Setup go version spec 1.26.8
2026-10-07T02:17:52.1162220Z Attempting to download 1.26.8...
2026-10-07T02:17:53.4737460Z matching 1.26.8...
2026-10-07T02:17:53.4800580Z Acquiring 1.26.8 from https://github.com/actions/go-versions/releases/download/1.26.8-33583485350/go-1.26.8-darwin-x64.tar.gz
2026-10-07T02:17:54.5436370Z Extracting Go...
2026-10-07T02:17:54.5955480Z [command]/usr/bin/tar xz -C /Users/runner/work/_temp/4289d53f-3ab7-4059-ab0e-ab637291b1eb -f /Users/runner/work/_temp/1c35cad5-694c-4d91-b94e-efbad7c06e75
2026-10-07T02:18:01.6053340Z Successfully extracted go to /Users/runner/work/_temp/4289d53f-3ab7-4059-ab0e-ab637291b1eb
2026-10-07T02:18:01.6070250Z Adding to the cache ...
2026-10-07T02:18:18.4789790Z Successfully cached go to /Users/runner/hostedtoolcache/go/1.26.8/x64
2026-10-07T02:18:18.4791750Z Added go to the path
2026-10-07T02:18:18.4793050Z Successfully set up Go version 1.26.8
2026-10-07T02:18:18.6083690Z go version go1.26.8 darwin/amd64
2026-10-07T02:18:18.6127280Z 
2026-10-07T02:18:18.6828850Z ##[group]go env
2026-10-07T02:18:24.4462370Z AR='ar'
2026-10-07T02:18:24.4501050Z CC='clang'
2026-10-07T02:18:24.4521000Z CGO_CFLAGS='-O2 -g'
2026-10-07T02:18:24.4579660Z CGO_CPPFLAGS=''
2026-10-07T02:18:24.4592740Z CGO_CXXFLAGS='-O2 -g'
2026-10-07T02:18:24.4599330Z CGO_ENABLED='1'
2026-10-07T02:18:24.4609970Z CGO_FFLAGS='-O2 -g'
2026-10-07T02:18:24.4614610Z CGO_LDFLAGS='-O2 -g'
2026-10-07T02:18:24.4624560Z CXX='clang++'
2026-10-07T02:18:24.4633900Z GCCGO='gccgo'
2026-10-07T02:18:24.4652480Z GO111MODULE=''
2026-10-07T02:18:24.4658380Z GOAMD64='v1'
2026-10-07T02:18:24.4679600Z GOARCH='amd64'
2026-10-07T02:18:24.4686580Z GOAUTH='netrc'
2026-10-07T02:18:24.4699980Z GOBIN=''
2026-10-07T02:18:24.4725630Z GOCACHE='/Users/runner/Library/Caches/go-build'
2026-10-07T02:18:24.4726420Z GOCACHEPROG=''
2026-10-07T02:18:24.4731550Z GODEBUG=''
2026-10-07T02:18:24.4756460Z GOENV='/Users/runner/Library/Application Support/go/env'
2026-10-07T02:18:24.4777660Z GOEXE=''
2026-10-07T02:18:24.4792550Z GOEXPERIMENT=''
2026-10-07T02:18:24.4805260Z GOFIPS140='off'
2026-10-07T02:18:24.4815010Z GOFLAGS=''
2026-10-07T02:18:24.4822980Z GOGCCFLAGS='-fPIC -arch x86_64 -m64 -pthread -fno-caret-diagnostics -Qunused-arguments -fmessage-length=0 -ffile-prefix-map=/var/folders/fq/bhsbs5bd52791c8x2z6s3dh40000gn/T/go-build1599994845=/tmp/go-build -gno-record-gcc-switches -fno-common'
2026-10-07T02:18:24.4833430Z GOHOSTARCH='amd64'
2026-10-07T02:18:24.4839580Z GOHOSTOS='darwin'
2026-10-07T02:18:24.4854920Z GOINSECURE=''
2026-10-07T02:18:24.4861560Z GOMOD='/Users/runner/work/heliopause/heliopause/go.mod'
2026-10-07T02:18:24.4870140Z GOMODCACHE='/Users/runner/go/pkg/mod'
2026-10-07T02:18:24.4882960Z GONOPROXY=''
2026-10-07T02:18:24.4891730Z GONOSUMDB=''
2026-10-07T02:18:24.4903290Z GOOS='darwin'
2026-10-07T02:18:24.4911000Z GOPATH='/Users/runner/go'
2026-10-07T02:18:24.4914050Z GOPRIVATE=''
2026-10-07T02:18:24.4923760Z GOPROXY='https://proxy.golang.org,direct'
2026-10-07T02:18:24.4928790Z GOROOT='/Users/runner/hostedtoolcache/go/1.26.8/x64'
2026-10-07T02:18:24.4940370Z GOSUMDB='sum.golang.org'
2026-10-07T02:18:24.4946030Z GOTELEMETRY='local'
2026-10-07T02:18:24.4950580Z GOTELEMETRYDIR='/Users/runner/Library/Application Support/go/telemetry'
2026-10-07T02:18:24.4960410Z GOTMPDIR=''
2026-10-07T02:18:24.4969130Z GOTOOLCHAIN='local'
2026-10-07T02:18:24.4980710Z GOTOOLDIR='/Users/runner/hostedtoolcache/go/1.26.8/x64/pkg/tool/darwin_amd64'
2026-10-07T02:18:24.4987600Z GOVCS=''
2026-10-07T02:18:24.4994850Z GOVERSION='go1.26.8'
2026-10-07T02:18:24.4995730Z GOWORK=''
2026-10-07T02:18:24.5008500Z PKG_CONFIG='pkg-config'
2026-10-07T02:18:24.5020200Z 
2026-10-07T02:18:24.5026780Z ##[endgroup]
2026-10-07T02:18:24.5185000Z ##[group]Run go run ./scripts/check bootstrap-modules
2026-10-07T02:18:24.5185880Z [36;1mgo run ./scripts/check bootstrap-modules[0m
2026-10-07T02:18:24.5272530Z shell: /bin/bash -e {0}
2026-10-07T02:18:24.5273040Z env:
2026-10-07T02:18:24.5273440Z   GOTOOLCHAIN: local
2026-10-07T02:18:24.5274140Z   HELOX_TOOL_CACHE: /Users/runner/work/_temp/heliopause-platform-tools
2026-10-07T02:18:24.5274930Z ##[endgroup]
2026-10-07T02:18:24.6546660Z go: downloading go.yaml.in/yaml/v3 v3.0.4
2026-10-07T02:18:41.4929610Z [check] prepare module cache
2026-10-07T02:18:41.5147570Z [check] download product modules
2026-10-07T02:18:46.9652610Z ##[group]Run go run ./scripts/check platform
2026-10-07T02:18:46.9653290Z [36;1mgo run ./scripts/check platform[0m
2026-10-07T02:18:46.9657240Z shell: /bin/bash --noprofile --norc -e -u -o pipefail {0}
2026-10-07T02:18:46.9657900Z env:
2026-10-07T02:18:46.9658280Z   GOTOOLCHAIN: local
2026-10-07T02:18:46.9658890Z   HELOX_TOOL_CACHE: /Users/runner/work/_temp/heliopause-platform-tools
2026-10-07T02:18:46.9659680Z ##[endgroup]
2026-10-07T02:18:47.1890580Z [check] production build
2026-10-07T02:19:15.2669570Z [check] default test
2026-10-07T02:22:18.9292390Z Post job cleanup.
2026-10-07T02:22:19.2006130Z Post job cleanup.
2026-10-07T02:22:19.3947240Z [command]/usr/local/bin/git version
2026-10-07T02:22:19.4018060Z git version 2.55.0
2026-10-07T02:22:19.4155480Z Copying '/Users/runner/.gitconfig' to '/Users/runner/work/_temp/73145dad-e578-4a83-b49d-15790b7dcdb3/.gitconfig'
2026-10-07T02:22:19.4171500Z Temporarily overriding HOME='/Users/runner/work/_temp/73145dad-e578-4a83-b49d-15790b7dcdb3' before making global git config changes
2026-10-07T02:22:19.4194290Z Adding repository directory to the temporary git global config as a safe directory
2026-10-07T02:22:19.4203590Z [command]/usr/local/bin/git config --global --add safe.directory /Users/runner/work/heliopause/heliopause
2026-10-07T02:22:19.4237730Z Removing SSH command configuration
2026-10-07T02:22:19.4263540Z [command]/usr/local/bin/git config --local --name-only --get-regexp core\.sshCommand
2026-10-07T02:22:19.4362200Z [command]/usr/local/bin/git submodule foreach --recursive sh -c "git config --local --name-only --get-regexp 'core\.sshCommand' && git config --local --unset-all 'core.sshCommand' || :"
2026-10-07T02:22:19.6580120Z Removing HTTP extra header
2026-10-07T02:22:19.6642920Z [command]/usr/local/bin/git config --local --name-only --get-regexp http\.https\:\/\/github\.com\/\.extraheader
2026-10-07T02:22:19.6894400Z [command]/usr/local/bin/git submodule foreach --recursive sh -c "git config --local --name-only --get-regexp 'http\.https\:\/\/github\.com\/\.extraheader' && git config --local --unset-all 'http.https://github.com/.extraheader' || :"
2026-10-07T02:22:19.9101690Z Removing includeIf entries pointing to credentials config files
2026-10-07T02:22:19.9161180Z [command]/usr/local/bin/git config --local --name-only --get-regexp ^includeIf\.gitdir:
2026-10-07T02:22:19.9288920Z [command]/usr/local/bin/git submodule foreach --recursive git config --local --show-origin --name-only --get-regexp remote.origin.url
2026-10-07T02:22:20.1631860Z Cleaning up orphan processes
