2026-10-07T04:15:10.7051310Z Current runner version: '2.337.0'
2026-10-07T04:15:10.7107480Z ##[group]Runner Image Provisioner
2026-10-07T04:15:10.7109040Z Hosted Compute Agent
2026-10-07T04:15:10.7110200Z Version: 20260819.586
2026-10-07T04:15:10.7111170Z Commit: 3cc4a88dfa507ef76119ad1bb3eccc6378bb2b76
2026-10-07T04:15:10.7112450Z Build Date: 2026-08-18T23:20:18Z
2026-10-07T04:15:10.7113320Z Worker ID: {bcc7030f-1955-4711-b1a0-e1f9a6d1d1ab}
2026-10-07T04:15:10.7115070Z Azure Region: westus
2026-10-07T04:15:10.7116370Z ##[endgroup]
2026-10-07T04:15:10.7121430Z ##[group]Operating System
2026-10-07T04:15:10.7122430Z macOS
2026-10-07T04:15:10.7123200Z 26.6.1
2026-10-07T04:15:10.7123960Z 25G76
2026-10-07T04:15:10.7125570Z ##[endgroup]
2026-10-07T04:15:10.7126640Z ##[group]Runner Image
2026-10-07T04:15:10.7127580Z Image: macos-26
2026-10-07T04:15:10.7128490Z Version: 20260824.0517.1
2026-10-07T04:15:10.7132520Z Included Software: https://github.com/actions/runner-images/blob/macos-26/20260824.0517/images/macos/macos-26-Readme.md
2026-10-07T04:15:10.7136780Z Image Release: https://github.com/actions/runner-images/releases/tag/macos-26%2F20260824.0517
2026-10-07T04:15:10.7138580Z ##[endgroup]
2026-10-07T04:15:10.7140580Z ##[group]GITHUB_TOKEN Permissions
2026-10-07T04:15:10.7148560Z Contents: read
2026-10-07T04:15:10.7150110Z Metadata: read
2026-10-07T04:15:10.7151170Z ##[endgroup]
2026-10-07T04:15:10.7156920Z Secret source: Actions
2026-10-07T04:15:10.7158530Z Cache mode: write
2026-10-07T04:15:10.7160780Z Prepare workflow directory
2026-10-07T04:15:10.8374830Z Prepare all required actions
2026-10-07T04:15:10.8563210Z Getting action download info
2026-10-07T04:15:11.6333650Z Download action repository 'actions/checkout@3d3c42e5aac5ba805825da76410c181273ba90b1' (SHA:3d3c42e5aac5ba805825da76410c181273ba90b1)
2026-10-07T04:15:14.6016560Z Download action repository 'actions/setup-go@b7ad1dad31e06c5925ef5d2fc7ad053ef454303e' (SHA:b7ad1dad31e06c5925ef5d2fc7ad053ef454303e)
2026-10-07T04:15:18.5869580Z Complete job name: macOS
2026-10-07T04:15:19.0681860Z ##[group]Run actions/checkout@3d3c42e5aac5ba805825da76410c181273ba90b1
2026-10-07T04:15:19.0683510Z with:
2026-10-07T04:15:19.0683980Z   persist-credentials: false
2026-10-07T04:15:19.0684540Z   repository: rahoney/heliopause
2026-10-07T04:15:19.0690110Z   token: ***
2026-10-07T04:15:19.0690610Z   ssh-strict: true
2026-10-07T04:15:19.0691050Z   ssh-user: git
2026-10-07T04:15:19.0691480Z   clean: true
2026-10-07T04:15:19.0691950Z   sparse-checkout-cone-mode: true
2026-10-07T04:15:19.0692500Z   fetch-depth: 1
2026-10-07T04:15:19.0692940Z   fetch-tags: false
2026-10-07T04:15:19.0693390Z   show-progress: true
2026-10-07T04:15:19.0693860Z   lfs: false
2026-10-07T04:15:19.0694310Z   submodules: false
2026-10-07T04:15:19.0694770Z   set-safe-directory: true
2026-10-07T04:15:19.0695300Z   allow-unsafe-pr-checkout: false
2026-10-07T04:15:19.0696520Z env:
2026-10-07T04:15:19.0697170Z   GOTOOLCHAIN: local
2026-10-07T04:15:19.0697630Z ##[endgroup]
2026-10-07T04:15:24.6942900Z Syncing repository: rahoney/heliopause
2026-10-07T04:15:24.6977940Z ##[group]Getting Git version info
2026-10-07T04:15:24.6979180Z Working directory is '/Users/runner/work/heliopause/heliopause'
2026-10-07T04:15:24.8761670Z [command]/usr/local/bin/git version
2026-10-07T04:15:25.1722310Z git version 2.55.0
2026-10-07T04:15:25.3569940Z ##[endgroup]
2026-10-07T04:15:25.3739220Z Copying '/Users/runner/.gitconfig' to '/Users/runner/work/_temp/3c047c5c-bd31-4ead-ad46-608f04b67eb6/.gitconfig'
2026-10-07T04:15:25.3750140Z Temporarily overriding HOME='/Users/runner/work/_temp/3c047c5c-bd31-4ead-ad46-608f04b67eb6' before making global git config changes
2026-10-07T04:15:25.3757590Z Adding repository directory to the temporary git global config as a safe directory
2026-10-07T04:15:25.3762040Z [command]/usr/local/bin/git config --global --add safe.directory /Users/runner/work/heliopause/heliopause
2026-10-07T04:15:25.3782550Z Deleting the contents of '/Users/runner/work/heliopause/heliopause'
2026-10-07T04:15:25.3793620Z ##[group]Determining repository object format
2026-10-07T04:15:25.3862770Z ##[endgroup]
2026-10-07T04:15:25.3864780Z ##[group]Initializing the repository
2026-10-07T04:15:25.3866930Z [command]/usr/local/bin/git init /Users/runner/work/heliopause/heliopause
2026-10-07T04:15:25.4465390Z hint: Using 'master' as the name for the initial branch. This default branch name
2026-10-07T04:15:25.4474220Z hint: will change to "main" in Git 3.0. To configure the initial branch name
2026-10-07T04:15:25.4476650Z hint: to use in all of your new repositories, which will suppress this warning,
2026-10-07T04:15:25.4478530Z hint: call:
2026-10-07T04:15:25.4479480Z hint:
2026-10-07T04:15:25.4480750Z hint: 	git config --global init.defaultBranch <name>
2026-10-07T04:15:25.4482290Z hint:
2026-10-07T04:15:25.4483470Z hint: Names commonly chosen instead of 'master' are 'main', 'trunk' and
2026-10-07T04:15:25.4485240Z hint: 'development'. The just-created branch can be renamed via this command:
2026-10-07T04:15:25.4486890Z hint:
2026-10-07T04:15:25.4488060Z hint: 	git branch -m <name>
2026-10-07T04:15:25.4489050Z hint:
2026-10-07T04:15:25.4490480Z hint: Disable this message with "git config set advice.defaultBranchName false"
2026-10-07T04:15:25.4527050Z Initialized empty Git repository in /Users/runner/work/heliopause/heliopause/.git/
2026-10-07T04:15:25.4548880Z [command]/usr/local/bin/git remote add origin https://github.com/rahoney/heliopause
2026-10-07T04:15:25.5086730Z ##[endgroup]
2026-10-07T04:15:25.5089630Z ##[group]Disabling automatic garbage collection
2026-10-07T04:15:25.5092130Z [command]/usr/local/bin/git config --local gc.auto 0
2026-10-07T04:15:25.5586800Z ##[endgroup]
2026-10-07T04:15:25.5588530Z ##[group]Setting up auth
2026-10-07T04:15:25.5589280Z Removing SSH command configuration
2026-10-07T04:15:25.5604850Z [command]/usr/local/bin/git config --local --name-only --get-regexp core\.sshCommand
2026-10-07T04:15:25.6113160Z [command]/usr/local/bin/git submodule foreach --recursive sh -c "git config --local --name-only --get-regexp 'core\.sshCommand' && git config --local --unset-all 'core.sshCommand' || :"
2026-10-07T04:15:27.1285930Z Removing HTTP extra header
2026-10-07T04:15:27.2337400Z [command]/usr/local/bin/git config --local --name-only --get-regexp http\.https\:\/\/github\.com\/\.extraheader
2026-10-07T04:15:27.2991820Z [command]/usr/local/bin/git submodule foreach --recursive sh -c "git config --local --name-only --get-regexp 'http\.https\:\/\/github\.com\/\.extraheader' && git config --local --unset-all 'http.https://github.com/.extraheader' || :"
2026-10-07T04:15:28.6533560Z Removing includeIf entries pointing to credentials config files
2026-10-07T04:15:28.6701890Z [command]/usr/local/bin/git config --local --name-only --get-regexp ^includeIf\.gitdir:
2026-10-07T04:15:28.7349270Z [command]/usr/local/bin/git submodule foreach --recursive git config --local --show-origin --name-only --get-regexp remote.origin.url
2026-10-07T04:15:30.3058450Z [command]/usr/local/bin/git config --file /Users/runner/work/_temp/git-credentials-20aca930-4990-48b2-b729-262ea459afa0.config http.https://github.com/.extraheader AUTHORIZATION: basic ***
2026-10-07T04:15:30.3397240Z [command]/usr/local/bin/git config --local includeIf.gitdir:/Users/runner/work/heliopause/heliopause/.git.path /Users/runner/work/_temp/git-credentials-20aca930-4990-48b2-b729-262ea459afa0.config
2026-10-07T04:15:30.3939260Z [command]/usr/local/bin/git config --local includeIf.gitdir:/Users/runner/work/heliopause/heliopause/.git/worktrees/*.path /Users/runner/work/_temp/git-credentials-20aca930-4990-48b2-b729-262ea459afa0.config
2026-10-07T04:15:30.4461930Z [command]/usr/local/bin/git config --local includeIf.gitdir:/github/workspace/.git.path /github/runner_temp/git-credentials-20aca930-4990-48b2-b729-262ea459afa0.config
2026-10-07T04:15:30.4867670Z [command]/usr/local/bin/git config --local includeIf.gitdir:/github/workspace/.git/worktrees/*.path /github/runner_temp/git-credentials-20aca930-4990-48b2-b729-262ea459afa0.config
2026-10-07T04:15:30.7936400Z ##[endgroup]
2026-10-07T04:15:30.8071930Z ##[group]Fetching the repository
2026-10-07T04:15:30.8190320Z [command]/usr/local/bin/git -c protocol.version=2 fetch --no-tags --prune --no-recurse-submodules --depth=1 origin +d328756f0087624093808215d1fbedd47767ef58:refs/remotes/origin/milestone/m12-go-cargo-terraform
2026-10-07T04:15:33.1859680Z From https://github.com/rahoney/heliopause
2026-10-07T04:15:33.1864110Z  * [new ref]         d328756f0087624093808215d1fbedd47767ef58 -> origin/milestone/m12-go-cargo-terraform
2026-10-07T04:15:33.1894330Z [command]/usr/local/bin/git branch --list --remote origin/milestone/m12-go-cargo-terraform
2026-10-07T04:15:33.2240900Z   origin/milestone/m12-go-cargo-terraform
2026-10-07T04:15:33.2284140Z [command]/usr/local/bin/git rev-parse refs/remotes/origin/milestone/m12-go-cargo-terraform
2026-10-07T04:15:33.2512630Z d328756f0087624093808215d1fbedd47767ef58
2026-10-07T04:15:33.2527720Z ##[endgroup]
2026-10-07T04:15:33.2533420Z ##[group]Determining the checkout info
2026-10-07T04:15:33.2535540Z ##[endgroup]
2026-10-07T04:15:33.2544510Z [command]/usr/local/bin/git sparse-checkout disable
2026-10-07T04:15:33.2820470Z [command]/usr/local/bin/git config --local --unset-all extensions.worktreeConfig
2026-10-07T04:15:33.3049310Z ##[group]Checking out the ref
2026-10-07T04:15:33.3056080Z [command]/usr/local/bin/git checkout --progress --force -B milestone/m12-go-cargo-terraform refs/remotes/origin/milestone/m12-go-cargo-terraform
2026-10-07T04:15:34.4632900Z Updating files:  57% (753/1318)
2026-10-07T04:15:34.4734780Z Updating files:  58% (765/1318)
2026-10-07T04:15:34.4935350Z Updating files:  59% (778/1318)
2026-10-07T04:15:34.5036360Z Updating files:  60% (791/1318)
2026-10-07T04:15:34.5115290Z Updating files:  61% (804/1318)
2026-10-07T04:15:34.5493460Z Updating files:  62% (818/1318)
2026-10-07T04:15:34.5610310Z Updating files:  63% (831/1318)
2026-10-07T04:15:34.6165240Z Updating files:  64% (844/1318)
2026-10-07T04:15:34.6245030Z Updating files:  65% (857/1318)
2026-10-07T04:15:34.6397740Z Updating files:  66% (870/1318)
2026-10-07T04:15:34.6481060Z Updating files:  67% (884/1318)
2026-10-07T04:15:34.6481690Z Updating files:  68% (897/1318)
2026-10-07T04:15:34.6482480Z Updating files:  69% (910/1318)
2026-10-07T04:15:34.6483120Z Updating files:  70% (923/1318)
2026-10-07T04:15:34.7489690Z Updating files:  71% (936/1318)
2026-10-07T04:15:34.8493510Z Updating files:  72% (949/1318)
2026-10-07T04:15:34.8973350Z Updating files:  73% (963/1318)
2026-10-07T04:15:34.9990770Z Updating files:  74% (976/1318)
2026-10-07T04:15:35.0313500Z Updating files:  75% (989/1318)
2026-10-07T04:15:35.0846710Z Updating files:  76% (1002/1318)
2026-10-07T04:15:35.0931340Z Updating files:  77% (1015/1318)
2026-10-07T04:15:35.0975660Z Updating files:  78% (1029/1318)
2026-10-07T04:15:35.1029410Z Updating files:  79% (1042/1318)
2026-10-07T04:15:35.1099860Z Updating files:  80% (1055/1318)
2026-10-07T04:15:35.1128650Z Updating files:  81% (1068/1318)
2026-10-07T04:15:35.1145190Z Updating files:  82% (1081/1318)
2026-10-07T04:15:35.1181690Z Updating files:  83% (1094/1318)
2026-10-07T04:15:35.1233040Z Updating files:  84% (1108/1318)
2026-10-07T04:15:35.1267900Z Updating files:  85% (1121/1318)
2026-10-07T04:15:35.1309180Z Updating files:  86% (1134/1318)
2026-10-07T04:15:35.1354890Z Updating files:  87% (1147/1318)
2026-10-07T04:15:35.1401070Z Updating files:  88% (1160/1318)
2026-10-07T04:15:35.1469180Z Updating files:  89% (1174/1318)
2026-10-07T04:15:35.1526840Z Updating files:  90% (1187/1318)
2026-10-07T04:15:35.1559300Z Updating files:  91% (1200/1318)
2026-10-07T04:15:35.1594300Z Updating files:  92% (1213/1318)
2026-10-07T04:15:35.2154740Z Updating files:  93% (1226/1318)
2026-10-07T04:15:35.2993350Z Updating files:  94% (1239/1318)
2026-10-07T04:15:35.3054670Z Updating files:  95% (1253/1318)
2026-10-07T04:15:35.3336570Z Updating files:  96% (1266/1318)
2026-10-07T04:15:35.4852130Z Updating files:  97% (1279/1318)
2026-10-07T04:15:35.5128230Z Updating files:  97% (1285/1318)
2026-10-07T04:15:35.5356970Z Updating files:  98% (1292/1318)
2026-10-07T04:15:35.5863090Z Updating files:  99% (1305/1318)
2026-10-07T04:15:35.5909950Z Updating files: 100% (1318/1318)
2026-10-07T04:15:35.5944290Z Updating files: 100% (1318/1318), done.
2026-10-07T04:15:35.6408190Z Switched to a new branch 'milestone/m12-go-cargo-terraform'
2026-10-07T04:15:35.6500010Z branch 'milestone/m12-go-cargo-terraform' set up to track 'origin/milestone/m12-go-cargo-terraform'.
2026-10-07T04:15:35.6851670Z ##[endgroup]
2026-10-07T04:15:35.7075360Z [command]/usr/local/bin/git log -1 --format=%H
2026-10-07T04:15:35.7147860Z d328756f0087624093808215d1fbedd47767ef58
2026-10-07T04:15:35.7230140Z ##[group]Removing auth
2026-10-07T04:15:35.7267160Z Removing SSH command configuration
2026-10-07T04:15:35.7316400Z [command]/usr/local/bin/git config --local --name-only --get-regexp core\.sshCommand
2026-10-07T04:15:35.7706630Z [command]/usr/local/bin/git submodule foreach --recursive sh -c "git config --local --name-only --get-regexp 'core\.sshCommand' && git config --local --unset-all 'core.sshCommand' || :"
2026-10-07T04:15:36.0908440Z Removing HTTP extra header
2026-10-07T04:15:36.0938370Z [command]/usr/local/bin/git config --local --name-only --get-regexp http\.https\:\/\/github\.com\/\.extraheader
2026-10-07T04:15:36.1085810Z [command]/usr/local/bin/git submodule foreach --recursive sh -c "git config --local --name-only --get-regexp 'http\.https\:\/\/github\.com\/\.extraheader' && git config --local --unset-all 'http.https://github.com/.extraheader' || :"
2026-10-07T04:15:36.4001640Z Removing includeIf entries pointing to credentials config files
2026-10-07T04:15:36.4090280Z [command]/usr/local/bin/git config --local --name-only --get-regexp ^includeIf\.gitdir:
2026-10-07T04:15:36.4179720Z includeif.gitdir:/Users/runner/work/heliopause/heliopause/.git.path
2026-10-07T04:15:36.4262010Z includeif.gitdir:/Users/runner/work/heliopause/heliopause/.git/worktrees/*.path
2026-10-07T04:15:36.4325710Z includeif.gitdir:/github/workspace/.git.path
2026-10-07T04:15:36.4411090Z includeif.gitdir:/github/workspace/.git/worktrees/*.path
2026-10-07T04:15:36.5081490Z [command]/usr/local/bin/git config --local --get-all includeif.gitdir:/Users/runner/work/heliopause/heliopause/.git.path
2026-10-07T04:15:36.5206490Z /Users/runner/work/_temp/git-credentials-20aca930-4990-48b2-b729-262ea459afa0.config
2026-10-07T04:15:36.5471310Z [command]/usr/local/bin/git config --local --unset includeif.gitdir:/Users/runner/work/heliopause/heliopause/.git.path \/Users\/runner\/work\/_temp\/git\-credentials\-20aca930\-4990\-48b2\-b729\-262ea459afa0\.config
2026-10-07T04:15:36.5952690Z [command]/usr/local/bin/git config --local --get-all includeif.gitdir:/Users/runner/work/heliopause/heliopause/.git/worktrees/*.path
2026-10-07T04:15:36.6080990Z /Users/runner/work/_temp/git-credentials-20aca930-4990-48b2-b729-262ea459afa0.config
2026-10-07T04:15:36.6348570Z [command]/usr/local/bin/git config --local --unset includeif.gitdir:/Users/runner/work/heliopause/heliopause/.git/worktrees/*.path \/Users\/runner\/work\/_temp\/git\-credentials\-20aca930\-4990\-48b2\-b729\-262ea459afa0\.config
2026-10-07T04:15:36.6509140Z [command]/usr/local/bin/git config --local --get-all includeif.gitdir:/github/workspace/.git.path
2026-10-07T04:15:36.6566730Z /github/runner_temp/git-credentials-20aca930-4990-48b2-b729-262ea459afa0.config
2026-10-07T04:15:36.6729100Z [command]/usr/local/bin/git config --local --unset includeif.gitdir:/github/workspace/.git.path \/github\/runner_temp\/git\-credentials\-20aca930\-4990\-48b2\-b729\-262ea459afa0\.config
2026-10-07T04:15:36.6893110Z [command]/usr/local/bin/git config --local --get-all includeif.gitdir:/github/workspace/.git/worktrees/*.path
2026-10-07T04:15:36.6997050Z /github/runner_temp/git-credentials-20aca930-4990-48b2-b729-262ea459afa0.config
2026-10-07T04:15:36.7156370Z [command]/usr/local/bin/git config --local --unset includeif.gitdir:/github/workspace/.git/worktrees/*.path \/github\/runner_temp\/git\-credentials\-20aca930\-4990\-48b2\-b729\-262ea459afa0\.config
2026-10-07T04:15:36.7324340Z [command]/usr/local/bin/git submodule foreach --recursive git config --local --show-origin --name-only --get-regexp remote.origin.url
2026-10-07T04:15:37.0574570Z Removing credentials config '/Users/runner/work/_temp/git-credentials-20aca930-4990-48b2-b729-262ea459afa0.config'
2026-10-07T04:15:37.0650710Z ##[endgroup]
2026-10-07T04:15:37.2390670Z ##[group]Run actions/setup-go@b7ad1dad31e06c5925ef5d2fc7ad053ef454303e
2026-10-07T04:15:37.2391640Z with:
2026-10-07T04:15:37.2392010Z   go-version: 1.26.8
2026-10-07T04:15:37.2392410Z   check-latest: false
2026-10-07T04:15:37.2392960Z   cache: false
2026-10-07T04:15:37.2399570Z   token: ***
2026-10-07T04:15:37.2400090Z env:
2026-10-07T04:15:37.2400660Z   GOTOOLCHAIN: local
2026-10-07T04:15:37.2401310Z ##[endgroup]
2026-10-07T04:15:37.5407680Z Setup go version spec 1.26.8
2026-10-07T04:15:37.6542350Z Attempting to download 1.26.8...
2026-10-07T04:15:38.2933150Z matching 1.26.8...
2026-10-07T04:15:39.4801590Z Acquiring 1.26.8 from https://github.com/actions/go-versions/releases/download/1.26.8-33583485350/go-1.26.8-darwin-x64.tar.gz
2026-10-07T04:15:39.4805450Z Extracting Go...
2026-10-07T04:15:39.5051940Z [command]/usr/bin/tar xz -C /Users/runner/work/_temp/77f20dfb-4267-4465-8441-5270cf3b0676 -f /Users/runner/work/_temp/787b8e76-d3f8-4415-84c3-88504314ddb8
2026-10-07T04:15:50.5301450Z Successfully extracted go to /Users/runner/work/_temp/77f20dfb-4267-4465-8441-5270cf3b0676
2026-10-07T04:15:50.5336150Z Adding to the cache ...
2026-10-07T04:16:17.2092260Z Successfully cached go to /Users/runner/hostedtoolcache/go/1.26.8/x64
2026-10-07T04:16:17.2102850Z Added go to the path
2026-10-07T04:16:17.2106150Z Successfully set up Go version 1.26.8
2026-10-07T04:16:17.6542150Z go version go1.26.8 darwin/amd64
2026-10-07T04:16:17.6667490Z 
2026-10-07T04:16:17.6729350Z ##[group]go env
2026-10-07T04:16:26.0330820Z AR='ar'
2026-10-07T04:16:26.0635000Z CC='clang'
2026-10-07T04:16:26.0714650Z CGO_CFLAGS='-O2 -g'
2026-10-07T04:16:26.0808560Z CGO_CPPFLAGS=''
2026-10-07T04:16:26.0824260Z CGO_CXXFLAGS='-O2 -g'
2026-10-07T04:16:26.0906150Z CGO_ENABLED='1'
2026-10-07T04:16:26.0922530Z CGO_FFLAGS='-O2 -g'
2026-10-07T04:16:26.0944960Z CGO_LDFLAGS='-O2 -g'
2026-10-07T04:16:26.0997010Z CXX='clang++'
2026-10-07T04:16:26.1013640Z GCCGO='gccgo'
2026-10-07T04:16:26.1107330Z GO111MODULE=''
2026-10-07T04:16:26.1125210Z GOAMD64='v1'
2026-10-07T04:16:26.1206190Z GOARCH='amd64'
2026-10-07T04:16:26.1221820Z GOAUTH='netrc'
2026-10-07T04:16:26.1301660Z GOBIN=''
2026-10-07T04:16:26.1322560Z GOCACHE='/Users/runner/Library/Caches/go-build'
2026-10-07T04:16:26.1406110Z GOCACHEPROG=''
2026-10-07T04:16:26.1423460Z GODEBUG=''
2026-10-07T04:16:26.2425960Z GOENV='/Users/runner/Library/Application Support/go/env'
2026-10-07T04:16:26.3427150Z GOEXE=''
2026-10-07T04:16:26.3908110Z GOEXPERIMENT=''
2026-10-07T04:16:26.3947260Z GOFIPS140='off'
2026-10-07T04:16:26.4255070Z GOFLAGS=''
2026-10-07T04:16:26.4275490Z GOGCCFLAGS='-fPIC -arch x86_64 -m64 -pthread -fno-caret-diagnostics -Qunused-arguments -fmessage-length=0 -ffile-prefix-map=/var/folders/fq/bhsbs5bd52791c8x2z6s3dh40000gn/T/go-build932002208=/tmp/go-build -gno-record-gcc-switches -fno-common'
2026-10-07T04:16:26.4382770Z GOHOSTARCH='amd64'
2026-10-07T04:16:26.4571470Z GOHOSTOS='darwin'
2026-10-07T04:16:26.4604750Z GOINSECURE=''
2026-10-07T04:16:26.4641950Z GOMOD='/Users/runner/work/heliopause/heliopause/go.mod'
2026-10-07T04:16:26.4668640Z GOMODCACHE='/Users/runner/go/pkg/mod'
2026-10-07T04:16:26.4719100Z GONOPROXY=''
2026-10-07T04:16:26.4754210Z GONOSUMDB=''
2026-10-07T04:16:26.4773250Z GOOS='darwin'
2026-10-07T04:16:26.4810880Z GOPATH='/Users/runner/go'
2026-10-07T04:16:26.4841150Z GOPRIVATE=''
2026-10-07T04:16:26.4855610Z GOPROXY='https://proxy.golang.org,direct'
2026-10-07T04:16:26.4886780Z GOROOT='/Users/runner/hostedtoolcache/go/1.26.8/x64'
2026-10-07T04:16:26.4946800Z GOSUMDB='sum.golang.org'
2026-10-07T04:16:26.4980960Z GOTELEMETRY='local'
2026-10-07T04:16:26.5061110Z GOTELEMETRYDIR='/Users/runner/Library/Application Support/go/telemetry'
2026-10-07T04:16:26.5082570Z GOTMPDIR=''
2026-10-07T04:16:26.5133950Z GOTOOLCHAIN='local'
2026-10-07T04:16:26.5186280Z GOTOOLDIR='/Users/runner/hostedtoolcache/go/1.26.8/x64/pkg/tool/darwin_amd64'
2026-10-07T04:16:26.5251120Z GOVCS=''
2026-10-07T04:16:26.5288030Z GOVERSION='go1.26.8'
2026-10-07T04:16:26.5296050Z GOWORK=''
2026-10-07T04:16:26.5305550Z PKG_CONFIG='pkg-config'
2026-10-07T04:16:26.5321380Z 
2026-10-07T04:16:26.5332120Z ##[endgroup]
2026-10-07T04:16:26.5639020Z ##[group]Run go run ./scripts/check bootstrap-modules
2026-10-07T04:16:26.5640740Z [36;1mgo run ./scripts/check bootstrap-modules[0m
2026-10-07T04:16:26.5799540Z shell: /bin/bash -e {0}
2026-10-07T04:16:26.5800520Z env:
2026-10-07T04:16:26.5801340Z   GOTOOLCHAIN: local
2026-10-07T04:16:26.5802530Z   HELOX_TOOL_CACHE: /Users/runner/work/_temp/heliopause-platform-tools
2026-10-07T04:16:26.5803820Z ##[endgroup]
2026-10-07T04:16:26.6936590Z go: downloading go.yaml.in/yaml/v3 v3.0.4
2026-10-07T04:16:53.0050830Z [check] prepare module cache
2026-10-07T04:16:53.0052800Z [check] download product modules
2026-10-07T04:16:58.9433240Z ##[group]Run go run ./scripts/check platform
2026-10-07T04:16:58.9434270Z [36;1mgo run ./scripts/check platform[0m
2026-10-07T04:16:58.9443130Z shell: /bin/bash --noprofile --norc -e -u -o pipefail {0}
2026-10-07T04:16:58.9443910Z env:
2026-10-07T04:16:58.9444410Z   GOTOOLCHAIN: local
2026-10-07T04:16:58.9445470Z   HELOX_TOOL_CACHE: /Users/runner/work/_temp/heliopause-platform-tools
2026-10-07T04:16:58.9447160Z ##[endgroup]
2026-10-07T04:16:59.2510120Z [check] production build
2026-10-07T04:17:51.2676350Z [check] default test
2026-10-07T04:21:26.7527840Z Post job cleanup.
2026-10-07T04:21:27.1470710Z Post job cleanup.
2026-10-07T04:21:27.5195390Z [command]/usr/local/bin/git version
2026-10-07T04:21:27.6093810Z git version 2.55.0
2026-10-07T04:21:27.6615550Z Copying '/Users/runner/.gitconfig' to '/Users/runner/work/_temp/c6e922dd-4679-4667-90e5-c4d7a7fa93b6/.gitconfig'
2026-10-07T04:21:27.6668710Z Temporarily overriding HOME='/Users/runner/work/_temp/c6e922dd-4679-4667-90e5-c4d7a7fa93b6' before making global git config changes
2026-10-07T04:21:27.6690660Z Adding repository directory to the temporary git global config as a safe directory
2026-10-07T04:21:27.6844820Z [command]/usr/local/bin/git config --global --add safe.directory /Users/runner/work/heliopause/heliopause
2026-10-07T04:21:27.6971230Z Removing SSH command configuration
2026-10-07T04:21:27.7026750Z [command]/usr/local/bin/git config --local --name-only --get-regexp core\.sshCommand
2026-10-07T04:21:27.7149790Z [command]/usr/local/bin/git submodule foreach --recursive sh -c "git config --local --name-only --get-regexp 'core\.sshCommand' && git config --local --unset-all 'core.sshCommand' || :"
2026-10-07T04:21:28.1169700Z Removing HTTP extra header
2026-10-07T04:21:28.2173820Z [command]/usr/local/bin/git config --local --name-only --get-regexp http\.https\:\/\/github\.com\/\.extraheader
2026-10-07T04:21:28.2949810Z [command]/usr/local/bin/git submodule foreach --recursive sh -c "git config --local --name-only --get-regexp 'http\.https\:\/\/github\.com\/\.extraheader' && git config --local --unset-all 'http.https://github.com/.extraheader' || :"
2026-10-07T04:21:28.3602960Z Removing includeIf entries pointing to credentials config files
2026-10-07T04:21:28.3676200Z [command]/usr/local/bin/git config --local --name-only --get-regexp ^includeIf\.gitdir:
2026-10-07T04:21:28.4253270Z [command]/usr/local/bin/git submodule foreach --recursive git config --local --show-origin --name-only --get-regexp remote.origin.url
2026-10-07T04:21:28.7921320Z Cleaning up orphan processes
