=== RUN   TestModelC_MissingCorpusDirectoryFails
--- PASS: TestModelC_MissingCorpusDirectoryFails (0.00s)
=== RUN   TestModelC_CorpusHashMismatchFails
--- PASS: TestModelC_CorpusHashMismatchFails (0.00s)
=== RUN   TestModelC_RealCorpusQualification
=== RUN   TestModelC_RealCorpusQualification/setuptools-84.0.0-py3-none-any.whl
    real_corpus_integration_test.go:77: setuptools-84.0.0-py3-none-any.whl profile=pytorch:cpu direct=24 units=26
=== RUN   TestModelC_RealCorpusQualification/filelock-4.0.3-py3-none-any.whl
    real_corpus_integration_test.go:77: filelock-4.0.3-py3-none-any.whl profile=pytorch:cpu direct=1 units=1
=== RUN   TestModelC_RealCorpusQualification/filelock-4.0.4-py3-none-any.whl
    real_corpus_integration_test.go:77: filelock-4.0.4-py3-none-any.whl profile=pytorch:cpu direct=1 units=1
=== RUN   TestModelC_RealCorpusQualification/sympy-1.14.0-py3-none-any.whl
    real_corpus_integration_test.go:77: sympy-1.14.0-py3-none-any.whl profile=pytorch:cpu direct=2 units=2
=== RUN   TestModelC_RealCorpusQualification/markupsafe-3.0.3-cp314-cp314-manylinux2014_x86_64.manylinux_2_17_x86_64.manylinux_2_28_x86_64.whl
    real_corpus_integration_test.go:77: markupsafe-3.0.3-cp314-cp314-manylinux2014_x86_64.manylinux_2_17_x86_64.manylinux_2_28_x86_64.whl profile=pytorch:cpu direct=2 units=2
=== RUN   TestModelC_RealCorpusQualification/haa-cu126-toolkit-audit.whl
    real_corpus_integration_test.go:77: cuda_toolkit-12.6.3-py2.py3-none-any.whl profile=pytorch:cu126 direct=0 units=0
=== RUN   TestModelC_RealCorpusQualification/haa-cu126-first-nccl.whl
    real_corpus_integration_test.go:77: nvidia_nccl_cu12-2.29.3-py3-none-manylinux_2_18_x86_64.whl profile=pytorch:cu126 direct=0 units=0
=== RUN   TestModelC_RealCorpusQualification/haa-cu126-first-cufft.whl
    real_corpus_integration_test.go:77: nvidia_cufft_cu12-11.3.0.4-py3-none-manylinux2014_x86_64.manylinux_2_17_x86_64.whl profile=pytorch:cu126 direct=1 units=1
=== RUN   TestModelC_RealCorpusQualification/cuda_pathfinder-1.8.2-py3-none-any.whl
    real_corpus_integration_test.go:77: cuda_pathfinder-1.8.2-py3-none-any.whl profile=pytorch:cu126 direct=1 units=1
=== RUN   TestModelC_RealCorpusQualification/cuda_bindings-12.9.9-cp314-cp314-manylinux_2_24_x86_64.manylinux_2_28_x86_64.whl
    real_corpus_integration_test.go:77: cuda_bindings-12.9.9-cp314-cp314-manylinux_2_24_x86_64.manylinux_2_28_x86_64.whl profile=pytorch:cu126 direct=34 units=36
=== RUN   TestModelC_RealCorpusQualification/haa-cu130-toolkit-audit.whl
    real_corpus_integration_test.go:77: cuda_toolkit-13.0.3.0-py2.py3-none-any.whl profile=pytorch:cu130 direct=0 units=0
=== RUN   TestModelC_RealCorpusQualification/haa-cu130-cupti-audit.whl
    real_corpus_integration_test.go:77: nvidia_cuda_cupti-13.0.85-py3-none-manylinux_2_25_x86_64.whl profile=pytorch:cu130 direct=0 units=0
=== RUN   TestModelC_RealCorpusQualification/cuda_bindings-13.4.3-cp314-cp314-manylinux_2_24_x86_64.manylinux_2_28_x86_64.whl
    real_corpus_integration_test.go:77: cuda_bindings-13.4.3-cp314-cp314-manylinux_2_24_x86_64.manylinux_2_28_x86_64.whl profile=pytorch:cu130 direct=31 units=31
=== RUN   TestModelC_RealCorpusQualification/haa-cu132-toolkit-audit.whl
    real_corpus_integration_test.go:77: cuda_toolkit-13.2.1-py2.py3-none-any.whl profile=pytorch:cu132 direct=0 units=0
=== RUN   TestModelC_RealCorpusQualification/haa-cu132-cupti-audit.whl
    real_corpus_integration_test.go:77: nvidia_cuda_cupti-13.2.75-py3-none-manylinux_2_25_x86_64.whl profile=pytorch:cu132 direct=0 units=0
=== RUN   TestModelC_RealCorpusQualification/networkx-3.6.1-py3-none-any.whl
    real_corpus_integration_test.go:77: networkx-3.6.1-py3-none-any.whl profile=pytorch:cpu direct=2 units=2
=== RUN   TestModelC_RealCorpusQualification/cuda_bindings-13.4.3-cp314-cp314-manylinux_2_24_x86_64.manylinux_2_28_x86_64.whl#01
    real_corpus_integration_test.go:77: cuda_bindings-13.4.3-cp314-cp314-manylinux_2_24_x86_64.manylinux_2_28_x86_64.whl profile=pytorch:cu132 direct=31 units=31
=== RUN   TestModelC_RealCorpusQualification/networkx-3.7-py3-none-any.whl
    real_corpus_integration_test.go:77: networkx-3.7-py3-none-any.whl profile=pytorch:cpu direct=2 units=2
=== RUN   TestModelC_RealCorpusQualification/jinja2-3.1.6-py3-none-any.whl
    real_corpus_integration_test.go:77: jinja2-3.1.6-py3-none-any.whl profile=pytorch:cpu direct=2 units=2
=== NAME  TestModelC_RealCorpusQualification
    real_corpus_integration_test.go:83: REAL_CORPUS_CLASSIFICATION: REPRESENTATIVE_REAL_CORPUS (19 authenticated packages verified)
--- PASS: TestModelC_RealCorpusQualification (9.57s)
    --- PASS: TestModelC_RealCorpusQualification/setuptools-84.0.0-py3-none-any.whl (0.02s)
    --- PASS: TestModelC_RealCorpusQualification/filelock-4.0.3-py3-none-any.whl (0.00s)
    --- PASS: TestModelC_RealCorpusQualification/filelock-4.0.4-py3-none-any.whl (0.00s)
    --- PASS: TestModelC_RealCorpusQualification/sympy-1.14.0-py3-none-any.whl (0.16s)
    --- PASS: TestModelC_RealCorpusQualification/markupsafe-3.0.3-cp314-cp314-manylinux2014_x86_64.manylinux_2_17_x86_64.manylinux_2_28_x86_64.whl (0.00s)
    --- PASS: TestModelC_RealCorpusQualification/haa-cu126-toolkit-audit.whl (0.00s)
    --- PASS: TestModelC_RealCorpusQualification/haa-cu126-first-nccl.whl (4.80s)
    --- PASS: TestModelC_RealCorpusQualification/haa-cu126-first-cufft.whl (3.07s)
    --- PASS: TestModelC_RealCorpusQualification/cuda_pathfinder-1.8.2-py3-none-any.whl (0.00s)
    --- PASS: TestModelC_RealCorpusQualification/cuda_bindings-12.9.9-cp314-cp314-manylinux_2_24_x86_64.manylinux_2_28_x86_64.whl (0.16s)
    --- PASS: TestModelC_RealCorpusQualification/haa-cu130-toolkit-audit.whl (0.00s)
    --- PASS: TestModelC_RealCorpusQualification/haa-cu130-cupti-audit.whl (0.46s)
    --- PASS: TestModelC_RealCorpusQualification/cuda_bindings-13.4.3-cp314-cp314-manylinux_2_24_x86_64.manylinux_2_28_x86_64.whl (0.14s)
    --- PASS: TestModelC_RealCorpusQualification/haa-cu132-toolkit-audit.whl (0.00s)
    --- PASS: TestModelC_RealCorpusQualification/haa-cu132-cupti-audit.whl (0.48s)
    --- PASS: TestModelC_RealCorpusQualification/networkx-3.6.1-py3-none-any.whl (0.06s)
    --- PASS: TestModelC_RealCorpusQualification/cuda_bindings-13.4.3-cp314-cp314-manylinux_2_24_x86_64.manylinux_2_28_x86_64.whl#01 (0.17s)
    --- PASS: TestModelC_RealCorpusQualification/networkx-3.7-py3-none-any.whl (0.05s)
    --- PASS: TestModelC_RealCorpusQualification/jinja2-3.1.6-py3-none-any.whl (0.00s)
PASS
ok  	github.com/rahoney/heliopause/internal/artifact/pypi	9.582s
