STARTING accessors
STARTING network
STARTING malformed_socket
STARTING malformed_connect
STARTING unknown_fd
STARTING process
STARTING correlation
STARTING cloexec
STARTING delayed
STARTING concurrent_python_streams
STARTING roles
STARTING oci_bootstrap
STARTING demotion
STARTING mismatch
STARTING dropped
STARTING topology_fail_closed
STARTING filesystem
STARTING npm_node
STARTING open_result_negative
STARTING open_result_positive
STARTING no_basename_trust
STARTING unexpected_exec_diagnostic
STARTING resolver_npm_version_node
STARTING resolver_npm_version_production_path
STARTING resolver_lock_generation_production_path
STARTING process_group_lifecycle
STARTING direct_exec_admission
STARTING direct_exec_admission_bound
STARTING session_aware_control
STARTING control_peer_hup_live_admission
STARTING pre_attribution_disconnect
haa_gvisor_observer_latch_test: accepted remote stream ended before attribution
observer latch PASS: readiness
observer latch PASS: pod-init profile
observer latch PASS: profile record limits
observer latch PASS: normalized accessors
observer latch PASS: socket family classification
observer latch PASS: unknown socket family
observer latch PASS: malformed socket address
observer latch PASS: unknown FD state
observer latch PASS: process trust boundary
observer latch PASS: exec correlation boundary
observer latch PASS: CLOEXEC/re-exec boundary
observer latch PASS: delayed profile registration
observer latch PASS: concurrent Python streams
observer latch PASS: role handoff/provenance
observer latch PASS: OCI bootstrap demotion
observer latch PASS: setpriv demotion boundary
observer latch PASS: container mismatch
observer latch PASS: dropped events
observer latch PASS: topology fail-closed
observer latch PASS: filesystem normalization
observer latch PASS: exact npm CLI-to-Node
observer latch PASS: OPEN_RESULT negative matrix
observer latch PASS: OPEN_RESULT positive matrix
observer latch PASS: no-basename-trust
observer latch PASS: unexpected exec diagnostic retention
observer latch PASS: exact resolver npm-version-to-Node
observer latch PASS: resolver npm-version production path
observer latch PASS: resolver lock-generation production path
observer latch PASS: authoritative process-group lifecycle
observer latch PASS: direct-exec one-shot admission
observer latch PASS: direct-exec terminal admission protocol
observer latch PASS: direct-exec admission bound
observer latch PASS: session-aware control
observer latch PASS: exact control peer binding
observer latch PASS: control peer HUP clears live admission
observer latch PASS: unaccepted remote disconnect
observer latch PASS: accepted pre-attribution disconnect fail-stop
