=== RUN   TestActualOfficialAndPartnerSignedChecksums
=== RUN   TestActualOfficialAndPartnerSignedChecksums/hashicorp/random@3.7.2
    signature_test.go:49: actual signed binding = {Fingerprint: SigningFingerprint: Trust: ChecksumSHA256:}, terraform registry signing certificate is invalid
=== RUN   TestActualOfficialAndPartnerSignedChecksums/integrations/github@6.6.0
--- FAIL: TestActualOfficialAndPartnerSignedChecksums (0.01s)
    --- FAIL: TestActualOfficialAndPartnerSignedChecksums/hashicorp/random@3.7.2 (0.00s)
    --- PASS: TestActualOfficialAndPartnerSignedChecksums/integrations/github@6.6.0 (0.00s)
=== RUN   TestSignedPackageRejectsTamperingAndAmbiguity
=== RUN   TestSignedPackageRejectsTamperingAndAmbiguity/checksum_bytes
=== RUN   TestSignedPackageRejectsTamperingAndAmbiguity/registry_checksum
=== RUN   TestSignedPackageRejectsTamperingAndAmbiguity/signature
=== RUN   TestSignedPackageRejectsTamperingAndAmbiguity/extra_signature
=== RUN   TestSignedPackageRejectsTamperingAndAmbiguity/truncated
=== RUN   TestSignedPackageRejectsTamperingAndAmbiguity/signer_ID
=== RUN   TestSignedPackageRejectsTamperingAndAmbiguity/private_armor
=== RUN   TestSignedPackageRejectsTamperingAndAmbiguity/duplicate_signer
=== RUN   TestSignedPackageRejectsTamperingAndAmbiguity/unsigned
=== RUN   TestSignedPackageRejectsTamperingAndAmbiguity/filename
=== RUN   TestSignedPackageRejectsTamperingAndAmbiguity/future_clock
--- PASS: TestSignedPackageRejectsTamperingAndAmbiguity (0.01s)
    --- PASS: TestSignedPackageRejectsTamperingAndAmbiguity/checksum_bytes (0.00s)
    --- PASS: TestSignedPackageRejectsTamperingAndAmbiguity/registry_checksum (0.00s)
    --- PASS: TestSignedPackageRejectsTamperingAndAmbiguity/signature (0.00s)
    --- PASS: TestSignedPackageRejectsTamperingAndAmbiguity/extra_signature (0.00s)
    --- PASS: TestSignedPackageRejectsTamperingAndAmbiguity/truncated (0.00s)
    --- PASS: TestSignedPackageRejectsTamperingAndAmbiguity/signer_ID (0.00s)
    --- PASS: TestSignedPackageRejectsTamperingAndAmbiguity/private_armor (0.00s)
    --- PASS: TestSignedPackageRejectsTamperingAndAmbiguity/duplicate_signer (0.00s)
    --- PASS: TestSignedPackageRejectsTamperingAndAmbiguity/unsigned (0.00s)
    --- PASS: TestSignedPackageRejectsTamperingAndAmbiguity/filename (0.00s)
    --- PASS: TestSignedPackageRejectsTamperingAndAmbiguity/future_clock (0.00s)
=== RUN   TestCommunitySignatureCannotSupplyPublisherTrust
--- PASS: TestCommunitySignatureCannotSupplyPublisherTrust (0.00s)
FAIL
FAIL	github.com/rahoney/heliopause/internal/verification/terraformprovider	0.028s
FAIL
