=== RUN   TestAcquisitionConsumesSingleFrozenRegistrySelection
--- PASS: TestAcquisitionConsumesSingleFrozenRegistrySelection (0.01s)
=== RUN   TestRegistryRedirectAndIncompleteDownloadsFailClosed
=== RUN   TestRegistryRedirectAndIncompleteDownloadsFailClosed/redirect
=== RUN   TestRegistryRedirectAndIncompleteDownloadsFailClosed/truncated
=== RUN   TestRegistryRedirectAndIncompleteDownloadsFailClosed/excessive
=== RUN   TestRegistryRedirectAndIncompleteDownloadsFailClosed/cancelled
--- PASS: TestRegistryRedirectAndIncompleteDownloadsFailClosed (0.01s)
    --- PASS: TestRegistryRedirectAndIncompleteDownloadsFailClosed/redirect (0.00s)
    --- PASS: TestRegistryRedirectAndIncompleteDownloadsFailClosed/truncated (0.00s)
    --- PASS: TestRegistryRedirectAndIncompleteDownloadsFailClosed/excessive (0.00s)
    --- PASS: TestRegistryRedirectAndIncompleteDownloadsFailClosed/cancelled (0.00s)
=== RUN   TestPrivateIntakeRejectsSubstitutionAndAliases
=== RUN   TestPrivateIntakeRejectsSubstitutionAndAliases/tamper
=== RUN   TestPrivateIntakeRejectsSubstitutionAndAliases/hardlink
=== RUN   TestPrivateIntakeRejectsSubstitutionAndAliases/symlink
=== RUN   TestPrivateIntakeRejectsSubstitutionAndAliases/mode
=== RUN   TestPrivateIntakeRejectsSubstitutionAndAliases/Run_alias
=== RUN   TestPrivateIntakeRejectsSubstitutionAndAliases/wrong_handle
--- PASS: TestPrivateIntakeRejectsSubstitutionAndAliases (0.04s)
    --- PASS: TestPrivateIntakeRejectsSubstitutionAndAliases/tamper (0.01s)
    --- PASS: TestPrivateIntakeRejectsSubstitutionAndAliases/hardlink (0.01s)
    --- PASS: TestPrivateIntakeRejectsSubstitutionAndAliases/symlink (0.01s)
    --- PASS: TestPrivateIntakeRejectsSubstitutionAndAliases/mode (0.01s)
    --- PASS: TestPrivateIntakeRejectsSubstitutionAndAliases/Run_alias (0.01s)
    --- PASS: TestPrivateIntakeRejectsSubstitutionAndAliases/wrong_handle (0.01s)
=== RUN   TestActualVersionListDoesNotApplyCurrentProtocolsToOtherVersions
--- PASS: TestActualVersionListDoesNotApplyCurrentProtocolsToOtherVersions (0.01s)
PASS
ok  	github.com/rahoney/heliopause/internal/artifact/terraformprovider	0.071s
=== RUN   TestActualOfficialAndPartnerSignedChecksums
=== RUN   TestActualOfficialAndPartnerSignedChecksums/hashicorp/random@3.7.2
=== RUN   TestActualOfficialAndPartnerSignedChecksums/integrations/github@6.6.0
--- PASS: TestActualOfficialAndPartnerSignedChecksums (0.01s)
    --- PASS: TestActualOfficialAndPartnerSignedChecksums/hashicorp/random@3.7.2 (0.01s)
    --- PASS: TestActualOfficialAndPartnerSignedChecksums/integrations/github@6.6.0 (0.00s)
=== RUN   TestSignedPackageRejectsTamperingAndAmbiguity
=== RUN   TestSignedPackageRejectsTamperingAndAmbiguity/checksum_bytes
=== RUN   TestSignedPackageRejectsTamperingAndAmbiguity/registry_checksum
=== RUN   TestSignedPackageRejectsTamperingAndAmbiguity/signature
=== RUN   TestSignedPackageRejectsTamperingAndAmbiguity/extra_signature
=== RUN   TestSignedPackageRejectsTamperingAndAmbiguity/truncated
=== RUN   TestSignedPackageRejectsTamperingAndAmbiguity/signer_ID
=== RUN   TestSignedPackageRejectsTamperingAndAmbiguity/private_armor
=== RUN   TestSignedPackageRejectsTamperingAndAmbiguity/duplicate_signer
=== RUN   TestSignedPackageRejectsTamperingAndAmbiguity/unsigned
=== RUN   TestSignedPackageRejectsTamperingAndAmbiguity/filename
=== RUN   TestSignedPackageRejectsTamperingAndAmbiguity/future_clock
--- PASS: TestSignedPackageRejectsTamperingAndAmbiguity (0.03s)
    --- PASS: TestSignedPackageRejectsTamperingAndAmbiguity/checksum_bytes (0.01s)
    --- PASS: TestSignedPackageRejectsTamperingAndAmbiguity/registry_checksum (0.00s)
    --- PASS: TestSignedPackageRejectsTamperingAndAmbiguity/signature (0.01s)
    --- PASS: TestSignedPackageRejectsTamperingAndAmbiguity/extra_signature (0.00s)
    --- PASS: TestSignedPackageRejectsTamperingAndAmbiguity/truncated (0.00s)
    --- PASS: TestSignedPackageRejectsTamperingAndAmbiguity/signer_ID (0.00s)
    --- PASS: TestSignedPackageRejectsTamperingAndAmbiguity/private_armor (0.00s)
    --- PASS: TestSignedPackageRejectsTamperingAndAmbiguity/duplicate_signer (0.01s)
    --- PASS: TestSignedPackageRejectsTamperingAndAmbiguity/unsigned (0.00s)
    --- PASS: TestSignedPackageRejectsTamperingAndAmbiguity/filename (0.00s)
    --- PASS: TestSignedPackageRejectsTamperingAndAmbiguity/future_clock (0.00s)
=== RUN   TestCommunitySignatureCannotSupplyPublisherTrust
--- PASS: TestCommunitySignatureCannotSupplyPublisherTrust (0.00s)
=== RUN   TestOfficialHistoricalBindingRequiresCurrentAuthority
--- PASS: TestOfficialHistoricalBindingRequiresCurrentAuthority (0.01s)
=== RUN   TestDetachedSignatureRejectsRevokedAndExpiredCurrentKeys
--- PASS: TestDetachedSignatureRejectsRevokedAndExpiredCurrentKeys (0.00s)
PASS
ok  	github.com/rahoney/heliopause/internal/verification/terraformprovider	0.051s
